Gym has been unmaintained since 2022 and does not support NumPy 2.0 amongst other critical functionality.
Please upgrade to Gymnasium, the maintained drop-in replacement of Gym, or contact the authors of your software and request that they upgrade.
Users of this version of Gym should be able to simply replace 'import gym' with 'import gymnasium as gym' in the vast majority of cases.
See the migration guide at https://gymnasium.farama.org/introduction/migration_guide/ for additional information.
======================================================================
Diagnostic: nf x lr grid at native 400 Hz init (no regularization)
======================================================================
  run_id        = 67920
  FS_NEW        = 400 Hz  (D = 50)
  NF_VALUES     = [20, 40, 80, 160, 200]
  LR_VALUES     = [0.0005, 0.0001, 5e-05]
  N_DIAG_EPOCHS = 10
  Early stop    = 3 consecutive epochs > 10x
  Grid: 5 x 3 = 15 runs

Reference NRMS (from Stage 1 of diagnostic_nf_lr.py):
                            |          q1 |          q2 |          q3 |         dq1 |         dq2 |         dq3 |
     20kHz native (ceiling) |   9.181e-08 |   4.614e-02 |   1.859e-07 |   2.543e-05 |   7.003e+00 |   1.079e-03 |
       400Hz native (floor) |   5.840e-04 |   1.336e+02 |   4.586e-04 |   5.169e-03 |   3.344e+02 |   4.633e-02 |
  Observable states (verdict): q1, q3, dq1, dq3
  Unobservable (tracked only): q2, dq2

Loading data at 400 Hz (D=50)...
  Samples per training file: 4400
  Validation samples:        4400

--- Analytical baseline (P_inv + FD) on V1_osc_Y025.mat ---
  State           NRMS           RMS  Unit 
  ------  ------------  ------------  -----
  q1        3.6896e-08    1.4458e-09  m    
  q2    *   2.7302e-04    2.5819e-09  m    
  q3        0.0000e+00    0.0000e+00  m    
  dq1       1.4291e-02    6.3459e-03  m/s  
  dq2   *   2.5232e-01    7.9252e-05  m/s  
  dq3       4.7236e-03    1.0067e-03  m/s  
  (* = unobservable at 400 Hz)

========================================================================================================================
nf=20, lr=5e-04
------------------------------------------------------------------------------------------------------------------------
epoch |  train_loss |   val_loss |        q1 |       q2* |        q3 |       dq1 |      dq2* |       dq3
  (* = unobservable, excluded from verdict)
------------------------------------------------------------------------------------------------------------------------
 init |             |            | 5.840e-04 | 1.336e+02 | 4.586e-04 | 5.169e-03 | 3.344e+02 | 4.633e-02
(0,)
(0,)
/dataB1/dirk_van_den_berg/conda-envs/GraduationProject/lib/python3.11/site-packages/deepSI/fit_systems/fit_system.py:501: FutureWarning: You are using `torch.load` with `weights_only=False` (the current default value), which uses the default pickle module implicitly. It is possible to construct malicious pickle data which will execute arbitrary code during unpickling (See https://github.com/pytorch/pytorch/blob/main/SECURITY.md#untrusted-models for more details). In a future release, the default value for `weights_only` will be flipped to `True`. This limits the functions that could be executed during unpickling. Arbitrary objects will no longer be allowed to be loaded via this mode unless they are explicitly allowlisted by the user via `torch.serialization.add_safe_globals`. We recommend you start setting `weights_only=True` for any use case where you don't have full control of the loaded file. Please open an issue on GitHub for any issues related to this experimental feature.
  self.__dict__ = torch.load(file)
    1 |  1.1767e-04 | 2.5995e-04 | 6.919e-04 | 4.240e+01 | 3.285e-04 | 5.827e-03 | 2.091e+02 | 2.421e-02
(0,)
(0,)
(0,)
    2 |  4.0323e-05 | 1.8530e-04 | 1.015e-03 | 7.533e+01 | 2.295e-04 | 4.347e-03 | 1.604e+02 | 1.317e-02
(0,)
(0,)
(0,)
(0,)
    3 |  2.3820e-05 | 1.7471e-04 | 7.096e-04 | 8.812e+01 | 1.613e-04 | 4.348e-03 | 1.203e+02 | 1.156e-02
(0,)
(0,)
(0,)
(0,)
(0,)
    4 |  6.0393e-06 | 1.2622e-04 | 1.758e-03 | 3.705e+01 | 9.666e-05 | 3.191e-03 | 4.345e+01 | 9.850e-03
(0,)
(0,)
(0,)
(0,)
(0,)
(0,)
    5 |  1.2301e-05 | 1.0852e-04 | 7.536e-04 | 2.239e+01 | 9.192e-05 | 3.537e-03 | 4.340e+01 | 8.904e-03
(0,)
(0,)
(0,)
(0,)
(0,)
(0,)
(0,)
    6 |  7.8820e-06 | 1.0591e-04 | 4.200e-04 | 1.695e+01 | 3.137e-04 | 3.530e-03 | 3.905e+01 | 9.041e-03
(0,)
(0,)
(0,)
(0,)
(0,)
(0,)
(0,)
(0,)
    7 |  1.1930e-05 | 9.1739e-05 | 9.045e-04 | 1.325e+01 | 2.227e-04 | 4.328e-03 | 3.326e+01 | 9.538e-03
(0,)
(0,)
(0,)
(0,)
(0,)
(0,)
(0,)
(0,)
(0,)
    8 |  1.5888e-06 | 7.7302e-05 | 7.879e-04 | 1.207e+01 | 1.959e-04 | 3.477e-03 | 3.012e+01 | 6.243e-03
(0,)
(0,)
(0,)
(0,)
(0,)
(0,)
(0,)
(0,)
(0,)
(0,)
    9 |         nan | 7.7302e-05 | 7.879e-04 | 1.207e+01 | 1.959e-04 | 3.477e-03 | 3.012e+01 | 6.243e-03
(0,)
(0,)
(0,)
(0,)
(0,)
(0,)
(0,)
(0,)
(0,)
(0,)
(0,)
   10 |         nan | 7.7302e-05 | 7.879e-04 | 1.207e+01 | 1.959e-04 | 3.477e-03 | 3.012e+01 | 6.243e-03

  verdict: WORSE (worst obs ratio 3.10x)  [q1:2.29x  q3:3.10x  dq1:1.00x  dq3:1.02x]  (2446.1s)
  State      NRMS init     NRMS best    ratio      RMS init      RMS best   RMS analyt.  Unit 
  ------  ------------  ------------  -------  ------------  ------------  ------------  -----
  q1        1.4465e-02    3.3093e-02    2.29x    5.6843e-04    1.3005e-03    1.4458e-09  m    
  q2    *   5.1753e-02    1.4061e+00   27.17x    4.8887e-07    1.3282e-05    2.5819e-09  m    
  q3        1.0540e-03    3.2626e-03    3.10x    2.7261e-04    8.4386e-04    0.0000e+00  m    
  dq1       1.4573e-02    1.4580e-02    1.00x    6.4895e-03    6.4926e-03    6.3459e-03  m/s  
  dq2   *   6.9952e-02    6.7856e-01    9.70x    2.0751e-05    2.0130e-04    7.9252e-05  m/s  
  dq3       4.8163e-03    4.8944e-03    1.02x    1.0294e-03    1.0461e-03    1.0067e-03  m/s  
  (* unobservable at 400 Hz)
  Output RMS (apply_experiment):
    y1: init=2.7755e-02  best=2.7781e-02  m
    y2: init=2.7755e-02  best=2.7777e-02  m
    y3: init=1.3588e-02  best=1.3606e-02  m

========================================================================================================================
nf=20, lr=1e-04
------------------------------------------------------------------------------------------------------------------------
epoch |  train_loss |   val_loss |        q1 |       q2* |        q3 |       dq1 |      dq2* |       dq3
  (* = unobservable, excluded from verdict)
------------------------------------------------------------------------------------------------------------------------
 init |             |            | 5.840e-04 | 1.336e+02 | 4.586e-04 | 5.169e-03 | 3.344e+02 | 4.633e-02
(0,)
(0,)
    1 |  1.0980e-04 | 4.4071e-04 | 7.929e-04 | 3.745e+01 | 3.497e-04 | 6.843e-03 | 2.704e+02 | 3.231e-02
(0,)
(0,)
(0,)
    2 |  5.8338e-05 | 2.6643e-04 | 2.724e-04 | 4.413e+01 | 1.756e-04 | 5.809e-03 | 2.164e+02 | 2.134e-02
(0,)
(0,)
(0,)
(0,)
    3 |  4.9137e-05 | 2.2620e-04 | 6.439e-04 | 4.327e+01 | 2.937e-04 | 5.701e-03 | 1.902e+02 | 1.792e-02
(0,)
(0,)
(0,)
(0,)
(0,)
    4 |  4.1385e-05 | 1.8737e-04 | 8.500e-04 | 3.617e+01 | 2.029e-04 | 4.182e-03 | 1.493e+02 | 1.545e-02
(0,)
(0,)
(0,)
(0,)
(0,)
(0,)
    5 |  3.6177e-05 | 1.5567e-04 | 5.861e-04 | 2.155e+01 | 1.551e-04 | 4.236e-03 | 1.167e+02 | 1.372e-02
(0,)
(0,)
(0,)
(0,)
(0,)
(0,)
(0,)
    6 |  3.0670e-05 | 1.5566e-04 | 7.212e-04 | 9.529e+00 | 1.796e-04 | 4.163e-03 | 9.975e+01 | 1.289e-02
(0,)
(0,)
(0,)
(0,)
(0,)
(0,)
(0,)
(0,)
    7 |  1.3036e-05 | 1.0037e-04 | 4.625e-04 | 4.348e+01 | 2.412e-04 | 4.034e-03 | 8.470e+01 | 7.661e-03
(0,)
(0,)
(0,)
(0,)
(0,)
(0,)
(0,)
(0,)
(0,)
    8 |  3.9736e-06 | 7.2994e-05 | 1.412e-03 | 3.871e+01 | 1.133e-04 | 3.084e-03 | 5.178e+01 | 6.973e-03
(0,)
(0,)
(0,)
(0,)
(0,)
(0,)
(0,)
(0,)
(0,)
(0,)
    9 |  1.9802e-06 | 5.0228e-05 | 3.877e-04 | 1.075e+01 | 7.353e-05 | 3.518e-03 | 2.449e+01 | 8.240e-03
(0,)
(0,)
(0,)
(0,)
(0,)
(0,)
(0,)
(0,)
(0,)
(0,)
(0,)
   10 |  1.5258e-06 | 4.3406e-05 | 9.249e-04 | 7.314e+00 | 7.222e-05 | 3.356e-03 | 1.502e+01 | 5.434e-03

  verdict: WORSE (worst obs ratio 3.38x)  [q1:1.63x  q3:3.38x  dq1:1.00x  dq3:1.02x]  (2449.0s)
  State      NRMS init     NRMS best    ratio      RMS init      RMS best   RMS analyt.  Unit 
  ------  ------------  ------------  -------  ------------  ------------  ------------  -----
  q1        1.4465e-02    2.3624e-02    1.63x    5.6843e-04    9.2837e-04    1.4458e-09  m    
  q2    *   5.1753e-02    1.9613e+00   37.90x    4.8887e-07    1.8527e-05    2.5819e-09  m    
  q3        1.0540e-03    3.5606e-03    3.38x    2.7261e-04    9.2094e-04    0.0000e+00  m    
  dq1       1.4573e-02    1.4574e-02    1.00x    6.4895e-03    6.4902e-03    6.3459e-03  m/s  
  dq2   *   6.9952e-02    1.3369e+00   19.11x    2.0751e-05    3.9661e-04    7.9252e-05  m/s  
  dq3       4.8163e-03    4.9057e-03    1.02x    1.0294e-03    1.0485e-03    1.0067e-03  m/s  
  (* unobservable at 400 Hz)
  Output RMS (apply_experiment):
    y1: init=2.7755e-02  best=2.7766e-02  m
    y2: init=2.7755e-02  best=2.7762e-02  m
    y3: init=1.3588e-02  best=1.3611e-02  m

========================================================================================================================
nf=20, lr=5e-05
------------------------------------------------------------------------------------------------------------------------
epoch |  train_loss |   val_loss |        q1 |       q2* |        q3 |       dq1 |      dq2* |       dq3
  (* = unobservable, excluded from verdict)
------------------------------------------------------------------------------------------------------------------------
 init |             |            | 5.840e-04 | 1.336e+02 | 4.586e-04 | 5.169e-03 | 3.344e+02 | 4.633e-02
(0,)
(0,)
    1 |  1.1854e-04 | 4.9607e-04 | 7.603e-04 | 4.851e+01 | 3.688e-04 | 7.271e-03 | 2.954e+02 | 3.631e-02
(0,)
(0,)
(0,)
    2 |  8.3071e-05 | 3.8710e-04 | 8.775e-04 | 2.811e+01 | 2.556e-04 | 6.174e-03 | 2.518e+02 | 2.981e-02
(0,)
(0,)
(0,)
(0,)
    3 |  5.6057e-05 | 2.5686e-04 | 6.814e-04 | 5.088e+01 | 2.621e-04 | 4.843e-03 | 2.139e+02 | 2.008e-02
(0,)
(0,)
(0,)
(0,)
(0,)
    4 |  4.7916e-05 | 2.2328e-04 | 7.278e-04 | 4.312e+01 | 3.721e-04 | 4.481e-03 | 1.882e+02 | 1.643e-02
(0,)
(0,)
(0,)
(0,)
(0,)
(0,)
    5 |  4.2196e-05 | 1.9468e-04 | 5.435e-04 | 3.179e+01 | 2.609e-04 | 4.499e-03 | 1.605e+02 | 1.529e-02
(0,)
(0,)
(0,)
(0,)
(0,)
(0,)
(0,)
    6 |  3.7968e-05 | 1.7330e-04 | 4.322e-04 | 1.978e+01 | 2.373e-04 | 4.479e-03 | 1.344e+02 | 1.397e-02
(0,)
(0,)
(0,)
(0,)
(0,)
(0,)
(0,)
(0,)
    7 |  3.3071e-05 | 1.5035e-04 | 4.622e-04 | 1.051e+01 | 2.062e-04 | 4.391e-03 | 1.025e+02 | 1.317e-02
(0,)
(0,)
(0,)
(0,)
(0,)
(0,)
(0,)
(0,)
(0,)
    8 |  2.7560e-05 | 1.4021e-04 | 4.404e-04 | 1.403e+01 | 2.283e-04 | 4.306e-03 | 9.262e+01 | 1.212e-02
(0,)
(0,)
(0,)
(0,)
(0,)
(0,)
(0,)
(0,)
(0,)
(0,)
    9 |  1.2293e-05 | 1.1688e-04 | 7.019e-04 | 3.974e+01 | 1.483e-04 | 3.761e-03 | 8.595e+01 | 1.029e-02
(0,)
(0,)
(0,)
(0,)
(0,)
(0,)
(0,)
(0,)
(0,)
(0,)
(0,)
   10 |  3.8840e-06 | 7.6103e-05 | 5.189e-04 | 3.367e+01 | 1.362e-04 | 3.496e-03 | 5.087e+01 | 6.610e-03

  verdict: WORSE (worst obs ratio 3.58x)  [q1:1.44x  q3:3.58x  dq1:1.00x  dq3:1.02x]  (2446.4s)
  State      NRMS init     NRMS best    ratio      RMS init      RMS best   RMS analyt.  Unit 
  ------  ------------  ------------  -------  ------------  ------------  ------------  -----
  q1        1.4465e-02    2.0855e-02    1.44x    5.6843e-04    8.1953e-04    1.4458e-09  m    
  q2    *   5.1753e-02    1.5471e+00   29.89x    4.8887e-07    1.4614e-05    2.5819e-09  m    
  q3        1.0540e-03    3.7773e-03    3.58x    2.7261e-04    9.7700e-04    0.0000e+00  m    
  dq1       1.4573e-02    1.4573e-02    1.00x    6.4895e-03    6.4898e-03    6.3459e-03  m/s  
  dq2   *   6.9952e-02    6.1608e-01    8.81x    2.0751e-05    1.8276e-04    7.9252e-05  m/s  
  dq3       4.8163e-03    4.9101e-03    1.02x    1.0294e-03    1.0495e-03    1.0067e-03  m/s  
  (* unobservable at 400 Hz)
  Output RMS (apply_experiment):
    y1: init=2.7755e-02  best=2.7763e-02  m
    y2: init=2.7755e-02  best=2.7759e-02  m
    y3: init=1.3588e-02  best=1.3614e-02  m

========================================================================================================================
nf=40, lr=5e-04
------------------------------------------------------------------------------------------------------------------------
epoch |  train_loss |   val_loss |        q1 |       q2* |        q3 |       dq1 |      dq2* |       dq3
  (* = unobservable, excluded from verdict)
------------------------------------------------------------------------------------------------------------------------
 init |             |            | 5.840e-04 | 1.336e+02 | 4.586e-04 | 5.169e-03 | 3.344e+02 | 4.633e-02
(0,)
(0,)
    1 |  1.4099e-04 | 4.0182e-04 | 2.116e-03 | 3.917e+01 | 1.454e-03 | 1.305e-02 | 2.057e+02 | 3.298e-02
(0,)
(0,)
(0,)
    2 |  5.6851e-05 | 3.6198e-04 | 2.586e-03 | 1.163e+01 | 1.085e-03 | 1.145e-02 | 1.557e+02 | 2.974e-02
(0,)
(0,)
(0,)
(0,)
    3 |  3.5960e-05 | 1.7858e-04 | 3.245e-03 | 1.530e+01 | 7.382e-04 | 8.458e-03 | 8.541e+01 | 1.737e-02
(0,)
(0,)
(0,)
(0,)
(0,)
    4 |  1.8130e-05 | 1.4082e-04 | 1.427e-03 | 3.924e+01 | 1.957e-04 | 7.796e-03 | 5.104e+01 | 1.307e-02
(0,)
(0,)
(0,)
(0,)
(0,)
(0,)
    5 |         nan | 1.4082e-04 | 1.427e-03 | 3.924e+01 | 1.957e-04 | 7.796e-03 | 5.104e+01 | 1.307e-02
(0,)
(0,)
(0,)
(0,)
(0,)
(0,)
(0,)
    6 |  1.1739e-05 | 1.3405e-04 | 1.783e-03 | 2.347e+01 | 3.261e-04 | 7.905e-03 | 5.911e+01 | 1.320e-02
(0,)
(0,)
(0,)
(0,)
(0,)
(0,)
(0,)
(0,)
    7 |         nan | 1.3405e-04 | 1.783e-03 | 2.347e+01 | 3.261e-04 | 7.905e-03 | 5.911e+01 | 1.320e-02
(0,)
(0,)
(0,)
(0,)
(0,)
(0,)
(0,)
(0,)
(0,)
    8 |  1.2304e-05 | 1.1867e-04 | 1.770e-03 | 1.630e+01 | 1.733e-04 | 7.189e-03 | 4.687e+01 | 1.258e-02
(0,)
(0,)
(0,)
(0,)
(0,)
(0,)
(0,)
(0,)
(0,)
(0,)
    9 |         nan | 1.1867e-04 | 1.770e-03 | 1.630e+01 | 1.733e-04 | 7.189e-03 | 4.687e+01 | 1.258e-02
(0,)
(0,)
(0,)
(0,)
(0,)
(0,)
(0,)
(0,)
(0,)
(0,)
(0,)
   10 |         nan | 1.1867e-04 | 1.770e-03 | 1.630e+01 | 1.733e-04 | 7.189e-03 | 4.687e+01 | 1.258e-02

  verdict: WORSE (worst obs ratio 7.78x)  [q1:1.30x  q3:7.78x  dq1:1.00x  dq3:1.11x]  (4953.2s)
  State      NRMS init     NRMS best    ratio      RMS init      RMS best   RMS analyt.  Unit 
  ------  ------------  ------------  -------  ------------  ------------  ------------  -----
  q1        1.4465e-02    1.8862e-02    1.30x    5.6843e-04    7.4124e-04    1.4458e-09  m    
  q2    *   5.1753e-02    3.4453e+00   66.57x    4.8887e-07    3.2545e-05    2.5819e-09  m    
  q3        1.0540e-03    8.2010e-03    7.78x    2.7261e-04    2.1212e-03    0.0000e+00  m    
  dq1       1.4573e-02    1.4570e-02    1.00x    6.4895e-03    6.4886e-03    6.3459e-03  m/s  
  dq2   *   6.9952e-02    1.2966e+00   18.53x    2.0751e-05    3.8462e-04    7.9252e-05  m/s  
  dq3       4.8163e-03    5.3286e-03    1.11x    1.0294e-03    1.1389e-03    1.0067e-03  m/s  
  (* unobservable at 400 Hz)
  Output RMS (apply_experiment):
    y1: init=2.7755e-02  best=2.7764e-02  m
    y2: init=2.7755e-02  best=2.7754e-02  m
    y3: init=1.3588e-02  best=1.3735e-02  m

========================================================================================================================
nf=40, lr=1e-04
------------------------------------------------------------------------------------------------------------------------
epoch |  train_loss |   val_loss |        q1 |       q2* |        q3 |       dq1 |      dq2* |       dq3
  (* = unobservable, excluded from verdict)
------------------------------------------------------------------------------------------------------------------------
 init |             |            | 5.840e-04 | 1.336e+02 | 4.586e-04 | 5.169e-03 | 3.344e+02 | 4.633e-02
(0,)
(0,)
    1 |  9.5950e-05 | 4.5256e-04 | 3.279e-03 | 6.845e+01 | 7.893e-04 | 1.422e-02 | 2.560e+02 | 4.063e-02
(0,)
(0,)
(0,)
    2 |  7.0237e-05 | 3.9846e-04 | 1.802e-03 | 5.527e+01 | 3.585e-04 | 1.241e-02 | 2.181e+02 | 3.711e-02
(0,)
(0,)
(0,)
(0,)
    3 |  5.3453e-05 | 3.3576e-04 | 3.040e-03 | 3.096e+01 | 8.644e-04 | 1.164e-02 | 1.822e+02 | 2.875e-02
(0,)
(0,)
(0,)
(0,)
(0,)
    4 |  3.4776e-05 | 2.3384e-04 | 3.032e-03 | 2.955e+01 | 3.715e-04 | 1.027e-02 | 1.181e+02 | 2.163e-02
(0,)
(0,)
(0,)
(0,)
(0,)
(0,)
    5 |  2.8337e-05 | 1.9933e-04 | 3.153e-03 | 3.115e+01 | 3.796e-04 | 9.083e-03 | 8.133e+01 | 1.729e-02
(0,)
(0,)
(0,)
(0,)
(0,)
(0,)
(0,)
    6 |  2.3736e-05 | 1.5264e-04 | 2.139e-03 | 2.045e+01 | 2.565e-04 | 9.148e-03 | 6.445e+01 | 1.627e-02
(0,)
(0,)
(0,)
(0,)
(0,)
(0,)
(0,)
(0,)
    7 |  1.6337e-05 | 1.2042e-04 | 1.922e-03 | 2.068e+01 | 2.954e-04 | 8.756e-03 | 5.137e+01 | 1.495e-02
(0,)
(0,)
(0,)
(0,)
(0,)
(0,)
(0,)
(0,)
(0,)
    8 |  6.3942e-06 | 1.0888e-04 | 1.193e-03 | 2.567e+01 | 4.905e-04 | 8.059e-03 | 4.156e+01 | 1.240e-02
(0,)
(0,)
(0,)
(0,)
(0,)
(0,)
(0,)
(0,)
(0,)
(0,)
    9 |         nan | 1.0888e-04 | 1.193e-03 | 2.567e+01 | 4.905e-04 | 8.059e-03 | 4.156e+01 | 1.240e-02
(0,)
(0,)
(0,)
(0,)
(0,)
(0,)
(0,)
(0,)
(0,)
(0,)
(0,)
   10 |         nan | 1.0888e-04 | 1.193e-03 | 2.567e+01 | 4.905e-04 | 8.059e-03 | 4.156e+01 | 1.240e-02

  verdict: WORSE (worst obs ratio 8.14x)  [q1:1.64x  q3:8.14x  dq1:1.00x  dq3:1.13x]  (4955.8s)
  State      NRMS init     NRMS best    ratio      RMS init      RMS best   RMS analyt.  Unit 
  ------  ------------  ------------  -------  ------------  ------------  ------------  -----
  q1        1.4465e-02    2.3756e-02    1.64x    5.6843e-04    9.3355e-04    1.4458e-09  m    
  q2    *   5.1753e-02    4.0014e+00   77.32x    4.8887e-07    3.7798e-05    2.5819e-09  m    
  q3        1.0540e-03    8.5744e-03    8.14x    2.7261e-04    2.2178e-03    0.0000e+00  m    
  dq1       1.4573e-02    1.4572e-02    1.00x    6.4895e-03    6.4893e-03    6.3459e-03  m/s  
  dq2   *   6.9952e-02    2.0623e+00   29.48x    2.0751e-05    6.1178e-04    7.9252e-05  m/s  
  dq3       4.8163e-03    5.4250e-03    1.13x    1.0294e-03    1.1595e-03    1.0067e-03  m/s  
  (* unobservable at 400 Hz)
  Output RMS (apply_experiment):
    y1: init=2.7755e-02  best=2.7770e-02  m
    y2: init=2.7755e-02  best=2.7760e-02  m
    y3: init=1.3588e-02  best=1.3749e-02  m

========================================================================================================================
nf=40, lr=5e-05
------------------------------------------------------------------------------------------------------------------------
epoch |  train_loss |   val_loss |        q1 |       q2* |        q3 |       dq1 |      dq2* |       dq3
  (* = unobservable, excluded from verdict)
------------------------------------------------------------------------------------------------------------------------
 init |             |            | 5.840e-04 | 1.336e+02 | 4.586e-04 | 5.169e-03 | 3.344e+02 | 4.633e-02
(0,)
(0,)
    1 |  1.0041e-04 | 4.9826e-04 | 3.045e-03 | 7.371e+01 | 6.428e-04 | 1.455e-02 | 2.850e+02 | 4.555e-02
(0,)
(0,)
(0,)
    2 |  7.9240e-05 | 4.2735e-04 | 2.544e-03 | 6.827e+01 | 7.774e-04 | 1.353e-02 | 2.401e+02 | 4.172e-02
(0,)
(0,)
(0,)
(0,)
    3 |  6.7342e-05 | 3.8191e-04 | 2.936e-03 | 4.908e+01 | 7.673e-04 | 1.238e-02 | 2.187e+02 | 3.632e-02
(0,)
(0,)
(0,)
(0,)
(0,)
    4 |  5.5541e-05 | 3.3437e-04 | 2.181e-03 | 2.909e+01 | 4.925e-04 | 1.182e-02 | 1.937e+02 | 3.196e-02
(0,)
(0,)
(0,)
(0,)
(0,)
(0,)
    5 |  4.2750e-05 | 2.8733e-04 | 1.610e-03 | 2.381e+01 | 4.620e-04 | 1.195e-02 | 1.547e+02 | 2.802e-02
(0,)
(0,)
(0,)
(0,)
(0,)
(0,)
(0,)
    6 |  3.1233e-05 | 2.2478e-04 | 2.293e-03 | 2.995e+01 | 3.374e-04 | 9.879e-03 | 1.061e+02 | 2.018e-02
(0,)
(0,)
(0,)
(0,)
(0,)
(0,)
(0,)
(0,)
    7 |  2.6923e-05 | 1.6893e-04 | 2.168e-03 | 3.033e+01 | 2.394e-04 | 9.598e-03 | 7.847e+01 | 1.579e-02
(0,)
(0,)
(0,)
(0,)
(0,)
(0,)
(0,)
(0,)
(0,)
    8 |  2.4051e-05 | 1.4560e-04 | 1.706e-03 | 2.204e+01 | 5.311e-04 | 9.376e-03 | 6.547e+01 | 1.483e-02
(0,)
(0,)
(0,)
(0,)
(0,)
(0,)
(0,)
(0,)
(0,)
(0,)
    9 |  1.9350e-05 | 1.2187e-04 | 1.949e-03 | 1.119e+01 | 2.275e-04 | 8.844e-03 | 5.332e+01 | 1.361e-02
(0,)
(0,)
(0,)
(0,)
(0,)
(0,)
(0,)
(0,)
(0,)
(0,)
(0,)
   10 |  1.2803e-05 | 1.0638e-04 | 1.661e-03 | 3.133e+01 | 4.886e-04 | 8.229e-03 | 4.057e+01 | 1.264e-02

  verdict: WORSE (worst obs ratio 8.06x)  [q1:2.14x  q3:8.06x  dq1:1.00x  dq3:1.12x]  (4986.5s)
  State      NRMS init     NRMS best    ratio      RMS init      RMS best   RMS analyt.  Unit 
  ------  ------------  ------------  -------  ------------  ------------  ------------  -----
  q1        1.4465e-02    3.0896e-02    2.14x    5.6843e-04    1.2141e-03    1.4458e-09  m    
  q2    *   5.1753e-02    3.8998e+00   75.35x    4.8887e-07    3.6839e-05    2.5819e-09  m    
  q3        1.0540e-03    8.4976e-03    8.06x    2.7261e-04    2.1979e-03    0.0000e+00  m    
  dq1       1.4573e-02    1.4576e-02    1.00x    6.4895e-03    6.4911e-03    6.3459e-03  m/s  
  dq2   *   6.9952e-02    1.9347e+00   27.66x    2.0751e-05    5.7394e-04    7.9252e-05  m/s  
  dq3       4.8163e-03    5.4086e-03    1.12x    1.0294e-03    1.1560e-03    1.0067e-03  m/s  
  (* unobservable at 400 Hz)
  Output RMS (apply_experiment):
    y1: init=2.7755e-02  best=2.7781e-02  m
    y2: init=2.7755e-02  best=2.7771e-02  m
    y3: init=1.3588e-02  best=1.3746e-02  m

========================================================================================================================
nf=80, lr=5e-04
------------------------------------------------------------------------------------------------------------------------
epoch |  train_loss |   val_loss |        q1 |       q2* |        q3 |       dq1 |      dq2* |       dq3
  (* = unobservable, excluded from verdict)
------------------------------------------------------------------------------------------------------------------------
 init |             |            | 5.840e-04 | 1.336e+02 | 4.586e-04 | 5.169e-03 | 3.344e+02 | 4.633e-02
(0,)
(0,)
    1 |  1.6837e-04 | 4.6661e-04 | 5.574e-03 | 3.674e+01 | 4.195e-04 | 2.309e-02 | 2.165e+02 | 3.922e-02
(0,)
(0,)
(0,)
    2 |  6.2347e-05 | 3.4703e-04 | 6.626e-03 | 1.085e+01 | 1.301e-03 | 2.234e-02 | 1.914e+02 | 3.272e-02
(0,)
(0,)
(0,)
(0,)
    3 |  5.3190e-05 | 3.2828e-04 | 7.748e-03 | 6.007e+00 | 8.533e-04 | 2.153e-02 | 1.678e+02 | 3.054e-02
(0,)
(0,)
(0,)
(0,)
(0,)
    4 |  4.1124e-05 | 2.1767e-04 | 5.604e-03 | 2.822e+01 | 7.220e-04 | 1.822e-02 | 8.603e+01 | 1.577e-02
(0,)
(0,)
(0,)
(0,)
(0,)
(0,)
    5 |  3.3976e-05 | 1.9178e-04 | 3.498e-03 | 1.810e+01 | 3.952e-04 | 1.723e-02 | 5.285e+01 | 1.162e-02
(0,)
(0,)
(0,)
(0,)
(0,)
(0,)
(0,)
    6 |  3.6833e-05 | 1.5821e-04 | 4.971e-03 | 1.668e+01 | 5.857e-04 | 1.416e-02 | 4.064e+01 | 8.632e-03
(0,)
(0,)
(0,)
(0,)
(0,)
(0,)
(0,)
(0,)
    7 |         nan | 1.5821e-04 | 4.971e-03 | 1.668e+01 | 5.857e-04 | 1.416e-02 | 4.064e+01 | 8.632e-03
(0,)
(0,)
(0,)
(0,)
(0,)
(0,)
(0,)
(0,)
(0,)
    8 |         nan | 1.5821e-04 | 4.971e-03 | 1.668e+01 | 5.857e-04 | 1.416e-02 | 4.064e+01 | 8.632e-03
(0,)
(0,)
(0,)
(0,)
(0,)
(0,)
(0,)
(0,)
(0,)
(0,)
    9 |         nan | 1.5821e-04 | 4.971e-03 | 1.668e+01 | 5.857e-04 | 1.416e-02 | 4.064e+01 | 8.632e-03
(0,)
(0,)
(0,)
(0,)
(0,)
(0,)
(0,)
(0,)
(0,)
(0,)
(0,)
   10 |  3.7301e-05 | 1.4693e-04 | 5.621e-03 | 1.899e+01 | 3.475e-04 | 1.381e-02 | 3.392e+01 | 7.640e-03

  verdict: WORSE (worst obs ratio 3.63x)  [q1:1.86x  q3:3.63x  dq1:1.00x  dq3:1.02x]  (10142.2s)
  State      NRMS init     NRMS best    ratio      RMS init      RMS best   RMS analyt.  Unit 
  ------  ------------  ------------  -------  ------------  ------------  ------------  -----
  q1        1.4465e-02    2.6847e-02    1.86x    5.6843e-04    1.0550e-03    1.4458e-09  m    
  q2    *   5.1753e-02    1.9569e+00   37.81x    4.8887e-07    1.8485e-05    2.5819e-09  m    
  q3        1.0540e-03    3.8259e-03    3.63x    2.7261e-04    9.8958e-04    0.0000e+00  m    
  dq1       1.4573e-02    1.4576e-02    1.00x    6.4895e-03    6.4908e-03    6.3459e-03  m/s  
  dq2   *   6.9952e-02    1.2226e+00   17.48x    2.0751e-05    3.6269e-04    7.9252e-05  m/s  
  dq3       4.8163e-03    4.9155e-03    1.02x    1.0294e-03    1.0506e-03    1.0067e-03  m/s  
  (* unobservable at 400 Hz)
  Output RMS (apply_experiment):
    y1: init=2.7755e-02  best=2.7771e-02  m
    y2: init=2.7755e-02  best=2.7767e-02  m
    y3: init=1.3588e-02  best=1.3615e-02  m

========================================================================================================================
nf=80, lr=1e-04
------------------------------------------------------------------------------------------------------------------------
epoch |  train_loss |   val_loss |        q1 |       q2* |        q3 |       dq1 |      dq2* |       dq3
  (* = unobservable, excluded from verdict)
------------------------------------------------------------------------------------------------------------------------
 init |             |            | 5.840e-04 | 1.336e+02 | 4.586e-04 | 5.169e-03 | 3.344e+02 | 4.633e-02
(0,)
(0,)
    1 |  1.0676e-04 | 4.4743e-04 | 4.939e-03 | 7.124e+01 | 6.047e-04 | 2.358e-02 | 2.623e+02 | 4.409e-02
(0,)
(0,)
(0,)
    2 |  6.6425e-05 | 3.9972e-04 | 5.990e-03 | 5.870e+01 | 6.213e-04 | 2.315e-02 | 2.302e+02 | 4.119e-02
(0,)
(0,)
(0,)
(0,)
    3 |  5.7956e-05 | 3.6328e-04 | 6.458e-03 | 4.429e+01 | 7.193e-04 | 2.289e-02 | 2.134e+02 | 3.818e-02
(0,)
(0,)
(0,)
(0,)
(0,)
    4 |  5.0782e-05 | 3.2649e-04 | 7.451e-03 | 2.907e+01 | 5.877e-04 | 2.167e-02 | 1.928e+02 | 3.366e-02  EARLY STOP (q1 12.8x, 3 consec.)

  verdict: WORSE (worst obs ratio 6.97x)  [q1:1.00x  q3:6.97x  dq1:1.00x  dq3:1.08x]  (1848.1s)
  State      NRMS init     NRMS best    ratio      RMS init      RMS best   RMS analyt.  Unit 
  ------  ------------  ------------  -------  ------------  ------------  ------------  -----
  q1        1.4465e-02    1.4497e-02    1.00x    5.6843e-04    5.6971e-04    1.4458e-09  m    
  q2    *   5.1753e-02    3.0897e+00   59.70x    4.8887e-07    2.9186e-05    2.5819e-09  m    
  q3        1.0540e-03    7.3438e-03    6.97x    2.7261e-04    1.8995e-03    0.0000e+00  m    
  dq1       1.4573e-02    1.4569e-02    1.00x    6.4895e-03    6.4881e-03    6.3459e-03  m/s  
  dq2   *   6.9952e-02    1.1909e+00   17.02x    2.0751e-05    3.5329e-04    7.9252e-05  m/s  
  dq3       4.8163e-03    5.2243e-03    1.08x    1.0294e-03    1.1166e-03    1.0067e-03  m/s  
  (* unobservable at 400 Hz)
  Output RMS (apply_experiment):
    y1: init=2.7755e-02  best=2.7760e-02  m
    y2: init=2.7755e-02  best=2.7751e-02  m
    y3: init=1.3588e-02  best=1.3705e-02  m

========================================================================================================================
nf=80, lr=5e-05
------------------------------------------------------------------------------------------------------------------------
epoch |  train_loss |   val_loss |        q1 |       q2* |        q3 |       dq1 |      dq2* |       dq3
  (* = unobservable, excluded from verdict)
------------------------------------------------------------------------------------------------------------------------
 init |             |            | 5.840e-04 | 1.336e+02 | 4.586e-04 | 5.169e-03 | 3.344e+02 | 4.633e-02
(0,)
(0,)
    1 |  1.1417e-04 | 4.9544e-04 | 4.803e-03 | 7.408e+01 | 3.573e-04 | 2.266e-02 | 2.889e+02 | 4.770e-02
(0,)
(0,)
(0,)
    2 |  7.4501e-05 | 4.2632e-04 | 6.242e-03 | 6.908e+01 | 6.124e-04 | 2.376e-02 | 2.497e+02 | 4.391e-02
(0,)
(0,)
(0,)
(0,)
    3 |  6.6120e-05 | 3.9810e-04 | 6.473e-03 | 6.061e+01 | 6.460e-04 | 2.334e-02 | 2.343e+02 | 4.207e-02
(0,)
(0,)
(0,)
