Gym has been unmaintained since 2022 and does not support NumPy 2.0 amongst other critical functionality.
Please upgrade to Gymnasium, the maintained drop-in replacement of Gym, or contact the authors of your software and request that they upgrade.
Users of this version of Gym should be able to simply replace 'import gym' with 'import gymnasium as gym' in the vast majority of cases.
See the migration guide at https://gymnasium.farama.org/introduction/migration_guide/ for additional information.
======================================================================
Encoder baseline: full pipeline (no MSD, no model mismatch)
======================================================================
  run_id       = 67910
  FS_NEW       = 400 Hz  (D=50, Ts=2.50 ms)
  na / nb      = 25 / 25  (encoder history = 62.5 ms)
  na_right     = 1,  nb_right = 1
  nf           = 20  (50.0 ms prediction horizon)
  lr           = 1e-04
  batch_size   = 128
  epochs       = 30
  up_sample    = 1
  NX_ANN       = 0  (ANN frozen)
  Observable   = ['q1', 'q3', 'dq1', 'dq3']
  Unobservable = ['q2', 'dq2'] (excluded from pass/fail)

Loading data from: /dataB1/dirk_van_den_berg/repos/LPV-LFR-Baseline-Augmentation/data/gantry/matlab/multisine/baseline-v2
  T1 (T1_Y_osc.mat): u=(4400, 3), y=(4400, 3), x=(4400, 6)
  T2 (T2_X_sym_Y_sweep.mat): u=(4400, 3), y=(4400, 3), x=(4400, 6)
  T3 (T3_X_sym_Y000.mat): u=(4400, 3), y=(4400, 3), x=(4400, 6)
  T4 (T4_X_sym_Y030.mat): u=(4400, 3), y=(4400, 3), x=(4400, 6)
  T5 (T5_theta_Y_coupling.mat): u=(4400, 3), y=(4400, 3), x=(4400, 6)
  T6 (T6_lissajous_XY.mat): u=(4400, 3), y=(4400, 3), x=(4400, 6)
  T7 (T7_full_MIMO.mat): u=(4400, 3), y=(4400, 3), x=(4400, 6)
  T8 (T8_multi_amp.mat): u=(4400, 3), y=(4400, 3), x=(4400, 6)
  T9 (T9_Y_sweep_repeated.mat): u=(4400, 3), y=(4400, 3), x=(4400, 6)
  T10 (T10_multi_axis_repeated.mat): u=(4400, 3), y=(4400, 3), x=(4400, 6)
  Val (V1_osc_Y025.mat): u=(4400, 3), y=(4400, 3), x=(4400, 6)
  Val (V2_p2p_Y020.mat): u=(4400, 3), y=(4400, 3), x=(4400, 6)

Normalization:
  std_x = [0.04892044 0.00215414 0.18089846 0.4368949  0.01330569 0.5884025 ]
  std_u = [127.96294  144.41443   52.670307]

--- Analytical baseline (P_inv + FD) on V1_osc_Y025.mat ---
  State           NRMS           RMS  Unit 
  ------  ------------  ------------  -----
  q1        3.6896e-08    1.4458e-09  m    
  q2    *   2.7302e-04    2.5819e-09  m    
  q3        0.0000e+00    0.0000e+00  m    
  dq1       1.4291e-02    6.3459e-03  m/s  
  dq2   *   2.5232e-01    7.9252e-05  m/s  
  dq3       4.7236e-03    1.0067e-03  m/s  
  (* = unobservable at 400 Hz)

Building model...
Total trainable parameters: 4356

--- Pre-training: direct eval (encoder only) on V1_osc_Y025.mat ---
  State           NRMS
  q1        5.8398e-04
  q2    *   1.3360e+02
  q3        4.5863e-04
  dq1       5.1695e-03
  dq2   *   3.3436e+02
  dq3       4.6333e-02

--- Pre-training: apply_experiment on V1_osc_Y025.mat ---
  Output RMS (y_hat vs y_measured):
    y1: 2.7755e-02  m
    y2: 2.7755e-02  m
    y3: 1.3588e-02  m
  State RMS (x_hat vs x_logical):
  State           NRMS           RMS  Unit 
  ------  ------------  ------------  -----
  q1        1.4465e-02    5.6843e-04  m    
  q2    *   5.1753e-02    4.8887e-07  m    
  q3        1.0540e-03    2.7261e-04  m    
  dq1       1.4573e-02    6.4895e-03  m/s  
  dq2   *   6.9952e-02    2.0751e-05  m/s  
  dq3       4.8163e-03    1.0294e-03  m/s  

Training: 30 epochs, validation_measure=20-step-RMS
Per-epoch tracking: direct eval (encoder only, no simulation)

epoch |  train_loss |   val_loss |         q1 |         q2 |         q3 |        dq1 |        dq2 |        dq3
--------------------------------------------------------------------------------------------------------------
 init |             |            |  5.840e-04 |  1.336e+02 |  4.586e-04 |  5.169e-03 |  3.344e+02 |  4.633e-02
(0,)
(0,)
/dataB1/dirk_van_den_berg/conda-envs/GraduationProject/lib/python3.11/site-packages/deepSI/fit_systems/fit_system.py:501: FutureWarning: You are using `torch.load` with `weights_only=False` (the current default value), which uses the default pickle module implicitly. It is possible to construct malicious pickle data which will execute arbitrary code during unpickling (See https://github.com/pytorch/pytorch/blob/main/SECURITY.md#untrusted-models for more details). In a future release, the default value for `weights_only` will be flipped to `True`. This limits the functions that could be executed during unpickling. Arbitrary objects will no longer be allowed to be loaded via this mode unless they are explicitly allowlisted by the user via `torch.serialization.add_safe_globals`. We recommend you start setting `weights_only=True` for any use case where you don't have full control of the loaded file. Please open an issue on GitHub for any issues related to this experimental feature.
  self.__dict__ = torch.load(file)
    1 |  1.0980e-04 | 4.4071e-04 |  7.929e-04 |  3.745e+01 |  3.497e-04 |  6.843e-03 |  2.704e+02 |  3.231e-02
(0,)
(0,)
(0,)
    2 |  5.8338e-05 | 2.6643e-04 |  2.724e-04 |  4.413e+01 |  1.756e-04 |  5.809e-03 |  2.164e+02 |  2.134e-02
(0,)
(0,)
(0,)
(0,)
    3 |  4.9137e-05 | 2.2620e-04 |  6.439e-04 |  4.327e+01 |  2.937e-04 |  5.701e-03 |  1.902e+02 |  1.792e-02
(0,)
(0,)
(0,)
(0,)
(0,)
    4 |  4.1385e-05 | 1.8737e-04 |  8.500e-04 |  3.617e+01 |  2.029e-04 |  4.182e-03 |  1.493e+02 |  1.545e-02
(0,)
(0,)
(0,)
(0,)
(0,)
(0,)
    5 |  3.6177e-05 | 1.5567e-04 |  5.861e-04 |  2.155e+01 |  1.551e-04 |  4.236e-03 |  1.167e+02 |  1.372e-02
(0,)
(0,)
(0,)
(0,)
(0,)
(0,)
(0,)
    6 |  3.0670e-05 | 1.5566e-04 |  7.212e-04 |  9.529e+00 |  1.796e-04 |  4.163e-03 |  9.975e+01 |  1.289e-02
(0,)
(0,)
(0,)
(0,)
(0,)
(0,)
(0,)
(0,)
    7 |  1.3036e-05 | 1.0037e-04 |  4.625e-04 |  4.348e+01 |  2.412e-04 |  4.034e-03 |  8.470e+01 |  7.661e-03
(0,)
(0,)
(0,)
(0,)
(0,)
(0,)
(0,)
(0,)
(0,)
    8 |  3.9736e-06 | 7.2994e-05 |  1.412e-03 |  3.871e+01 |  1.133e-04 |  3.084e-03 |  5.178e+01 |  6.973e-03
(0,)
(0,)
(0,)
(0,)
(0,)
(0,)
(0,)
(0,)
(0,)
(0,)
    9 |  1.9802e-06 | 5.0228e-05 |  3.877e-04 |  1.075e+01 |  7.353e-05 |  3.518e-03 |  2.449e+01 |  8.240e-03
(0,)
(0,)
(0,)
(0,)
(0,)
(0,)
(0,)
(0,)
(0,)
(0,)
(0,)
   10 |  1.5258e-06 | 4.3406e-05 |  9.249e-04 |  7.314e+00 |  7.222e-05 |  3.356e-03 |  1.502e+01 |  5.434e-03
(0,)
(0,)
(0,)
(0,)
(0,)
(0,)
(0,)
(0,)
(0,)
(0,)
(0,)
(0,)
   11 |  1.3075e-06 | 3.5478e-05 |  3.577e-04 |  6.480e+00 |  9.422e-05 |  3.406e-03 |  1.606e+01 |  4.652e-03
(0,)
(0,)
(0,)
(0,)
(0,)
(0,)
(0,)
(0,)
(0,)
(0,)
(0,)
(0,)
(0,)
   12 |         nan | 3.5478e-05 |  3.577e-04 |  6.480e+00 |  9.422e-05 |  3.406e-03 |  1.606e+01 |  4.652e-03
(0,)
(0,)
(0,)
(0,)
(0,)
(0,)
(0,)
(0,)
(0,)
(0,)
(0,)
(0,)
(0,)
(0,)
   13 |         nan | 3.5478e-05 |  3.577e-04 |  6.480e+00 |  9.422e-05 |  3.406e-03 |  1.606e+01 |  4.652e-03
(0,)
(0,)
(0,)
(0,)
(0,)
(0,)
(0,)
(0,)
(0,)
(0,)
(0,)
(0,)
(0,)
(0,)
(0,)
   14 |         nan | 3.5478e-05 |  3.577e-04 |  6.480e+00 |  9.422e-05 |  3.406e-03 |  1.606e+01 |  4.652e-03
(0,)
(0,)
(0,)
(0,)
(0,)
(0,)
(0,)
(0,)
(0,)
(0,)
(0,)
(0,)
(0,)
(0,)
(0,)
(0,)
   15 |         nan | 3.5478e-05 |  3.577e-04 |  6.480e+00 |  9.422e-05 |  3.406e-03 |  1.606e+01 |  4.652e-03
(0,)
(0,)
(0,)
(0,)
(0,)
(0,)
(0,)
(0,)
(0,)
(0,)
(0,)
(0,)
(0,)
(0,)
(0,)
(0,)
(0,)
   16 |         nan | 3.5478e-05 |  3.577e-04 |  6.480e+00 |  9.422e-05 |  3.406e-03 |  1.606e+01 |  4.652e-03
(0,)
(0,)
(0,)
(0,)
(0,)
(0,)
(0,)
(0,)
(0,)
(0,)
(0,)
(0,)
(0,)
(0,)
(0,)
(0,)
(0,)
(0,)
   17 |         nan | 3.5478e-05 |  3.577e-04 |  6.480e+00 |  9.422e-05 |  3.406e-03 |  1.606e+01 |  4.652e-03
(0,)
(0,)
(0,)
(0,)
(0,)
(0,)
(0,)
(0,)
(0,)
(0,)
(0,)
(0,)
(0,)
(0,)
(0,)
(0,)
(0,)
(0,)
(0,)
   18 |         nan | 3.5478e-05 |  3.577e-04 |  6.480e+00 |  9.422e-05 |  3.406e-03 |  1.606e+01 |  4.652e-03
(0,)
(0,)
(0,)
(0,)
(0,)
(0,)
(0,)
(0,)
(0,)
(0,)
(0,)
(0,)
(0,)
(0,)
(0,)
(0,)
(0,)
(0,)
(0,)
(0,)
   19 |         nan | 3.5478e-05 |  3.577e-04 |  6.480e+00 |  9.422e-05 |  3.406e-03 |  1.606e+01 |  4.652e-03
(0,)
(0,)
(0,)
(0,)
(0,)
(0,)
(0,)
(0,)
(0,)
(0,)
(0,)
(0,)
(0,)
(0,)
(0,)
(0,)
(0,)
(0,)
(0,)
(0,)
(0,)
   20 |         nan | 3.5478e-05 |  3.577e-04 |  6.480e+00 |  9.422e-05 |  3.406e-03 |  1.606e+01 |  4.652e-03
(0,)
(0,)
(0,)
(0,)
(0,)
(0,)
(0,)
(0,)
(0,)
(0,)
(0,)
(0,)
(0,)
(0,)
(0,)
(0,)
(0,)
(0,)
(0,)
(0,)
(0,)
(0,)
   21 |         nan | 3.5478e-05 |  3.577e-04 |  6.480e+00 |  9.422e-05 |  3.406e-03 |  1.606e+01 |  4.652e-03
(0,)
(0,)
(0,)
(0,)
(0,)
(0,)
(0,)
(0,)
(0,)
(0,)
(0,)
(0,)
(0,)
(0,)
(0,)
(0,)
(0,)
(0,)
(0,)
(0,)
(0,)
(0,)
(0,)
   22 |         nan | 3.5478e-05 |  3.577e-04 |  6.480e+00 |  9.422e-05 |  3.406e-03 |  1.606e+01 |  4.652e-03
(0,)
(0,)
(0,)
(0,)
(0,)
(0,)
(0,)
(0,)
(0,)
(0,)
(0,)
(0,)
(0,)
(0,)
(0,)
(0,)
(0,)
(0,)
(0,)
(0,)
(0,)
(0,)
(0,)
(0,)
   23 |         nan | 3.5478e-05 |  3.577e-04 |  6.480e+00 |  9.422e-05 |  3.406e-03 |  1.606e+01 |  4.652e-03
(0,)
(0,)
(0,)
(0,)
(0,)
(0,)
(0,)
(0,)
(0,)
(0,)
(0,)
(0,)
(0,)
(0,)
(0,)
(0,)
(0,)
(0,)
(0,)
(0,)
(0,)
(0,)
(0,)
(0,)
(0,)
   24 |         nan | 3.5478e-05 |  3.577e-04 |  6.480e+00 |  9.422e-05 |  3.406e-03 |  1.606e+01 |  4.652e-03
(0,)
(0,)
(0,)
(0,)
(0,)
(0,)
(0,)
(0,)
(0,)
(0,)
(0,)
(0,)
(0,)
(0,)
(0,)
(0,)
(0,)
(0,)
(0,)
(0,)
(0,)
(0,)
(0,)
(0,)
(0,)
(0,)
   25 |         nan | 3.5478e-05 |  3.577e-04 |  6.480e+00 |  9.422e-05 |  3.406e-03 |  1.606e+01 |  4.652e-03
(0,)
(0,)
(0,)
(0,)
(0,)
(0,)
(0,)
(0,)
(0,)
(0,)
(0,)
(0,)
(0,)
(0,)
(0,)
(0,)
(0,)
(0,)
(0,)
(0,)
(0,)
(0,)
(0,)
(0,)
(0,)
(0,)
(0,)
   26 |  1.1248e-06 | 3.5457e-05 |  2.920e-04 |  5.523e+00 |  4.816e-05 |  3.678e-03 |  1.356e+01 |  5.306e-03
(0,)
(0,)
(0,)
(0,)
(0,)
(0,)
(0,)
(0,)
(0,)
(0,)
(0,)
(0,)
(0,)
(0,)
(0,)
(0,)
(0,)
(0,)
(0,)
(0,)
(0,)
(0,)
(0,)
(0,)
(0,)
(0,)
(0,)
(0,)
   27 |         nan | 3.5457e-05 |  2.920e-04 |  5.523e+00 |  4.816e-05 |  3.678e-03 |  1.356e+01 |  5.306e-03
(0,)
(0,)
(0,)
(0,)
(0,)
(0,)
(0,)
(0,)
(0,)
(0,)
(0,)
(0,)
(0,)
(0,)
(0,)
(0,)
(0,)
(0,)
(0,)
(0,)
(0,)
(0,)
(0,)
(0,)
(0,)
(0,)
(0,)
(0,)
(0,)
   28 |         nan | 3.5457e-05 |  2.920e-04 |  5.523e+00 |  4.816e-05 |  3.678e-03 |  1.356e+01 |  5.306e-03
(0,)
(0,)
(0,)
(0,)
(0,)
(0,)
(0,)
(0,)
(0,)
(0,)
(0,)
(0,)
(0,)
(0,)
(0,)
(0,)
(0,)
(0,)
(0,)
(0,)
(0,)
(0,)
(0,)
(0,)
(0,)
(0,)
(0,)
(0,)
(0,)
(0,)
   29 |         nan | 3.5457e-05 |  2.920e-04 |  5.523e+00 |  4.816e-05 |  3.678e-03 |  1.356e+01 |  5.306e-03
(0,)
(0,)
(0,)
(0,)
(0,)
(0,)
(0,)
(0,)
(0,)
(0,)
(0,)
(0,)
(0,)
(0,)
(0,)
(0,)
(0,)
(0,)
(0,)
(0,)
(0,)
(0,)
(0,)
(0,)
(0,)
(0,)
(0,)
(0,)
(0,)
(0,)
(0,)
   30 |         nan | 3.5457e-05 |  2.920e-04 |  5.523e+00 |  4.816e-05 |  3.678e-03 |  1.356e+01 |  5.306e-03

--- Post-training (best checkpoint): apply_experiment on V1_osc_Y025.mat ---
  Output RMS (y_hat vs y_measured):
    y1: 2.7777e-02  m
    y2: 2.7773e-02  m
    y3: 1.3611e-02  m
  State RMS (x_hat vs x_logical):
  State           NRMS           RMS  Unit 
  ------  ------------  ------------  -----
  q1        3.0629e-02    1.2036e-03  m    
  q2    *   1.4554e+00    1.3748e-05  m    
  q3        3.5447e-03    9.1683e-04  m    
  dq1       1.4578e-02    6.4920e-03  m/s  
  dq2   *   5.9064e-01    1.7521e-04  m/s  
  dq3       4.8997e-03    1.0472e-03  m/s  

==================================================================================
SUMMARY  (apply_experiment, val: V1_osc_Y025.mat,  run_id: 67910)
==================================================================================
  State       RMS init      RMS best    ratio   RMS analyt.  Unit 
  ------  ------------  ------------  -------  ------------  -----
  q1        5.6843e-04    1.2036e-03    2.12x    1.4458e-09  m      !!
  q2        4.8887e-07    1.3748e-05   28.12x    2.5819e-09  m      **
  q3        2.7261e-04    9.1683e-04    3.36x    0.0000e+00  m      !!
  dq1       6.4895e-03    6.4920e-03    1.00x    6.3459e-03  m/s    OK
  dq2       2.0751e-05    1.7521e-04    8.44x    7.9252e-05  m/s    **
  dq3       1.0294e-03    1.0472e-03    1.02x    1.0067e-03  m/s    OK
  (** unobservable at 400 Hz — excluded from pass/fail)

  Output RMS:
  Output      RMS init      RMS best    ratio  Unit 
  ------  ------------  ------------  -------  -----
  y1        2.7755e-02    2.7777e-02    1.00x  m    
  y2        2.7755e-02    2.7773e-02    1.00x  m    
  y3        1.3588e-02    1.3611e-02    1.00x  m    

  Worst observable state ratio: q3 = 3.36x
  FAIL: observable states significantly degraded (ratio > 2.0)

Saved model: /dataB1/dirk_van_den_berg/repos/LPV-LFR-Baseline-Augmentation/simulations/gantry_subnet/encoder/encoder_baseline_model_67910

Saved: /dataB1/dirk_van_den_berg/repos/LPV-LFR-Baseline-Augmentation/simulations/gantry_subnet/encoder/encoder_baseline_results_67910.json
Saved: /dataB1/dirk_van_den_berg/repos/LPV-LFR-Baseline-Augmentation/simulations/gantry_subnet/encoder/encoder_baseline_data_67910.npz
Saved: /dataB1/dirk_van_den_berg/repos/LPV-LFR-Baseline-Augmentation/simulations/gantry_subnet/encoder/encoder_baseline_before_training.png
Saved: /dataB1/dirk_van_den_berg/repos/LPV-LFR-Baseline-Augmentation/simulations/gantry_subnet/encoder/encoder_baseline_before_error.png
Saved: /dataB1/dirk_van_den_berg/repos/LPV-LFR-Baseline-Augmentation/simulations/gantry_subnet/encoder/encoder_baseline_after_training.png
Saved: /dataB1/dirk_van_den_berg/repos/LPV-LFR-Baseline-Augmentation/simulations/gantry_subnet/encoder/encoder_baseline_after_error.png
Saved: /dataB1/dirk_van_den_berg/repos/LPV-LFR-Baseline-Augmentation/simulations/gantry_subnet/encoder/encoder_baseline_nrms_bar.png
Saved: /dataB1/dirk_van_den_berg/repos/LPV-LFR-Baseline-Augmentation/simulations/gantry_subnet/encoder/encoder_baseline_loss.png
Saved: /dataB1/dirk_van_den_berg/repos/LPV-LFR-Baseline-Augmentation/simulations/gantry_subnet/encoder/encoder_baseline_state_evolution.png
Saved: /dataB1/dirk_van_den_berg/repos/LPV-LFR-Baseline-Augmentation/simulations/gantry_subnet/encoder/encoder_baseline_convergence.png
