Gym has been unmaintained since 2022 and does not support NumPy 2.0 amongst other critical functionality.
Please upgrade to Gymnasium, the maintained drop-in replacement of Gym, or contact the authors of your software and request that they upgrade.
Users of this version of Gym should be able to simply replace 'import gym' with 'import gymnasium as gym' in the vast majority of cases.
See the migration guide at https://gymnasium.farama.org/introduction/migration_guide/ for additional information.
======================================================================
Step 1: Baseline = system (no MSD), converge to noise floor
======================================================================
  FS_NEW       = 400 Hz  (D=50, Ts=2.50 ms)
  na / nb      = 25 / 25  (encoder history = 62.5 ms)
  na_right     = 1,  nb_right = 1
  nf           = 40  (100.0 ms prediction horizon)
  lr           = 1e-04
  batch_size   = 128
  epochs       = 100
  up_sample    = 1
  NX_ANN       = 0  (ANN frozen)
  EVAL_METHOD  = apply_experiment

Loading data from: /dataB1/dirk_van_den_berg/repos/LPV-LFR-Baseline-Augmentation/data/gantry/matlab/multisine/baseline-v2
  T1 (T1_Y_osc.mat): u=(4400, 3), y=(4400, 3), x=(4400, 6)
  T2 (T2_X_sym_Y_sweep.mat): u=(4400, 3), y=(4400, 3), x=(4400, 6)
  T3 (T3_X_sym_Y000.mat): u=(4400, 3), y=(4400, 3), x=(4400, 6)
  T4 (T4_X_sym_Y030.mat): u=(4400, 3), y=(4400, 3), x=(4400, 6)
  T5 (T5_theta_Y_coupling.mat): u=(4400, 3), y=(4400, 3), x=(4400, 6)
  T6 (T6_lissajous_XY.mat): u=(4400, 3), y=(4400, 3), x=(4400, 6)
  T7 (T7_full_MIMO.mat): u=(4400, 3), y=(4400, 3), x=(4400, 6)
  T8 (T8_multi_amp.mat): u=(4400, 3), y=(4400, 3), x=(4400, 6)
  T9 (T9_Y_sweep_repeated.mat): u=(4400, 3), y=(4400, 3), x=(4400, 6)
  T10 (T10_multi_axis_repeated.mat): u=(4400, 3), y=(4400, 3), x=(4400, 6)
  Val (V1_osc_Y025.mat): u=(4400, 3), y=(4400, 3), x=(4400, 6)
  Val (V2_p2p_Y020.mat): u=(4400, 3), y=(4400, 3), x=(4400, 6)

Normalization:
  std_x = [0.04892044 0.00215414 0.18089846 0.4368949  0.01330569 0.5884025 ]
  std_u = [127.96294  144.41443   52.670307]

--- Analytical baseline (P_inv + FD) on V1_osc_Y025.mat ---
  State           NRMS       RMS err  Unit 
  ------  ------------  ------------  -----
  q1        3.6896e-08    1.4458e-09  m    
  q2        2.7302e-04    2.5819e-09  m    
  q3        0.0000e+00    0.0000e+00  m    
  dq1       1.4291e-02    6.3459e-03  m/s  
  dq2       2.5232e-01    7.9252e-05  m/s  
  dq3       4.7236e-03    1.0067e-03  m/s  

Building model...
Total trainable parameters: 4356

--- Encoder quality BEFORE training (EVAL_METHOD=apply_experiment) ---
  State           NRMS       RMS err  Unit 
  ------  ------------  ------------  -----
  q1        1.4465e-02    5.6843e-04  m    
  q2        5.1753e-02    4.8887e-07  m    
  q3        1.0540e-03    2.7261e-04  m    
  dq1       1.4573e-02    6.4895e-03  m/s  
  dq2       6.9952e-02    2.0751e-05  m/s  
  dq3       4.8163e-03    1.0294e-03  m/s  

Training: 100 epochs, validation_measure=40-step-RMS
Per-epoch state tracking via EVAL_METHOD=apply_experiment

epoch |   val_loss |         q1 |         q2 |         q3 |        dq1 |        dq2 |        dq3
------------------------------------------------------------------------------------------------
 init |            |  1.446e-02 |  5.175e-02 |  1.054e-03 |  1.457e-02 |  6.995e-02 |  4.816e-03
(0,)
(0,)
/dataB1/dirk_van_den_berg/conda-envs/GraduationProject/lib/python3.11/site-packages/deepSI/fit_systems/fit_system.py:501: FutureWarning: You are using `torch.load` with `weights_only=False` (the current default value), which uses the default pickle module implicitly. It is possible to construct malicious pickle data which will execute arbitrary code during unpickling (See https://github.com/pytorch/pytorch/blob/main/SECURITY.md#untrusted-models for more details). In a future release, the default value for `weights_only` will be flipped to `True`. This limits the functions that could be executed during unpickling. Arbitrary objects will no longer be allowed to be loaded via this mode unless they are explicitly allowlisted by the user via `torch.serialization.add_safe_globals`. We recommend you start setting `weights_only=True` for any use case where you don't have full control of the loaded file. Please open an issue on GitHub for any issues related to this experimental feature.
  self.__dict__ = torch.load(file)
    1 | 4.5256e-04 |  1.449e-02 |  5.879e+00 |  1.375e-02 |  1.457e-02 |  2.338e+00 |  6.222e-03
(0,)
(0,)
(0,)
    2 | 3.9846e-04 |  1.474e-02 |  5.653e+00 |  1.335e-02 |  1.457e-02 |  2.152e+00 |  6.045e-03
(0,)
(0,)
(0,)
(0,)
    3 | 3.3576e-04 |  3.774e-02 |  4.576e+00 |  1.081e-02 |  1.458e-02 |  1.747e+00 |  5.721e-03
(0,)
(0,)
(0,)
(0,)
(0,)
    4 | 2.3384e-04 |  1.688e-02 |  4.551e+00 |  1.071e-02 |  1.457e-02 |  1.784e+00 |  5.655e-03
(0,)
(0,)
(0,)
(0,)
(0,)
(0,)
    5 | 1.9933e-04 |  1.480e-02 |  4.187e+00 |  9.894e-03 |  1.457e-02 |  1.620e+00 |  5.551e-03
(0,)
(0,)
(0,)
(0,)
(0,)
(0,)
(0,)
    6 | 1.5264e-04 |  2.699e-02 |  4.598e+00 |  1.085e-02 |  1.457e-02 |  1.776e+00 |  5.692e-03
(0,)
(0,)
(0,)
(0,)
(0,)
(0,)
(0,)
(0,)
    7 | 1.2042e-04 |  2.539e-02 |  4.195e+00 |  9.783e-03 |  1.457e-02 |  1.697e+00 |  5.548e-03
(0,)
(0,)
(0,)
(0,)
(0,)
(0,)
(0,)
(0,)
(0,)
    8 | 1.0888e-04 |  2.376e-02 |  4.001e+00 |  8.574e-03 |  1.457e-02 |  2.062e+00 |  5.425e-03
(0,)
(0,)
(0,)
(0,)
(0,)
(0,)
(0,)
(0,)
(0,)
(0,)
    9 | 1.0888e-04 |  2.376e-02 |  4.001e+00 |  8.574e-03 |  1.457e-02 |  2.062e+00 |  5.425e-03
(0,)
(0,)
(0,)
(0,)
(0,)
(0,)
(0,)
(0,)
(0,)
(0,)
(0,)
   10 | 1.0888e-04 |  2.376e-02 |  4.001e+00 |  8.574e-03 |  1.457e-02 |  2.062e+00 |  5.425e-03
(0,)
(0,)
(0,)
(0,)
(0,)
(0,)
(0,)
(0,)
(0,)
(0,)
(0,)
(0,)
   11 | 1.0888e-04 |  2.376e-02 |  4.001e+00 |  8.574e-03 |  1.457e-02 |  2.062e+00 |  5.425e-03
(0,)
(0,)
(0,)
(0,)
(0,)
(0,)
(0,)
(0,)
(0,)
(0,)
(0,)
(0,)
(0,)
   12 | 1.0888e-04 |  2.376e-02 |  4.001e+00 |  8.574e-03 |  1.457e-02 |  2.062e+00 |  5.425e-03
(0,)
(0,)
(0,)
(0,)
(0,)
(0,)
(0,)
(0,)
(0,)
(0,)
(0,)
(0,)
(0,)
(0,)
   13 | 1.0484e-04 |  3.025e-02 |  3.424e+00 |  6.816e-03 |  1.458e-02 |  2.025e+00 |  5.180e-03
(0,)
(0,)
(0,)
(0,)
(0,)
(0,)
(0,)
(0,)
(0,)
(0,)
(0,)
(0,)
(0,)
(0,)
(0,)
   14 | 8.3151e-05 |  3.759e-02 |  2.752e+00 |  6.157e-03 |  1.458e-02 |  1.314e+00 |  5.108e-03
(0,)
(0,)
(0,)
(0,)
(0,)
(0,)
(0,)
(0,)
(0,)
(0,)
(0,)
(0,)
(0,)
(0,)
(0,)
(0,)
   15 | 7.2450e-05 |  3.807e-02 |  2.833e+00 |  6.715e-03 |  1.458e-02 |  1.106e+00 |  5.182e-03
(0,)
(0,)
(0,)
(0,)
(0,)
(0,)
(0,)
(0,)
(0,)
(0,)
(0,)
(0,)
(0,)
(0,)
(0,)
(0,)
(0,)
   16 | 7.2450e-05 |  3.807e-02 |  2.833e+00 |  6.715e-03 |  1.458e-02 |  1.106e+00 |  5.182e-03
(0,)
(0,)
(0,)
(0,)
(0,)
(0,)
(0,)
(0,)
(0,)
(0,)
(0,)
(0,)
(0,)
(0,)
(0,)
(0,)
(0,)
(0,)
   17 | 7.2450e-05 |  3.807e-02 |  2.833e+00 |  6.715e-03 |  1.458e-02 |  1.106e+00 |  5.182e-03
(0,)
(0,)
(0,)
(0,)
(0,)
(0,)
(0,)
(0,)
(0,)
(0,)
(0,)
(0,)
(0,)
(0,)
(0,)
(0,)
(0,)
(0,)
(0,)
   18 | 7.2450e-05 |  3.807e-02 |  2.833e+00 |  6.715e-03 |  1.458e-02 |  1.106e+00 |  5.182e-03
(0,)
(0,)
(0,)
(0,)
(0,)
(0,)
(0,)
(0,)
(0,)
(0,)
(0,)
(0,)
(0,)
(0,)
(0,)
(0,)
(0,)
(0,)
(0,)
(0,)
   19 | 7.2450e-05 |  3.807e-02 |  2.833e+00 |  6.715e-03 |  1.458e-02 |  1.106e+00 |  5.182e-03
(0,)
(0,)
(0,)
(0,)
(0,)
(0,)
(0,)
(0,)
(0,)
(0,)
(0,)
(0,)
(0,)
(0,)
(0,)
(0,)
(0,)
(0,)
(0,)
(0,)
(0,)
   20 | 7.2450e-05 |  3.807e-02 |  2.833e+00 |  6.715e-03 |  1.458e-02 |  1.106e+00 |  5.182e-03
(0,)
(0,)
(0,)
(0,)
(0,)
(0,)
(0,)
(0,)
(0,)
(0,)
(0,)
(0,)
(0,)
(0,)
(0,)
(0,)
(0,)
(0,)
(0,)
(0,)
(0,)
(0,)
   21 | 7.2450e-05 |  3.807e-02 |  2.833e+00 |  6.715e-03 |  1.458e-02 |  1.106e+00 |  5.182e-03
(0,)
(0,)
(0,)
(0,)
(0,)
(0,)
(0,)
(0,)
(0,)
(0,)
(0,)
(0,)
(0,)
(0,)
(0,)
(0,)
(0,)
(0,)
(0,)
(0,)
(0,)
(0,)
(0,)
   22 | 7.2450e-05 |  3.807e-02 |  2.833e+00 |  6.715e-03 |  1.458e-02 |  1.106e+00 |  5.182e-03
(0,)
(0,)
(0,)
(0,)
(0,)
(0,)
(0,)
(0,)
(0,)
(0,)
(0,)
(0,)
(0,)
(0,)
(0,)
(0,)
(0,)
(0,)
(0,)
(0,)
(0,)
(0,)
(0,)
(0,)
   23 | 7.2450e-05 |  3.807e-02 |  2.833e+00 |  6.715e-03 |  1.458e-02 |  1.106e+00 |  5.182e-03
(0,)
(0,)
(0,)
(0,)
(0,)
(0,)
(0,)
(0,)
(0,)
(0,)
(0,)
(0,)
(0,)
(0,)
(0,)
(0,)
(0,)
(0,)
(0,)
(0,)
(0,)
(0,)
(0,)
(0,)
(0,)
   24 | 7.2450e-05 |  3.807e-02 |  2.833e+00 |  6.715e-03 |  1.458e-02 |  1.106e+00 |  5.182e-03
(0,)
(0,)
(0,)
(0,)
(0,)
(0,)
(0,)
(0,)
(0,)
(0,)
(0,)
(0,)
(0,)
(0,)
(0,)
(0,)
(0,)
(0,)
(0,)
(0,)
(0,)
(0,)
(0,)
(0,)
(0,)
(0,)
   25 | 7.2450e-05 |  3.807e-02 |  2.833e+00 |  6.715e-03 |  1.458e-02 |  1.106e+00 |  5.182e-03
(0,)
(0,)
(0,)
(0,)
(0,)
(0,)
(0,)
(0,)
(0,)
(0,)
(0,)
(0,)
(0,)
(0,)
(0,)
(0,)
(0,)
(0,)
(0,)
(0,)
(0,)
(0,)
(0,)
(0,)
(0,)
(0,)
(0,)
   26 | 7.2450e-05 |  3.807e-02 |  2.833e+00 |  6.715e-03 |  1.458e-02 |  1.106e+00 |  5.182e-03
(0,)
(0,)
(0,)
(0,)
(0,)
(0,)
(0,)
(0,)
(0,)
(0,)
(0,)
(0,)
(0,)
(0,)
(0,)
(0,)
(0,)
(0,)
(0,)
(0,)
(0,)
(0,)
(0,)
(0,)
(0,)
(0,)
(0,)
(0,)
   27 | 7.2450e-05 |  3.807e-02 |  2.833e+00 |  6.715e-03 |  1.458e-02 |  1.106e+00 |  5.182e-03
(0,)
(0,)
(0,)
(0,)
(0,)
(0,)
(0,)
(0,)
(0,)
(0,)
(0,)
(0,)
(0,)
(0,)
(0,)
(0,)
(0,)
(0,)
(0,)
(0,)
(0,)
(0,)
(0,)
