[wd] launch  out=outputs/logs/gen_a1
[wd] command matlab -nojvm -batch "cd('C:\Users\20203253\OneDrive - TU Eindhoven\Graduation Project\Baseline FP model\Baseline-LPV-Augmentation\scripts\gantry\coulomb-tanh-gain'); addpath('C:\Users\20203253\OneDrive - TU Eindhoven\Graduation Project\Baseline FP model\Baseline-LPV-Augmentation\Thesis-writeup\Code\Data'); generate_thesis_data(); fprintf('%s%s\n', '@@TDG_', 'DONE@@');"
generate_thesis_data: 48 records selected, versions noisy + noise-free
[wd] t=59s tree=2,361 MB cpu=3% availRAM=2.10 GB C:free=4.66 GB

=== 1/48  TR-S1_r1  [training, standstill Y -0.30, A_prod multisine] ===
  r OK TR-S1_r1    : X1=[+0 +0] X2=[+0 +0] Y=[-300 -300] mm | v 0.000/0.000 m/s a 0.00/0.00 m/s^2 j 0/0 m/s^3 (X_sym/Y)
  scale pre 1.00 post 1.00 | noise adds rms [10.266 10.924 6.545] nm | stick [9.1 7 2.4] % | F peak [0.42 0.47 0.59], rms [0.25 0.26 0.34] of limit | 53.1 + 47.5 MB | 36.3 s

=== 2/48  TR-S2_r1  [training, standstill Y -0.15, A_prod multisine] ===
  r OK TR-S2_r1    : X1=[+0 +0] X2=[+0 +0] Y=[-150 -150] mm | v 0.000/0.000 m/s a 0.00/0.00 m/s^2 j 0/0 m/s^3 (X_sym/Y)
  scale pre 1.00 post 1.00 | noise adds rms [10.278 10.888 6.568] nm | stick [7.5 6.4 2.1] % | F peak [0.39 0.44 0.56], rms [0.25 0.27 0.34] of limit | 53.1 + 47.6 MB | 15.9 s

=== 3/48  TR-S3_r1  [training, standstill Y +0.00, A_prod multisine] ===
  r OK TR-S3_r1    : X1=[+0 +0] X2=[+0 +0] Y=[+0 +0] mm | v 0.000/0.000 m/s a 0.00/0.00 m/s^2 j 0/0 m/s^3 (X_sym/Y)
[wd] t=121s tree=2,828 MB cpu=9% availRAM=1.90 GB C:free=4.38 GB
  scale pre 1.00 post 1.00 | noise adds rms [10.362 10.809 6.564] nm | stick [6.7 7.3 2.2] % | F peak [0.49 0.44 0.56], rms [0.26 0.26 0.34] of limit | 54.7 + 49.1 MB | 15.4 s

=== 4/48  TR-S4_r1  [training, standstill Y +0.15, A_prod multisine] ===
  r OK TR-S4_r1    : X1=[+0 +0] X2=[+0 +0] Y=[+150 +150] mm | v 0.000/0.000 m/s a 0.00/0.00 m/s^2 j 0/0 m/s^3 (X_sym/Y)
  scale pre 1.00 post 1.00 | noise adds rms [10.4 10.84 6.557] nm | stick [6.7 8.7 2.2] % | F peak [0.43 0.44 0.58], rms [0.27 0.25 0.34] of limit | 53.1 + 47.6 MB | 14.4 s

=== 5/48  TR-S5_r1  [training, standstill Y +0.30, A_prod multisine] ===
  r OK TR-S5_r1    : X1=[+0 +0] X2=[+0 +0] Y=[+300 +300] mm | v 0.000/0.000 m/s a 0.00/0.00 m/s^2 j 0/0 m/s^3 (X_sym/Y)
  scale pre 1.00 post 1.00 | noise adds rms [10.387 10.759 6.547] nm | stick [7.1 10.8 2] % | F peak [0.43 0.37 0.53], rms [0.27 0.24 0.34] of limit | 53.1 + 47.5 MB | 15.0 s

=== 6/48  TR-Y1_r1  [training, Y sweep 0 +- 0.30 at 0.20 Hz, A_prod] ===
  r OK TR-Y1_r1    : X1=[+0 +0] X2=[+0 +0] Y=[-300 +300] mm | v 0.000/0.596 m/s a 0.00/3.76 m/s^2 j 0/34807 m/s^3 (X_sym/Y)
  scale pre 1.00 post 1.00 | noise adds rms [10.361 10.877 6.564] nm | stick [7.7 8.1 0.6] % | F peak [0.42 0.44 0.56], rms [0.27 0.25 0.36] of limit | 55.0 + 49.5 MB | 15.6 s

=== 7/48  TR-Y2_r1  [training, Y sweep 0 +- 0.30 at 0.50 Hz, A_prod] ===
  r OK TR-Y2_r1    : X1=[+0 +0] X2=[+0 +0] Y=[-300 +300] mm | v 0.000/1.088 m/s a 0.00/8.88 m/s^2 j 0/59218 m/s^3 (X_sym/Y)
[wd] t=184s tree=2,875 MB cpu=10% availRAM=1.86 GB C:free=3.96 GB
  scale pre 1.00 post 1.00 | noise adds rms [10.361 10.841 6.566] nm | stick [7.5 8.5 0.4] % | F peak [0.46 0.47 0.61], rms [0.26 0.26 0.36] of limit | 55.4 + 49.8 MB | 13.9 s

=== 8/48  TR-Y3_r1  [training, Y sweep 0 +- 0.30 at 0.75 Hz, A_prod] ===
  r OK TR-Y3_r1    : X1=[+0 +0] X2=[+0 +0] Y=[-300 +300] mm | v 0.000/1.414 m/s a 0.00/12.20 m/s^2 j 0/41945 m/s^3 (X_sym/Y)
  scale pre 1.00 post 1.00 | noise adds rms [10.365 10.91 6.572] nm | stick [7.7 7.8 0.4] % | F peak [0.44 0.55 0.67], rms [0.27 0.25 0.36] of limit | 55.5 + 49.9 MB | 13.5 s

=== 9/48  TR-P1_r1  [training, S-curve moves, log strata, T3 36 ms, A_prod] ===
  r OK TR-P1_r1    : X1=[-225 +277] X2=[-225 +277] Y=[-264 +292] mm | v 0.500/0.500 m/s a 7.50/12.50 m/s^2 j 417/694 m/s^3 (X_sym/Y)
  scale pre 1.00 post 1.00 | noise adds rms [10.43 10.874 6.579] nm | stick [3.7 5.1 1.3] % | F peak [0.49 0.53 0.65], rms [0.28 0.28 0.35] of limit | 54.3 + 48.7 MB | 14.4 s

=== 10/48  TR-P2_r1  [training, S-curve moves, log strata, T3 30 ms, A_prod] ===
  r OK TR-P2_r1    : X1=[-280 +203] X2=[-280 +203] Y=[-296 +296] mm | v 1.000/1.000 m/s a 15.00/25.00 m/s^2 j 1000/1666 m/s^3 (X_sym/Y)
  scale pre 1.00 post 1.00 | noise adds rms [10.413 10.9 6.584] nm | stick [4.7 4.9 1.3] % | F peak [0.65 0.7 0.71], rms [0.31 0.31 0.36] of limit | 54.0 + 48.4 MB | 14.9 s

=== 11/48  TR-P3_r1  [training, S-curve moves, log strata, T3 12 ms, A_prod] ===
  r OK TR-P3_r1    : X1=[-240 +280] X2=[-240 +280] Y=[-299 +297] mm | v 1.500/1.500 m/s a 22.50/37.50 m/s^2 j 3750/6250 m/s^3 (X_sym/Y)
[wd] t=247s tree=2,898 MB cpu=9% availRAM=1.95 GB C:free=3.42 GB
  scale pre 1.00 post 1.00 | noise adds rms [10.356 10.889 6.569] nm | stick [4.3 5.3 1.5] % | F peak [0.78 0.79 0.8], rms [0.4 0.43 0.41] of limit | 53.9 + 48.3 MB | 14.9 s

=== 12/48  TR-P4_r1  [training, S-curve moves, log strata, T3 25 ms, A_prod] ===
  r OK TR-P4_r1    : X1=[-141 +140] X2=[-141 +140] Y=[-286 +300] mm | v 1.000/1.000 m/s a 14.99/25.00 m/s^2 j 1199/1999 m/s^3 (X_sym/Y)
  scale pre 1.00 post 1.00 | noise adds rms [10.396 10.891 6.587] nm | stick [4.4 5.3 1.4] % | F peak [0.6 0.61 0.67], rms [0.31 0.33 0.37] of limit | 54.0 + 48.5 MB | 14.4 s

=== 13/48  TR-L1_r1  [training, Lissajous Y 0.30 @0.35 Hz, X 0.28 @0.85 Hz, A_prod] ===
  r OK TR-L1_r1    : X1=[-280 +280] X2=[-280 +280] Y=[-300 +300] mm | v 1.495/0.914 m/s a 12.84/6.57 m/s^2 j 25196/52762 m/s^3 (X_sym/Y)
  scale pre 1.00 post 1.00 | noise adds rms [10.408 11.022 6.578] nm | stick [1.1 1.2 0.4] % | F peak [0.54 0.55 0.66], rms [0.31 0.31 0.36] of limit | 57.3 + 51.7 MB | 14.2 s

=== 14/48  TR-L2_r1  [training, Lissajous Y 0.25 @0.7 Hz, X 0.08 @1.5 Hz, X_anti 1 mm @0.8 Hz, A_prod] ===
  r OK TR-L2_r1    : X1=[-81 +81] X2=[-81 +81] Y=[-250 +250] mm | v 0.754/1.100 m/s a 8.69/9.56 m/s^2 j 15791/39968 m/s^3 (X_sym/Y)
  scale pre 1.00 post 1.00 | noise adds rms [10.457 10.975 6.576] nm | stick [1.3 1.3 0.4] % | F peak [0.48 0.53 0.64], rms [0.3 0.31 0.36] of limit | 57.8 + 52.3 MB | 14.2 s

=== 15/48  TR-T1_r1  [training, ILC-shape sine shuttle, lattice Y_op +0.00, 75 % max, dwell 0.30 s, no multisine] ===
  r OK TR-T1_r1    : X1=[-80 +80] X2=[-80 +80] Y=[-240 +240] mm | v 0.757/1.382 m/s a 22.50/37.50 m/s^2 j 1338/2035 m/s^3 (X_sym/Y)
  scale pre 1.00 post 1.00 | noise adds rms [9.96 10.502 6.412] nm | stick [74.7 74.5 71.8] % | F peak [0.37 0.4 0.28], rms [0.21 0.23 0.2] of limit | 46.6 + 35.4 MB | 11.3 s

=== 16/48  TR-T2_r1  [training, ILC-shape sine shuttle, lattice Y_op +0.00, 45 % max, dwell 0.45 s, no multisine] ===
  r OK TR-T2_r1    : X1=[-80 +80] X2=[-80 +80] Y=[-240 +240] mm | v 0.586/1.070 m/s a 13.50/22.50 m/s^2 j 622/951 m/s^3 (X_sym/Y)
[wd] t=309s tree=2,870 MB cpu=9% availRAM=1.91 GB C:free=2.79 GB
  scale pre 1.00 post 1.00 | noise adds rms [9.934 10.415 6.421] nm | stick [80.3 80.4 78] % | F peak [0.23 0.24 0.17], rms [0.12 0.12 0.11] of limit | 45.7 + 32.0 MB | 11.6 s

=== 17/48  TR-T3_r1  [training, ILC-shape sine shuttle, lattice Y_op +0.06, 75 % max, dwell 0.60 s, no multisine] ===
  r OK TR-T3_r1    : X1=[-80 +80] X2=[-80 +80] Y=[-260 +300] mm | v 0.757/1.382 m/s a 22.50/37.50 m/s^2 j 1338/2035 m/s^3 (X_sym/Y)
  scale pre 1.00 post 1.00 | noise adds rms [9.867 10.49 6.38] nm | stick [86.3 86 84.7] % | F peak [0.32 0.39 0.28], rms [0.15 0.17 0.15] of limit | 44.1 + 26.9 MB | 11.2 s

=== 18/48  TR-T4_r1  [training, ILC-shape sine shuttle, lattice Y_op -0.06, 45 % max, dwell 0.30 s, no multisine] ===
  r OK TR-T4_r1    : X1=[-80 +80] X2=[-80 +80] Y=[-300 +260] mm | v 0.586/1.070 m/s a 13.50/22.50 m/s^2 j 622/951 m/s^3 (X_sym/Y)
  scale pre 1.00 post 1.00 | noise adds rms [9.998 10.535 6.413] nm | stick [72.9 73 69.8] % | F peak [0.23 0.24 0.17], rms [0.14 0.14 0.13] of limit | 45.4 + 33.9 MB | 11.3 s

=== 19/48  VA-S1_r1  [validation, standstill Y +0.10, A_prod] ===
  r OK VA-S1_r1    : X1=[+0 +0] X2=[+0 +0] Y=[+100 +100] mm | v 0.000/0.000 m/s a 0.00/0.00 m/s^2 j 0/0 m/s^3 (X_sym/Y)
  scale pre 1.00 post 1.00 | noise adds rms [10.407 10.881 6.554] nm | stick [6.8 8.7 2.4] % | F peak [0.44 0.48 0.57], rms [0.26 0.26 0.34] of limit | 53.1 + 47.6 MB | 16.5 s

=== 20/48  VA-Y1_r1  [validation, Y sweep +0.05 +- 0.25 at 0.5 Hz, A_prod] ===
  r OK VA-Y1_r1    : X1=[+0 +0] X2=[+0 +0] Y=[-200 +300] mm | v 0.000/0.907 m/s a 0.00/7.40 m/s^2 j 0/49348 m/s^3 (X_sym/Y)
WATCHDOG ALERT C: free 2.00 GB < 2 GB
[wd] t=372s tree=2,980 MB cpu=9% availRAM=1.90 GB C:free=2.00 GB
  scale pre 1.00 post 1.00 | noise adds rms [10.34 10.924 6.556] nm | stick [6.8 8 0.4] % | F peak [0.44 0.48 0.65], rms [0.26 0.26 0.36] of limit | 55.1 + 49.6 MB | 17.9 s

=== 21/48  VA-P1_r1  [validation, S-curve moves, log strata, 50 %, T3 30 ms, new draw, A_prod] ===
STAGE STOP: disk: 1.88 GB free, record needs ~0.12 GB, reserve 2.0 GB. Stopped before VA-P1_r1.
MANIFEST noisy: 20 records -> C:\Users\20203253\OneDrive - TU Eindhoven\Graduation Project\Baseline FP model\Baseline-LPV-Augmentation\Thesis-writeup\Data\Coulomb-tanh-and-MSD\MANIFEST.csv
MANIFEST noise-free: 20 records -> C:\Users\20203253\OneDrive - TU Eindhoven\Graduation Project\Baseline FP model\Baseline-LPV-Augmentation\Thesis-writeup\Data\Coulomb-tanh-and-MSD-noise-free\MANIFEST.csv

generate_thesis_data: done
@@TDG_DONE@@
WATCHDOG ALERT C: free 1.98 GB < 2 GB
