[wd] launch  out=outputs/logs/records_a1
[wd] command matlab -nojvm -batch "cd('C:\Users\20203253\OneDrive - TU Eindhoven\Graduation Project\Baseline FP model\Baseline-LPV-Augmentation\scripts\gantry\coulomb-tanh-gain'); addpath('C:\Users\20203253\OneDrive - TU Eindhoven\Graduation Project\Baseline FP model\Baseline-LPV-Augmentation\Thesis-writeup\Code\Data'); addpath('C:\Users\20203253\OneDrive - TU Eindhoven\Graduation Project\Baseline FP model\Baseline-LPV-Augmentation\scripts\gantry\thesis-data-verification\checks'); check_records(); fprintf('%s%s\n', '@@TDG_', 'DONE@@');"
WATCHDOG ALERT C: free 1.82 GB < 2 GB
file         C14   C3    C4b   C8    | noise adds rms all f / above corner [nm]  | measured [9.85 10.4 6.34] nm | MB noisy/free
TR-S1_r1     PASS  PASS  PASS  PASS  | [10.27 10.92 6.54]   / [10.22 10.91 6.54]   |                   | 53.1 / 47.5 
TR-S2_r1     PASS  PASS  PASS  PASS  | [10.28 10.89 6.57]   / [10.25 10.86 6.55]   |                   | 53.1 / 47.6 
TR-S3_r1     PASS  PASS  PASS  PASS  | [10.36 10.81 6.56]   / [10.32 10.77 6.55]   |                   | 54.7 / 49.1 
TR-S4_r1     PASS  PASS  PASS  PASS  | [10.4 10.84 6.56]    / [10.38 10.79 6.54]   |                   | 53.1 / 47.6 
TR-S5_r1     PASS  PASS  PASS  PASS  | [10.39 10.76 6.55]   / [10.37 10.71 6.54]   |                   | 53.1 / 47.5 
TR-Y1_r1     PASS  PASS  PASS  PASS  | [10.36 10.88 6.56]   / [10.33 10.83 6.56]   |                   | 55.0 / 49.5 
TR-Y2_r1     PASS  PASS  PASS  PASS  | [10.36 10.84 6.57]   / [10.34 10.78 6.56]   |                   | 55.4 / 49.8 
TR-Y3_r1     PASS  PASS  PASS  PASS  | [10.36 10.91 6.57]   / [10.34 10.86 6.57]   |                   | 55.5 / 49.9 
TR-P1_r1     PASS  PASS  PASS  PASS  | [10.43 10.87 6.58]   / [10.4 10.83 6.58]    |                   | 54.3 / 48.7 
TR-P2_r1     PASS  PASS  PASS  PASS  | [10.41 10.9 6.58]    / [10.39 10.88 6.58]   |                   | 54.0 / 48.4 
TR-P3_r1     PASS  PASS  PASS  PASS  | [10.36 10.89 6.57]   / [10.32 10.86 6.55]   |                   | 53.9 / 48.3 
TR-P4_r1     PASS  PASS  PASS  PASS  | [10.4 10.89 6.59]    / [10.36 10.86 6.58]   |                   | 54.0 / 48.5 
TR-L1_r1     PASS  PASS  PASS  PASS  | [10.41 11.02 6.58]   / [10.4 10.97 6.56]    |                   | 57.3 / 51.7 
TR-L2_r1     PASS  PASS  PASS  PASS  | [10.46 10.97 6.58]   / [10.44 10.92 6.57]   |                   | 57.8 / 52.3 
TR-T1_r1     PASS  PASS  PASS  PASS  | [9.96 10.5 6.41]     / [9.93 10.47 6.4]     |                   | 46.6 / 35.4 
[wd] t=58s tree=1,107 MB cpu=7% availRAM=3.34 GB C:free=1.13 GB
TR-T2_r1     PASS  PASS  PASS  PASS  | [9.93 10.42 6.42]    / [9.9 10.37 6.42]     |                   | 45.7 / 32.0 
TR-T3_r1     PASS  PASS  PASS  PASS  | [9.87 10.49 6.38]    / [9.85 10.44 6.37]    |                   | 44.1 / 26.9 
TR-T4_r1     PASS  PASS  PASS  PASS  | [10 10.53 6.41]      / [9.96 10.5 6.4]      |                   | 45.4 / 33.9 
VA-S1_r1     PASS  PASS  PASS  PASS  | [10.41 10.88 6.55]   / [10.36 10.82 6.56]   |                   | 53.1 / 47.6 
VA-Y1_r1     PASS  PASS  PASS  PASS  | [10.34 10.92 6.56]   / [10.32 10.9 6.55]    |                   | 55.1 / 49.6 
C3 / C4b / C8 / C14 on 20 saved records -> PASS
@@TDG_DONE@@
WATCHDOG SUMMARY exit=0 killed=False duration_s=69.0 samples=14 peak_tree_ws_mb=1,208 min_avail_ram_gb=3.32 min_C_free_gb=1.10 kill_reason=""
