Gym has been unmaintained since 2022 and does not support NumPy 2.0 amongst other critical functionality.
Please upgrade to Gymnasium, the maintained drop-in replacement of Gym, or contact the authors of your software and request that they upgrade.
Users of this version of Gym should be able to simply replace 'import gym' with 'import gymnasium as gym' in the vast majority of cases.
See the migration guide at https://gymnasium.farama.org/introduction/migration_guide/ for additional information.

TR-S1_r1   Q1 true in-band noise (< 2 kHz) [7.72 8.49 4.78] nm
  point  Q2 [10.23 10.9   6.55] nm (x[1.33 1.28 1.37] of Q1)  Q3 signal change [0. 0. 0.] nm  Q4 oracle floor [ 84.15 125.02 899.61] nm (x[1. 1. 1.] of point)
  block  Q2 [7.58 8.35 4.41] nm (x[0.98 0.98 0.92] of Q1)  Q3 signal change [ 925.3  1284.93 4326.92] nm  Q4 oracle floor [ 1493.47  2279.59 11009.47] nm (x[17.75 18.23 12.24] of point)
  fir    Q2 [7.6  8.35 4.38] nm (x[0.98 0.98 0.92] of Q1)  Q3 signal change [ 54.61  75.29 163.39] nm  Q4 oracle floor [ 162.    242.93 1202.6 ] nm (x[1.93 1.94 1.34] of point)
  cheby  Q2 [7.6  8.38 4.62] nm (x[0.98 0.99 0.97] of Q1)  Q3 signal change [6.60e+01 9.21e+01 3.43e+06] nm  Q4 oracle floor [114.84 129.35 865.41] nm (x[1.36 1.03 0.96] of point)

TR-S3_r1   Q1 true in-band noise (< 2 kHz) [7.86 8.35 4.8 ] nm
  point  Q2 [10.37 10.87  6.56] nm (x[1.32 1.3  1.36] of Q1)  Q3 signal change [0. 0. 0.] nm  Q4 oracle floor [126.53 115.18 887.5 ] nm (x[1. 1. 1.] of point)
  block  Q2 [7.73 8.2  4.43] nm (x[0.98 0.98 0.92] of Q1)  Q3 signal change [1290.69 1177.35 4293.73] nm  Q4 oracle floor [ 2283.89  2076.85 10948.  ] nm (x[18.05 18.03 12.34] of point)
  fir    Q2 [7.75 8.21 4.4 ] nm (x[0.99 0.98 0.92] of Q1)  Q3 signal change [ 75.81  69.19 161.7 ] nm  Q4 oracle floor [ 244.47  222.15 1188.71] nm (x[1.93 1.93 1.34] of point)
  cheby  Q2 [7.74 8.24 4.64] nm (x[0.99 0.99 0.97] of Q1)  Q3 signal change [90.24 82.62 94.1 ] nm  Q4 oracle floor [113.46 102.55 855.46] nm (x[0.9  0.89 0.96] of point)

TR-P1_r1   Q1 true in-band noise (< 2 kHz) [7.96 8.46 4.84] nm
  point  Q2 [10.42 10.88  6.59] nm (x[1.31 1.29 1.36] of Q1)  Q3 signal change [0. 0. 0.] nm  Q4 oracle floor [130.36 113.97 959.25] nm (x[1. 1. 1.] of point)
  block  Q2 [7.81 8.31 4.46] nm (x[0.98 0.98 0.92] of Q1)  Q3 signal change [28237.79 28231.69 27834.  ] nm  Q4 oracle floor [ 2378.87  2024.16 11411.25] nm (x[18.25 17.76 11.9 ] of point)
  fir    Q2 [7.85 8.31 4.44] nm (x[0.99 0.98 0.92] of Q1)  Q3 signal change [ 83.04  74.94 169.46] nm  Q4 oracle floor [ 260.96  222.94 1283.73] nm (x[2.   1.96 1.34] of point)
  cheby  Q2 [7.84 8.35 4.68] nm (x[0.99 0.99 0.97] of Q1)  Q3 signal change [1959398.67 1959398.82 1799342.51] nm  Q4 oracle floor [166.39 160.91 929.09] nm (x[1.28 1.41 0.97] of point)

TR-T1_r1   Q1 true in-band noise (< 2 kHz) [7.35 7.97 4.6 ] nm
  point  Q2 [ 9.96 10.55  6.42] nm (x[1.36 1.32 1.4 ] of Q1)  Q3 signal change [0. 0. 0.] nm  Q4 oracle floor [10.55 11.12  7.01] nm (x[1. 1. 1.] of point)
  block  Q2 [7.2  7.81 4.2 ] nm (x[0.98 0.98 0.91] of Q1)  Q3 signal change [21848.75 21852.94 41681.35] nm  Q4 oracle floor [297.49 314.08 313.84] nm (x[28.21 28.24 44.8 ] of point)
  fir    Q2 [7.22 7.81 4.17] nm (x[0.98 0.98 0.91] of Q1)  Q3 signal change [ 85.31  85.38 147.83] nm  Q4 oracle floor [10.57 11.36  8.87] nm (x[1.   1.02 1.27] of point)
  cheby  Q2 [7.23 7.86 4.43] nm (x[0.98 0.99 0.96] of Q1)  Q3 signal change [ 517802.82  517803.83 1511114.8 ] nm  Q4 oracle floor [426.44 446.7  496.58] nm (x[40.44 40.16 70.89] of point)

TR-Y1_r1   Q1 true in-band noise (< 2 kHz) [7.83 8.45 4.81] nm
  point  Q2 [10.34 10.83  6.56] nm (x[1.32 1.28 1.36] of Q1)  Q3 signal change [0. 0. 0.] nm  Q4 oracle floor [ 119.44  109.72 1005.59] nm (x[1. 1. 1.] of point)
  block  Q2 [7.69 8.3  4.42] nm (x[0.98 0.98 0.92] of Q1)  Q3 signal change [ 1211.33  1134.08 25972.59] nm  Q4 oracle floor [ 2131.21  1972.99 11647.8 ] nm (x[17.84 17.98 11.58] of point)
  fir    Q2 [7.72 8.3  4.4 ] nm (x[0.99 0.98 0.92] of Q1)  Q3 signal change [ 70.88  67.27 169.77] nm  Q4 oracle floor [ 230.39  211.98 1349.28] nm (x[1.93 1.93 1.34] of point)
  cheby  Q2 [7.72 8.34 4.64] nm (x[0.98 0.99 0.97] of Q1)  Q3 signal change [8.23e+01 8.47e+01 2.26e+06] nm  Q4 oracle floor [118.03 113.98 967.32] nm (x[0.99 1.04 0.96] of point)

TR-L1_r1   Q1 true in-band noise (< 2 kHz) [7.94 8.63 4.82] nm
  point  Q2 [10.4  11.01  6.6 ] nm (x[1.31 1.28 1.37] of Q1)  Q3 signal change [0. 0. 0.] nm  Q4 oracle floor [ 129.58  116.04 1021.6 ] nm (x[1. 1. 1.] of point)
  block  Q2 [7.79 8.47 4.45] nm (x[0.98 0.98 0.92] of Q1)  Q3 signal change [96692.7  96690.77 44554.38] nm  Q4 oracle floor [ 2343.68  2100.1  11830.35] nm (x[18.09 18.1  11.58] of point)
  fir    Q2 [7.83 8.49 4.41] nm (x[0.99 0.98 0.92] of Q1)  Q3 signal change [100.14  92.88 170.57] nm  Q4 oracle floor [ 261.13  233.21 1370.37] nm (x[2.02 2.01 1.34] of point)
  cheby  Q2 [7.82 8.52 4.66] nm (x[0.98 0.99 0.97] of Q1)  Q3 signal change [2043182.2  2043183.92 2240228.71] nm  Q4 oracle floor [145.65 138.9  982.82] nm (x[1.12 1.2  0.96] of point)

== D-232 criteria per decimation (all records, all axes) ==
  point  (i) max |Q2/Q1 - 1| 0.395  (ii) max Q3 / Q1 0.000  (iii) max Q4/Q4_point - 1 +0.000  -> no
  block  (i) max |Q2/Q1 - 1| 0.086  (ii) max Q3 / Q1 12175.069  (iii) max Q4/Q4_point - 1 +43.801  -> no
  fir    (i) max |Q2/Q1 - 1| 0.092  (ii) max Q3 / Q1 35.377  (iii) max Q4/Q4_point - 1 +1.015  -> no
  cheby  (i) max |Q2/Q1 - 1| 0.037  (ii) max Q3 / Q1 717770.504  (iii) max Q4/Q4_point - 1 +69.887  -> no
