Gym has been unmaintained since 2022 and does not support NumPy 2.0 amongst other critical functionality.
Please upgrade to Gymnasium, the maintained drop-in replacement of Gym, or contact the authors of your software and request that they upgrade.
Users of this version of Gym should be able to simply replace 'import gym' with 'import gymnasium as gym' in the vast majority of cases.
See the migration guide at https://gymnasium.farama.org/introduction/migration_guide/ for additional information.

TR-S1_r1   Q1 true in-band noise (< 2 kHz) [ 9.41 10.3   3.74] nm
  point         Q2 [10.44 11.26  5.77] nm (x[1.11 1.09 1.54] of Q1)  Q3 signal change [0. 0. 0.] nm  Q4 oracle floor [ 84.07 124.96 899.62] nm (x[1. 1. 1.] of point)  Q5 leak [1.71 1.99 2.65] nm
  block         Q2 [9.06 9.93 3.61] nm (x[0.96 0.96 0.97] of Q1)  Q3 signal change [ 925.3  1284.93 4326.92] nm  Q4 oracle floor [ 1493.46  2279.59 11009.48] nm (x[17.77 18.24 12.24] of point)  Q5 leak [nan nan nan] nm
  fir           Q2 [ 9.19 10.09  3.38] nm (x[0.98 0.98 0.9 ] of Q1)  Q3 signal change [ 54.61  75.29 163.39] nm  Q4 oracle floor [ 162.02  242.92 1202.61] nm (x[1.93 1.94 1.34] of point)  Q5 leak [nan nan nan] nm
  cheby         Q2 [ 9.24 10.13  3.51] nm (x[0.98 0.98 0.94] of Q1)  Q3 signal change [6.60e+01 9.21e+01 3.43e+06] nm  Q4 oracle floor [115.   129.49 865.41] nm (x[1.37 1.04 0.96] of point)  Q5 leak [nan nan nan] nm
  butter_err    Q2 [ 9.18 10.08  3.41] nm (x[0.98 0.98 0.91] of Q1)  Q3 signal change [0.06 0.12 0.71] nm  Q4 oracle floor [ 83.92 124.87 899.59] nm (x[1. 1. 1.] of point)  Q5 leak [0.35 0.5  0.35] nm
  butter        Q2 [ 9.18 10.08  3.41] nm (x[0.98 0.98 0.91] of Q1)  Q3 signal change [0.06 0.12 0.71] nm  Q4 oracle floor [ 83.92 124.87 899.59] nm (x[1. 1. 1.] of point)  Q5 leak [nan nan nan] nm
  butter_err_18 Q2 [ 9.29 10.18  3.54] nm (x[0.99 0.99 0.95] of Q1)  Q3 signal change [0.06 0.11 0.59] nm  Q4 oracle floor [ 83.93 124.88 899.6 ] nm (x[1. 1. 1.] of point)  Q5 leak [0.35 0.5  0.35] nm

TR-S3_r1   Q1 true in-band noise (< 2 kHz) [ 9.61 10.1   3.76] nm
  point         Q2 [10.64 11.13  5.79] nm (x[1.11 1.1  1.54] of Q1)  Q3 signal change [0. 0. 0.] nm  Q4 oracle floor [126.58 115.28 887.5 ] nm (x[1. 1. 1.] of point)  Q5 leak [1.95 1.9  2.64] nm
  block         Q2 [9.26 9.72 3.65] nm (x[0.96 0.96 0.97] of Q1)  Q3 signal change [1290.69 1177.35 4293.73] nm  Q4 oracle floor [ 2283.89  2076.84 10948.01] nm (x[18.04 18.02 12.34] of point)  Q5 leak [nan nan nan] nm
  fir           Q2 [9.41 9.89 3.41] nm (x[0.98 0.98 0.91] of Q1)  Q3 signal change [ 75.81  69.19 161.7 ] nm  Q4 oracle floor [ 244.55  222.23 1188.71] nm (x[1.93 1.93 1.34] of point)  Q5 leak [nan nan nan] nm
  cheby         Q2 [9.45 9.93 3.54] nm (x[0.98 0.98 0.94] of Q1)  Q3 signal change [90.24 82.62 94.1 ] nm  Q4 oracle floor [113.6  102.73 855.46] nm (x[0.9  0.89 0.96] of point)  Q5 leak [nan nan nan] nm
  butter_err    Q2 [9.4  9.88 3.44] nm (x[0.98 0.98 0.91] of Q1)  Q3 signal change [0.12 0.1  0.55] nm  Q4 oracle floor [126.48 115.22 887.6 ] nm (x[1. 1. 1.] of point)  Q5 leak [0.46 0.45 0.36] nm
  butter        Q2 [9.4  9.88 3.44] nm (x[0.98 0.98 0.91] of Q1)  Q3 signal change [0.12 0.1  0.55] nm  Q4 oracle floor [126.48 115.22 887.6 ] nm (x[1. 1. 1.] of point)  Q5 leak [nan nan nan] nm
  butter_err_18 Q2 [9.5  9.98 3.57] nm (x[0.99 0.99 0.95] of Q1)  Q3 signal change [0.12 0.1  0.55] nm  Q4 oracle floor [126.49 115.22 887.6 ] nm (x[1. 1. 1.] of point)  Q5 leak [0.46 0.45 0.36] nm

TR-P1_r1   Q1 true in-band noise (< 2 kHz) [ 9.72 10.21  3.8 ] nm
  point         Q2 [10.72 11.21  5.81] nm (x[1.1  1.1  1.53] of Q1)  Q3 signal change [0. 0. 0.] nm  Q4 oracle floor [130.46 113.86 959.25] nm (x[1. 1. 1.] of point)  Q5 leak [1.9  1.93 2.7 ] nm
  block         Q2 [9.37 9.83 3.67] nm (x[0.96 0.96 0.97] of Q1)  Q3 signal change [28237.79 28231.69 27834.  ] nm  Q4 oracle floor [ 2378.86  2024.21 11411.25] nm (x[18.23 17.78 11.9 ] of point)  Q5 leak [nan nan nan] nm
  fir           Q2 [9.52 9.99 3.44] nm (x[0.98 0.98 0.91] of Q1)  Q3 signal change [ 83.04  74.94 169.46] nm  Q4 oracle floor [ 261.01  222.97 1283.72] nm (x[2.   1.96 1.34] of point)  Q5 leak [nan nan nan] nm
  cheby         Q2 [ 9.56 10.04  3.57] nm (x[0.98 0.98 0.94] of Q1)  Q3 signal change [1959398.67 1959398.82 1799342.51] nm  Q4 oracle floor [166.46 160.99 929.08] nm (x[1.28 1.41 0.97] of point)  Q5 leak [nan nan nan] nm
  butter_err    Q2 [9.51 9.98 3.47] nm (x[0.98 0.98 0.91] of Q1)  Q3 signal change [0.08 0.09 0.39] nm  Q4 oracle floor [130.41 113.68 959.22] nm (x[1. 1. 1.] of point)  Q5 leak [0.44 0.43 0.36] nm
  butter        Q2 [9.51 9.98 3.47] nm (x[0.98 0.98 0.91] of Q1)  Q3 signal change [0.08 0.09 0.39] nm  Q4 oracle floor [130.41 113.68 959.22] nm (x[1. 1. 1.] of point)  Q5 leak [nan nan nan] nm
  butter_err_18 Q2 [ 9.61 10.09  3.61] nm (x[0.99 0.99 0.95] of Q1)  Q3 signal change [0.08 0.08 0.39] nm  Q4 oracle floor [130.42 113.69 959.22] nm (x[1. 1. 1.] of point)  Q5 leak [0.44 0.43 0.36] nm

TR-T1_r1   Q1 true in-band noise (< 2 kHz) [9.03 9.63 3.43] nm
  point         Q2 [10.08 10.7   5.59] nm (x[1.12 1.11 1.63] of Q1)  Q3 signal change [0. 0. 0.] nm  Q4 oracle floor [10.51 11.13  6.26] nm (x[1. 1. 1.] of point)  Q5 leak [1.31 1.32 1.64] nm
  block         Q2 [8.65 9.23 3.3 ] nm (x[0.96 0.96 0.96] of Q1)  Q3 signal change [21848.75 21852.94 41681.35] nm  Q4 oracle floor [297.53 314.11 313.83] nm (x[28.31 28.21 50.13] of point)  Q5 leak [nan nan nan] nm
  fir           Q2 [8.79 9.39 3.03] nm (x[0.97 0.98 0.88] of Q1)  Q3 signal change [ 85.31  85.38 147.83] nm  Q4 oracle floor [11.71 12.53  8.41] nm (x[1.11 1.13 1.34] of point)  Q5 leak [nan nan nan] nm
  cheby         Q2 [8.85 9.45 3.18] nm (x[0.98 0.98 0.93] of Q1)  Q3 signal change [ 517802.82  517803.83 1511114.8 ] nm  Q4 oracle floor [426.47 446.74 496.58] nm (x[40.58 40.12 79.32] of point)  Q5 leak [nan nan nan] nm
  butter_err    Q2 [8.79 9.39 3.06] nm (x[0.97 0.98 0.89] of Q1)  Q3 signal change [0. 0. 0.] nm  Q4 oracle floor [9.18 9.8  3.86] nm (x[0.87 0.88 0.62] of point)  Q5 leak [0.32 0.32 0.22] nm
  butter        Q2 [8.79 9.39 3.06] nm (x[0.97 0.98 0.89] of Q1)  Q3 signal change [2.74e-05 2.81e-05 1.38e-04] nm  Q4 oracle floor [9.18 9.8  3.86] nm (x[0.87 0.88 0.62] of point)  Q5 leak [nan nan nan] nm
  butter_err_18 Q2 [8.9  9.5  3.21] nm (x[0.99 0.99 0.94] of Q1)  Q3 signal change [0. 0. 0.] nm  Q4 oracle floor [9.28 9.91 3.97] nm (x[0.88 0.89 0.63] of point)  Q5 leak [0.32 0.32 0.22] nm

TR-Y1_r1   Q1 true in-band noise (< 2 kHz) [ 9.58 10.17  3.76] nm
  point         Q2 [10.61 11.15  5.79] nm (x[1.11 1.1  1.54] of Q1)  Q3 signal change [0. 0. 0.] nm  Q4 oracle floor [ 119.48  109.68 1005.59] nm (x[1. 1. 1.] of point)  Q5 leak [1.82 1.84 2.73] nm
  block         Q2 [9.22 9.79 3.64] nm (x[0.96 0.96 0.97] of Q1)  Q3 signal change [ 1211.33  1134.08 25972.59] nm  Q4 oracle floor [ 2131.22  1972.97 11647.79] nm (x[17.84 17.99 11.58] of point)  Q5 leak [nan nan nan] nm
  fir           Q2 [9.37 9.96 3.4 ] nm (x[0.98 0.98 0.91] of Q1)  Q3 signal change [ 70.88  67.27 169.77] nm  Q4 oracle floor [ 230.49  212.01 1349.28] nm (x[1.93 1.93 1.34] of point)  Q5 leak [nan nan nan] nm
  cheby         Q2 [ 9.41 10.    3.53] nm (x[0.98 0.98 0.94] of Q1)  Q3 signal change [8.23e+01 8.47e+01 2.26e+06] nm  Q4 oracle floor [118.14 114.14 967.31] nm (x[0.99 1.04 0.96] of point)  Q5 leak [nan nan nan] nm
  butter_err    Q2 [9.36 9.95 3.43] nm (x[0.98 0.98 0.91] of Q1)  Q3 signal change [0.1  0.09 0.27] nm  Q4 oracle floor [ 119.39  109.56 1005.63] nm (x[1. 1. 1.] of point)  Q5 leak [0.43 0.44 0.36] nm
  butter        Q2 [9.36 9.95 3.43] nm (x[0.98 0.98 0.91] of Q1)  Q3 signal change [0.1  0.09 0.27] nm  Q4 oracle floor [ 119.39  109.56 1005.63] nm (x[1. 1. 1.] of point)  Q5 leak [nan nan nan] nm
  butter_err_18 Q2 [ 9.47 10.05  3.57] nm (x[0.99 0.99 0.95] of Q1)  Q3 signal change [0.1  0.09 0.29] nm  Q4 oracle floor [ 119.39  109.57 1005.63] nm (x[1. 1. 1.] of point)  Q5 leak [0.43 0.44 0.36] nm

TR-L1_r1   Q1 true in-band noise (< 2 kHz) [ 9.7  10.35  3.78] nm
  point         Q2 [10.68 11.33  5.81] nm (x[1.1  1.09 1.54] of Q1)  Q3 signal change [0. 0. 0.] nm  Q4 oracle floor [ 129.38  116.08 1021.58] nm (x[1. 1. 1.] of point)  Q5 leak [2.   1.97 2.8 ] nm
  block         Q2 [9.33 9.97 3.67] nm (x[0.96 0.96 0.97] of Q1)  Q3 signal change [96692.7  96690.77 44554.38] nm  Q4 oracle floor [ 2343.68  2100.12 11830.35] nm (x[18.11 18.09 11.58] of point)  Q5 leak [nan nan nan] nm
  fir           Q2 [ 9.48 10.14  3.43] nm (x[0.98 0.98 0.91] of Q1)  Q3 signal change [100.14  92.88 170.57] nm  Q4 oracle floor [ 261.09  233.24 1370.36] nm (x[2.02 2.01 1.34] of point)  Q5 leak [nan nan nan] nm
  cheby         Q2 [ 9.53 10.18  3.56] nm (x[0.98 0.98 0.94] of Q1)  Q3 signal change [2043182.2  2043183.92 2240228.71] nm  Q4 oracle floor [145.76 139.06 982.81] nm (x[1.13 1.2  0.96] of point)  Q5 leak [nan nan nan] nm
  butter_err    Q2 [ 9.47 10.13  3.46] nm (x[0.98 0.98 0.91] of Q1)  Q3 signal change [0.09 0.09 0.21] nm  Q4 oracle floor [ 129.24  116.02 1021.71] nm (x[1. 1. 1.] of point)  Q5 leak [0.42 0.42 0.36] nm
  butter        Q2 [ 9.47 10.13  3.46] nm (x[0.98 0.98 0.91] of Q1)  Q3 signal change [0.09 0.09 0.21] nm  Q4 oracle floor [ 129.24  116.02 1021.71] nm (x[1. 1. 1.] of point)  Q5 leak [nan nan nan] nm
  butter_err_18 Q2 [ 9.58 10.24  3.59] nm (x[0.99 0.99 0.95] of Q1)  Q3 signal change [0.09 0.07 0.22] nm  Q4 oracle floor [ 129.24  116.03 1021.71] nm (x[1. 1. 1.] of point)  Q5 leak [0.42 0.42 0.36] nm

== D-232 criteria per decimation (all records, all axes) ==
  point         (i) max |Q2/Q1 - 1| 0.629  (ii) max Q3 / Q1 0.000  (iii) max Q4/Q4_point - 1 +0.000  (iv) max Q5 / Q1 0.739  -> no
  block         (i) max |Q2/Q1 - 1| 0.042  (ii) max Q3 / Q1 12155.081  (iii) max Q4/Q4_point - 1 +49.132  (iv) max Q5 / Q1 nan  -> no
  fir           (i) max |Q2/Q1 - 1| 0.116  (ii) max Q3 / Q1 45.128  (iii) max Q4/Q4_point - 1 +1.018  (iv) max Q5 / Q1 nan  -> no
  cheby         (i) max |Q2/Q1 - 1| 0.073  (ii) max Q3 / Q1 918442.146  (iii) max Q4/Q4_point - 1 +78.324  (iv) max Q5 / Q1 nan  -> no
  butter_err    (i) max |Q2/Q1 - 1| 0.106  (ii) max Q3 / Q1 0.190  (iii) max Q4/Q4_point - 1 +0.000  (iv) max Q5 / Q1 0.096  -> no
  butter        (i) max |Q2/Q1 - 1| 0.106  (ii) max Q3 / Q1 0.190  (iii) max Q4/Q4_point - 1 +0.000  (iv) max Q5 / Q1 nan  -> no
  butter_err_18 (i) max |Q2/Q1 - 1| 0.063  (ii) max Q3 / Q1 0.159  (iii) max Q4/Q4_point - 1 +0.000  (iv) max Q5 / Q1 0.096  -> no
