ODE in use: C:\Users\20203253\OneDrive - TU Eindhoven\Graduation Project\Baseline FP model\Baseline-LPV-Augmentation\scripts\gantry\absorber-learning-diagnosis\cubic-absorber\gantrySystemExtendedTanh.m
generate_thesis_data: 12 records selected, versions noisy

=== 1/12  TR-S1_r1  [training, standstill Y -0.30, A_prod multisine] ===
  r OK TR-S1_r1    : X1=[+0 +0] X2=[+0 +0] Y=[-300 -300] mm | v 0.000/0.000 m/s a 0.00/0.00 m/s^2 j 0/0 m/s^3 (X_sym/Y)
  scale pre 1.00 post 1.00 | noise adds rms [NaN NaN NaN] nm | stick [9 7.4 2.3] % | F peak [0.44 0.47 0.5], rms [0.25 0.26 0.3] of limit | 53.1 + 0.0 MB | 50.4 s

=== 2/12  TR-S2_r1  [training, standstill Y -0.15, A_prod multisine] ===
  r OK TR-S2_r1    : X1=[+0 +0] X2=[+0 +0] Y=[-150 -150] mm | v 0.000/0.000 m/s a 0.00/0.00 m/s^2 j 0/0 m/s^3 (X_sym/Y)
  scale pre 1.00 post 1.00 | noise adds rms [NaN NaN NaN] nm | stick [7.7 6.5 2.5] % | F peak [0.39 0.45 0.46], rms [0.25 0.27 0.3] of limit | 53.1 + 0.0 MB | 53.6 s

=== 3/12  TR-S3_r1  [training, standstill Y +0.00, A_prod multisine] ===
  r OK TR-S3_r1    : X1=[+0 +0] X2=[+0 +0] Y=[+0 +0] mm | v 0.000/0.000 m/s a 0.00/0.00 m/s^2 j 0/0 m/s^3 (X_sym/Y)
  scale pre 1.00 post 1.00 | noise adds rms [NaN NaN NaN] nm | stick [6.7 7.3 2.4] % | F peak [0.48 0.44 0.46], rms [0.26 0.26 0.31] of limit | 54.6 + 0.0 MB | 53.6 s

=== 4/12  TR-Y1_r1  [training, Y sweep 0 +- 0.30 at 0.20 Hz, A_prod] ===
  r OK TR-Y1_r1    : X1=[+0 +0] X2=[+0 +0] Y=[-300 +300] mm | v 0.000/0.596 m/s a 0.00/3.76 m/s^2 j 0/34807 m/s^3 (X_sym/Y)
  scale pre 1.00 post 1.00 | noise adds rms [NaN NaN NaN] nm | stick [7.5 8.1 0.6] % | F peak [0.42 0.44 0.54], rms [0.27 0.25 0.32] of limit | 55.0 + 0.0 MB | 49.3 s

=== 5/12  TR-Y2_r1  [training, Y sweep 0 +- 0.30 at 0.50 Hz, A_prod] ===
  r OK TR-Y2_r1    : X1=[+0 +0] X2=[+0 +0] Y=[-300 +300] mm | v 0.000/1.088 m/s a 0.00/8.88 m/s^2 j 0/59218 m/s^3 (X_sym/Y)
  scale pre 1.00 post 1.00 | noise adds rms [NaN NaN NaN] nm | stick [7.3 8.3 0.5] % | F peak [0.46 0.47 0.52], rms [0.26 0.26 0.32] of limit | 55.4 + 0.0 MB | 60.7 s

=== 6/12  TR-Y3_r1  [training, Y sweep 0 +- 0.30 at 0.75 Hz, A_prod] ===
  r OK TR-Y3_r1    : X1=[+0 +0] X2=[+0 +0] Y=[-300 +300] mm | v 0.000/1.414 m/s a 0.00/12.20 m/s^2 j 0/41945 m/s^3 (X_sym/Y)
  scale pre 1.00 post 1.00 | noise adds rms [NaN NaN NaN] nm | stick [7.9 7.9 0.5] % | F peak [0.44 0.56 0.53], rms [0.27 0.25 0.32] of limit | 55.5 + 0.0 MB | 51.5 s

=== 7/12  TR-P1_r1  [training, S-curve moves, log strata, T3 36 ms, A_prod] ===
  r OK TR-P1_r1    : X1=[-225 +277] X2=[-225 +277] Y=[-264 +292] mm | v 0.500/0.500 m/s a 7.50/12.50 m/s^2 j 417/694 m/s^3 (X_sym/Y)
  scale pre 1.00 post 1.00 | noise adds rms [NaN NaN NaN] nm | stick [3.7 5.1 1.4] % | F peak [0.49 0.52 0.56], rms [0.28 0.28 0.31] of limit | 54.3 + 0.0 MB | 47.2 s

=== 8/12  TR-P2_r1  [training, S-curve moves, log strata, T3 30 ms, A_prod] ===
  r OK TR-P2_r1    : X1=[-280 +203] X2=[-280 +203] Y=[-296 +296] mm | v 1.000/1.000 m/s a 15.00/25.00 m/s^2 j 1000/1666 m/s^3 (X_sym/Y)
  scale pre 1.00 post 1.00 | noise adds rms [NaN NaN NaN] nm | stick [4.6 4.9 1.5] % | F peak [0.65 0.7 0.56], rms [0.31 0.31 0.33] of limit | 54.0 + 0.0 MB | 47.2 s

=== 9/12  TR-P3_r1  [training, S-curve moves, log strata, T3 12 ms, A_prod] ===
  r OK TR-P3_r1    : X1=[-240 +280] X2=[-240 +280] Y=[-299 +297] mm | v 1.500/1.500 m/s a 22.50/37.50 m/s^2 j 3750/6250 m/s^3 (X_sym/Y)
  scale pre 1.00 post 1.00 | noise adds rms [NaN NaN NaN] nm | stick [4.4 5.3 1.6] % | F peak [0.78 0.79 0.76], rms [0.4 0.43 0.38] of limit | 53.9 + 0.0 MB | 49.5 s

=== 10/12  VA-S1_r1  [validation, standstill Y +0.10, A_prod] ===
  r OK VA-S1_r1    : X1=[+0 +0] X2=[+0 +0] Y=[+100 +100] mm | v 0.000/0.000 m/s a 0.00/0.00 m/s^2 j 0/0 m/s^3 (X_sym/Y)
  scale pre 1.00 post 1.00 | noise adds rms [NaN NaN NaN] nm | stick [7 8.4 2.8] % | F peak [0.44 0.48 0.49], rms [0.26 0.26 0.3] of limit | 53.1 + 0.0 MB | 53.4 s

=== 11/12  VA-Y1_r1  [validation, Y sweep +0.05 +- 0.25 at 0.5 Hz, A_prod] ===
  r OK VA-Y1_r1    : X1=[+0 +0] X2=[+0 +0] Y=[-200 +300] mm | v 0.000/0.907 m/s a 0.00/7.40 m/s^2 j 0/49348 m/s^3 (X_sym/Y)
  scale pre 1.00 post 1.00 | noise adds rms [NaN NaN NaN] nm | stick [7 7.9 0.5] % | F peak [0.44 0.47 0.61], rms [0.26 0.26 0.32] of limit | 55.1 + 0.0 MB | 47.4 s

=== 12/12  VA-P1_r1  [validation, S-curve moves, log strata, 50 %, T3 30 ms, new draw, A_prod] ===
  r OK VA-P1_r1    : X1=[-274 +280] X2=[-274 +280] Y=[-212 +299] mm | v 1.000/1.000 m/s a 15.00/25.00 m/s^2 j 1000/1667 m/s^3 (X_sym/Y)
  scale pre 1.00 post 1.00 | noise adds rms [NaN NaN NaN] nm | stick [4.4 4.8 1.6] % | F peak [0.71 0.61 0.72], rms [0.31 0.32 0.33] of limit | 54.0 + 0.0 MB | 46.8 s
MANIFEST noisy: 12 records -> C:\Users\20203253\OneDrive - TU Eindhoven\Graduation Project\Baseline FP model\Baseline-LPV-Augmentation\scripts\gantry\absorber-learning-diagnosis\cubic-absorber\..\..\..\..\Thesis-writeup\Data\Cubic-absorber-test\Coulomb-tanh-and-MSD\MANIFEST.csv

generate_thesis_data: done
GEN_CUBIC DONE
@@CUBIC_DONE@@
