[wd] launch  out=logs/repro_and_frf
[wd] command matlab -nojvm -batch "cd('C:\Users\20203253\OneDrive - TU Eindhoven\Graduation Project\Baseline FP model\Baseline-LPV-Augmentation\scripts\gantry\thesis-data-verification'); addpath('C:\Users\20203253\OneDrive - TU Eindhoven\Graduation Project\Baseline FP model\Baseline-LPV-Augmentation\Thesis-writeup\Code\Data'); R = fullfile(tempdir,'tdg_repro'); S = {'TR-P3_r1','E5_r1','E6_r1'}; generate_thesis_data(S, struct('out_dir', R)); addpath('checks'); for k = 1:numel(S), check_reproduction(S{k}, R); end; generate_thesis_data('frf'); check_records; fprintf('%s%s\n', '@@TDG_', 'DONE@@');"
generate_thesis_data: 3 records selected, versions noisy + noise-free

=== 1/3  TR-P3_r1  [training, S-curve moves, log strata, T3 12 ms, A_prod] ===
  r OK TR-P3_r1    : X1=[-240 +280] X2=[-240 +280] Y=[-299 +297] mm | v 1.500/1.500 m/s a 22.50/37.50 m/s^2 j 3750/6250 m/s^3 (X_sym/Y)
WATCHDOG ALERT available RAM 1.45 GB < 1.5 GB (tree 2,622 MB)
  scale pre 1.00 post 1.00 | noise adds rms [5.915 6.715 2.201] nm | stick [4.7 5.8 1.5] % | F peak [0.78 0.79 0.8], rms [0.4 0.43 0.41] of limit | 49.1 + 43.6 MB | 29.3 s

=== 2/3  E5_r1  [test-E, I3 under K2-g+ (K1 gains +20 %)] ===
  r OK E5_r1       : X1=[-80 +80] X2=[-80 +80] Y=[-170 +150] mm | v 0.677/1.236 m/s a 18.00/30.00 m/s^2 j 960/1456 m/s^3 (X_sym/Y)
[wd] t=58s tree=2,829 MB cpu=9% availRAM=1.19 GB C:free=17.33 GB
  scale pre 1.00 post 1.00 | noise adds rms [1612.794 1622.851 874.518] nm | stick [75.8 74.7 71.9] % | F peak [0.25 0.31 0.23], rms [0.16 0.2 0.16] of limit | 39.1 + 32.5 MB | 15.1 s

=== 3/3  E6_r1  [test-E, measured ILC move (D-210), exact, on the I3 lattice] ===
  E6_r1: acceleration assert skipped by name (realised X 39.31, Y 50.66 m/s^2)
  r OK E6_r1       : X1=[-80 +80] X2=[-80 +80] Y=[-170 +150] mm | v 1.001/1.500 m/s a 39.31/50.66 m/s^2 j 3090/3422 m/s^3 (X_sym/Y)
  scale pre 1.00 post 1.00 | noise adds rms [1209.625 929.326 783.738] nm | stick [78.6 76.5 73.1] % | F peak [0.55 0.66 0.38], rms [0.32 0.38 0.25] of limit | 39.5 + 32.9 MB | 12.8 s
MANIFEST noisy: 4 records -> C:\Users\20203253\AppData\Local\Temp\tdg_repro\Coulomb-and-MSD\MANIFEST.csv
MANIFEST noise-free: 4 records -> C:\Users\20203253\AppData\Local\Temp\tdg_repro\Coulomb-and-MSD-noise-free\MANIFEST.csv

generate_thesis_data: done
C16 TR-P3_r1 noisy: PASS, every field bitwise equal outside meta.generator
    code changed since the saved record: generate_thesis_data_m, gtd_build_plant_m, gtd_run_simulation_m, gtd_save_record_m, gtd_validate_ref_m, tdg_config_m, tdg_init_m, tdg_make_model_m, tdg_manifest_m, gantrySystemCoriolisCentripetal_m (removed), gantrySystem_m (removed)
    model sha256 saved 60f2067a1ec2ebd3, now 60f2067a1ec2ebd3
C16 TR-P3_r1 noise-free: PASS, every field bitwise equal outside meta.generator
    code changed since the saved record: generate_thesis_data_m, gtd_build_plant_m, gtd_run_simulation_m, gtd_save_record_m, gtd_validate_ref_m, tdg_config_m, tdg_init_m, tdg_make_model_m, tdg_manifest_m, gantrySystemCoriolisCentripetal_m (removed), gantrySystem_m (removed)
    model sha256 saved 60f2067a1ec2ebd3, now 60f2067a1ec2ebd3
C16 reproduction TR-P3_r1: PASS
C16 E5_r1 noisy: PASS, every field bitwise equal outside meta.generator
    code changed since the saved record: generate_thesis_data_m, gtd_build_plant_m, gtd_run_simulation_m, gtd_save_record_m, gtd_validate_ref_m, tdg_config_m, tdg_init_m, tdg_make_model_m, tdg_manifest_m, gantrySystemCoriolisCentripetal_m (removed), gantrySystem_m (removed)
    model sha256 saved 60f2067a1ec2ebd3, now 60f2067a1ec2ebd3
C16 E5_r1 noise-free: PASS, every field bitwise equal outside meta.generator
    code changed since the saved record: generate_thesis_data_m, gtd_build_plant_m, gtd_run_simulation_m, gtd_save_record_m, gtd_validate_ref_m, tdg_config_m, tdg_init_m, tdg_make_model_m, tdg_manifest_m, gantrySystemCoriolisCentripetal_m (removed), gantrySystem_m (removed)
    model sha256 saved 60f2067a1ec2ebd3, now 60f2067a1ec2ebd3
C16 reproduction E5_r1: PASS
C16 E6_r1 noisy: PASS, every field bitwise equal outside meta.generator
    code changed since the saved record: generate_thesis_data_m, gtd_build_plant_m, gtd_run_simulation_m, gtd_save_record_m, gtd_validate_ref_m, tdg_config_m, tdg_init_m, tdg_make_model_m, tdg_manifest_m, gantrySystemCoriolisCentripetal_m (removed), gantrySystem_m (removed)
    model sha256 saved 60f2067a1ec2ebd3, now 60f2067a1ec2ebd3
C16 E6_r1 noise-free: PASS, every field bitwise equal outside meta.generator
    code changed since the saved record: generate_thesis_data_m, gtd_build_plant_m, gtd_run_simulation_m, gtd_save_record_m, gtd_validate_ref_m, tdg_config_m, tdg_init_m, tdg_make_model_m, tdg_manifest_m, gantrySystemCoriolisCentripetal_m (removed), gantrySystem_m (removed)
    model sha256 saved 60f2067a1ec2ebd3, now 60f2067a1ec2ebd3
C16 reproduction E6_r1: PASS
generate_thesis_data: 12 records selected, versions noisy + noise-free

=== 1/12  TF-1_r1  [frf, FRF reference, standstill Y +0.150, periodic B_tr multisine (6 periods of 2 s)] ===
  skip: already on disk

=== 2/12  TF-1_r2  [frf, FRF reference, standstill Y +0.150, periodic B_tr multisine (6 periods of 2 s)] ===
  r OK TF-1_r2     : X1=[+0 +0] X2=[+0 +0] Y=[+150 +150] mm | v 0.000/0.000 m/s a 0.00/0.00 m/s^2 j 0/0 m/s^3 (X_sym/Y)
  scale pre 1.00 post 1.00 | noise adds rms [6.04 8.834 2.657] nm | stick [7.2 10.2 2.2] % | F peak [0.43 0.5 0.57], rms [0.27 0.25 0.34] of limit | 47.9 + 42.4 MB | 16.7 s

=== 3/12  TF-1_r3  [frf, FRF reference, standstill Y +0.150, periodic B_tr multisine (6 periods of 2 s)] ===
  r OK TF-1_r3     : X1=[+0 +0] X2=[+0 +0] Y=[+150 +150] mm | v 0.000/0.000 m/s a 0.00/0.00 m/s^2 j 0/0 m/s^3 (X_sym/Y)
[wd] t=121s tree=2,935 MB cpu=9% availRAM=1.07 GB C:free=16.91 GB
  scale pre 1.00 post 1.00 | noise adds rms [7.47 7.31 4.405] nm | stick [7.8 10.3 2.3] % | F peak [0.46 0.43 0.53], rms [0.27 0.25 0.34] of limit | 47.9 + 42.4 MB | 15.6 s

=== 4/12  TF-1_r4  [frf, FRF reference, standstill Y +0.150, periodic B_tr multisine (6 periods of 2 s)] ===
  r OK TF-1_r4     : X1=[+0 +0] X2=[+0 +0] Y=[+150 +150] mm | v 0.000/0.000 m/s a 0.00/0.00 m/s^2 j 0/0 m/s^3 (X_sym/Y)
  scale pre 1.00 post 1.00 | noise adds rms [6.918 8.436 3.826] nm | stick [7 10.1 2.3] % | F peak [0.5 0.41 0.6], rms [0.28 0.24 0.34] of limit | 47.9 + 42.4 MB | 15.7 s

=== 5/12  TF-2_r1  [frf, FRF reference, standstill Y +0.225, periodic B_tr multisine (6 periods of 2 s)] ===
  r OK TF-2_r1     : X1=[+0 +0] X2=[+0 +0] Y=[+225 +225] mm | v 0.000/0.000 m/s a 0.00/0.00 m/s^2 j 0/0 m/s^3 (X_sym/Y)
  scale pre 1.00 post 1.00 | noise adds rms [6.914 8.843 3.197] nm | stick [7.4 12.1 2.2] % | F peak [0.47 0.42 0.65], rms [0.26 0.25 0.34] of limit | 47.9 + 42.4 MB | 15.4 s

=== 6/12  TF-2_r2  [frf, FRF reference, standstill Y +0.225, periodic B_tr multisine (6 periods of 2 s)] ===
  r OK TF-2_r2     : X1=[+0 +0] X2=[+0 +0] Y=[+225 +225] mm | v 0.000/0.000 m/s a 0.00/0.00 m/s^2 j 0/0 m/s^3 (X_sym/Y)
  scale pre 1.00 post 1.00 | noise adds rms [6.573 8.069 2.831] nm | stick [7.4 10.6 1.9] % | F peak [0.42 0.42 0.52], rms [0.27 0.25 0.34] of limit | 47.9 + 42.4 MB | 15.2 s

=== 7/12  TF-2_r3  [frf, FRF reference, standstill Y +0.225, periodic B_tr multisine (6 periods of 2 s)] ===
  r OK TF-2_r3     : X1=[+0 +0] X2=[+0 +0] Y=[+225 +225] mm | v 0.000/0.000 m/s a 0.00/0.00 m/s^2 j 0/0 m/s^3 (X_sym/Y)
[wd] t=184s tree=2,940 MB cpu=9% availRAM=1.22 GB C:free=16.44 GB
  scale pre 1.00 post 1.00 | noise adds rms [6.743 7.961 2.162] nm | stick [7 10.9 2.2] % | F peak [0.44 0.41 0.54], rms [0.28 0.24 0.34] of limit | 47.9 + 42.4 MB | 14.9 s

=== 8/12  TF-2_r4  [frf, FRF reference, standstill Y +0.225, periodic B_tr multisine (6 periods of 2 s)] ===
  r OK TF-2_r4     : X1=[+0 +0] X2=[+0 +0] Y=[+225 +225] mm | v 0.000/0.000 m/s a 0.00/0.00 m/s^2 j 0/0 m/s^3 (X_sym/Y)
  scale pre 1.00 post 1.00 | noise adds rms [7.415 8.159 3.074] nm | stick [7.5 11.8 2.1] % | F peak [0.51 0.38 0.58], rms [0.27 0.25 0.34] of limit | 47.9 + 42.4 MB | 15.4 s

=== 9/12  TF-3_r1  [frf, FRF reference, standstill Y +0.350, periodic B_tr multisine (6 periods of 2 s)] ===
  skip: already on disk

=== 10/12  TF-3_r2  [frf, FRF reference, standstill Y +0.350, periodic B_tr multisine (6 periods of 2 s)] ===
  r OK TF-3_r2     : X1=[+0 +0] X2=[+0 +0] Y=[+350 +350] mm | v 0.000/0.000 m/s a 0.00/0.00 m/s^2 j 0/0 m/s^3 (X_sym/Y)
  scale pre 1.00 post 1.00 | noise adds rms [6.031 9.075 2.116] nm | stick [7 14.8 2] % | F peak [0.47 0.43 0.49], rms [0.27 0.23 0.34] of limit | 47.9 + 42.4 MB | 15.7 s

=== 11/12  TF-3_r3  [frf, FRF reference, standstill Y +0.350, periodic B_tr multisine (6 periods of 2 s)] ===
  r OK TF-3_r3     : X1=[+0 +0] X2=[+0 +0] Y=[+350 +350] mm | v 0.000/0.000 m/s a 0.00/0.00 m/s^2 j 0/0 m/s^3 (X_sym/Y)
  scale pre 1.00 post 1.00 | noise adds rms [7.188 7.953 2.836] nm | stick [7.8 12 2.2] % | F peak [0.42 0.38 0.56], rms [0.26 0.25 0.34] of limit | 47.9 + 42.4 MB | 15.7 s

=== 12/12  TF-3_r4  [frf, FRF reference, standstill Y +0.350, periodic B_tr multisine (6 periods of 2 s)] ===
  r OK TF-3_r4     : X1=[+0 +0] X2=[+0 +0] Y=[+350 +350] mm | v 0.000/0.000 m/s a 0.00/0.00 m/s^2 j 0/0 m/s^3 (X_sym/Y)
[wd] t=247s tree=2,941 MB cpu=9% availRAM=1.19 GB C:free=15.99 GB
  scale pre 1.00 post 1.00 | noise adds rms [6.709 9.486 4.327] nm | stick [7.5 13.4 2.1] % | F peak [0.42 0.38 0.52], rms [0.27 0.24 0.34] of limit | 47.9 + 42.4 MB | 15.0 s
MANIFEST noisy: 48 records -> C:\Users\20203253\OneDrive - TU Eindhoven\Graduation Project\Baseline FP model\Baseline-LPV-Augmentation\Thesis-writeup\Data\Coulomb-and-MSD\MANIFEST.csv
MANIFEST noise-free: 48 records -> C:\Users\20203253\OneDrive - TU Eindhoven\Graduation Project\Baseline FP model\Baseline-LPV-Augmentation\Thesis-writeup\Data\Coulomb-and-MSD-noise-free\MANIFEST.csv

generate_thesis_data: done
file         C14   C3    C4b   C8    | noise adds rms all f / band [nm]          | target band [3.37 3.7 1.09] nm | MB noisy/free
TR-S1_r1     PASS  PASS  PASS  PASS  | [8.33 6.62 3.04]     / [8.08 6.36 2.86]     |                   | 47.9 / 42.4 
TR-S2_r1     PASS  PASS  PASS  PASS  | [6.07 7.79 4]        / [5.71 7.48 3.52]     |                   | 47.9 / 42.4 
TR-S3_r1     PASS  PASS  PASS  PASS  | [6.78 7.42 2.92]     / [6.48 7.21 3.03]     |                   | 49.1 / 43.6 
TR-S4_r1     PASS  PASS  PASS  PASS  | [6.78 8.89 3.22]     / [6.43 8.62 3.18]     |                   | 47.9 / 42.4 
TR-S5_r1     PASS  PASS  PASS  PASS  | [7.87 8.83 2.8]      / [7.78 8.49 2.68]     |                   | 47.9 / 42.4 
TR-Y1_r1     PASS  PASS  PASS  PASS  | [7.03 8.65 2.11]     / [6.69 8.05 2.12]     |                   | 49.7 / 44.2 
TR-Y2_r1     PASS  PASS  PASS  PASS  | [6.77 8.14 2.21]     / [6.37 7.91 2.23]     |                   | 50.0 / 44.4 
TR-Y3_r1     PASS  PASS  PASS  PASS  | [7.14 7.84 1.71]     / [6.84 7.43 1.67]     |                   | 50.0 / 44.5 
TR-P1_r1     PASS  PASS  PASS  PASS  | [5.79 6.22 2.73]     / [5.73 6.05 2.92]     |                   | 49.5 / 44.0 
TR-P2_r1     PASS  PASS  PASS  PASS  | [5.83 6.94 2.39]     / [5.61 6.63 2.52]     |                   | 49.2 / 43.7 
TR-P3_r1     PASS  PASS  PASS  PASS  | [5.92 6.71 2.2]      / [5.83 6.45 2.1]      |                   | 49.1 / 43.6 
TR-P4_r1     PASS  PASS  PASS  PASS  | [5.94 6.48 2.02]     / [5.68 6.2 1.88]      |                   | 49.3 / 43.7 
TR-L1_r1     PASS  PASS  PASS  PASS  | [4.33 4.81 1.65]     / [4 4.47 1.2]         |                   | 52.1 / 46.6 
TR-L2_r1     PASS  PASS  PASS  PASS  | [4.37 5.17 2.06]     / [4.1 4.5 1.51]       |                   | 52.5 / 47.0 
TR-T1_r1     PASS  PASS  PASS  PASS  | [827.53 919.24 884.9] / [792.19 880.18 835.72] |                   | 40.4 / 33.3 
TR-T2_r1     PASS  PASS  PASS  PASS  | [2267.54 2368.4 3231.07] / [2039.14 2119.07 2976.52] |                   | 39.6 / 32.6 
TR-T3_r1     PASS  PASS  PASS  PASS  | [684.22 801.81 2959.33] / [636.56 738.86 2737.57] |                   | 38.3 / 31.8 
TR-T4_r1     PASS  PASS  PASS  PASS  | [1165.72 1577.75 486.43] / [1091.16 1480.05 451.85] |                   | 39.5 / 33.0 
VA-S1_r1     PASS  PASS  PASS  PASS  | [6.29 7.86 3.67]     / [5.99 7.47 3.35]     |                   | 48.0 / 42.4 
VA-Y1_r1     PASS  PASS  PASS  PASS  | [6.41 7.75 2.54]     / [6.1 7.41 2.33]      |                   | 49.8 / 44.2 
VA-P1_r1     PASS  PASS  PASS  PASS  | [5.89 7.15 2.74]     / [5.69 6.97 2.76]     |                   | 49.2 / 43.7 
VA-L1_r1     PASS  PASS  PASS  PASS  | [4.53 5.09 1.41]     / [4.16 4.79 1.35]     |                   | 52.3 / 46.8 
VA-T1_r1     PASS  PASS  PASS  PASS  | [1612.87 1962.92 2764.04] / [1467.73 1804.11 2530.54] |                   | 38.9 / 32.3 
VA-T2_r1     PASS  PASS  PASS  PASS  | [784.42 857.33 539.31] / [738.87 803.96 504.12] |                   | 39.6 / 33.0 
I1_r1        PASS  PASS  PASS  PASS  | [5.93 6.91 1.69]     / [5.47 6.6 1.55]      |                   | 49.4 / 43.9 
I2_r1        PASS  PASS  PASS  PASS  | [6.89 8.6 2.59]      / [6.63 8.34 2.41]     |                   | 47.9 / 42.4 
I3_r1        PASS  PASS  PASS  PASS  | [1011.26 1046.39 484.43] / [949.82 982.19 445.77] |                   | 39.5 / 32.9 
I4_r1        PASS  PASS  PASS  PASS  | [2387.94 2103.32 2510.95] / [2183.04 1941.01 2337.32] |                   | 38.2 / 31.7 
I5_r1        PASS  PASS  PASS  PASS  | [1501.59 1557.39 678.5] / [1428.45 1486.5 628.55] |                   | 39.4 / 32.8 
I6_r1        PASS  PASS  PASS  PASS  | [455.14 433.15 913.6] / [426.02 408.03 859.41] |                   | 41.1 / 33.5 
E1_r1        PASS  PASS  PASS  PASS  | [7.99 7.43 4.49]     / [7.59 7.33 3.88]     |                   | 47.9 / 42.4 
E2_r1        PASS  PASS  PASS  PASS  | [2136.22 1021.7 2925.38] / [1932.71 972.94 2641.78] |                   | 39.4 / 32.9 
E3_r1        PASS  PASS  PASS  PASS  | [1907.46 2033.08 2698.89] / [1668.41 1768.15 2497.42] |                   | 39.6 / 33.0 
E4_r1        PASS  PASS  PASS  PASS  | [514.06 813.03 556.72] / [473.4 769.46 506.17] |                   | 40.9 / 33.8 
E5_r1        PASS  PASS  PASS  PASS  | [1612.79 1622.85 874.52] / [1468.09 1477.86 770.35] |                   | 39.1 / 32.5 
E6_r1        PASS  PASS  PASS  PASS  | [1209.62 929.33 783.74] / [1097.45 843.58 730.46] |                   | 39.5 / 32.9 
TF-1_r1      PASS  PASS  PASS  PASS  | [7.09 7.76 2.18]     / [6.77 7.43 2]        |                   | 47.9 / 42.4 
TF-1_r2      PASS  PASS  PASS  PASS  | [6.04 8.83 2.66]     / [5.76 8.41 2.44]     |                   | 47.9 / 42.4 
TF-1_r3      PASS  PASS  PASS  PASS  | [7.47 7.31 4.41]     / [7.2 6.75 4.1]       |                   | 47.9 / 42.4 
TF-1_r4      PASS  PASS  PASS  PASS  | [6.92 8.44 3.83]     / [6.66 8.09 3.86]     |                   | 47.9 / 42.4 
TF-2_r1      PASS  PASS  PASS  PASS  | [6.91 8.84 3.2]      / [6.4 8.35 2.95]      |                   | 47.9 / 42.4 
[wd] t=309s tree=3,021 MB cpu=7% availRAM=1.34 GB C:free=15.92 GB
TF-2_r2      PASS  PASS  PASS  PASS  | [6.57 8.07 2.83]     / [6.28 7.72 2.68]     |                   | 47.9 / 42.4 
TF-2_r3      PASS  PASS  PASS  PASS  | [6.74 7.96 2.16]     / [6.62 7.45 1.98]     |                   | 47.9 / 42.4 
TF-2_r4      PASS  PASS  PASS  PASS  | [7.42 8.16 3.07]     / [7.47 7.78 2.64]     |                   | 47.9 / 42.4 
TF-3_r1      PASS  PASS  PASS  PASS  | [6.71 9.52 4.52]     / [6.5 9.18 4.09]      |                   | 47.9 / 42.4 
TF-3_r2      PASS  PASS  PASS  PASS  | [6.03 9.08 2.12]     / [5.83 8.84 2]        |                   | 47.9 / 42.4 
TF-3_r3      PASS  PASS  PASS  PASS  | [7.19 7.95 2.84]     / [7.03 7.55 2.74]     |                   | 47.9 / 42.4 
TF-3_r4      PASS  PASS  PASS  PASS  | [6.71 9.49 4.33]     / [6.51 9.2 4.02]      |                   | 47.9 / 42.4 
C3 / C4b / C8 / C14 on 48 saved records -> PASS
@@TDG_DONE@@
