Gym has been unmaintained since 2022 and does not support NumPy 2.0 amongst other critical functionality.
Please upgrade to Gymnasium, the maintained drop-in replacement of Gym, or contact the authors of your software and request that they upgrade.
Users of this version of Gym should be able to simply replace 'import gym' with 'import gymnasium as gym' in the vast majority of cases.
See the migration guide at https://gymnasium.farama.org/introduction/migration_guide/ for additional information.
Data dir (augmentation): C:\Users\20203253\OneDrive - TU Eindhoven\Graduation Project\Baseline FP model\Baseline-LPV-Augmentation\data\gantry\matlab\trajectory\augmentation
Loaded val augmented GT: x_logical=(48000, 6)  delta_a std=2.186e-05 m  vdelta_a std=2.160e-02 m/s
Loaded 14 train, 4 val, 4 test trajectories
  T1: 48000 samples  (T1_standstill_Ym30.mat)
  T2: 48000 samples  (T2_standstill_Ym15.mat)
  T3: 48000 samples  (T3_standstill_Y000.mat)
  T4: 48000 samples  (T4_standstill_Yp15.mat)
  T5: 48000 samples  (T5_standstill_Yp30.mat)
  T6: 48000 samples  (T6_ysweep_slow.mat)
  T7: 48000 samples  (T7_ysweep_fast.mat)
  T8: 48000 samples  (T8_ysweep_xmix.mat)
  T9: 48000 samples  (T9_aprbs_30.mat)
  T10: 48000 samples  (T10_aprbs_60.mat)
  T11: 48000 samples  (T11_aprbs_100.mat)
  T12: 48000 samples  (T12_aprbs_yaw.mat)
  T13: 48000 samples  (T13_lissajous.mat)
  T14: 48000 samples  (T14_lissajous_yaw.mat)

True-init augmentation run main_lr1e-5
  nf 400 (0.1 s)  stride 100  k0 17  batch 256  lr 1e-05  epochs 90  dtype f32  CoG ON
  routing (0, 1, 2, 3, 4, 5, 6, 7)  nx_ann 2  net 2x16 tanh
  6664 train windows, 476 val windows
  ANN output at init, max |w| = 0.000e+00  (exactly zero: ANN-off == untrained)

  [ANN off] val nf-RMS 6.848553e-05 m   per channel ['3.233e-07', '3.462e-07', '1.186e-04']
  [ANN off] val per-window DC scatter [m] ['2.487e-07', '2.614e-07', '1.033e-04']
  ep   0  train sqrtMSE 3.014030e-03  val nf-RMS 1.829143e-04 m  (+167.08 %)  DC_Y 1.4832e-04 (+43.57 %)  |g| 5.82e-01  |W_fin| 3.92e-04  |w| 2.00e-04     180 s
  ep   1  train sqrtMSE 8.648615e-04  val nf-RMS 7.659490e-05 m  (+11.84 %)  DC_Y 1.0630e-04 (+2.90 %)  |g| 1.69e-01  |W_fin| 5.22e-04  |w| 2.68e-04     358 s
  ep   2  train sqrtMSE 4.252662e-04  val nf-RMS 6.874877e-05 m  (+0.38 %)  DC_Y 1.0347e-04 (+0.16 %)  |g| 4.05e-02  |W_fin| 5.20e-04  |w| 2.17e-04     533 s
  ep   3  train sqrtMSE 3.771822e-04  val nf-RMS 7.047046e-05 m  (+2.90 %)  DC_Y 1.0482e-04 (+1.47 %)  |g| 1.55e-02  |W_fin| 5.01e-04  |w| 1.62e-04     711 s
  ep   4  train sqrtMSE 3.752534e-04  val nf-RMS 6.870401e-05 m  (+0.32 %)  DC_Y 1.0364e-04 (+0.32 %)  |g| 1.01e-02  |W_fin| 4.88e-04  |w| 1.61e-04     897 s
  ep   5  train sqrtMSE 3.778353e-04  val nf-RMS 7.314233e-05 m  (+6.80 %)  DC_Y 1.1037e-04 (+6.84 %)  |g| 1.05e-02  |W_fin| 4.80e-04  |w| 1.61e-04    1081 s
  ep   6  train sqrtMSE 3.764934e-04  val nf-RMS 6.879170e-05 m  (+0.45 %)  DC_Y 1.0369e-04 (+0.38 %)  |g| 9.32e-03  |W_fin| 4.77e-04  |w| 1.61e-04    1264 s
  ep   7  train sqrtMSE 3.784211e-04  val nf-RMS 7.362415e-05 m  (+7.50 %)  DC_Y 1.1027e-04 (+6.74 %)  |g| 2.62e-02  |W_fin| 4.76e-04  |w| 1.62e-04    1452 s
  ep   8  train sqrtMSE 3.764298e-04  val nf-RMS 7.112817e-05 m  (+3.86 %)  DC_Y 1.0524e-04 (+1.87 %)  |g| 1.62e-02  |W_fin| 4.76e-04  |w| 1.64e-04    1638 s
  ep   9  train sqrtMSE 3.786301e-04  val nf-RMS 7.078334e-05 m  (+3.36 %)  DC_Y 1.0675e-04 (+3.33 %)  |g| 2.40e-02  |W_fin| 4.79e-04  |w| 1.68e-04    1815 s
  ep  10  train sqrtMSE 3.750068e-04  val nf-RMS 7.206487e-05 m  (+5.23 %)  DC_Y 1.0801e-04 (+4.56 %)  |g| 1.80e-02  |W_fin| 4.81e-04  |w| 1.69e-04    1993 s
  ep  11  train sqrtMSE 3.779651e-04  val nf-RMS 6.949026e-05 m  (+1.47 %)  DC_Y 1.0465e-04 (+1.30 %)  |g| 4.66e-03  |W_fin| 4.83e-04  |w| 1.71e-04    2167 s
  ep  12  train sqrtMSE 3.745866e-04  val nf-RMS 6.966127e-05 m  (+1.72 %)  DC_Y 1.0515e-04 (+1.78 %)  |g| 3.82e-02  |W_fin| 4.86e-04  |w| 1.74e-04    2337 s
  ep  13  train sqrtMSE 3.768049e-04  val nf-RMS 6.981623e-05 m  (+1.94 %)  DC_Y 1.0526e-04 (+1.89 %)  |g| 2.61e-02  |W_fin| 4.88e-04  |w| 1.76e-04    2498 s
  ep  14  train sqrtMSE 3.831062e-04  val nf-RMS 7.009663e-05 m  (+2.35 %)  DC_Y 1.0596e-04 (+2.57 %)  |g| 1.12e-02  |W_fin| 4.98e-04  |w| 1.84e-04    2675 s
  ep  15  train sqrtMSE 3.870106e-04  val nf-RMS 6.841315e-05 m  (-0.11 %)  DC_Y 1.0226e-04 (-1.02 %)  |g| 1.66e-02  |W_fin| 5.05e-04  |w| 1.89e-04    2845 s  <-- best
  ep  16  train sqrtMSE 3.875281e-04  val nf-RMS 7.517829e-05 m  (+9.77 %)  DC_Y 1.0814e-04 (+4.68 %)  |g| 1.66e-02  |W_fin| 5.16e-04  |w| 1.97e-04    3015 s
  ep  17  train sqrtMSE 3.848139e-04  val nf-RMS 7.773985e-05 m  (+13.51 %)  DC_Y 1.1737e-04 (+13.61 %)  |g| 1.05e-02  |W_fin| 5.26e-04  |w| 2.03e-04    3192 s
  ep  18  train sqrtMSE 3.777401e-04  val nf-RMS 7.421247e-05 m  (+8.36 %)  DC_Y 1.0752e-04 (+4.08 %)  |g| 1.92e-02  |W_fin| 5.32e-04  |w| 2.06e-04    3368 s
  ep  19  train sqrtMSE 3.766182e-04  val nf-RMS 7.108655e-05 m  (+3.80 %)  DC_Y 1.0620e-04 (+2.80 %)  |g| 1.44e-02  |W_fin| 5.36e-04  |w| 2.08e-04    3544 s
  ep  20  train sqrtMSE 3.803102e-04  val nf-RMS 7.491596e-05 m  (+9.39 %)  DC_Y 1.0718e-04 (+3.75 %)  |g| 4.14e-02  |W_fin| 5.41e-04  |w| 2.11e-04    3720 s
  ep  21  train sqrtMSE 3.942359e-04  val nf-RMS 7.574549e-05 m  (+10.60 %)  DC_Y 1.0358e-04 (+0.26 %)  |g| 1.51e-02  |W_fin| 5.46e-04  |w| 2.17e-04    3900 s
  ep  22  train sqrtMSE 3.939936e-04  val nf-RMS 7.218439e-05 m  (+5.40 %)  DC_Y 1.0883e-04 (+5.34 %)  |g| 4.43e-03  |W_fin| 5.50e-04  |w| 2.24e-04    4083 s
  ep  23  train sqrtMSE 3.856811e-04  val nf-RMS 7.561126e-05 m  (+10.40 %)  DC_Y 1.0775e-04 (+4.30 %)  |g| 2.16e-02  |W_fin| 5.64e-04  |w| 2.38e-04    4250 s
  ep  24  train sqrtMSE 3.840634e-04  val nf-RMS 6.792411e-05 m  (-0.82 %)  DC_Y 1.0243e-04 (-0.85 %)  |g| 1.33e-02  |W_fin| 5.77e-04  |w| 2.48e-04    4420 s  <-- best
  ep  25  train sqrtMSE 3.816645e-04  val nf-RMS 7.641750e-05 m  (+11.58 %)  DC_Y 1.0961e-04 (+6.10 %)  |g| 3.15e-02  |W_fin| 5.83e-04  |w| 2.54e-04    4593 s
  ep  26  train sqrtMSE 3.875777e-04  val nf-RMS 7.074585e-05 m  (+3.30 %)  DC_Y 1.0664e-04 (+3.23 %)  |g| 4.49e-02  |W_fin| 5.90e-04  |w| 2.58e-04    4764 s
  ep  27  train sqrtMSE 3.810525e-04  val nf-RMS 7.588881e-05 m  (+10.81 %)  DC_Y 1.0516e-04 (+1.79 %)  |g| 6.14e-03  |W_fin| 5.94e-04  |w| 2.61e-04    4933 s
  ep  28  train sqrtMSE 3.806106e-04  val nf-RMS 7.102071e-05 m  (+3.70 %)  DC_Y 1.0693e-04 (+3.51 %)  |g| 4.55e-02  |W_fin| 5.98e-04  |w| 2.65e-04    5104 s
  ep  29  train sqrtMSE 4.000117e-04  val nf-RMS 8.502691e-05 m  (+24.15 %)  DC_Y 1.2424e-04 (+20.27 %)  |g| 2.11e-02  |W_fin| 6.11e-04  |w| 2.74e-04    5257 s
  ep  30  train sqrtMSE 4.022901e-04  val nf-RMS 7.179073e-05 m  (+4.83 %)  DC_Y 1.0830e-04 (+4.84 %)  |g| 7.37e-02  |W_fin| 6.34e-04  |w| 2.89e-04    5413 s
  ep  31  train sqrtMSE 4.243314e-04  val nf-RMS 7.809255e-05 m  (+14.03 %)  DC_Y 1.0680e-04 (+3.38 %)  |g| 2.86e-02  |W_fin| 6.54e-04  |w| 3.08e-04    5570 s
  ep  32  train sqrtMSE 4.213628e-04  val nf-RMS 8.360290e-05 m  (+22.07 %)  DC_Y 1.0348e-04 (+0.17 %)  |g| 1.64e-02  |W_fin| 6.61e-04  |w| 3.15e-04    5724 s
  ep  33  train sqrtMSE 4.093413e-04  val nf-RMS 7.020868e-05 m  (+2.52 %)  DC_Y 1.0624e-04 (+2.84 %)  |g| 6.07e-02  |W_fin| 6.67e-04  |w| 3.23e-04    5897 s
  ep  34  train sqrtMSE 4.003131e-04  val nf-RMS 7.073160e-05 m  (+3.28 %)  DC_Y 1.0576e-04 (+2.38 %)  |g| 4.01e-02  |W_fin| 6.80e-04  |w| 3.31e-04    6069 s
  ep  35  train sqrtMSE 4.040741e-04  val nf-RMS 7.318967e-05 m  (+6.87 %)  DC_Y 1.0998e-04 (+6.45 %)  |g| 5.61e-03  |W_fin| 6.97e-04  |w| 3.47e-04    6241 s
  ep  36  train sqrtMSE 3.801443e-04  val nf-RMS 7.127206e-05 m  (+4.07 %)  DC_Y 1.0717e-04 (+3.74 %)  |g| 1.58e-02  |W_fin| 7.06e-04  |w| 3.55e-04    6414 s
  ep  37  train sqrtMSE 3.902272e-04  val nf-RMS 7.933524e-05 m  (+15.84 %)  DC_Y 1.1347e-04 (+9.83 %)  |g| 9.78e-03  |W_fin| 7.13e-04  |w| 3.62e-04    6589 s
  ep  38  train sqrtMSE 4.026185e-04  val nf-RMS 7.032824e-05 m  (+2.69 %)  DC_Y 1.0598e-04 (+2.59 %)  |g| 5.20e-02  |W_fin| 7.27e-04  |w| 3.74e-04    6763 s
  ep  39  train sqrtMSE 3.819506e-04  val nf-RMS 7.063523e-05 m  (+3.14 %)  DC_Y 1.0186e-04 (-1.40 %)  |g| 1.71e-02  |W_fin| 7.34e-04  |w| 3.82e-04    6936 s
  ep  40  train sqrtMSE 3.918496e-04  val nf-RMS 7.000987e-05 m  (+2.23 %)  DC_Y 1.0585e-04 (+2.46 %)  |g| 4.66e-02  |W_fin| 7.41e-04  |w| 3.91e-04    7107 s
  ep  41  train sqrtMSE 3.893014e-04  val nf-RMS 7.312052e-05 m  (+6.77 %)  DC_Y 1.0883e-04 (+5.35 %)  |g| 2.59e-02  |W_fin| 7.48e-04  |w| 3.99e-04    7280 s
  ep  42  train sqrtMSE 3.976563e-04  val nf-RMS 6.837508e-05 m  (-0.16 %)  DC_Y 1.0334e-04 (+0.03 %)  |g| 1.54e-02  |W_fin| 7.68e-04  |w| 4.17e-04    7453 s
