[BLA-frf] loaded truth_ss_fs800.npz, nx=8
[BLA-frf] max|eig| = 1.000000, closest pole to z=1: 0.000e+00
[BLA-frf] |eig| = [1.       1.       0.999192 0.998763 0.996286 0.996286 0.936582 0.936582]
[BLA-frf] applied, zero_nonlinear=True
Model already initilized (init_model_done=True), skipping initilizing of the model, the norm and the creation of the optimizer
Size of the training array =  87.7 MB
N_training_samples = 9184, batch_size = 256, N_batch_updates_per_epoch = 35
Initial Validation sim-RMS= 0.15225733443244543
Starting indefinite training until 12600.0 seconds have passed due to provided timeout
########## New lowest validation loss achieved ########### sim-RMS = 0.14065797133553362
It   35, sqrt loss  0.8855, Val sim-RMS 0.1407, Time Loss: 85.0%, data: 0.3%, val: 14.7%,  1.8 batches/sec
It   70, sqrt loss   0.729, Val sim-RMS 0.1731, Time Loss: 85.9%, data: 0.4%, val: 13.7%,  1.6 batches/sec
########## New lowest validation loss achieved ########### sim-RMS = 0.11308055397337205
It  105, sqrt loss  0.6356, Val sim-RMS 0.1131, Time Loss: 85.8%, data: 0.4%, val: 13.8%,  1.5 batches/sec
It  140, sqrt loss  0.5024, Val sim-RMS 0.1142, Time Loss: 85.6%, data: 0.3%, val: 14.1%,  1.5 batches/sec
It  175, sqrt loss  0.4742, Val sim-RMS 0.1167, Time Loss: 86.0%, data: 0.4%, val: 13.6%,  1.5 batches/sec
########## New lowest validation loss achieved ########### sim-RMS = 0.09622332254597425
It  210, sqrt loss  0.4487, Val sim-RMS 0.09622, Time Loss: 86.1%, data: 0.3%, val: 13.6%,  1.5 batches/sec
It  245, sqrt loss  0.4286, Val sim-RMS 0.1191, Time Loss: 85.6%, data: 0.3%, val: 14.1%,  1.6 batches/sec
It  280, sqrt loss  0.4094, Val sim-RMS  0.143, Time Loss: 85.6%, data: 0.3%, val: 14.1%,  1.6 batches/sec
It  315, sqrt loss   0.388, Val sim-RMS 0.1451, Time Loss: 85.2%, data: 0.3%, val: 14.5%,  1.6 batches/sec
It  350, sqrt loss  0.3569, Val sim-RMS 0.1456, Time Loss: 85.0%, data: 0.3%, val: 14.7%,  1.5 batches/sec
It  385, sqrt loss  0.3473, Val sim-RMS 0.1367, Time Loss: 84.3%, data: 0.3%, val: 15.4%,  1.4 batches/sec
It  420, sqrt loss  0.3263, Val sim-RMS  0.163, Time Loss: 84.0%, data: 0.3%, val: 15.7%,  1.3 batches/sec
It  455, sqrt loss  0.3091, Val sim-RMS 0.1578, Time Loss: 84.3%, data: 0.3%, val: 15.4%,  1.3 batches/sec
It  490, sqrt loss  0.2914, Val sim-RMS 0.1485, Time Loss: 84.4%, data: 0.3%, val: 15.3%,  1.3 batches/sec
It  525, sqrt loss  0.2947, Val sim-RMS 0.1609, Time Loss: 84.2%, data: 0.4%, val: 15.4%,  1.3 batches/sec
It  560, sqrt loss  0.2809, Val sim-RMS  0.178, Time Loss: 84.2%, data: 0.4%, val: 15.5%,  1.2 batches/sec
It  595, sqrt loss  0.2569, Val sim-RMS 0.1795, Time Loss: 84.0%, data: 0.4%, val: 15.6%,  1.2 batches/sec
It  630, sqrt loss   0.244, Val sim-RMS  0.211, Time Loss: 83.9%, data: 0.4%, val: 15.7%,  1.1 batches/sec
It  665, sqrt loss  0.2338, Val sim-RMS 0.2089, Time Loss: 84.0%, data: 0.4%, val: 15.6%,  1.1 batches/sec
It  700, sqrt loss  0.2296, Val sim-RMS 0.1916, Time Loss: 83.9%, data: 0.5%, val: 15.7%,  1.1 batches/sec
It  735, sqrt loss  0.2321, Val sim-RMS 0.1703, Time Loss: 83.8%, data: 0.5%, val: 15.7%,  1.0 batches/sec
It  770, sqrt loss  0.2116, Val sim-RMS  0.174, Time Loss: 83.5%, data: 0.6%, val: 15.9%,  1.0 sec/batch
It  805, sqrt loss  0.2134, Val sim-RMS 0.2079, Time Loss: 83.7%, data: 0.6%, val: 15.7%,  1.0 sec/batch
It  840, sqrt loss  0.2115, Val sim-RMS 0.1926, Time Loss: 83.7%, data: 0.6%, val: 15.8%,  1.0 sec/batch
It  875, sqrt loss  0.2012, Val sim-RMS 0.1818, Time Loss: 83.7%, data: 0.6%, val: 15.7%,  1.0 sec/batch
It  910, sqrt loss  0.2005, Val sim-RMS 0.2025, Time Loss: 83.7%, data: 0.6%, val: 15.7%,  1.0 sec/batch
It  945, sqrt loss  0.1875, Val sim-RMS 0.1953, Time Loss: 83.7%, data: 0.5%, val: 15.7%,  1.0 sec/batch
It  980, sqrt loss   0.184, Val sim-RMS 0.1598, Time Loss: 83.9%, data: 0.5%, val: 15.6%,  1.0 sec/batch
It 1015, sqrt loss  0.1761, Val sim-RMS 0.1756, Time Loss: 83.9%, data: 0.5%, val: 15.6%,  1.0 sec/batch
It 1050, sqrt loss  0.1769, Val sim-RMS  0.173, Time Loss: 83.9%, data: 0.5%, val: 15.6%,  1.0 sec/batch
It 1085, sqrt loss  0.1852, Val sim-RMS 0.1923, Time Loss: 83.8%, data: 0.5%, val: 15.7%,  1.0 sec/batch
It 1120, sqrt loss  0.1716, Val sim-RMS 0.1745, Time Loss: 83.8%, data: 0.5%, val: 15.7%,  1.0 batches/sec
It 1155, sqrt loss  0.1739, Val sim-RMS  0.154, Time Loss: 83.8%, data: 0.5%, val: 15.7%,  1.0 batches/sec
It 1190, sqrt loss  0.1666, Val sim-RMS 0.1358, Time Loss: 83.8%, data: 0.5%, val: 15.7%,  1.0 batches/sec
It 1225, sqrt loss   0.176, Val sim-RMS  0.125, Time Loss: 83.8%, data: 0.5%, val: 15.7%,  1.0 batches/sec
It 1260, sqrt loss   0.159, Val sim-RMS 0.1662, Time Loss: 83.8%, data: 0.5%, val: 15.7%,  1.0 batches/sec
It 1295, sqrt loss  0.1553, Val sim-RMS 0.1896, Time Loss: 83.8%, data: 0.5%, val: 15.7%,  1.0 batches/sec
It 1330, sqrt loss  0.1607, Val sim-RMS 0.1367, Time Loss: 83.8%, data: 0.5%, val: 15.7%,  1.0 batches/sec
It 1365, sqrt loss  0.1525, Val sim-RMS 0.1198, Time Loss: 83.8%, data: 0.5%, val: 15.7%,  1.0 batches/sec
########## New lowest validation loss achieved ########### sim-RMS = 0.09181766189132601
It 1400, sqrt loss  0.1516, Val sim-RMS 0.09182, Time Loss: 83.8%, data: 0.5%, val: 15.7%,  1.0 batches/sec
It 1435, sqrt loss   0.145, Val sim-RMS  0.157, Time Loss: 83.9%, data: 0.5%, val: 15.7%,  1.0 batches/sec
It 1470, sqrt loss  0.1447, Val sim-RMS 0.1599, Time Loss: 83.9%, data: 0.4%, val: 15.6%,  1.0 batches/sec
It 1505, sqrt loss  0.1518, Val sim-RMS 0.1607, Time Loss: 84.0%, data: 0.4%, val: 15.6%,  1.1 batches/sec
It 1540, sqrt loss  0.1573, Val sim-RMS 0.1431, Time Loss: 84.0%, data: 0.4%, val: 15.6%,  1.1 batches/sec
########## New lowest validation loss achieved ########### sim-RMS = 0.0819563702083743
It 1575, sqrt loss   0.142, Val sim-RMS 0.08196, Time Loss: 84.0%, data: 0.4%, val: 15.6%,  1.1 batches/sec
It 1610, sqrt loss  0.1405, Val sim-RMS 0.09963, Time Loss: 84.0%, data: 0.4%, val: 15.6%,  1.1 batches/sec
It 1645, sqrt loss  0.1383, Val sim-RMS 0.1246, Time Loss: 84.0%, data: 0.4%, val: 15.5%,  1.1 batches/sec
It 1680, sqrt loss  0.1361, Val sim-RMS 0.09359, Time Loss: 84.0%, data: 0.4%, val: 15.5%,  1.1 batches/sec
It 1715, sqrt loss  0.1347, Val sim-RMS 0.08378, Time Loss: 84.1%, data: 0.4%, val: 15.5%,  1.1 batches/sec
########## New lowest validation loss achieved ########### sim-RMS = 0.07677465788120755
It 1750, sqrt loss  0.1291, Val sim-RMS 0.07677, Time Loss: 84.1%, data: 0.4%, val: 15.5%,  1.1 batches/sec
It 1785, sqrt loss  0.1304, Val sim-RMS 0.1133, Time Loss: 84.1%, data: 0.4%, val: 15.5%,  1.1 batches/sec
It 1820, sqrt loss  0.1299, Val sim-RMS 0.08778, Time Loss: 84.1%, data: 0.4%, val: 15.5%,  1.1 batches/sec
It 1855, sqrt loss  0.1351, Val sim-RMS 0.1503, Time Loss: 84.1%, data: 0.4%, val: 15.5%,  1.1 batches/sec
It 1890, sqrt loss  0.1389, Val sim-RMS  0.149, Time Loss: 84.1%, data: 0.4%, val: 15.4%,  1.1 batches/sec
It 1925, sqrt loss  0.1213, Val sim-RMS 0.08208, Time Loss: 84.2%, data: 0.4%, val: 15.4%,  1.1 batches/sec
########## New lowest validation loss achieved ########### sim-RMS = 0.07443542080946638
It 1960, sqrt loss  0.1223, Val sim-RMS 0.07444, Time Loss: 84.2%, data: 0.4%, val: 15.4%,  1.1 batches/sec
It 1995, sqrt loss   0.124, Val sim-RMS 0.09311, Time Loss: 84.2%, data: 0.4%, val: 15.4%,  1.1 batches/sec
It 2030, sqrt loss  0.1124, Val sim-RMS 0.1011, Time Loss: 84.2%, data: 0.4%, val: 15.4%,  1.1 batches/sec
It 2065, sqrt loss  0.1137, Val sim-RMS    nan, Time Loss: 84.2%, data: 0.4%, val: 15.4%,  1.1 batches/sec
It 2100, sqrt loss  0.1185, Val sim-RMS 0.08281, Time Loss: 84.2%, data: 0.4%, val: 15.4%,  1.2 batches/sec
It 2135, sqrt loss  0.1174, Val sim-RMS 0.09228, Time Loss: 84.2%, data: 0.4%, val: 15.3%,  1.2 batches/sec
It 2170, sqrt loss  0.1169, Val sim-RMS 0.1254, Time Loss: 84.3%, data: 0.4%, val: 15.3%,  1.2 batches/sec
It 2205, sqrt loss  0.1066, Val sim-RMS 0.09143, Time Loss: 84.3%, data: 0.4%, val: 15.3%,  1.2 batches/sec
It 2240, sqrt loss   0.108, Val sim-RMS 3.001e+07, Time Loss: 84.3%, data: 0.4%, val: 15.3%,  1.2 batches/sec
It 2275, sqrt loss   0.116, Val sim-RMS 0.1037, Time Loss: 84.3%, data: 0.4%, val: 15.3%,  1.2 batches/sec
It 2310, sqrt loss  0.1118, Val sim-RMS 1.632e+08, Time Loss: 84.3%, data: 0.4%, val: 15.3%,  1.2 batches/sec
It 2345, sqrt loss  0.1164, Val sim-RMS 7.857e+06, Time Loss: 84.4%, data: 0.4%, val: 15.2%,  1.2 batches/sec
It 2380, sqrt loss  0.1041, Val sim-RMS 0.1028, Time Loss: 84.4%, data: 0.4%, val: 15.2%,  1.2 batches/sec
It 2415, sqrt loss  0.1028, Val sim-RMS 0.09817, Time Loss: 84.4%, data: 0.4%, val: 15.2%,  1.2 batches/sec
It 2450, sqrt loss  0.1016, Val sim-RMS 0.09381, Time Loss: 84.4%, data: 0.4%, val: 15.2%,  1.2 batches/sec
It 2485, sqrt loss  0.1031, Val sim-RMS 0.09966, Time Loss: 84.4%, data: 0.4%, val: 15.2%,  1.2 batches/sec
It 2520, sqrt loss  0.1081, Val sim-RMS 0.1027, Time Loss: 84.4%, data: 0.4%, val: 15.2%,  1.2 batches/sec
It 2555, sqrt loss   0.119, Val sim-RMS 0.08197, Time Loss: 84.4%, data: 0.4%, val: 15.2%,  1.2 batches/sec
It 2590, sqrt loss   0.114, Val sim-RMS 2.057e+06, Time Loss: 84.5%, data: 0.4%, val: 15.2%,  1.2 batches/sec
It 2625, sqrt loss 0.09085, Val sim-RMS    nan, Time Loss: 84.5%, data: 0.4%, val: 15.1%,  1.2 batches/sec
It 2660, sqrt loss 0.09366, Val sim-RMS 0.1071, Time Loss: 84.5%, data: 0.4%, val: 15.1%,  1.2 batches/sec
It 2695, sqrt loss  0.1011, Val sim-RMS 0.1019, Time Loss: 84.5%, data: 0.4%, val: 15.1%,  1.2 batches/sec
It 2730, sqrt loss 0.09718, Val sim-RMS 0.09155, Time Loss: 84.5%, data: 0.4%, val: 15.1%,  1.2 batches/sec
It 2765, sqrt loss  0.1011, Val sim-RMS 0.1033, Time Loss: 84.4%, data: 0.4%, val: 15.2%,  1.2 batches/sec
It 2800, sqrt loss 0.08947, Val sim-RMS  0.098, Time Loss: 84.4%, data: 0.4%, val: 15.2%,  1.3 batches/sec
It 2835, sqrt loss 0.08463, Val sim-RMS 1.607e+18, Time Loss: 84.5%, data: 0.4%, val: 15.2%,  1.3 batches/sec
########## New lowest validation loss achieved ########### sim-RMS = 0.07085019838778235
It 2870, sqrt loss  0.0937, Val sim-RMS 0.07085, Time Loss: 84.5%, data: 0.4%, val: 15.1%,  1.3 batches/sec
It 2905, sqrt loss 0.09621, Val sim-RMS 0.1144, Time Loss: 84.5%, data: 0.4%, val: 15.1%,  1.3 batches/sec
It 2940, sqrt loss 0.08409, Val sim-RMS 5.121e+10, Time Loss: 84.6%, data: 0.4%, val: 15.1%,  1.3 batches/sec
It 2975, sqrt loss 0.08542, Val sim-RMS 1.015e+05, Time Loss: 84.6%, data: 0.4%, val: 15.0%,  1.3 batches/sec
It 3010, sqrt loss 0.09362, Val sim-RMS 0.1035, Time Loss: 84.6%, data: 0.4%, val: 15.0%,  1.3 batches/sec
It 3045, sqrt loss 0.08257, Val sim-RMS 0.1042, Time Loss: 84.6%, data: 0.4%, val: 15.0%,  1.3 batches/sec
It 3080, sqrt loss 0.09521, Val sim-RMS 0.1099, Time Loss: 84.6%, data: 0.4%, val: 15.0%,  1.3 batches/sec
It 3115, sqrt loss 0.08667, Val sim-RMS 1.714e+10, Time Loss: 84.6%, data: 0.4%, val: 15.0%,  1.3 batches/sec
It 3150, sqrt loss 0.09091, Val sim-RMS 0.07277, Time Loss: 84.7%, data: 0.4%, val: 15.0%,  1.3 batches/sec
It 3185, sqrt loss 0.08762, Val sim-RMS 0.1267, Time Loss: 84.7%, data: 0.4%, val: 15.0%,  1.3 batches/sec
It 3220, sqrt loss 0.09181, Val sim-RMS 0.1072, Time Loss: 84.7%, data: 0.4%, val: 15.0%,  1.3 batches/sec
It 3255, sqrt loss 0.08937, Val sim-RMS 0.09192, Time Loss: 84.7%, data: 0.4%, val: 14.9%,  1.3 batches/sec
It 3290, sqrt loss 0.07452, Val sim-RMS 1.018e+12, Time Loss: 84.7%, data: 0.4%, val: 14.9%,  1.3 batches/sec
It 3325, sqrt loss 0.08062, Val sim-RMS 0.09496, Time Loss: 84.7%, data: 0.4%, val: 14.9%,  1.3 batches/sec
It 3360, sqrt loss 0.07928, Val sim-RMS 0.1334, Time Loss: 84.7%, data: 0.4%, val: 14.9%,  1.3 batches/sec
It 3395, sqrt loss   0.106, Val sim-RMS 0.1414, Time Loss: 84.7%, data: 0.4%, val: 14.9%,  1.3 batches/sec
It 3430, sqrt loss 0.08598, Val sim-RMS 0.1247, Time Loss: 84.7%, data: 0.4%, val: 14.9%,  1.3 batches/sec
It 3465, sqrt loss 0.07311, Val sim-RMS 3.359e+06, Time Loss: 84.7%, data: 0.4%, val: 14.9%,  1.3 batches/sec
It 3500, sqrt loss 0.07973, Val sim-RMS 8.758e+05, Time Loss: 84.7%, data: 0.4%, val: 14.9%,  1.3 batches/sec
It 3535, sqrt loss 0.07689, Val sim-RMS 9.374e+09, Time Loss: 84.7%, data: 0.4%, val: 14.9%,  1.3 batches/sec
It 3570, sqrt loss 0.08754, Val sim-RMS 0.1104, Time Loss: 84.7%, data: 0.4%, val: 14.9%,  1.3 batches/sec
It 3605, sqrt loss 0.08587, Val sim-RMS 0.1006, Time Loss: 84.8%, data: 0.3%, val: 14.9%,  1.3 batches/sec
It 3640, sqrt loss 0.06862, Val sim-RMS 0.1078, Time Loss: 84.8%, data: 0.3%, val: 14.9%,  1.3 batches/sec
It 3675, sqrt loss 0.06588, Val sim-RMS 5.807e+04, Time Loss: 84.8%, data: 0.3%, val: 14.9%,  1.3 batches/sec
It 3710, sqrt loss 0.09842, Val sim-RMS  0.112, Time Loss: 84.8%, data: 0.3%, val: 14.9%,  1.3 batches/sec
It 3745, sqrt loss   0.081, Val sim-RMS 0.1067, Time Loss: 84.8%, data: 0.3%, val: 14.9%,  1.3 batches/sec
It 3780, sqrt loss 0.08255, Val sim-RMS 0.1087, Time Loss: 84.8%, data: 0.3%, val: 14.9%,  1.3 batches/sec
It 3815, sqrt loss  0.0734, Val sim-RMS 0.1288, Time Loss: 84.8%, data: 0.3%, val: 14.9%,  1.3 batches/sec
It 3850, sqrt loss 0.07682, Val sim-RMS 1.252e+25, Time Loss: 84.8%, data: 0.3%, val: 14.9%,  1.3 batches/sec
It 3885, sqrt loss 0.06592, Val sim-RMS 0.1018, Time Loss: 84.8%, data: 0.3%, val: 14.9%,  1.3 batches/sec
It 3920, sqrt loss   0.111, Val sim-RMS 0.0957, Time Loss: 84.8%, data: 0.3%, val: 14.9%,  1.3 batches/sec
It 3955, sqrt loss 0.08235, Val sim-RMS 0.1518, Time Loss: 84.8%, data: 0.3%, val: 14.9%,  1.3 batches/sec
It 3990, sqrt loss 0.06419, Val sim-RMS 0.1243, Time Loss: 84.8%, data: 0.3%, val: 14.9%,  1.3 batches/sec
########## New lowest validation loss achieved ########### sim-RMS = 0.05924039490243342
It 4025, sqrt loss 0.06557, Val sim-RMS 0.05924, Time Loss: 84.8%, data: 0.3%, val: 14.8%,  1.3 batches/sec
It 4060, sqrt loss 0.09249, Val sim-RMS 0.1187, Time Loss: 84.8%, data: 0.3%, val: 14.8%,  1.3 batches/sec
It 4095, sqrt loss  0.0693, Val sim-RMS 4.849e+04, Time Loss: 84.8%, data: 0.3%, val: 14.9%,  1.3 batches/sec
It 4130, sqrt loss 0.06282, Val sim-RMS 3.73e+04, Time Loss: 84.8%, data: 0.3%, val: 14.9%,  1.3 batches/sec
It 4165, sqrt loss 0.07147, Val sim-RMS 0.1139, Time Loss: 84.8%, data: 0.3%, val: 14.9%,  1.3 batches/sec
It 4200, sqrt loss 0.07621, Val sim-RMS 4.754e+04, Time Loss: 84.8%, data: 0.3%, val: 14.9%,  1.3 batches/sec
It 4235, sqrt loss 0.07636, Val sim-RMS 0.1099, Time Loss: 84.8%, data: 0.3%, val: 14.8%,  1.3 batches/sec
It 4270, sqrt loss 0.09197, Val sim-RMS 0.1023, Time Loss: 84.8%, data: 0.3%, val: 14.8%,  1.3 batches/sec
It 4305, sqrt loss 0.08831, Val sim-RMS 2.309e+04, Time Loss: 84.8%, data: 0.3%, val: 14.8%,  1.3 batches/sec
It 4340, sqrt loss 0.05883, Val sim-RMS 0.1212, Time Loss: 84.8%, data: 0.3%, val: 14.8%,  1.3 batches/sec
It 4375, sqrt loss 0.06514, Val sim-RMS 0.1325, Time Loss: 84.8%, data: 0.3%, val: 14.8%,  1.3 batches/sec
It 4410, sqrt loss 0.05845, Val sim-RMS 0.1496, Time Loss: 84.9%, data: 0.3%, val: 14.8%,  1.3 batches/sec
It 4445, sqrt loss 0.05611, Val sim-RMS 5.886e+14, Time Loss: 84.9%, data: 0.3%, val: 14.8%,  1.3 batches/sec
It 4480, sqrt loss 0.05481, Val sim-RMS 1.019e+10, Time Loss: 84.9%, data: 0.3%, val: 14.8%,  1.3 batches/sec
It 4515, sqrt loss 0.06255, Val sim-RMS  0.144, Time Loss: 84.9%, data: 0.3%, val: 14.8%,  1.3 batches/sec
It 4550, sqrt loss 0.07719, Val sim-RMS 1.717e+16, Time Loss: 84.9%, data: 0.3%, val: 14.8%,  1.3 batches/sec
It 4585, sqrt loss 0.06367, Val sim-RMS 0.06469, Time Loss: 84.9%, data: 0.3%, val: 14.8%,  1.3 batches/sec
It 4620, sqrt loss 0.06839, Val sim-RMS 0.1127, Time Loss: 84.9%, data: 0.3%, val: 14.8%,  1.3 batches/sec
It 4655, sqrt loss 0.06215, Val sim-RMS 6.951e+07, Time Loss: 84.9%, data: 0.3%, val: 14.8%,  1.4 batches/sec
It 4690, sqrt loss 0.05436, Val sim-RMS 0.1688, Time Loss: 84.9%, data: 0.3%, val: 14.8%,  1.4 batches/sec
It 4725, sqrt loss 0.06592, Val sim-RMS 0.09735, Time Loss: 84.9%, data: 0.3%, val: 14.8%,  1.4 batches/sec
It 4760, sqrt loss 0.09465, Val sim-RMS 1.764e+04, Time Loss: 84.9%, data: 0.3%, val: 14.8%,  1.4 batches/sec
It 4795, sqrt loss  0.0645, Val sim-RMS 1.932e+21, Time Loss: 84.9%, data: 0.3%, val: 14.8%,  1.4 batches/sec
It 4830, sqrt loss 0.06046, Val sim-RMS 0.1576, Time Loss: 84.9%, data: 0.3%, val: 14.8%,  1.4 batches/sec
It 4865, sqrt loss 0.05951, Val sim-RMS 0.1315, Time Loss: 84.9%, data: 0.3%, val: 14.8%,  1.4 batches/sec
It 4900, sqrt loss 0.05544, Val sim-RMS 0.1257, Time Loss: 84.9%, data: 0.3%, val: 14.8%,  1.4 batches/sec
It 4935, sqrt loss 0.05347, Val sim-RMS 0.1797, Time Loss: 84.9%, data: 0.3%, val: 14.8%,  1.4 batches/sec
It 4970, sqrt loss 0.05202, Val sim-RMS 0.1441, Time Loss: 84.9%, data: 0.3%, val: 14.8%,  1.4 batches/sec
It 5005, sqrt loss 0.08448, Val sim-RMS 0.09289, Time Loss: 84.9%, data: 0.3%, val: 14.8%,  1.4 batches/sec
It 5040, sqrt loss 0.07107, Val sim-RMS 0.1559, Time Loss: 84.9%, data: 0.3%, val: 14.8%,  1.4 batches/sec
It 5075, sqrt loss 0.05795, Val sim-RMS 0.1114, Time Loss: 84.9%, data: 0.3%, val: 14.8%,  1.4 batches/sec
It 5110, sqrt loss 0.06194, Val sim-RMS 0.06542, Time Loss: 84.9%, data: 0.3%, val: 14.8%,  1.4 batches/sec
It 5145, sqrt loss 0.06018, Val sim-RMS 1.388e+13, Time Loss: 84.9%, data: 0.3%, val: 14.8%,  1.4 batches/sec
It 5180, sqrt loss 0.05279, Val sim-RMS 9.729e+11, Time Loss: 84.9%, data: 0.3%, val: 14.8%,  1.4 batches/sec
It 5215, sqrt loss 0.06684, Val sim-RMS 0.1103, Time Loss: 84.9%, data: 0.3%, val: 14.8%,  1.4 batches/sec
It 5250, sqrt loss  0.0612, Val sim-RMS  406.2, Time Loss: 84.9%, data: 0.3%, val: 14.7%,  1.4 batches/sec
It 5285, sqrt loss 0.07584, Val sim-RMS 0.1458, Time Loss: 84.9%, data: 0.3%, val: 14.7%,  1.4 batches/sec
It 5320, sqrt loss 0.06698, Val sim-RMS 7.035e+12, Time Loss: 85.0%, data: 0.3%, val: 14.7%,  1.4 batches/sec
It 5355, sqrt loss 0.05062, Val sim-RMS 5.548e+05, Time Loss: 85.0%, data: 0.3%, val: 14.7%,  1.4 batches/sec
It 5390, sqrt loss 0.05943, Val sim-RMS 3.652e+09, Time Loss: 85.0%, data: 0.3%, val: 14.7%,  1.4 batches/sec
It 5425, sqrt loss 0.05481, Val sim-RMS 4.345e+03, Time Loss: 85.0%, data: 0.3%, val: 14.7%,  1.4 batches/sec
It 5460, sqrt loss 0.05702, Val sim-RMS 2.425e+12, Time Loss: 85.0%, data: 0.3%, val: 14.7%,  1.4 batches/sec
It 5495, sqrt loss 0.05804, Val sim-RMS  0.125, Time Loss: 85.0%, data: 0.3%, val: 14.7%,  1.4 batches/sec
It 5530, sqrt loss  0.1126, Val sim-RMS 1.084e+14, Time Loss: 85.0%, data: 0.3%, val: 14.7%,  1.4 batches/sec
########## New lowest validation loss achieved ########### sim-RMS = 0.053854037708692175
It 5565, sqrt loss 0.07169, Val sim-RMS 0.05385, Time Loss: 85.0%, data: 0.3%, val: 14.7%,  1.4 batches/sec
It 5600, sqrt loss 0.05269, Val sim-RMS 0.1795, Time Loss: 85.0%, data: 0.3%, val: 14.7%,  1.4 batches/sec
It 5635, sqrt loss 0.04781, Val sim-RMS   0.12, Time Loss: 85.0%, data: 0.3%, val: 14.7%,  1.4 batches/sec
It 5670, sqrt loss 0.04593, Val sim-RMS 0.1239, Time Loss: 85.0%, data: 0.3%, val: 14.7%,  1.4 batches/sec
It 5705, sqrt loss 0.04626, Val sim-RMS 0.1424, Time Loss: 85.0%, data: 0.3%, val: 14.7%,  1.4 batches/sec
It 5740, sqrt loss 0.04548, Val sim-RMS 2.455e+05, Time Loss: 85.0%, data: 0.3%, val: 14.7%,  1.4 batches/sec
It 5775, sqrt loss 0.05908, Val sim-RMS 0.1606, Time Loss: 85.0%, data: 0.3%, val: 14.7%,  1.4 batches/sec
It 5810, sqrt loss  0.0462, Val sim-RMS 0.1287, Time Loss: 85.0%, data: 0.3%, val: 14.7%,  1.4 batches/sec
It 5845, sqrt loss 0.06311, Val sim-RMS 0.08736, Time Loss: 85.0%, data: 0.3%, val: 14.7%,  1.4 batches/sec
It 5880, sqrt loss 0.08848, Val sim-RMS 0.1309, Time Loss: 85.0%, data: 0.3%, val: 14.7%,  1.4 batches/sec
It 5915, sqrt loss 0.05371, Val sim-RMS 3.341e+14, Time Loss: 85.0%, data: 0.3%, val: 14.7%,  1.4 batches/sec
It 5950, sqrt loss 0.04942, Val sim-RMS 2.926e+11, Time Loss: 85.0%, data: 0.3%, val: 14.7%,  1.4 batches/sec
It 5985, sqrt loss 0.05984, Val sim-RMS 0.1047, Time Loss: 85.0%, data: 0.3%, val: 14.7%,  1.4 batches/sec
It 6020, sqrt loss 0.07527, Val sim-RMS 4.76e+07, Time Loss: 85.0%, data: 0.3%, val: 14.6%,  1.4 batches/sec
It 6055, sqrt loss 0.05315, Val sim-RMS 0.1238, Time Loss: 85.0%, data: 0.3%, val: 14.6%,  1.4 batches/sec
It 6090, sqrt loss 0.04503, Val sim-RMS  450.0, Time Loss: 85.1%, data: 0.3%, val: 14.6%,  1.4 batches/sec
It 6125, sqrt loss 0.04716, Val sim-RMS 0.09802, Time Loss: 85.1%, data: 0.3%, val: 14.6%,  1.4 batches/sec
It 6160, sqrt loss 0.07411, Val sim-RMS 0.1573, Time Loss: 85.1%, data: 0.3%, val: 14.6%,  1.4 batches/sec
It 6195, sqrt loss 0.09876, Val sim-RMS  157.3, Time Loss: 85.1%, data: 0.3%, val: 14.6%,  1.4 batches/sec
It 6230, sqrt loss 0.05941, Val sim-RMS 0.1122, Time Loss: 85.1%, data: 0.3%, val: 14.6%,  1.4 batches/sec
It 6265, sqrt loss 0.04622, Val sim-RMS 0.06365, Time Loss: 85.1%, data: 0.3%, val: 14.6%,  1.4 batches/sec
It 6300, sqrt loss 0.04698, Val sim-RMS 0.1709, Time Loss: 85.1%, data: 0.3%, val: 14.6%,  1.4 batches/sec
It 6335, sqrt loss  0.0504, Val sim-RMS 5.398e+06, Time Loss: 85.1%, data: 0.3%, val: 14.6%,  1.4 batches/sec
It 6370, sqrt loss 0.04113, Val sim-RMS 3.638e+05, Time Loss: 85.1%, data: 0.3%, val: 14.6%,  1.4 batches/sec
It 6405, sqrt loss 0.04222, Val sim-RMS 0.1046, Time Loss: 85.1%, data: 0.3%, val: 14.6%,  1.4 batches/sec
It 6440, sqrt loss 0.04146, Val sim-RMS  0.155, Time Loss: 85.1%, data: 0.3%, val: 14.6%,  1.4 batches/sec
It 6475, sqrt loss 0.04696, Val sim-RMS 0.08576, Time Loss: 85.1%, data: 0.3%, val: 14.6%,  1.4 batches/sec
It 6510, sqrt loss 0.06427, Val sim-RMS  0.136, Time Loss: 85.1%, data: 0.3%, val: 14.6%,  1.4 batches/sec
It 6545, sqrt loss 0.05173, Val sim-RMS   7.52, Time Loss: 85.1%, data: 0.3%, val: 14.6%,  1.4 batches/sec
It 6580, sqrt loss 0.04469, Val sim-RMS 4.837e+13, Time Loss: 85.1%, data: 0.3%, val: 14.6%,  1.4 batches/sec
It 6615, sqrt loss 0.04437, Val sim-RMS 0.1369, Time Loss: 85.1%, data: 0.3%, val: 14.6%,  1.4 batches/sec
It 6650, sqrt loss 0.04515, Val sim-RMS 0.1148, Time Loss: 85.1%, data: 0.3%, val: 14.6%,  1.4 batches/sec
It 6685, sqrt loss 0.04851, Val sim-RMS 0.1222, Time Loss: 85.1%, data: 0.3%, val: 14.6%,  1.4 batches/sec
It 6720, sqrt loss 0.06692, Val sim-RMS  283.4, Time Loss: 85.1%, data: 0.3%, val: 14.6%,  1.4 batches/sec
It 6755, sqrt loss 0.06101, Val sim-RMS 1.006e+11, Time Loss: 85.1%, data: 0.3%, val: 14.6%,  1.4 batches/sec
It 6790, sqrt loss 0.08463, Val sim-RMS 0.06711, Time Loss: 85.1%, data: 0.3%, val: 14.6%,  1.4 batches/sec
It 6825, sqrt loss  0.1415, Val sim-RMS 2.326e+10, Time Loss: 85.1%, data: 0.3%, val: 14.6%,  1.4 batches/sec
It 6860, sqrt loss 0.08206, Val sim-RMS 4.244e+07, Time Loss: 85.1%, data: 0.3%, val: 14.6%,  1.4 batches/sec
It 6895, sqrt loss 0.04664, Val sim-RMS 0.1169, Time Loss: 85.1%, data: 0.3%, val: 14.6%,  1.4 batches/sec
It 6930, sqrt loss 0.04344, Val sim-RMS 2.035e+08, Time Loss: 85.1%, data: 0.3%, val: 14.6%,  1.4 batches/sec
It 6965, sqrt loss 0.03856, Val sim-RMS 0.1466, Time Loss: 85.1%, data: 0.3%, val: 14.6%,  1.4 batches/sec
It 7000, sqrt loss 0.04116, Val sim-RMS 0.1262, Time Loss: 85.1%, data: 0.3%, val: 14.6%,  1.4 batches/sec
It 7035, sqrt loss  0.0483, Val sim-RMS 0.1389, Time Loss: 85.1%, data: 0.3%, val: 14.6%,  1.4 batches/sec
It 7070, sqrt loss 0.04257, Val sim-RMS 0.1479, Time Loss: 85.1%, data: 0.3%, val: 14.6%,  1.4 batches/sec
It 7105, sqrt loss  0.0365, Val sim-RMS 0.1814, Time Loss: 85.1%, data: 0.3%, val: 14.6%,  1.4 batches/sec
It 7140, sqrt loss 0.03711, Val sim-RMS 0.1336, Time Loss: 85.1%, data: 0.3%, val: 14.5%,  1.4 batches/sec
It 7175, sqrt loss 0.03608, Val sim-RMS 0.1142, Time Loss: 85.1%, data: 0.3%, val: 14.6%,  1.5 batches/sec
It 7210, sqrt loss 0.03872, Val sim-RMS 0.1236, Time Loss: 85.1%, data: 0.3%, val: 14.5%,  1.5 batches/sec
It 7245, sqrt loss 0.04281, Val sim-RMS 1.048e+07, Time Loss: 85.1%, data: 0.3%, val: 14.6%,  1.5 batches/sec
It 7280, sqrt loss 0.05472, Val sim-RMS 0.08731, Time Loss: 85.1%, data: 0.3%, val: 14.6%,  1.5 batches/sec
It 7315, sqrt loss 0.06142, Val sim-RMS  242.8, Time Loss: 85.1%, data: 0.3%, val: 14.6%,  1.5 batches/sec
It 7350, sqrt loss 0.04203, Val sim-RMS 7.605e+06, Time Loss: 85.1%, data: 0.3%, val: 14.6%,  1.5 batches/sec
It 7385, sqrt loss 0.04533, Val sim-RMS 0.1402, Time Loss: 85.1%, data: 0.3%, val: 14.6%,  1.5 batches/sec
It 7420, sqrt loss 0.04504, Val sim-RMS 0.1254, Time Loss: 85.1%, data: 0.3%, val: 14.6%,  1.5 batches/sec
It 7455, sqrt loss  0.0384, Val sim-RMS 0.9328, Time Loss: 85.1%, data: 0.3%, val: 14.6%,  1.5 batches/sec
It 7490, sqrt loss 0.04073, Val sim-RMS 0.09371, Time Loss: 85.1%, data: 0.3%, val: 14.6%,  1.5 batches/sec
It 7525, sqrt loss 0.03855, Val sim-RMS 0.08056, Time Loss: 85.1%, data: 0.3%, val: 14.6%,  1.5 batches/sec
It 7560, sqrt loss 0.05184, Val sim-RMS 0.1178, Time Loss: 85.1%, data: 0.3%, val: 14.6%,  1.5 batches/sec
It 7595, sqrt loss 0.08054, Val sim-RMS 0.09187, Time Loss: 85.1%, data: 0.3%, val: 14.6%,  1.5 batches/sec
It 7630, sqrt loss  0.2169, Val sim-RMS 0.09005, Time Loss: 85.1%, data: 0.3%, val: 14.6%,  1.5 batches/sec
It 7665, sqrt loss  0.1174, Val sim-RMS 0.1151, Time Loss: 85.1%, data: 0.3%, val: 14.6%,  1.5 batches/sec
It 7700, sqrt loss 0.05649, Val sim-RMS 0.2353, Time Loss: 85.1%, data: 0.3%, val: 14.6%,  1.5 batches/sec
It 7735, sqrt loss 0.04168, Val sim-RMS 0.1062, Time Loss: 85.1%, data: 0.3%, val: 14.6%,  1.5 batches/sec
It 7770, sqrt loss 0.03772, Val sim-RMS 0.1109, Time Loss: 85.1%, data: 0.3%, val: 14.6%,  1.5 batches/sec
It 7805, sqrt loss 0.03641, Val sim-RMS 0.1546, Time Loss: 85.1%, data: 0.3%, val: 14.6%,  1.5 batches/sec
It 7840, sqrt loss 0.03528, Val sim-RMS 0.1187, Time Loss: 85.1%, data: 0.3%, val: 14.6%,  1.5 batches/sec
It 7875, sqrt loss 0.03396, Val sim-RMS 0.1226, Time Loss: 85.1%, data: 0.3%, val: 14.6%,  1.5 batches/sec
It 7910, sqrt loss 0.03447, Val sim-RMS 0.1322, Time Loss: 85.1%, data: 0.3%, val: 14.6%,  1.5 batches/sec
It 7945, sqrt loss 0.03359, Val sim-RMS 0.09724, Time Loss: 85.1%, data: 0.3%, val: 14.6%,  1.5 batches/sec
It 7980, sqrt loss 0.03658, Val sim-RMS 0.1077, Time Loss: 85.1%, data: 0.3%, val: 14.6%,  1.5 batches/sec
It 8015, sqrt loss 0.03904, Val sim-RMS 0.07538, Time Loss: 85.1%, data: 0.3%, val: 14.6%,  1.5 batches/sec
It 8050, sqrt loss 0.03915, Val sim-RMS 0.07087, Time Loss: 85.1%, data: 0.3%, val: 14.6%,  1.5 batches/sec
It 8085, sqrt loss 0.04098, Val sim-RMS 0.1007, Time Loss: 85.1%, data: 0.3%, val: 14.6%,  1.5 batches/sec
It 8120, sqrt loss 0.03405, Val sim-RMS 0.1008, Time Loss: 85.1%, data: 0.3%, val: 14.6%,  1.5 batches/sec
It 8155, sqrt loss 0.03608, Val sim-RMS 0.09016, Time Loss: 85.1%, data: 0.3%, val: 14.6%,  1.5 batches/sec
It 8190, sqrt loss 0.03643, Val sim-RMS 0.08456, Time Loss: 85.1%, data: 0.3%, val: 14.6%,  1.5 batches/sec
It 8225, sqrt loss 0.03677, Val sim-RMS  0.112, Time Loss: 85.1%, data: 0.3%, val: 14.6%,  1.5 batches/sec
It 8260, sqrt loss 0.03713, Val sim-RMS 0.1248, Time Loss: 85.1%, data: 0.3%, val: 14.6%,  1.5 batches/sec
It 8295, sqrt loss 0.03544, Val sim-RMS 0.08346, Time Loss: 85.1%, data: 0.3%, val: 14.6%,  1.5 batches/sec
It 8330, sqrt loss 0.03986, Val sim-RMS 0.1004, Time Loss: 85.1%, data: 0.3%, val: 14.6%,  1.5 batches/sec
It 8365, sqrt loss 0.03586, Val sim-RMS 0.06799, Time Loss: 85.1%, data: 0.3%, val: 14.6%,  1.5 batches/sec
It 8400, sqrt loss 0.03682, Val sim-RMS 0.2182, Time Loss: 85.1%, data: 0.3%, val: 14.6%,  1.5 batches/sec
It 8435, sqrt loss 0.04186, Val sim-RMS 0.1196, Time Loss: 85.1%, data: 0.3%, val: 14.6%,  1.5 batches/sec
It 8470, sqrt loss 0.05242, Val sim-RMS 0.1091, Time Loss: 85.1%, data: 0.3%, val: 14.6%,  1.5 batches/sec
It 8505, sqrt loss 0.03808, Val sim-RMS 0.1033, Time Loss: 85.1%, data: 0.3%, val: 14.6%,  1.5 batches/sec
It 8540, sqrt loss  0.0334, Val sim-RMS 0.07657, Time Loss: 85.1%, data: 0.3%, val: 14.6%,  1.5 batches/sec
It 8575, sqrt loss 0.03931, Val sim-RMS 0.09097, Time Loss: 85.1%, data: 0.3%, val: 14.6%,  1.5 batches/sec
It 8610, sqrt loss 0.03686, Val sim-RMS 0.09332, Time Loss: 85.1%, data: 0.3%, val: 14.6%,  1.5 batches/sec
It 8645, sqrt loss 0.04294, Val sim-RMS 0.08258, Time Loss: 85.1%, data: 0.3%, val: 14.6%,  1.5 batches/sec
It 8680, sqrt loss 0.07064, Val sim-RMS 0.08985, Time Loss: 85.1%, data: 0.3%, val: 14.6%,  1.5 batches/sec
It 8715, sqrt loss 0.06369, Val sim-RMS  176.7, Time Loss: 85.1%, data: 0.3%, val: 14.6%,  1.5 batches/sec
It 8750, sqrt loss 0.03944, Val sim-RMS 0.0808, Time Loss: 85.1%, data: 0.3%, val: 14.6%,  1.5 batches/sec
It 8785, sqrt loss 0.03789, Val sim-RMS 0.09794, Time Loss: 85.1%, data: 0.3%, val: 14.6%,  1.5 batches/sec
It 8820, sqrt loss 0.03476, Val sim-RMS 0.05885, Time Loss: 85.1%, data: 0.3%, val: 14.6%,  1.5 batches/sec
It 8855, sqrt loss 0.03622, Val sim-RMS 0.09764, Time Loss: 85.1%, data: 0.3%, val: 14.6%,  1.5 batches/sec
It 8890, sqrt loss 0.03987, Val sim-RMS 0.0721, Time Loss: 85.1%, data: 0.3%, val: 14.6%,  1.5 batches/sec
########## New lowest validation loss achieved ########### sim-RMS = 0.04161759940054335
It 8925, sqrt loss 0.05799, Val sim-RMS 0.04162, Time Loss: 85.1%, data: 0.3%, val: 14.6%,  1.5 batches/sec
It 8960, sqrt loss 0.06543, Val sim-RMS 0.06277, Time Loss: 85.1%, data: 0.3%, val: 14.6%,  1.5 batches/sec
It 8995, sqrt loss  0.2758, Val sim-RMS 0.1361, Time Loss: 85.1%, data: 0.3%, val: 14.6%,  1.5 batches/sec
It 9030, sqrt loss  0.4596, Val sim-RMS 0.1372, Time Loss: 85.1%, data: 0.3%, val: 14.6%,  1.5 batches/sec
It 9065, sqrt loss  0.2136, Val sim-RMS 0.1151, Time Loss: 85.1%, data: 0.3%, val: 14.6%,  1.5 batches/sec
It 9100, sqrt loss  0.1123, Val sim-RMS 0.1033, Time Loss: 85.1%, data: 0.3%, val: 14.6%,  1.5 batches/sec
It 9135, sqrt loss 0.09123, Val sim-RMS 0.1176, Time Loss: 85.1%, data: 0.3%, val: 14.6%,  1.5 batches/sec
It 9170, sqrt loss 0.07722, Val sim-RMS 0.1064, Time Loss: 85.1%, data: 0.3%, val: 14.6%,  1.5 batches/sec
It 9205, sqrt loss 0.07097, Val sim-RMS 0.1048, Time Loss: 85.1%, data: 0.3%, val: 14.6%,  1.5 batches/sec
It 9240, sqrt loss 0.06901, Val sim-RMS 0.1432, Time Loss: 85.1%, data: 0.3%, val: 14.6%,  1.5 batches/sec
It 9275, sqrt loss  0.0646, Val sim-RMS 0.09456, Time Loss: 85.1%, data: 0.3%, val: 14.6%,  1.5 batches/sec
It 9310, sqrt loss 0.05961, Val sim-RMS 0.09762, Time Loss: 85.1%, data: 0.3%, val: 14.6%,  1.5 batches/sec
It 9345, sqrt loss  0.0567, Val sim-RMS 0.1053, Time Loss: 85.1%, data: 0.3%, val: 14.6%,  1.5 batches/sec
It 9380, sqrt loss 0.05576, Val sim-RMS 0.1338, Time Loss: 85.1%, data: 0.3%, val: 14.6%,  1.5 batches/sec
It 9415, sqrt loss 0.05785, Val sim-RMS 0.1116, Time Loss: 85.1%, data: 0.3%, val: 14.6%,  1.5 batches/sec
It 9450, sqrt loss 0.05527, Val sim-RMS  0.126, Time Loss: 85.1%, data: 0.3%, val: 14.6%,  1.5 batches/sec
It 9485, sqrt loss 0.05201, Val sim-RMS 0.09721, Time Loss: 85.1%, data: 0.3%, val: 14.6%,  1.5 batches/sec
It 9520, sqrt loss  0.0502, Val sim-RMS 0.0904, Time Loss: 85.1%, data: 0.3%, val: 14.6%,  1.5 batches/sec
It 9555, sqrt loss 0.04847, Val sim-RMS 0.1009, Time Loss: 85.1%, data: 0.3%, val: 14.6%,  1.5 batches/sec
It 9590, sqrt loss 0.04832, Val sim-RMS 0.0942, Time Loss: 85.1%, data: 0.3%, val: 14.6%,  1.5 batches/sec
It 9625, sqrt loss 0.04547, Val sim-RMS 0.1104, Time Loss: 85.1%, data: 0.3%, val: 14.6%,  1.5 batches/sec
It 9660, sqrt loss 0.04757, Val sim-RMS 0.1116, Time Loss: 85.1%, data: 0.3%, val: 14.6%,  1.5 batches/sec
It 9695, sqrt loss 0.04846, Val sim-RMS 0.09867, Time Loss: 85.1%, data: 0.3%, val: 14.6%,  1.5 batches/sec
It 9730, sqrt loss 0.04491, Val sim-RMS 0.09633, Time Loss: 85.1%, data: 0.3%, val: 14.6%,  1.5 batches/sec
It 9765, sqrt loss 0.04368, Val sim-RMS 0.0952, Time Loss: 85.1%, data: 0.3%, val: 14.6%,  1.5 batches/sec
It 9800, sqrt loss 0.04475, Val sim-RMS 0.1075, Time Loss: 85.1%, data: 0.3%, val: 14.6%,  1.5 batches/sec
It 9835, sqrt loss 0.04541, Val sim-RMS 0.1115, Time Loss: 85.1%, data: 0.3%, val: 14.6%,  1.5 batches/sec
It 9870, sqrt loss 0.04362, Val sim-RMS 0.1108, Time Loss: 85.1%, data: 0.3%, val: 14.6%,  1.5 batches/sec
It 9905, sqrt loss 0.04199, Val sim-RMS 0.07802, Time Loss: 85.1%, data: 0.3%, val: 14.6%,  1.5 batches/sec
It 9940, sqrt loss 0.04213, Val sim-RMS 0.09688, Time Loss: 85.1%, data: 0.3%, val: 14.6%,  1.5 batches/sec
It 9975, sqrt loss 0.05369, Val sim-RMS 0.09936, Time Loss: 85.1%, data: 0.3%, val: 14.6%,  1.5 batches/sec
It 10010, sqrt loss 0.05085, Val sim-RMS 0.07549, Time Loss: 85.1%, data: 0.3%, val: 14.6%,  1.5 batches/sec
It 10045, sqrt loss 0.05029, Val sim-RMS 0.08954, Time Loss: 85.1%, data: 0.3%, val: 14.6%,  1.5 batches/sec
It 10080, sqrt loss 0.05041, Val sim-RMS 0.07007, Time Loss: 85.1%, data: 0.3%, val: 14.6%,  1.5 batches/sec
It 10115, sqrt loss 0.04121, Val sim-RMS 0.06767, Time Loss: 85.1%, data: 0.3%, val: 14.6%,  1.5 batches/sec
It 10150, sqrt loss 0.04009, Val sim-RMS 0.0839, Time Loss: 85.1%, data: 0.3%, val: 14.6%,  1.5 batches/sec
It 10185, sqrt loss 0.03829, Val sim-RMS 0.08745, Time Loss: 85.1%, data: 0.3%, val: 14.6%,  1.5 batches/sec
It 10220, sqrt loss 0.03726, Val sim-RMS 0.0861, Time Loss: 85.1%, data: 0.3%, val: 14.6%,  1.5 batches/sec
It 10255, sqrt loss 0.03757, Val sim-RMS 0.1091, Time Loss: 85.1%, data: 0.3%, val: 14.6%,  1.5 batches/sec
It 10290, sqrt loss 0.04308, Val sim-RMS 0.07556, Time Loss: 85.1%, data: 0.3%, val: 14.6%,  1.5 batches/sec
It 10325, sqrt loss 0.03768, Val sim-RMS 0.0758, Time Loss: 85.1%, data: 0.3%, val: 14.6%,  1.5 batches/sec
It 10360, sqrt loss 0.04535, Val sim-RMS 0.06497, Time Loss: 85.1%, data: 0.3%, val: 14.6%,  1.5 batches/sec
It 10395, sqrt loss 0.03641, Val sim-RMS 0.1022, Time Loss: 85.1%, data: 0.3%, val: 14.6%,  1.5 batches/sec
It 10430, sqrt loss  0.0384, Val sim-RMS 0.08233, Time Loss: 85.1%, data: 0.3%, val: 14.6%,  1.5 batches/sec
It 10465, sqrt loss 0.03934, Val sim-RMS 0.09966, Time Loss: 85.1%, data: 0.3%, val: 14.6%,  1.5 batches/sec
It 10500, sqrt loss 0.03664, Val sim-RMS 0.1114, Time Loss: 85.1%, data: 0.3%, val: 14.6%,  1.5 batches/sec
It 10535, sqrt loss 0.04055, Val sim-RMS 0.05932, Time Loss: 85.1%, data: 0.3%, val: 14.6%,  1.5 batches/sec
It 10570, sqrt loss 0.04254, Val sim-RMS 0.09674, Time Loss: 85.1%, data: 0.3%, val: 14.6%,  1.5 batches/sec
It 10605, sqrt loss 0.04381, Val sim-RMS 0.1012, Time Loss: 85.1%, data: 0.3%, val: 14.6%,  1.5 batches/sec
It 10640, sqrt loss 0.03725, Val sim-RMS 0.07348, Time Loss: 85.1%, data: 0.3%, val: 14.6%,  1.5 batches/sec
########## New lowest validation loss achieved ########### sim-RMS = 0.03441171939049903
It 10675, sqrt loss 0.03428, Val sim-RMS 0.03441, Time Loss: 85.1%, data: 0.3%, val: 14.6%,  1.5 batches/sec
It 10710, sqrt loss 0.03713, Val sim-RMS 0.06151, Time Loss: 85.1%, data: 0.3%, val: 14.6%,  1.5 batches/sec
It 10745, sqrt loss 0.04639, Val sim-RMS 0.08914, Time Loss: 85.1%, data: 0.3%, val: 14.6%,  1.5 batches/sec
########## New lowest validation loss achieved ########### sim-RMS = 0.030526377856402692
It 10780, sqrt loss 0.05102, Val sim-RMS 0.03053, Time Loss: 85.1%, data: 0.3%, val: 14.6%,  1.5 batches/sec
It 10815, sqrt loss 0.04701, Val sim-RMS 0.07692, Time Loss: 85.1%, data: 0.3%, val: 14.6%,  1.5 batches/sec
It 10850, sqrt loss 0.06821, Val sim-RMS 0.05605, Time Loss: 85.1%, data: 0.3%, val: 14.6%,  1.5 batches/sec
It 10885, sqrt loss  0.1233, Val sim-RMS 0.1129, Time Loss: 85.1%, data: 0.3%, val: 14.6%,  1.5 batches/sec
It 10920, sqrt loss  0.1134, Val sim-RMS 0.04481, Time Loss: 85.1%, data: 0.3%, val: 14.6%,  1.5 batches/sec
It 10955, sqrt loss 0.05403, Val sim-RMS  0.079, Time Loss: 85.1%, data: 0.3%, val: 14.6%,  1.5 batches/sec
It 10990, sqrt loss 0.03738, Val sim-RMS 0.08195, Time Loss: 85.1%, data: 0.3%, val: 14.6%,  1.5 batches/sec
It 11025, sqrt loss 0.03502, Val sim-RMS 0.07338, Time Loss: 85.1%, data: 0.3%, val: 14.6%,  1.5 batches/sec
It 11060, sqrt loss 0.03234, Val sim-RMS 0.08438, Time Loss: 85.1%, data: 0.3%, val: 14.6%,  1.5 batches/sec
It 11095, sqrt loss 0.03194, Val sim-RMS 0.09333, Time Loss: 85.1%, data: 0.3%, val: 14.6%,  1.5 batches/sec
It 11130, sqrt loss 0.03034, Val sim-RMS 0.08074, Time Loss: 85.1%, data: 0.3%, val: 14.6%,  1.5 batches/sec
It 11165, sqrt loss 0.03003, Val sim-RMS 0.06405, Time Loss: 85.1%, data: 0.3%, val: 14.6%,  1.5 batches/sec
It 11200, sqrt loss 0.03093, Val sim-RMS 0.04838, Time Loss: 85.1%, data: 0.3%, val: 14.6%,  1.5 batches/sec
It 11235, sqrt loss 0.03095, Val sim-RMS 0.07804, Time Loss: 85.1%, data: 0.3%, val: 14.6%,  1.5 batches/sec
It 11270, sqrt loss 0.02939, Val sim-RMS 0.06966, Time Loss: 85.1%, data: 0.3%, val: 14.6%,  1.5 batches/sec
It 11305, sqrt loss  0.0287, Val sim-RMS 0.08139, Time Loss: 85.1%, data: 0.3%, val: 14.6%,  1.5 batches/sec
It 11340, sqrt loss 0.02973, Val sim-RMS 0.08279, Time Loss: 85.1%, data: 0.3%, val: 14.6%,  1.5 batches/sec
It 11375, sqrt loss 0.03007, Val sim-RMS 0.07066, Time Loss: 85.1%, data: 0.3%, val: 14.6%,  1.5 batches/sec
It 11410, sqrt loss  0.0322, Val sim-RMS  0.066, Time Loss: 85.1%, data: 0.3%, val: 14.6%,  1.5 batches/sec
It 11445, sqrt loss 0.03502, Val sim-RMS 0.07539, Time Loss: 85.1%, data: 0.3%, val: 14.6%,  1.5 batches/sec
It 11480, sqrt loss 0.03285, Val sim-RMS 0.05464, Time Loss: 85.1%, data: 0.3%, val: 14.6%,  1.5 batches/sec
It 11515, sqrt loss 0.03164, Val sim-RMS 0.06702, Time Loss: 85.1%, data: 0.3%, val: 14.6%,  1.5 batches/sec
It 11550, sqrt loss 0.03811, Val sim-RMS 0.05893, Time Loss: 85.1%, data: 0.3%, val: 14.6%,  1.5 batches/sec
It 11585, sqrt loss 0.04146, Val sim-RMS 0.05013, Time Loss: 85.1%, data: 0.3%, val: 14.6%,  1.5 batches/sec
It 11620, sqrt loss 0.05139, Val sim-RMS 0.04315, Time Loss: 85.1%, data: 0.3%, val: 14.6%,  1.5 batches/sec
It 11655, sqrt loss 0.03805, Val sim-RMS 0.07435, Time Loss: 85.1%, data: 0.3%, val: 14.6%,  1.5 batches/sec
It 11690, sqrt loss 0.02968, Val sim-RMS 0.06805, Time Loss: 85.1%, data: 0.3%, val: 14.6%,  1.5 batches/sec
It 11725, sqrt loss 0.03469, Val sim-RMS 0.07917, Time Loss: 85.1%, data: 0.3%, val: 14.6%,  1.5 batches/sec
It 11760, sqrt loss 0.03403, Val sim-RMS 0.08644, Time Loss: 85.1%, data: 0.3%, val: 14.6%,  1.5 batches/sec
It 11795, sqrt loss 0.03502, Val sim-RMS 0.08694, Time Loss: 85.1%, data: 0.3%, val: 14.6%,  1.5 batches/sec
It 11830, sqrt loss 0.03635, Val sim-RMS 0.06762, Time Loss: 85.1%, data: 0.3%, val: 14.6%,  1.5 batches/sec
It 11865, sqrt loss 0.05551, Val sim-RMS 0.09948, Time Loss: 85.1%, data: 0.3%, val: 14.6%,  1.5 batches/sec
It 11900, sqrt loss 0.06208, Val sim-RMS 0.05539, Time Loss: 85.1%, data: 0.3%, val: 14.6%,  1.5 batches/sec
It 11935, sqrt loss 0.06569, Val sim-RMS 0.09178, Time Loss: 85.1%, data: 0.3%, val: 14.6%,  1.5 batches/sec
It 11970, sqrt loss 0.07477, Val sim-RMS 0.08164, Time Loss: 85.1%, data: 0.3%, val: 14.6%,  1.5 batches/sec
It 12005, sqrt loss 0.03675, Val sim-RMS 0.06185, Time Loss: 85.1%, data: 0.3%, val: 14.6%,  1.5 batches/sec
It 12040, sqrt loss 0.02733, Val sim-RMS 0.06872, Time Loss: 85.1%, data: 0.3%, val: 14.6%,  1.5 batches/sec
It 12075, sqrt loss 0.02695, Val sim-RMS 0.07247, Time Loss: 85.1%, data: 0.3%, val: 14.7%,  1.5 batches/sec
It 12110, sqrt loss 0.02662, Val sim-RMS 0.07615, Time Loss: 85.1%, data: 0.3%, val: 14.7%,  1.5 batches/sec
It 12145, sqrt loss 0.02705, Val sim-RMS 0.0708, Time Loss: 85.1%, data: 0.3%, val: 14.7%,  1.5 batches/sec
It 12180, sqrt loss  0.0297, Val sim-RMS 0.05303, Time Loss: 85.1%, data: 0.3%, val: 14.7%,  1.5 batches/sec
It 12215, sqrt loss 0.06535, Val sim-RMS 0.06422, Time Loss: 85.1%, data: 0.3%, val: 14.7%,  1.5 batches/sec
It 12250, sqrt loss 0.05257, Val sim-RMS 0.05642, Time Loss: 85.1%, data: 0.3%, val: 14.7%,  1.5 batches/sec
It 12285, sqrt loss 0.03478, Val sim-RMS 0.08901, Time Loss: 85.1%, data: 0.3%, val: 14.7%,  1.5 batches/sec
It 12320, sqrt loss 0.03701, Val sim-RMS 0.06332, Time Loss: 85.1%, data: 0.3%, val: 14.7%,  1.5 batches/sec
It 12355, sqrt loss 0.03364, Val sim-RMS  0.051, Time Loss: 85.1%, data: 0.3%, val: 14.7%,  1.5 batches/sec
It 12390, sqrt loss 0.02878, Val sim-RMS 0.06135, Time Loss: 85.1%, data: 0.3%, val: 14.7%,  1.5 batches/sec
It 12425, sqrt loss 0.02701, Val sim-RMS 0.05639, Time Loss: 85.1%, data: 0.3%, val: 14.7%,  1.5 batches/sec
It 12460, sqrt loss 0.04073, Val sim-RMS 0.0735, Time Loss: 85.0%, data: 0.3%, val: 14.7%,  1.5 batches/sec
It 12495, sqrt loss 0.03235, Val sim-RMS 0.06078, Time Loss: 85.0%, data: 0.3%, val: 14.7%,  1.5 batches/sec
It 12530, sqrt loss 0.03264, Val sim-RMS 0.1101, Time Loss: 85.0%, data: 0.3%, val: 14.7%,  1.5 batches/sec
It 12565, sqrt loss 0.02644, Val sim-RMS 0.06903, Time Loss: 85.0%, data: 0.3%, val: 14.7%,  1.5 batches/sec
It 12600, sqrt loss 0.02927, Val sim-RMS 0.06676, Time Loss: 85.0%, data: 0.3%, val: 14.7%,  1.5 batches/sec
It 12635, sqrt loss 0.03164, Val sim-RMS 0.0633, Time Loss: 85.0%, data: 0.3%, val: 14.7%,  1.5 batches/sec
It 12670, sqrt loss 0.02765, Val sim-RMS 0.07379, Time Loss: 85.0%, data: 0.3%, val: 14.7%,  1.5 batches/sec
It 12705, sqrt loss 0.03065, Val sim-RMS 0.05025, Time Loss: 85.0%, data: 0.3%, val: 14.7%,  1.5 batches/sec
It 12740, sqrt loss  0.0319, Val sim-RMS 0.06652, Time Loss: 85.0%, data: 0.3%, val: 14.7%,  1.5 batches/sec
It 12775, sqrt loss  0.1879, Val sim-RMS 0.1131, Time Loss: 85.0%, data: 0.3%, val: 14.7%,  1.5 batches/sec
It 12810, sqrt loss  0.1269, Val sim-RMS 0.06295, Time Loss: 85.0%, data: 0.3%, val: 14.7%,  1.5 batches/sec
It 12845, sqrt loss  0.0519, Val sim-RMS 0.08479, Time Loss: 85.0%, data: 0.3%, val: 14.7%,  1.5 batches/sec
It 12880, sqrt loss 0.03829, Val sim-RMS 0.06705, Time Loss: 85.0%, data: 0.3%, val: 14.7%,  1.5 batches/sec
It 12915, sqrt loss 0.03204, Val sim-RMS 0.09032, Time Loss: 85.0%, data: 0.3%, val: 14.7%,  1.5 batches/sec
It 12950, sqrt loss 0.02887, Val sim-RMS 0.06423, Time Loss: 85.0%, data: 0.3%, val: 14.7%,  1.5 batches/sec
It 12985, sqrt loss 0.02769, Val sim-RMS 0.07342, Time Loss: 85.0%, data: 0.3%, val: 14.7%,  1.5 batches/sec
It 13020, sqrt loss  0.0269, Val sim-RMS 0.07852, Time Loss: 85.0%, data: 0.3%, val: 14.7%,  1.5 batches/sec
It 13055, sqrt loss 0.02708, Val sim-RMS 0.05934, Time Loss: 85.0%, data: 0.3%, val: 14.7%,  1.5 batches/sec
It 13090, sqrt loss 0.02773, Val sim-RMS 0.06587, Time Loss: 85.0%, data: 0.3%, val: 14.7%,  1.5 batches/sec
It 13125, sqrt loss 0.02817, Val sim-RMS 0.07934, Time Loss: 85.0%, data: 0.3%, val: 14.7%,  1.5 batches/sec
It 13160, sqrt loss 0.02643, Val sim-RMS 0.06399, Time Loss: 85.0%, data: 0.3%, val: 14.7%,  1.5 batches/sec
It 13195, sqrt loss 0.02456, Val sim-RMS 0.07142, Time Loss: 85.0%, data: 0.3%, val: 14.7%,  1.5 batches/sec
It 13230, sqrt loss 0.02482, Val sim-RMS 0.08644, Time Loss: 85.0%, data: 0.3%, val: 14.7%,  1.5 batches/sec
It 13265, sqrt loss 0.02764, Val sim-RMS 0.0804, Time Loss: 85.0%, data: 0.3%, val: 14.7%,  1.5 batches/sec
It 13300, sqrt loss 0.02737, Val sim-RMS 0.09295, Time Loss: 85.0%, data: 0.3%, val: 14.7%,  1.5 batches/sec
It 13335, sqrt loss 0.02684, Val sim-RMS 0.05652, Time Loss: 85.0%, data: 0.3%, val: 14.7%,  1.5 batches/sec
It 13370, sqrt loss 0.02969, Val sim-RMS 0.06372, Time Loss: 85.0%, data: 0.3%, val: 14.7%,  1.5 batches/sec
It 13405, sqrt loss 0.03119, Val sim-RMS 0.05712, Time Loss: 85.0%, data: 0.3%, val: 14.7%,  1.5 batches/sec
It 13440, sqrt loss 0.03167, Val sim-RMS  0.093, Time Loss: 85.0%, data: 0.3%, val: 14.7%,  1.5 batches/sec
It 13475, sqrt loss 0.02905, Val sim-RMS 0.06781, Time Loss: 85.0%, data: 0.3%, val: 14.7%,  1.5 batches/sec
It 13510, sqrt loss 0.02526, Val sim-RMS 0.06551, Time Loss: 85.0%, data: 0.3%, val: 14.7%,  1.5 batches/sec
It 13545, sqrt loss 0.02555, Val sim-RMS 0.07816, Time Loss: 85.0%, data: 0.3%, val: 14.8%,  1.5 batches/sec
It 13580, sqrt loss 0.02509, Val sim-RMS 0.0519, Time Loss: 85.0%, data: 0.3%, val: 14.7%,  1.5 batches/sec
It 13615, sqrt loss 0.03382, Val sim-RMS 0.07275, Time Loss: 85.0%, data: 0.3%, val: 14.8%,  1.5 batches/sec
It 13650, sqrt loss  0.0303, Val sim-RMS 0.08411, Time Loss: 85.0%, data: 0.3%, val: 14.8%,  1.5 batches/sec
It 13685, sqrt loss 0.02897, Val sim-RMS 0.08786, Time Loss: 85.0%, data: 0.3%, val: 14.8%,  1.5 batches/sec
It 13720, sqrt loss 0.02664, Val sim-RMS  0.079, Time Loss: 85.0%, data: 0.3%, val: 14.8%,  1.5 batches/sec
It 13755, sqrt loss 0.03737, Val sim-RMS 0.07915, Time Loss: 85.0%, data: 0.3%, val: 14.8%,  1.5 batches/sec
It 13790, sqrt loss 0.04116, Val sim-RMS 0.0602, Time Loss: 85.0%, data: 0.3%, val: 14.8%,  1.5 batches/sec
It 13825, sqrt loss 0.05037, Val sim-RMS 0.04162, Time Loss: 85.0%, data: 0.3%, val: 14.8%,  1.5 batches/sec
It 13860, sqrt loss 0.06424, Val sim-RMS 0.09514, Time Loss: 85.0%, data: 0.3%, val: 14.8%,  1.5 batches/sec
It 13895, sqrt loss   0.205, Val sim-RMS 0.1012, Time Loss: 85.0%, data: 0.3%, val: 14.8%,  1.5 batches/sec
It 13930, sqrt loss  0.1458, Val sim-RMS 0.1428, Time Loss: 85.0%, data: 0.3%, val: 14.8%,  1.5 batches/sec
It 13965, sqrt loss 0.05717, Val sim-RMS 0.04909, Time Loss: 85.0%, data: 0.3%, val: 14.8%,  1.5 batches/sec
It 14000, sqrt loss 0.03618, Val sim-RMS 0.07199, Time Loss: 85.0%, data: 0.3%, val: 14.8%,  1.5 batches/sec
It 14035, sqrt loss 0.03227, Val sim-RMS 0.1037, Time Loss: 85.0%, data: 0.3%, val: 14.8%,  1.5 batches/sec
It 14070, sqrt loss 0.02898, Val sim-RMS 0.08183, Time Loss: 85.0%, data: 0.3%, val: 14.8%,  1.5 batches/sec
It 14105, sqrt loss 0.03024, Val sim-RMS 0.09076, Time Loss: 85.0%, data: 0.3%, val: 14.8%,  1.5 batches/sec
It 14140, sqrt loss  0.0269, Val sim-RMS 0.06045, Time Loss: 85.0%, data: 0.3%, val: 14.8%,  1.5 batches/sec
It 14175, sqrt loss 0.02564, Val sim-RMS 0.0754, Time Loss: 84.9%, data: 0.3%, val: 14.8%,  1.5 batches/sec
It 14210, sqrt loss 0.02567, Val sim-RMS 0.07019, Time Loss: 84.9%, data: 0.3%, val: 14.8%,  1.5 batches/sec
It 14245, sqrt loss 0.02504, Val sim-RMS 0.07211, Time Loss: 84.9%, data: 0.3%, val: 14.8%,  1.5 batches/sec
It 14280, sqrt loss  0.0246, Val sim-RMS 0.05943, Time Loss: 84.9%, data: 0.3%, val: 14.8%,  1.5 batches/sec
It 14315, sqrt loss 0.02381, Val sim-RMS 0.1029, Time Loss: 84.9%, data: 0.3%, val: 14.8%,  1.5 batches/sec
It 14350, sqrt loss 0.02372, Val sim-RMS 0.09128, Time Loss: 84.9%, data: 0.3%, val: 14.8%,  1.5 batches/sec
It 14385, sqrt loss 0.02527, Val sim-RMS 0.06527, Time Loss: 84.9%, data: 0.3%, val: 14.8%,  1.5 batches/sec
It 14420, sqrt loss 0.02498, Val sim-RMS 0.07165, Time Loss: 84.9%, data: 0.3%, val: 14.8%,  1.5 batches/sec
It 14455, sqrt loss 0.02413, Val sim-RMS 0.07972, Time Loss: 84.9%, data: 0.3%, val: 14.8%,  1.5 batches/sec
It 14490, sqrt loss 0.02455, Val sim-RMS 0.08214, Time Loss: 84.9%, data: 0.3%, val: 14.8%,  1.5 batches/sec
It 14525, sqrt loss 0.02294, Val sim-RMS 0.06579, Time Loss: 84.9%, data: 0.3%, val: 14.8%,  1.5 batches/sec
It 14560, sqrt loss 0.02388, Val sim-RMS 0.08977, Time Loss: 84.9%, data: 0.3%, val: 14.8%,  1.5 batches/sec
It 14595, sqrt loss 0.02467, Val sim-RMS 0.06017, Time Loss: 84.9%, data: 0.3%, val: 14.8%,  1.5 batches/sec
It 14630, sqrt loss 0.02649, Val sim-RMS 0.08032, Time Loss: 84.9%, data: 0.3%, val: 14.8%,  1.5 batches/sec
It 14665, sqrt loss 0.02497, Val sim-RMS 0.07265, Time Loss: 84.9%, data: 0.3%, val: 14.8%,  1.5 batches/sec
It 14700, sqrt loss 0.02397, Val sim-RMS 0.08895, Time Loss: 84.9%, data: 0.3%, val: 14.8%,  1.5 batches/sec
It 14735, sqrt loss 0.02342, Val sim-RMS 0.06663, Time Loss: 84.9%, data: 0.3%, val: 14.8%,  1.5 batches/sec
It 14770, sqrt loss  0.0301, Val sim-RMS 0.08952, Time Loss: 84.9%, data: 0.3%, val: 14.8%,  1.5 batches/sec
It 14805, sqrt loss 0.03209, Val sim-RMS 0.05123, Time Loss: 84.9%, data: 0.3%, val: 14.8%,  1.5 batches/sec
It 14840, sqrt loss 0.02548, Val sim-RMS 0.08373, Time Loss: 84.9%, data: 0.3%, val: 14.8%,  1.5 batches/sec
It 14875, sqrt loss 0.02551, Val sim-RMS 0.06944, Time Loss: 84.9%, data: 0.3%, val: 14.8%,  1.5 batches/sec
It 14910, sqrt loss 0.02935, Val sim-RMS 0.0664, Time Loss: 84.9%, data: 0.3%, val: 14.8%,  1.5 batches/sec
It 14945, sqrt loss  0.0285, Val sim-RMS 0.06628, Time Loss: 84.9%, data: 0.3%, val: 14.8%,  1.5 batches/sec
It 14980, sqrt loss 0.02518, Val sim-RMS 0.07435, Time Loss: 84.9%, data: 0.3%, val: 14.8%,  1.5 batches/sec
It 15015, sqrt loss 0.03132, Val sim-RMS 0.08462, Time Loss: 84.9%, data: 0.3%, val: 14.8%,  1.5 batches/sec
It 15050, sqrt loss 0.02602, Val sim-RMS 0.06509, Time Loss: 84.9%, data: 0.3%, val: 14.8%,  1.5 batches/sec
It 15085, sqrt loss 0.02323, Val sim-RMS 0.08112, Time Loss: 84.9%, data: 0.3%, val: 14.8%,  1.5 batches/sec
It 15120, sqrt loss 0.03202, Val sim-RMS 0.08462, Time Loss: 84.9%, data: 0.3%, val: 14.8%,  1.5 batches/sec
It 15155, sqrt loss 0.05167, Val sim-RMS 0.08558, Time Loss: 84.9%, data: 0.3%, val: 14.8%,  1.5 batches/sec
It 15190, sqrt loss 0.04328, Val sim-RMS 0.09839, Time Loss: 84.9%, data: 0.3%, val: 14.8%,  1.5 batches/sec
It 15225, sqrt loss 0.06884, Val sim-RMS 0.09281, Time Loss: 84.9%, data: 0.3%, val: 14.9%,  1.5 batches/sec
It 15260, sqrt loss  0.1073, Val sim-RMS  370.3, Time Loss: 84.9%, data: 0.3%, val: 14.9%,  1.5 batches/sec
It 15295, sqrt loss 0.04229, Val sim-RMS 0.06106, Time Loss: 84.9%, data: 0.3%, val: 14.9%,  1.5 batches/sec
It 15330, sqrt loss 0.02452, Val sim-RMS 0.08801, Time Loss: 84.9%, data: 0.3%, val: 14.9%,  1.5 batches/sec
It 15365, sqrt loss 0.02309, Val sim-RMS 0.08027, Time Loss: 84.9%, data: 0.3%, val: 14.9%,  1.5 batches/sec
It 15400, sqrt loss 0.02307, Val sim-RMS 0.0687, Time Loss: 84.9%, data: 0.3%, val: 14.9%,  1.5 batches/sec
It 15435, sqrt loss 0.02035, Val sim-RMS 0.1038, Time Loss: 84.9%, data: 0.3%, val: 14.9%,  1.5 batches/sec
It 15470, sqrt loss 0.02177, Val sim-RMS 0.07452, Time Loss: 84.9%, data: 0.3%, val: 14.9%,  1.5 batches/sec
It 15505, sqrt loss 0.03065, Val sim-RMS 0.05823, Time Loss: 84.9%, data: 0.3%, val: 14.9%,  1.5 batches/sec
It 15540, sqrt loss 0.02458, Val sim-RMS 0.08008, Time Loss: 84.9%, data: 0.3%, val: 14.9%,  1.5 batches/sec
It 15575, sqrt loss 0.02327, Val sim-RMS 0.05998, Time Loss: 84.9%, data: 0.3%, val: 14.9%,  1.5 batches/sec
It 15610, sqrt loss 0.02249, Val sim-RMS 0.07668, Time Loss: 84.9%, data: 0.3%, val: 14.9%,  1.5 batches/sec
It 15645, sqrt loss 0.02724, Val sim-RMS 0.08424, Time Loss: 84.9%, data: 0.3%, val: 14.9%,  1.5 batches/sec
It 15680, sqrt loss 0.02253, Val sim-RMS 0.06076, Time Loss: 84.9%, data: 0.3%, val: 14.9%,  1.5 batches/sec
It 15715, sqrt loss 0.02938, Val sim-RMS 0.07066, Time Loss: 84.9%, data: 0.3%, val: 14.9%,  1.5 batches/sec
It 15750, sqrt loss 0.04273, Val sim-RMS 0.07864, Time Loss: 84.9%, data: 0.3%, val: 14.9%,  1.5 batches/sec
It 15785, sqrt loss  0.0372, Val sim-RMS 0.07264, Time Loss: 84.9%, data: 0.3%, val: 14.9%,  1.5 batches/sec
It 15820, sqrt loss 0.03233, Val sim-RMS 0.0765, Time Loss: 84.9%, data: 0.3%, val: 14.9%,  1.5 batches/sec
It 15855, sqrt loss 0.02444, Val sim-RMS 0.04913, Time Loss: 84.9%, data: 0.3%, val: 14.9%,  1.5 batches/sec
It 15890, sqrt loss 0.02269, Val sim-RMS  0.065, Time Loss: 84.9%, data: 0.3%, val: 14.9%,  1.5 batches/sec
It 15925, sqrt loss 0.02476, Val sim-RMS 0.07802, Time Loss: 84.9%, data: 0.3%, val: 14.9%,  1.5 batches/sec
It 15960, sqrt loss 0.02956, Val sim-RMS 0.06618, Time Loss: 84.9%, data: 0.3%, val: 14.9%,  1.5 batches/sec
It 15995, sqrt loss 0.02698, Val sim-RMS 0.1025, Time Loss: 84.8%, data: 0.3%, val: 14.9%,  1.5 batches/sec
It 16030, sqrt loss 0.03994, Val sim-RMS 0.2761, Time Loss: 84.8%, data: 0.3%, val: 14.9%,  1.5 batches/sec
It 16065, sqrt loss 0.03042, Val sim-RMS 0.06609, Time Loss: 84.8%, data: 0.3%, val: 14.9%,  1.5 batches/sec
It 16100, sqrt loss 0.03876, Val sim-RMS 0.07586, Time Loss: 84.8%, data: 0.3%, val: 14.9%,  1.5 batches/sec
It 16135, sqrt loss 0.02874, Val sim-RMS 0.07982, Time Loss: 84.8%, data: 0.3%, val: 14.9%,  1.5 batches/sec
It 16170, sqrt loss 0.02314, Val sim-RMS 0.08663, Time Loss: 84.8%, data: 0.3%, val: 14.9%,  1.5 batches/sec
It 16205, sqrt loss 0.04322, Val sim-RMS 0.1308, Time Loss: 84.8%, data: 0.3%, val: 14.9%,  1.5 batches/sec
It 16240, sqrt loss 0.05038, Val sim-RMS 0.1867, Time Loss: 84.8%, data: 0.3%, val: 14.9%,  1.5 batches/sec
It 16275, sqrt loss 0.06039, Val sim-RMS 0.09624, Time Loss: 84.8%, data: 0.3%, val: 14.9%,  1.5 batches/sec
It 16310, sqrt loss  0.3085, Val sim-RMS 0.1274, Time Loss: 84.8%, data: 0.3%, val: 14.9%,  1.5 batches/sec
It 16345, sqrt loss   0.223, Val sim-RMS 0.07332, Time Loss: 84.8%, data: 0.3%, val: 14.9%,  1.5 batches/sec
It 16380, sqrt loss 0.07231, Val sim-RMS 0.06744, Time Loss: 84.8%, data: 0.3%, val: 14.9%,  1.5 batches/sec
It 16415, sqrt loss 0.05279, Val sim-RMS 0.06507, Time Loss: 84.8%, data: 0.3%, val: 14.9%,  1.5 batches/sec
It 16450, sqrt loss 0.04675, Val sim-RMS 0.0869, Time Loss: 84.8%, data: 0.3%, val: 14.9%,  1.5 batches/sec
It 16485, sqrt loss 0.04223, Val sim-RMS 0.08369, Time Loss: 84.8%, data: 0.3%, val: 14.9%,  1.5 batches/sec
It 16520, sqrt loss 0.03962, Val sim-RMS 0.07612, Time Loss: 84.8%, data: 0.3%, val: 14.9%,  1.5 batches/sec
It 16555, sqrt loss 0.03814, Val sim-RMS 0.09466, Time Loss: 84.8%, data: 0.3%, val: 14.9%,  1.5 batches/sec
It 16590, sqrt loss 0.03585, Val sim-RMS 0.07312, Time Loss: 84.8%, data: 0.3%, val: 14.9%,  1.5 batches/sec
It 16625, sqrt loss 0.03476, Val sim-RMS 0.07552, Time Loss: 84.8%, data: 0.3%, val: 14.9%,  1.5 batches/sec
It 16660, sqrt loss 0.03303, Val sim-RMS 0.08639, Time Loss: 84.8%, data: 0.3%, val: 14.9%,  1.5 batches/sec
It 16695, sqrt loss 0.03266, Val sim-RMS 0.09476, Time Loss: 84.8%, data: 0.3%, val: 14.9%,  1.5 batches/sec
It 16730, sqrt loss 0.03188, Val sim-RMS 0.09949, Time Loss: 84.8%, data: 0.3%, val: 14.9%,  1.5 batches/sec
It 16765, sqrt loss 0.02998, Val sim-RMS 0.07217, Time Loss: 84.8%, data: 0.3%, val: 14.9%,  1.5 batches/sec
It 16800, sqrt loss 0.03084, Val sim-RMS 0.07706, Time Loss: 84.8%, data: 0.3%, val: 14.9%,  1.5 batches/sec
It 16835, sqrt loss  0.0291, Val sim-RMS 0.06135, Time Loss: 84.8%, data: 0.3%, val: 14.9%,  1.5 batches/sec
It 16870, sqrt loss 0.02781, Val sim-RMS 0.07357, Time Loss: 84.8%, data: 0.3%, val: 14.9%,  1.5 batches/sec
It 16905, sqrt loss 0.02707, Val sim-RMS 0.0705, Time Loss: 84.8%, data: 0.3%, val: 14.9%,  1.5 batches/sec
It 16940, sqrt loss 0.02719, Val sim-RMS 0.06653, Time Loss: 84.8%, data: 0.3%, val: 14.9%,  1.5 batches/sec
It 16975, sqrt loss  0.0267, Val sim-RMS 0.08153, Time Loss: 84.8%, data: 0.3%, val: 14.9%,  1.5 batches/sec
It 17010, sqrt loss 0.02618, Val sim-RMS 0.05829, Time Loss: 84.8%, data: 0.3%, val: 14.9%,  1.5 batches/sec
It 17045, sqrt loss 0.02603, Val sim-RMS 0.07441, Time Loss: 84.8%, data: 0.3%, val: 14.9%,  1.5 batches/sec
It 17080, sqrt loss 0.02509, Val sim-RMS 0.07033, Time Loss: 84.8%, data: 0.3%, val: 14.9%,  1.5 batches/sec
It 17115, sqrt loss 0.02679, Val sim-RMS 0.07318, Time Loss: 84.8%, data: 0.3%, val: 14.9%,  1.5 batches/sec
It 17150, sqrt loss 0.02534, Val sim-RMS 0.05369, Time Loss: 84.8%, data: 0.3%, val: 14.9%,  1.5 batches/sec
It 17185, sqrt loss 0.02416, Val sim-RMS 0.07023, Time Loss: 84.8%, data: 0.3%, val: 14.9%,  1.5 batches/sec
It 17220, sqrt loss 0.02416, Val sim-RMS 0.07892, Time Loss: 84.8%, data: 0.3%, val: 14.9%,  1.5 batches/sec
It 17255, sqrt loss  0.0252, Val sim-RMS 0.05585, Time Loss: 84.8%, data: 0.3%, val: 14.9%,  1.5 batches/sec
It 17290, sqrt loss 0.02402, Val sim-RMS 0.06885, Time Loss: 84.8%, data: 0.3%, val: 14.9%,  1.5 batches/sec
It 17325, sqrt loss  0.0232, Val sim-RMS 0.05332, Time Loss: 84.8%, data: 0.3%, val: 14.9%,  1.5 batches/sec
It 17360, sqrt loss 0.02322, Val sim-RMS 0.08373, Time Loss: 84.8%, data: 0.3%, val: 14.9%,  1.5 batches/sec
It 17395, sqrt loss 0.02366, Val sim-RMS 0.05227, Time Loss: 84.8%, data: 0.3%, val: 14.9%,  1.5 batches/sec
It 17430, sqrt loss  0.0234, Val sim-RMS 0.05161, Time Loss: 84.8%, data: 0.3%, val: 14.9%,  1.5 batches/sec
It 17465, sqrt loss 0.02631, Val sim-RMS 0.05736, Time Loss: 84.8%, data: 0.3%, val: 14.9%,  1.5 batches/sec
It 17500, sqrt loss 0.02512, Val sim-RMS 0.05615, Time Loss: 84.8%, data: 0.3%, val: 14.9%,  1.5 batches/sec
It 17535, sqrt loss 0.03431, Val sim-RMS 0.0677, Time Loss: 84.8%, data: 0.3%, val: 14.9%,  1.5 batches/sec
It 17570, sqrt loss 0.04583, Val sim-RMS 0.07814, Time Loss: 84.8%, data: 0.3%, val: 14.9%,  1.5 batches/sec
It 17605, sqrt loss 0.02557, Val sim-RMS 0.06131, Time Loss: 84.8%, data: 0.3%, val: 14.9%,  1.5 batches/sec
It 17640, sqrt loss 0.02353, Val sim-RMS 0.06005, Time Loss: 84.8%, data: 0.3%, val: 14.9%,  1.5 batches/sec
It 17675, sqrt loss 0.02311, Val sim-RMS 0.06761, Time Loss: 84.8%, data: 0.3%, val: 14.9%,  1.5 batches/sec
It 17710, sqrt loss 0.02494, Val sim-RMS 0.04573, Time Loss: 84.8%, data: 0.3%, val: 14.9%,  1.5 batches/sec
It 17745, sqrt loss 0.02434, Val sim-RMS 0.06917, Time Loss: 84.8%, data: 0.3%, val: 14.9%,  1.5 batches/sec
It 17780, sqrt loss 0.02153, Val sim-RMS 0.07566, Time Loss: 84.8%, data: 0.3%, val: 14.9%,  1.5 batches/sec
It 17815, sqrt loss 0.02401, Val sim-RMS 0.0475, Time Loss: 84.8%, data: 0.3%, val: 14.9%,  1.5 batches/sec
It 17850, sqrt loss 0.02301, Val sim-RMS 0.0558, Time Loss: 84.8%, data: 0.3%, val: 14.9%,  1.5 batches/sec
It 17885, sqrt loss 0.02515, Val sim-RMS 0.06305, Time Loss: 84.8%, data: 0.3%, val: 14.9%,  1.5 batches/sec
It 17920, sqrt loss 0.03258, Val sim-RMS 0.05477, Time Loss: 84.8%, data: 0.3%, val: 14.9%,  1.5 batches/sec
It 17955, sqrt loss 0.02255, Val sim-RMS 0.05384, Time Loss: 84.8%, data: 0.3%, val: 14.9%,  1.5 batches/sec
It 17990, sqrt loss 0.02058, Val sim-RMS 0.07256, Time Loss: 84.8%, data: 0.3%, val: 14.9%,  1.5 batches/sec
It 18025, sqrt loss 0.02693, Val sim-RMS 0.0844, Time Loss: 84.8%, data: 0.3%, val: 14.9%,  1.5 batches/sec
It 18060, sqrt loss 0.02701, Val sim-RMS 0.07826, Time Loss: 84.8%, data: 0.3%, val: 14.9%,  1.5 batches/sec
It 18095, sqrt loss  0.0373, Val sim-RMS 0.04355, Time Loss: 84.8%, data: 0.3%, val: 14.9%,  1.5 batches/sec
It 18130, sqrt loss 0.03397, Val sim-RMS 0.06278, Time Loss: 84.8%, data: 0.3%, val: 14.9%,  1.5 batches/sec
It 18165, sqrt loss 0.03131, Val sim-RMS 0.06011, Time Loss: 84.8%, data: 0.3%, val: 14.9%,  1.5 batches/sec
It 18200, sqrt loss 0.03241, Val sim-RMS 0.05637, Time Loss: 84.8%, data: 0.3%, val: 14.9%,  1.5 batches/sec
It 18235, sqrt loss 0.02661, Val sim-RMS 0.06724, Time Loss: 84.8%, data: 0.3%, val: 14.9%,  1.5 batches/sec
It 18270, sqrt loss 0.02095, Val sim-RMS 0.07462, Time Loss: 84.8%, data: 0.3%, val: 14.9%,  1.5 batches/sec
It 18305, sqrt loss 0.02056, Val sim-RMS 0.07411, Time Loss: 84.8%, data: 0.3%, val: 14.9%,  1.5 batches/sec
It 18340, sqrt loss  0.0235, Val sim-RMS 0.0736, Time Loss: 84.8%, data: 0.3%, val: 14.9%,  1.5 batches/sec
It 18375, sqrt loss 0.03242, Val sim-RMS 0.06691, Time Loss: 84.8%, data: 0.3%, val: 14.9%,  1.5 batches/sec
It 18410, sqrt loss 0.03746, Val sim-RMS 0.05067, Time Loss: 84.8%, data: 0.3%, val: 14.9%,  1.5 batches/sec
It 18445, sqrt loss   0.061, Val sim-RMS 0.06711, Time Loss: 84.8%, data: 0.3%, val: 14.9%,  1.5 batches/sec
It 18480, sqrt loss 0.07148, Val sim-RMS   13.4, Time Loss: 84.8%, data: 0.3%, val: 14.9%,  1.5 batches/sec
Loaded model with best known validation sim-RMS of 0.03053 which happened on epoch 10780 (epoch_id=308.00)
[fs800_nf400_s0_blafrfz_oracle] epoch0 1.5226e-01  best 3.0526e-02  final 3.0526e-02  per-channel [x1 2.3277e-02, x2 2.3301e-02, Y 4.1362e-02] m
[fs800_nf400_s0_blafrfz_oracle] vs bars on V2_aprbs_Ylow: floor 4.652e-05 (656.2x)  baseline 1.883e-04 (162.1x)  frozen_lti 4.781e-04 (63.8x)  mean_pred 1.470e-01 (0.2x)
