Gym has been unmaintained since 2022 and does not support NumPy 2.0 amongst other critical functionality.
Please upgrade to Gymnasium, the maintained drop-in replacement of Gym, or contact the authors of your software and request that they upgrade.
Users of this version of Gym should be able to simply replace 'import gym' with 'import gymnasium as gym' in the vast majority of cases.
See the migration guide at https://gymnasium.farama.org/introduction/migration_guide/ for additional information.

######## Gate D: hidden Duffing absorber (a3 2.354e+04), 800 updates, batch 256, nf 200
Initializing encoder network...
  [sdp seed 0] ok | S1 end None | S2 None | test RMS on 6.6051e-03 clamp 4.1186e-02 | extrap on 1.9060e-02 clamp 3.7295e-02 | 834 s
Initializing encoder network...
  [ps2_mlp seed 0] ok | S1 end (350, 0.6832042932510376) | S2 (1.0427, 0.2746, 1400) | test RMS on 8.6530e-03 clamp 3.0903e-02 | extrap on 1.7756e-02 clamp 2.7065e-02 | 854 s
Initializing encoder network...
  [ps2_lin seed 0] ok | S1 end (350, 0.7292104363441467) | S2 (1.0249, 0.2318, 2600) | test RMS on 8.0988e-03 clamp 5.5967e-02 | extrap on 2.5038e-02 clamp 4.3849e-02 | 852 s
Initializing encoder network...
  [sdp seed 1] ok | S1 end None | S2 None | test RMS on 6.3865e-03 clamp 2.6949e-02 | extrap on 2.4731e-02 clamp 2.6493e-02 | 845 s
Initializing encoder network...
  [ps2_mlp seed 1] FAIL-SCREEN 125 (0.955) | S1 end None | S2 None | test RMS on 1.1125e-02 clamp 1.1998e-02 | extrap on 3.9173e-02 clamp 3.8532e-02 | 139 s
Initializing encoder network...
  [ps2_lin seed 1] FAIL-SCREEN 125 (0.977) | S1 end None | S2 None | test RMS on 1.1111e-02 clamp 1.1982e-02 | extrap on 3.9276e-02 clamp 3.8690e-02 | 134 s
Initializing encoder network...
  [sdp seed 2] ok | S1 end None | S2 None | test RMS on 6.6825e-03 clamp 9.5796e-03 | extrap on 1.5611e-02 clamp 1.5660e-02 | 862 s
Initializing encoder network...
  [ps2_mlp seed 2] ok | S1 end (150, 0.8862276673316956) | S2 (1.0056, 0.0818, 2900) | test RMS on 7.5362e-03 clamp 8.6318e-02 | extrap on 1.1154e-02 clamp 1.1790e-01 | 860 s
Initializing encoder network...
  [ps2_lin seed 2] FAIL-SCREEN 150 (0.922) | S1 end None | S2 None | test RMS on 9.2166e-03 clamp 9.8384e-03 | extrap on 3.7052e-02 clamp 3.6650e-02 | 164 s

######## Gate D summary (free-run RMS of y, noisy test outputs; clamp = added-row output zeroed)
  test                 sdp      s0 6.6051e-03 (clamp +3.22e-02 [2.95e-02, 3.60e-02]) | s1 6.3865e-03 (clamp +1.92e-02 [1.73e-02, 2.24e-02]) | s2 6.6825e-03 (clamp +2.86e-03 [2.17e-03, 3.38e-03])
  test                 ps2_mlp  s0 8.6530e-03 (clamp +2.30e-02 [1.48e-02, 2.60e-02]) | s1 1.1125e-02 (clamp +9.42e-04 [4.01e-04, 1.12e-03]) | s2 7.5362e-03 (clamp +8.41e-02 [6.11e-02, 9.66e-02])
  test                 ps2_lin  s0 8.0988e-03 (clamp +4.75e-02 [3.31e-02, 5.47e-02]) | s1 1.1111e-02 (clamp +9.37e-04 [3.96e-04, 1.12e-03]) | s2 9.2166e-03 (clamp +6.11e-04 [2.15e-04, 1.03e-03])
  extrapolation 1.5x   sdp      s0 1.9060e-02 (clamp +1.42e-02 [1.20e-02, 2.49e-02]) | s1 2.4731e-02 (clamp +2.14e-03 [4.62e-05, 4.17e-03]) | s2 1.5611e-02 (clamp +5.01e-05 [-5.42e-04, 4.69e-04])
  extrapolation 1.5x   ps2_mlp  s0 1.7756e-02 (clamp +8.83e-03 [4.19e-03, 1.25e-02]) | s1 3.9173e-02 (clamp +-6.80e-04 [-7.70e-04, -4.96e-04]) | s2 1.1154e-02 (clamp +1.18e-01 [8.37e-02, 1.28e-01])
  extrapolation 1.5x   ps2_lin  s0 2.5038e-02 (clamp +1.99e-02 [7.95e-03, 2.45e-02]) | s1 3.9276e-02 (clamp +-6.36e-04 [-7.12e-04, -4.41e-04]) | s2 3.7052e-02 (clamp +-4.07e-04 [-5.53e-04, -2.42e-04])
=== EXIT 0 ===
