Gym has been unmaintained since 2022 and does not support NumPy 2.0 amongst other critical functionality.
Please upgrade to Gymnasium, the maintained drop-in replacement of Gym, or contact the authors of your software and request that they upgrade.
Users of this version of Gym should be able to simply replace 'import gym' with 'import gymnasium as gym' in the vast majority of cases.
See the migration guide at https://gymnasium.farama.org/introduction/migration_guide/ for additional information.
[thesis run] arm=u noise=noisy start=detuned n_a=2 seed=1 nf=0.100 s detune=[0.9, 1.1, 1.1, 1.1, 0.9, 0.9, 1.1, 1.1, 0.9, 0.9]
[thesis run] arm=u noise=noisy start=detuned n_a=2 seed=1 nf=0.100 s detune=[0.9, 1.1, 1.1, 1.1, 0.9, 0.9, 1.1, 1.1, 0.9, 0.9]
Data dir (thesis_taf_noisy): C:\Users\20203253\OneDrive - TU Eindhoven\Graduation Project\Baseline FP model\Baseline-LPV-Augmentation\Thesis-writeup\Data\Coulomb-tanh-and-MSD
y decimation (D-232): r + zero-phase Butterworth 8 at 1600 Hz on y - r, then [::5]; 20 samples dropped at both record ends (u, y and every field)
Loaded val augmented GT: x_logical=(47960, 6)  delta_a std=4.875e-05 m  vdelta_a std=6.888e-02 m/s
Loaded 18 train, 6 val, 12 test trajectories
  T1: 47960 samples  (Training/TR-S1_r1.mat)
  T2: 47960 samples  (Training/TR-S2_r1.mat)
  T3: 47960 samples  (Training/TR-S3_r1.mat)
  T4: 47960 samples  (Training/TR-S4_r1.mat)
  T5: 47960 samples  (Training/TR-S5_r1.mat)
  T6: 47960 samples  (Training/TR-Y1_r1.mat)
  T7: 47960 samples  (Training/TR-Y2_r1.mat)
  T8: 47960 samples  (Training/TR-Y3_r1.mat)
  T9: 47960 samples  (Training/TR-P1_r1.mat)
  T10: 47960 samples  (Training/TR-P2_r1.mat)
  T11: 47960 samples  (Training/TR-P3_r1.mat)
  T12: 47960 samples  (Training/TR-P4_r1.mat)
  T13: 47960 samples  (Training/TR-L1_r1.mat)
  T14: 47960 samples  (Training/TR-L2_r1.mat)
  T15: 47960 samples  (Training/TR-T1_r1.mat)
  T16: 47960 samples  (Training/TR-T2_r1.mat)
  T17: 47960 samples  (Training/TR-T3_r1.mat)
  T18: 47960 samples  (Training/TR-T4_r1.mat)

######## PS2 [p1]: mode cand, seed 0, head mlp, 600 updates, batch 64, M 30, S1 cap 350; thesis rates out_a 0.001, rest 1e-05; aux 0.001; calibration records [16, 17]
  [eval    0] phase S1 loss 1.5133e-08 | cal unexplained 1.0000 | enc x_a rms 1.712e+00 | |W_out_a| 0.00e+00
  upd    1 oe 1.4262e-08 inn 1.0000 | 4.50 s/upd
  upd    2 oe 2.0028e-08 inn 0.9994 | 4.42 s/upd
  upd    3 oe 1.3924e-08 inn 0.9966 | 4.29 s/upd
  upd   25 oe 8.7417e-09 inn 0.9870 | 3.73 s/upd
  [eval   25] phase S1 loss 8.9986e-09 | cal unexplained 0.9884 | enc x_a rms 1.723e+00 | |W_out_a| 5.46e-02
  upd   50 oe 6.5012e-09 inn 0.9513 | 3.71 s/upd
  [eval   50] phase S1 loss 7.5314e-09 | cal unexplained 0.9681 | enc x_a rms 2.108e+00 | |W_out_a| 9.81e-02
  upd   75 oe 7.5572e-09 inn 0.8879 | 3.78 s/upd
  [eval   75] phase S1 loss 7.3345e-09 | cal unexplained 0.9672 | enc x_a rms 2.067e+00 | |W_out_a| 1.40e-01
  upd  100 oe 7.5172e-09 inn 0.8395 | 3.76 s/upd
  [eval  100] phase S1 loss 7.2133e-09 | cal unexplained 0.9751 | enc x_a rms 1.942e+00 | |W_out_a| 1.78e-01
  upd  125 oe 7.6147e-09 inn 0.8487 | 3.77 s/upd
  [eval  125] phase S1 loss 7.1198e-09 | cal unexplained 0.9824 | enc x_a rms 2.030e+00 | |W_out_a| 2.08e-01
  upd  150 oe 6.5647e-09 inn 0.7098 | 3.77 s/upd
  [eval  150] phase S1 loss 7.1169e-09 | cal unexplained 0.9939 | enc x_a rms 2.101e+00 | |W_out_a| 2.39e-01
  FAIL-SCREEN at S1 end (update 150): cal unexplained 0.9939 > 0.90
  saved overnight-clean-method/outputs/ps2_p1.pt (S1 end None, S2 residual None)
=== EXIT 0 ===
