Gym has been unmaintained since 2022 and does not support NumPy 2.0 amongst other critical functionality.
Please upgrade to Gymnasium, the maintained drop-in replacement of Gym, or contact the authors of your software and request that they upgrade.
Users of this version of Gym should be able to simply replace 'import gym' with 'import gymnasium as gym' in the vast majority of cases.
See the migration guide at https://gymnasium.farama.org/introduction/migration_guide/ for additional information.
[thesis run] arm=u noise=noisy start=detuned n_a=2 seed=1 nf=0.100 s detune=[0.9, 1.1, 1.1, 1.1, 0.9, 0.9, 1.1, 1.1, 0.9, 0.9]
[thesis run] arm=u noise=noisy start=detuned n_a=2 seed=1 nf=0.100 s detune=[0.9, 1.1, 1.1, 1.1, 0.9, 0.9, 1.1, 1.1, 0.9, 0.9]
Data dir (thesis_taf_noisy): C:\Users\20203253\OneDrive - TU Eindhoven\Graduation Project\Baseline FP model\Baseline-LPV-Augmentation\Thesis-writeup\Data\Cubic-absorber-test\Coulomb-tanh-and-MSD
y decimation (D-232): r + zero-phase Butterworth 8 at 1600 Hz on y - r, then [::5]; 20 samples dropped at both record ends (u, y and every field)
Loaded val augmented GT: x_logical=(47960, 6)  delta_a std=4.306e-05 m  vdelta_a std=6.446e-02 m/s
Loaded 9 train, 3 val, 1 test trajectories
  T1: 47960 samples  (Training/TR-S1_r1.mat)
  T2: 47960 samples  (Training/TR-S2_r1.mat)
  T3: 47960 samples  (Training/TR-S3_r1.mat)
  T4: 47960 samples  (Training/TR-Y1_r1.mat)
  T5: 47960 samples  (Training/TR-Y2_r1.mat)
  T6: 47960 samples  (Training/TR-Y3_r1.mat)
  T7: 47960 samples  (Training/TR-P1_r1.mat)
  T8: 47960 samples  (Training/TR-P2_r1.mat)
  T9: 47960 samples  (Training/TR-P3_r1.mat)

######## PS2 [k0]: mode control, seed 0, head mlp, 600 updates, batch 64, M 30, S1 cap 350; thesis rates out_a 0.001, rest 1e-05; aux 0.001; calibration records [8, 2, 5]
  [eval    0] phase S3 loss 1.5071e-08 | cal unexplained nan | enc x_a rms 1.784e+00 | |W_out_a| 0.00e+00
  upd    1 oe 1.4461e-08 | 4.79 s/upd
  upd    2 oe 3.0539e-08 | 4.58 s/upd
  upd    3 oe 1.4373e-08 | 4.34 s/upd
  upd   25 oe 9.8855e-09 | 4.73 s/upd
  [eval   25] phase S3 loss 9.5795e-09 | cal unexplained nan | enc x_a rms 1.782e+00 | |W_out_a| 6.08e-02
  upd   50 oe 8.8350e-09 | 4.88 s/upd
  [eval   50] phase S3 loss 8.7458e-09 | cal unexplained nan | enc x_a rms 1.780e+00 | |W_out_a| 1.19e-01
  upd   75 oe 8.2740e-09 | 4.67 s/upd
  [eval   75] phase S3 loss 8.5478e-09 | cal unexplained nan | enc x_a rms 1.780e+00 | |W_out_a| 1.81e-01
  upd  100 oe 8.5042e-09 | 4.45 s/upd
  [eval  100] phase S3 loss 8.3899e-09 | cal unexplained nan | enc x_a rms 1.779e+00 | |W_out_a| 2.45e-01
  upd  125 oe 8.2982e-09 | 4.32 s/upd
  [eval  125] phase S3 loss 8.2915e-09 | cal unexplained nan | enc x_a rms 1.779e+00 | |W_out_a| 3.21e-01
  upd  150 oe 7.8505e-09 | 4.19 s/upd
  [eval  150] phase S3 loss 8.1736e-09 | cal unexplained nan | enc x_a rms 1.779e+00 | |W_out_a| 4.07e-01
  upd  175 oe 7.8836e-09 | 4.10 s/upd
  [eval  175] phase S3 loss 8.0726e-09 | cal unexplained nan | enc x_a rms 1.778e+00 | |W_out_a| 5.09e-01
  upd  200 oe 7.7077e-09 | 4.04 s/upd
  [eval  200] phase S3 loss 7.9266e-09 | cal unexplained nan | enc x_a rms 1.776e+00 | |W_out_a| 6.24e-01
  upd  225 oe 7.6337e-09 | 4.01 s/upd
  [eval  225] phase S3 loss 7.7301e-09 | cal unexplained nan | enc x_a rms 1.774e+00 | |W_out_a| 7.56e-01
  upd  250 oe 7.5311e-09 | 3.95 s/upd
  [eval  250] phase S3 loss 7.5228e-09 | cal unexplained nan | enc x_a rms 1.770e+00 | |W_out_a| 9.01e-01
  upd  275 oe 6.9898e-09 | 3.94 s/upd
  [eval  275] phase S3 loss 7.2186e-09 | cal unexplained nan | enc x_a rms 1.764e+00 | |W_out_a| 1.05e+00
  upd  300 oe 7.1617e-09 | 3.95 s/upd
  [eval  300] phase S3 loss 7.0122e-09 | cal unexplained nan | enc x_a rms 1.757e+00 | |W_out_a| 1.19e+00
  upd  325 oe 7.0141e-09 | 3.95 s/upd
  [eval  325] phase S3 loss 6.8250e-09 | cal unexplained nan | enc x_a rms 1.750e+00 | |W_out_a| 1.32e+00
  upd  350 oe 6.6624e-09 | 3.88 s/upd
  [eval  350] phase S3 loss 6.6439e-09 | cal unexplained nan | enc x_a rms 1.744e+00 | |W_out_a| 1.43e+00
  upd  375 oe 6.2454e-09 | 3.82 s/upd
  [eval  375] phase S3 loss 6.5432e-09 | cal unexplained nan | enc x_a rms 1.738e+00 | |W_out_a| 1.52e+00
  upd  400 oe 6.7620e-09 | 3.77 s/upd
  [eval  400] phase S3 loss 6.4567e-09 | cal unexplained nan | enc x_a rms 1.732e+00 | |W_out_a| 1.61e+00
  upd  425 oe 6.1395e-09 | 3.73 s/upd
  [eval  425] phase S3 loss 6.3552e-09 | cal unexplained nan | enc x_a rms 1.727e+00 | |W_out_a| 1.68e+00
  upd  450 oe 6.3079e-09 | 3.68 s/upd
  [eval  450] phase S3 loss 6.3356e-09 | cal unexplained nan | enc x_a rms 1.722e+00 | |W_out_a| 1.75e+00
  upd  475 oe 6.2723e-09 | 3.64 s/upd
  [eval  475] phase S3 loss 6.2751e-09 | cal unexplained nan | enc x_a rms 1.718e+00 | |W_out_a| 1.81e+00
  upd  500 oe 5.7405e-09 | 3.61 s/upd
  [eval  500] phase S3 loss 6.2127e-09 | cal unexplained nan | enc x_a rms 1.714e+00 | |W_out_a| 1.87e+00
  upd  525 oe 6.1654e-09 | 3.61 s/upd
  [eval  525] phase S3 loss 6.3518e-09 | cal unexplained nan | enc x_a rms 1.710e+00 | |W_out_a| 1.93e+00
  upd  550 oe 6.1321e-09 | 3.61 s/upd
  [eval  550] phase S3 loss 6.2657e-09 | cal unexplained nan | enc x_a rms 1.706e+00 | |W_out_a| 1.98e+00
  upd  575 oe 5.8593e-09 | 3.62 s/upd
  [eval  575] phase S3 loss 6.1010e-09 | cal unexplained nan | enc x_a rms 1.703e+00 | |W_out_a| 2.04e+00
  upd  600 oe 6.0782e-09 | 3.62 s/upd
  [eval  600] phase S3 loss 6.0307e-09 | cal unexplained nan | enc x_a rms 1.700e+00 | |W_out_a| 2.09e+00
  saved overnight-clean-method/outputs/ps2_k0.pt (S1 end None, S2 residual None)
=== EXIT 0 ===
