==============================================================================
STAGE 7 -- Condition 4: does it govern the SIGN of the effect?
==============================================================================
  64 designed points (the batch cap), 20 x 20 LBFGS iterations,
  3 seeds, static learning component, float64, CPU
  PASS CONDITION: the projected arm beats the unprojected at LOW rho; at HIGH rho it
  is expected to be WORSE, and reporting that honestly is what passing means.

  the two truths, identical except for where the residual lies:
    high-rho residual  -c_f tanh(qdot/v0), c_f = 6.0, v0 = 0.05:  rho = 0.8888
    low-rho residual   the same, projected out of the span:        rho = 3.067e-15
    residual magnitude: high 1.5000e-03, low 1.1888e-03 (ratio 0.4583)
    state increment scale: 7.5927e-03

  no training at all (the detuned start): combination error mean 0.1080, max 0.1500

  truth         arm                         mean       max    seed sd          fit
  ------------  ----------------------  --------  --------  ---------  -----------
  high rho      no training               0.1080    0.1500          -            -
                A no projection           0.0872    0.1424    1.2e-03   3.7301e-07
                C 2026 subtraction        0.0974    0.2914    3.9e-03   6.7770e-07
  low rho       no training               0.1080    0.1500          -            -
                A no projection           0.0818    0.1396    3.2e-03   1.1212e-07
                C 2026 subtraction        0.0773    0.1397    7.6e-04   1.0860e-07

  (228.4 s for 12 estimations)

--- per-combination damage at HIGH rho, which is where the mechanism shows ---
    combination   A no projection    C subtraction
    kb_sum                0.0323           0.0278
    cg1                   0.1182           0.1173
    cg2                   0.1263           0.1309
    cy                    0.0924           0.0853
    cb_sum                0.1424           0.1440
    mh                    0.0740           0.1526
    m_total               0.0570           0.0559
    m_diff                0.0998           0.0997
    J_eff                 0.0496           0.0396
    d                     0.0837           0.0784
  The investigation found the damage concentrated on the DAMPING combinations, because
  a friction law is extra viscous damping at small velocity and the construction
  forbids the learning component from representing it, so it has nowhere to go but the
  damping parameters.

==============================================================================
STAGE 7 VERDICT
  at LOW rho  (3.1e-15): projected 0.0773 vs unprojected 0.0818  -> projection HELPS
  at HIGH rho (0.8888): projected 0.0974 vs unprojected 0.0872  -> projection HURTS
  the SIGN of the effect flips with Condition 4: True
  MET: the pass condition is that the projected arm beats the unprojected at low rho and that the high-rho behaviour is reported as it is.
==============================================================================
