[run] attempt 1, C: free 2.1G before after_move
[wd] launch  out=logs/after_move
[wd] command matlab -nojvm -batch "cd('C:\Users\20203253\OneDrive - TU Eindhoven\Graduation Project\Baseline FP model\Baseline-LPV-Augmentation\scripts\gantry\thesis-data-verification'); addpath('C:\Users\20203253\OneDrive - TU Eindhoven\Graduation Project\Baseline FP model\Baseline-LPV-Augmentation\Thesis-writeup\Code\Data'); cfg = tdg_config(); assert(isfile(fullfile(cfg.here, 'vendor', [cfg.mdl_orig '.slx'])), 'source model missing'); assert(isfile(fullfile(cfg.mdl_dir, [cfg.mdl '.slx'])), 'model missing'); fprintf('source and generator model found; log_dir %s\n', cfg.log_dir); addpath('checks'); check_references; tdg_write_manifest(cfg, tdg_manifest(cfg)); check_records; fprintf('%s%s\n', '@@TDG_', 'DONE@@');"
source and generator model found; log_dir C:\Users\20203253\OneDrive - TU Eindhoven\Graduation Project\Baseline FP model\Baseline-LPV-Augmentation\scripts\gantry\thesis-data-verification\logs
C7  48 records (48 noise-free), 144 distinct seeds over ms/sp/noise keys, twins share ms/sp -> PASS
    counts: training 18, validation 6, test-I 6, test-E 6, frf 12, noise-twin 0
C10a TR-S1  vs J9 TR-S_Y-0.30  max|dr| = 0 m
C10a TR-S2  vs J9 TR-S_Y-0.15  max|dr| = 0 m
C10a TR-S3  vs J9 TR-S_Y+0.00  max|dr| = 0 m
C10a TR-S4  vs J9 TR-S_Y+0.15  max|dr| = 0 m
C10a TR-S5  vs J9 TR-S_Y+0.30  max|dr| = 0 m
C10a TR-Y1  vs J9 TR-Y1        max|dr| = 0 m
C10a TR-Y2  vs J9 TR-Y2        max|dr| = 0 m
C10a TR-Y3  vs J9 TR-Y3        max|dr| = 0 m
C10a TR-P1  vs J9 TR-P1        max|dr| = 0 m
C10a TR-P2  vs J9 TR-P2        max|dr| = 0 m
C10a TR-P3  vs J9 TR-P3        max|dr| = 0 m
C10a TR-P4  vs J9 TR-P4        max|dr| = 0 m
C10a TR-L1  vs J9 TR-L1        max|dr| = 0 m
C10a TR-L2  vs J9 TR-L2        max|dr| = 0 m
C10a TR-T1  vs J9 TR-T1        max|dr| = 0 m
C10a TR-T2  vs J9 TR-T2        max|dr| = 0 m
C10a TR-T3  vs J9 TR-T3        max|dr| = 0 m
C10a TR-T4  vs J9 TR-T4        max|dr| = 0 m
C10a training references: same construction rule as the J9/J10 evidence (bitwise at 4 kHz, S-curves at ref_planned seeds) -> PASS
C10b I3: route(cyc, together) vs telica max|dr| = 0 m
C10b E2: route(cyc, together) vs telica max|dr| = 0 m
C10b route class reproduces telica class -> PASS
C4a TR-S1_r1   lines [383 383 383], off-grid [1.6e-31 1.8e-31 1.6e-31], rms [240 87 180] (applied [240 87 180], scale 1.00) -> PASS
C4a TR-S2_r1   lines [383 383 383], off-grid [1.6e-31 1.8e-31 1.6e-31], rms [240 87 180] (applied [240 87 180], scale 1.00) -> PASS
C4a TR-S3_r1   lines [383 383 383], off-grid [1.6e-31 1.8e-31 1.6e-31], rms [240 87 180] (applied [240 87 180], scale 1.00) -> PASS
C4a TR-S4_r1   lines [383 383 383], off-grid [1.6e-31 1.8e-31 1.6e-31], rms [240 87 180] (applied [240 87 180], scale 1.00) -> PASS
C4a TR-S5_r1   lines [383 383 383], off-grid [1.6e-31 1.8e-31 1.6e-31], rms [240 87 180] (applied [240 87 180], scale 1.00) -> PASS
C4a TR-Y1_r1   lines [383 383 383], off-grid [1.6e-31 1.8e-31 1.7e-31], rms [240 87 180] (applied [240 87 180], scale 1.00) -> PASS
C4a TR-Y2_r1   lines [383 383 383], off-grid [1.6e-31 1.8e-31 1.6e-31], rms [240 87 180] (applied [240 87 180], scale 1.00) -> PASS
C4a TR-Y3_r1   lines [383 383 383], off-grid [1.6e-31 1.8e-31 1.6e-31], rms [240 87 180] (applied [240 87 180], scale 1.00) -> PASS
C4a TR-P1_r1   lines [383 383 383], off-grid [1.6e-31 1.8e-31 1.6e-31], rms [240 87 180] (applied [240 87 180], scale 1.00) -> PASS
C4a TR-P2_r1   lines [383 383 383], off-grid [1.6e-31 1.8e-31 1.6e-31], rms [240 87 180] (applied [240 87 180], scale 1.00) -> PASS
C4a TR-P3_r1   lines [383 383 383], off-grid [1.6e-31 1.8e-31 1.6e-31], rms [240 87 180] (applied [240 87 180], scale 1.00) -> PASS
C4a TR-P4_r1   lines [383 383 383], off-grid [1.6e-31 1.8e-31 1.6e-31], rms [240 87 180] (applied [240 87 180], scale 1.00) -> PASS
C4a TR-L1_r1   lines [383 383 383], off-grid [1.6e-31 1.8e-31 1.6e-31], rms [240 87 180] (applied [240 87 180], scale 1.00) -> PASS
[wd] t=57s tree=1,118 MB cpu=13% availRAM=2.75 GB C:free=2.02 GB
C4a TR-L2_r1   lines [383 383 383], off-grid [1.6e-31 1.8e-31 1.7e-31], rms [240 87 180] (applied [240 87 180], scale 1.00) -> PASS
C4a VA-S1_r1   lines [383 383 383], off-grid [1.6e-31 1.8e-31 1.7e-31], rms [240 87 180] (applied [240 87 180], scale 1.00) -> PASS
C4a VA-Y1_r1   lines [383 383 383], off-grid [1.6e-31 1.8e-31 1.6e-31], rms [240 87 180] (applied [240 87 180], scale 1.00) -> PASS
C4a VA-P1_r1   lines [383 383 383], off-grid [1.6e-31 1.8e-31 1.7e-31], rms [240 87 180] (applied [240 87 180], scale 1.00) -> PASS
C4a VA-L1_r1   lines [383 383 383], off-grid [1.6e-31 1.8e-31 1.6e-31], rms [240 87 180] (applied [240 87 180], scale 1.00) -> PASS
C4a I1_r1      lines [383 383 383], off-grid [1.6e-31 1.8e-31 1.7e-31], rms [240 87 180] (applied [240 87 180], scale 1.00) -> PASS
C4a I2_r1      lines [383 383 383], off-grid [1.6e-31 1.8e-31 1.6e-31], rms [240 87 180] (applied [240 87 180], scale 1.00) -> PASS
C4a E1_r1      lines [383 383 383], off-grid [1.6e-31 1.8e-31 1.6e-31], rms [240 87 180] (applied [240 87 180], scale 1.00) -> PASS
C4a TF-1_r1    lines [383 383 383], off-grid [1.6e-31 1.8e-31 1.7e-31], rms [240 87 180] (applied [240 87 180], scale 1.00) -> PASS
C4a TF-2_r1    lines [383 383 383], off-grid [1.6e-31 1.8e-31 1.6e-31], rms [240 87 180] (applied [240 87 180], scale 1.00) -> PASS
[wd] t=120s tree=1,086 MB cpu=17% availRAM=2.71 GB C:free=2.02 GB
C4a TF-3_r1    lines [383 383 383], off-grid [1.6e-31 1.8e-31 1.7e-31], rms [240 87 180] (applied [240 87 180], scale 1.00) -> PASS
C9  every manifest reference within the limits (E6 exception, E3 margin) -> PASS
C4a constructed multisine on the B_tr grid at the applied level -> PASS

realised reference peaks (logical X_sym / Y): v [m/s], a [m/s^2], j [m/s^3], Y range, X_sym range, pre-check scale
  TR-S1_r1   v 0.000 / 0.000  a   0.00 /   0.00  j       0 /       0  Y [-0.300 -0.300]  X [+0.000 +0.000]  scale 1.00
  TR-S2_r1   v 0.000 / 0.000  a   0.00 /   0.00  j       0 /       0  Y [-0.150 -0.150]  X [+0.000 +0.000]  scale 1.00
  TR-S3_r1   v 0.000 / 0.000  a   0.00 /   0.00  j       0 /       0  Y [+0.000 +0.000]  X [+0.000 +0.000]  scale 1.00
  TR-S4_r1   v 0.000 / 0.000  a   0.00 /   0.00  j       0 /       0  Y [+0.150 +0.150]  X [+0.000 +0.000]  scale 1.00
  TR-S5_r1   v 0.000 / 0.000  a   0.00 /   0.00  j       0 /       0  Y [+0.300 +0.300]  X [+0.000 +0.000]  scale 1.00
  TR-Y1_r1   v 0.000 / 0.596  a   0.00 /   3.76  j       0 /   34807  Y [-0.300 +0.300]  X [+0.000 +0.000]  scale 1.00
  TR-Y2_r1   v 0.000 / 1.088  a   0.00 /   8.88  j       0 /   59218  Y [-0.300 +0.300]  X [+0.000 +0.000]  scale 1.00
  TR-Y3_r1   v 0.000 / 1.414  a   0.00 /  12.20  j       0 /   41945  Y [-0.300 +0.300]  X [+0.000 +0.000]  scale 1.00
  TR-P1_r1   v 0.500 / 0.500  a   7.50 /  12.50  j     417 /     694  Y [-0.264 +0.292]  X [-0.225 +0.277]  scale 1.00
  TR-P2_r1   v 1.000 / 1.000  a  15.00 /  25.00  j    1000 /    1666  Y [-0.296 +0.296]  X [-0.280 +0.203]  scale 1.00
  TR-P3_r1   v 1.500 / 1.500  a  22.50 /  37.50  j    3750 /    6250  Y [-0.299 +0.297]  X [-0.240 +0.280]  scale 1.00
  TR-P4_r1   v 1.000 / 1.000  a  14.99 /  25.00  j    1199 /    1999  Y [-0.286 +0.300]  X [-0.140 +0.140]  scale 1.00
  TR-L1_r1   v 1.495 / 0.914  a  12.84 /   6.57  j   25196 /   52762  Y [-0.300 +0.300]  X [-0.280 +0.280]  scale 1.00
  TR-L2_r1   v 0.754 / 1.100  a   8.69 /   9.56  j   15791 /   39968  Y [-0.250 +0.250]  X [-0.080 +0.080]  scale 1.00
  TR-T1_r1   v 0.757 / 1.382  a  22.50 /  37.50  j    1338 /    2035  Y [-0.240 +0.240]  X [-0.080 +0.080]  scale 1.00
  TR-T2_r1   v 0.586 / 1.070  a  13.50 /  22.50  j     622 /     951  Y [-0.240 +0.240]  X [-0.080 +0.080]  scale 1.00
  TR-T3_r1   v 0.757 / 1.382  a  22.50 /  37.50  j    1338 /    2035  Y [-0.260 +0.300]  X [-0.080 +0.080]  scale 1.00
  TR-T4_r1   v 0.586 / 1.070  a  13.50 /  22.50  j     622 /     951  Y [-0.300 +0.260]  X [-0.080 +0.080]  scale 1.00
  VA-S1_r1   v 0.000 / 0.000  a   0.00 /   0.00  j       0 /       0  Y [+0.100 +0.100]  X [+0.000 +0.000]  scale 1.00
  VA-Y1_r1   v 0.000 / 0.907  a   0.00 /   7.40  j       0 /   49348  Y [-0.200 +0.300]  X [+0.000 +0.000]  scale 1.00
  VA-P1_r1   v 1.000 / 1.000  a  15.00 /  25.00  j    1000 /    1667  Y [-0.212 +0.299]  X [-0.274 +0.280]  scale 1.00
  VA-L1_r1   v 0.754 / 0.880  a   8.69 /   7.65  j   15791 /   31974  Y [-0.250 +0.150]  X [-0.080 +0.080]  scale 1.00
  VA-T1_r1   v 0.757 / 1.382  a  22.50 /  37.50  j    1338 /    2035  Y [-0.280 +0.280]  X [-0.080 +0.080]  scale 1.00
  VA-T2_r1   v 0.586 / 1.070  a  13.50 /  22.50  j     622 /     951  Y [-0.280 +0.280]  X [-0.080 +0.080]  scale 1.00
  I1_r1      v 1.000 / 1.000  a  14.99 /  25.00  j    1000 /    1666  Y [-0.297 +0.288]  X [-0.258 +0.273]  scale 1.00
  I2_r1      v 0.000 / 0.000  a   0.00 /   0.00  j       0 /       0  Y [-0.225 -0.225]  X [+0.000 +0.000]  scale 1.00
  I3_r1      v 0.677 / 1.236  a  18.00 /  30.00  j     960 /    1456  Y [-0.170 +0.150]  X [-0.080 +0.080]  scale 1.00
  I4_r1      v 0.677 / 1.236  a  18.00 /  30.00  j     957 /    1456  Y [-0.170 +0.150]  X [-0.080 +0.080]  scale 1.00
  I5_r1      v 0.736 / 1.359  a  17.99 /  29.99  j    1439 /    2399  Y [-0.170 +0.150]  X [-0.080 +0.080]  scale 1.00
  I6_r1      v 1.500 / 1.500  a  18.00 /  30.00  j     432 /    1200  Y [-0.280 +0.280]  X [-0.250 +0.250]  scale 1.00
  E1_r1      v 0.000 / 0.000  a   0.00 /   0.00  j       0 /       0  Y [-0.390 -0.390]  X [+0.000 +0.000]  scale 1.00
  E2_r1      v 0.677 / 1.236  a  18.00 /  30.00  j     960 /    1456  Y [-0.330 +0.390]  X [-0.080 +0.080]  scale 1.00
  E3_r1      v 0.907 / 1.498  a  29.94 /  49.98  j    2395 /    3999  Y [-0.170 +0.150]  X [-0.080 +0.080]  scale 1.00
  E4_r1      v 1.950 / 1.950  a  18.00 /  30.00  j     383 /     923  Y [-0.280 +0.280]  X [-0.250 +0.250]  scale 1.00
  E5_r1      v 0.677 / 1.236  a  18.00 /  30.00  j     960 /    1456  Y [-0.170 +0.150]  X [-0.080 +0.080]  scale 1.00
  E6_r1      v 1.001 / 1.500  a  39.31 /  50.66  j    3090 /    3422  Y [-0.170 +0.150]  X [-0.080 +0.080]  scale 1.00
  TF-1_r1    v 0.000 / 0.000  a   0.00 /   0.00  j       0 /       0  Y [+0.150 +0.150]  X [+0.000 +0.000]  scale 1.00
  TF-2_r1    v 0.000 / 0.000  a   0.00 /   0.00  j       0 /       0  Y [+0.225 +0.225]  X [+0.000 +0.000]  scale 1.00
  TF-3_r1    v 0.000 / 0.000  a   0.00 /   0.00  j       0 /       0  Y [+0.350 +0.350]  X [+0.000 +0.000]  scale 1.00
MANIFEST noisy: 38 records -> C:\Users\20203253\OneDrive - TU Eindhoven\Graduation Project\Baseline FP model\Baseline-LPV-Augmentation\Thesis-writeup\Data\Coulomb-and-MSD\MANIFEST.csv
MANIFEST noise-free: 38 records -> C:\Users\20203253\OneDrive - TU Eindhoven\Graduation Project\Baseline FP model\Baseline-LPV-Augmentation\Thesis-writeup\Data\Coulomb-and-MSD-noise-free\MANIFEST.csv
file         C14   C3    C4b   C8    | noise adds rms all f / band [nm]          | target band [3.37 3.7 1.09] nm | MB noisy/free
TR-S1_r1     PASS  PASS  PASS  PASS  | [8.33 6.62 3.04]     / [8.08 6.36 2.86]     |                   | 47.9 / 42.4 
TR-S2_r1     PASS  PASS  PASS  PASS  | [6.07 7.79 4]        / [5.71 7.48 3.52]     |                   | 47.9 / 42.4 
TR-S3_r1     PASS  PASS  PASS  PASS  | [6.78 7.42 2.92]     / [6.48 7.21 3.03]     |                   | 49.1 / 43.6 
TR-S4_r1     PASS  PASS  PASS  PASS  | [6.78 8.89 3.22]     / [6.43 8.62 3.18]     |                   | 47.9 / 42.4 
TR-S5_r1     PASS  PASS  PASS  PASS  | [7.87 8.83 2.8]      / [7.78 8.49 2.68]     |                   | 47.9 / 42.4 
TR-Y1_r1     PASS  PASS  PASS  PASS  | [7.03 8.65 2.11]     / [6.69 8.05 2.12]     |                   | 49.7 / 44.2 
TR-Y2_r1     PASS  PASS  PASS  PASS  | [6.77 8.14 2.21]     / [6.37 7.91 2.23]     |                   | 50.0 / 44.4 
TR-Y3_r1     PASS  PASS  PASS  PASS  | [7.14 7.84 1.71]     / [6.84 7.43 1.67]     |                   | 50.0 / 44.5 
TR-P1_r1     PASS  PASS  PASS  PASS  | [5.79 6.22 2.73]     / [5.73 6.05 2.92]     |                   | 49.5 / 44.0 
TR-P2_r1     PASS  PASS  PASS  PASS  | [5.83 6.94 2.39]     / [5.61 6.63 2.52]     |                   | 49.2 / 43.7 
TR-P3_r1     PASS  PASS  PASS  PASS  | [5.92 6.71 2.2]      / [5.83 6.45 2.1]      |                   | 49.1 / 43.6 
TR-P4_r1     PASS  PASS  PASS  PASS  | [5.94 6.48 2.02]     / [5.68 6.2 1.88]      |                   | 49.3 / 43.7 
TR-L1_r1     PASS  PASS  PASS  PASS  | [4.33 4.81 1.65]     / [4 4.47 1.2]         |                   | 52.1 / 46.6 
TR-L2_r1     PASS  PASS  PASS  PASS  | [4.37 5.17 2.06]     / [4.1 4.5 1.51]       |                   | 52.5 / 47.0 
TR-T1_r1     PASS  PASS  PASS  PASS  | [827.53 919.24 884.9] / [792.19 880.18 835.72] |                   | 40.4 / 33.3 
TR-T2_r1     PASS  PASS  PASS  PASS  | [2267.54 2368.4 3231.07] / [2039.14 2119.07 2976.52] |                   | 39.6 / 32.6 
TR-T3_r1     PASS  PASS  PASS  PASS  | [684.22 801.81 2959.33] / [636.56 738.86 2737.57] |                   | 38.3 / 31.8 
TR-T4_r1     PASS  PASS  PASS  PASS  | [1165.72 1577.75 486.43] / [1091.16 1480.05 451.85] |                   | 39.5 / 33.0 
VA-S1_r1     PASS  PASS  PASS  PASS  | [6.29 7.86 3.67]     / [5.99 7.47 3.35]     |                   | 48.0 / 42.4 
VA-Y1_r1     PASS  PASS  PASS  PASS  | [6.41 7.75 2.54]     / [6.1 7.41 2.33]      |                   | 49.8 / 44.2 
VA-P1_r1     PASS  PASS  PASS  PASS  | [5.89 7.15 2.74]     / [5.69 6.97 2.76]     |                   | 49.2 / 43.7 
VA-L1_r1     PASS  PASS  PASS  PASS  | [4.53 5.09 1.41]     / [4.16 4.79 1.35]     |                   | 52.3 / 46.8 
VA-T1_r1     PASS  PASS  PASS  PASS  | [1612.87 1962.92 2764.04] / [1467.73 1804.11 2530.54] |                   | 38.9 / 32.3 
VA-T2_r1     PASS  PASS  PASS  PASS  | [784.42 857.33 539.31] / [738.87 803.96 504.12] |                   | 39.6 / 33.0 
I1_r1        PASS  PASS  PASS  PASS  | [5.93 6.91 1.69]     / [5.47 6.6 1.55]      |                   | 49.4 / 43.9 
I2_r1        PASS  PASS  PASS  PASS  | [6.89 8.6 2.59]      / [6.63 8.34 2.41]     |                   | 47.9 / 42.4 
I3_r1        PASS  PASS  PASS  PASS  | [1011.26 1046.39 484.43] / [949.82 982.19 445.77] |                   | 39.5 / 32.9 
I4_r1        PASS  PASS  PASS  PASS  | [2387.94 2103.32 2510.95] / [2183.04 1941.01 2337.32] |                   | 38.2 / 31.7 
I5_r1        PASS  PASS  PASS  PASS  | [1501.59 1557.39 678.5] / [1428.45 1486.5 628.55] |                   | 39.4 / 32.8 
I6_r1        PASS  PASS  PASS  PASS  | [455.14 433.15 913.6] / [426.02 408.03 859.41] |                   | 41.1 / 33.5 
E1_r1        PASS  PASS  PASS  PASS  | [7.99 7.43 4.49]     / [7.59 7.33 3.88]     |                   | 47.9 / 42.4 
E2_r1        PASS  PASS  PASS  PASS  | [2136.22 1021.7 2925.38] / [1932.71 972.94 2641.78] |                   | 39.4 / 32.9 
E3_r1        PASS  PASS  PASS  PASS  | [1907.46 2033.08 2698.89] / [1668.41 1768.15 2497.42] |                   | 39.6 / 33.0 
E4_r1        PASS  PASS  PASS  PASS  | [514.06 813.03 556.72] / [473.4 769.46 506.17] |                   | 40.9 / 33.8 
E5_r1        PASS  PASS  PASS  PASS  | [1612.79 1622.85 874.52] / [1468.09 1477.86 770.35] |                   | 39.1 / 32.5 
E6_r1        PASS  PASS  PASS  PASS  | [1209.62 929.33 783.74] / [1097.45 843.58 730.46] |                   | 39.5 / 32.9 
TF-1_r1      PASS  PASS  PASS  PASS  | [7.09 7.76 2.18]     / [6.77 7.43 2]        |                   | 47.9 / 42.4 
TF-3_r1      PASS  PASS  PASS  PASS  | [6.71 9.52 4.52]     / [6.5 9.18 4.09]      |                   | 47.9 / 42.4 
C3 / C4b / C8 / C14 on 38 saved records -> PASS
@@TDG_DONE@@
WATCHDOG SUMMARY exit=0 killed=False duration_s=176.9 samples=34 peak_tree_ws_mb=1,159 min_avail_ram_gb=2.54 min_C_free_gb=2.02 kill_reason=""
[run] after_move finished with code 0 after 1 attempt(s)
