dataset augmentation_ma50_b140-230_a6_z03 | device cuda | production attach with every valid training sample
Data dir (augmentation_ma50_b140-230_a6_z03): C:\Users\20203253\OneDrive - TU Eindhoven\Graduation Project\Baseline FP model\Baseline-LPV-Augmentation\data\gantry\matlab\trajectory\augmentation_ma50_b140-230_a6_z03
Loaded val augmented GT: x_logical=(48000, 6)  delta_a std=4.415e-05 m  vdelta_a std=5.325e-02 m/s
Loaded 14 train, 4 val, 4 test trajectories
  T1: 48000 samples  (T1_standstill_Ym30.mat)
  T2: 48000 samples  (T2_standstill_Ym15.mat)
  T3: 48000 samples  (T3_standstill_Y000.mat)
  T4: 48000 samples  (T4_standstill_Yp15.mat)
  T5: 48000 samples  (T5_standstill_Yp30.mat)
  T6: 48000 samples  (T6_ysweep_slow.mat)
  T7: 48000 samples  (T7_ysweep_fast.mat)
  T8: 48000 samples  (T8_ysweep_xmix.mat)
  T9: 48000 samples  (T9_aprbs_30.mat)
  T10: 48000 samples  (T10_aprbs_60.mat)
  T11: 48000 samples  (T11_aprbs_100.mat)
  T12: 48000 samples  (T12_aprbs_yaw.mat)
  T13: 48000 samples  (T13_lissajous.mat)
  T14: 48000 samples  (T14_lissajous_yaw.mat)
[obc] reference set: 671944 tuples from 14 records (47996/47996/47996/47996/47996/47996/47996/47996/47996/47996/47996/47996/47996/47996 per record), stride 1, 2.1 s to build
[obc]   Y coverage: min -0.3001 max +0.3001 mean +0.0042 std 0.1901 m; hot tensors 69.9 MB
[obc] attached: protected rows (0, 1, 2, 3, 4, 5) (ANN cols (0, 1, 2, 3, 4, 5)), 671944 reference tuples, refresh=epoch, solve float64, rollout torch.float32
build_model (incl. reference set): 3.3 s
reference set: 671944 tuples, 4031664 rows, hot tensors 69.9 MB (all 172.0 MB)
nominal point check: max rel |combos(v_nominal) - nominal| = 4.36e-08

==== basis at nominal: v = -0.0953 -0.0953 +0.1054 -0.0953 +0.1054 +0.1054 -0.0953 -0.0909 +0.1054 -0.0953
  build 11.0 s on cuda, peak device memory during build 654.1 MB
  J: 4031664 x 10 (671944 tuples x 6 rows); rank 10/10 at tol 1.925e-07 (rtol 8.952e-10); cond 7.6640e+02; column-normalized cond 1.0549e+01
  singular values:            2.1505e+02 2.3581e+01 1.9402e+01 1.1454e+01 3.6861e+00 3.1642e+00 2.3699e+00 9.2252e-01 7.9025e-01 2.8059e-01
  singular values (col-norm): 1.4066e+00 1.2360e+00 1.1481e+00 1.0101e+00 1.0033e+00 9.9605e-01 9.8506e-01 9.5202e-01 5.1179e-01 1.3335e-01
  rank vs rtol: 0.0001 -> 10, 1e-06 -> 10, 1e-08 -> 10, 1e-10 -> 10, 1e-12 -> 10, 1e-14 -> 10
  column norms: kb_sum=3.690e+00 cg1=1.860e+00 cg2=2.581e+00 cy=7.907e-01 cb_sum=9.081e-01 mh=2.138e+01 m_total=1.800e+01 m_diff=2.399e+00 J_eff=2.148e+02 d=1.959e+01
  |correlations| above 0.3: cg1~cg2=-0.9766, mh~m_total=-0.4512, mh~J_eff=+0.4103
  per-record share of each column norm^2 (rows: record, cols: kb_sum cg1 cg2 cy cb_sum mh m_total m_diff J_eff d)
    T1_standstill_Ym30.mat    0.000  0.000  0.000  0.000  0.049  0.182  0.106  0.052  0.045  0.047
    T2_standstill_Ym15.mat    0.000  0.000  0.000  0.000  0.081  0.040  0.029  0.051  0.078  0.062
    T3_standstill_Y000.mat    0.000  0.000  0.000  0.000  0.092  0.004  0.005  0.050  0.095  0.069
    T4_standstill_Yp15.mat    0.000  0.000  0.000  0.000  0.071  0.033  0.047  0.057  0.077  0.063
    T5_standstill_Yp30.mat    0.000  0.000  0.000  0.000  0.039  0.155  0.142  0.059  0.044  0.048
    T6_ysweep_slow.mat        0.000  0.000  0.000  0.020  0.069  0.059  0.056  0.054  0.070  0.060
    T7_ysweep_fast.mat        0.000  0.000  0.000  0.221  0.069  0.058  0.055  0.054  0.071  0.066
    T8_ysweep_xmix.mat        0.000  0.066  0.062  0.059  0.069  0.057  0.062  0.060  0.071  0.061
    T9_aprbs_30.mat           0.000  0.040  0.033  0.027  0.069  0.053  0.065  0.063  0.072  0.063
    T10_aprbs_60.mat          0.000  0.158  0.168  0.096  0.078  0.054  0.062  0.094  0.080  0.091
    T11_aprbs_100.mat         0.000  0.246  0.264  0.196  0.075  0.127  0.163  0.188  0.076  0.158
    T12_aprbs_yaw.mat         0.419  0.038  0.032  0.106  0.088  0.062  0.072  0.076  0.074  0.084
    T13_lissajous.mat         0.000  0.320  0.313  0.054  0.076  0.055  0.069  0.081  0.077  0.062
    T14_lissajous_yaw.mat     0.579  0.130  0.127  0.221  0.075  0.062  0.065  0.062  0.071  0.067
  leave-one-record-out: rank, sigma_min, sigma_min/sigma_0, cond
    T1_standstill_Ym30.mat   rank 10  sigma_min 2.8056e-01  rel 1.335e-03  cond 7.488e+02
    T2_standstill_Ym15.mat   rank 10  sigma_min 2.8054e-01  rel 1.359e-03  cond 7.360e+02
    T3_standstill_Y000.mat   rank 10  sigma_min 2.8054e-01  rel 1.371e-03  cond 7.296e+02
    T4_standstill_Yp15.mat   rank 10  sigma_min 2.8056e-01  rel 1.358e-03  cond 7.366e+02
    T5_standstill_Yp30.mat   rank 10  sigma_min 2.8057e-01  rel 1.335e-03  cond 7.493e+02
    T6_ysweep_slow.mat       rank 10  sigma_min 2.8055e-01  rel 1.353e-03  cond 7.392e+02
    T7_ysweep_fast.mat       rank 10  sigma_min 2.8055e-01  rel 1.353e-03  cond 7.389e+02
    T8_ysweep_xmix.mat       rank 10  sigma_min 2.6795e-01  rel 1.292e-03  cond 7.737e+02
    T9_aprbs_30.mat          rank 10  sigma_min 2.7569e-01  rel 1.331e-03  cond 7.515e+02
    T10_aprbs_60.mat         rank 10  sigma_min 2.6572e-01  rel 1.288e-03  cond 7.763e+02
    T11_aprbs_100.mat        rank 10  sigma_min 2.4352e-01  rel 1.178e-03  cond 8.489e+02
    T12_aprbs_yaw.mat        rank 10  sigma_min 2.7383e-01  rel 1.323e-03  cond 7.556e+02
    T13_lissajous.mat        rank 10  sigma_min 2.3209e-01  rel 1.123e-03  cond 8.901e+02
    T14_lissajous_yaw.mat    rank 10  sigma_min 2.5568e-01  rel 1.234e-03  cond 8.107e+02
  Y coverage: [-0.300, +0.300] mean +0.0042 std 0.1901; histogram [66719, 23670, 24135, 38072, 68776, 16929, 23650, 72355, 72528, 17142, 23796, 67523, 20868, 23767, 41821, 70193]

==== basis at detuned_10pct: v = +0.0000 +0.0000 +0.0000 +0.0000 +0.0000 +0.0000 +0.0000 +0.0000 +0.0000 +0.0000
  build 10.9 s on cuda, peak device memory during build 645.6 MB
  J: 4031664 x 10 (671944 tuples x 6 rows); rank 10/10 at tol 2.132e-07 (rtol 8.952e-10); cond 8.9250e+02; column-normalized cond 1.2469e+01
  singular values:            2.3813e+02 2.3719e+01 2.3543e+01 1.2411e+01 4.4945e+00 3.4117e+00 2.4568e+00 1.0551e+00 9.2489e-01 2.6681e-01
  singular values (col-norm): 1.4085e+00 1.2433e+00 1.1400e+00 1.0095e+00 1.0023e+00 9.9626e-01 9.7981e-01 9.4826e-01 5.3179e-01 1.1296e-01
  rank vs rtol: 0.0001 -> 10, 1e-06 -> 10, 1e-08 -> 10, 1e-10 -> 10, 1e-12 -> 10, 1e-14 -> 10
  column norms: kb_sum=4.500e+00 cg1=2.268e+00 cg2=2.570e+00 cy=1.056e+00 cb_sum=9.066e-01 mh=2.323e+01 m_total=1.745e+01 m_diff=2.493e+00 J_eff=2.378e+02 d=2.389e+01
  |correlations| above 0.3: cg1~cg2=-0.9817, mh~J_eff=+0.4661, mh~m_total=-0.3717
  per-record share of each column norm^2 (rows: record, cols: kb_sum cg1 cg2 cy cb_sum mh m_total m_diff J_eff d)
    T1_standstill_Ym30.mat    0.000  0.000  0.000  0.000  0.049  0.192  0.102  0.051  0.044  0.047
    T2_standstill_Ym15.mat    0.000  0.000  0.000  0.000  0.081  0.039  0.028  0.051  0.078  0.062
    T3_standstill_Y000.mat    0.000  0.000  0.000  0.000  0.092  0.004  0.005  0.050  0.095  0.069
    T4_standstill_Yp15.mat    0.000  0.000  0.000  0.000  0.071  0.031  0.049  0.057  0.077  0.063
    T5_standstill_Yp30.mat    0.000  0.000  0.000  0.000  0.039  0.163  0.144  0.058  0.043  0.047
    T6_ysweep_slow.mat        0.000  0.000  0.000  0.020  0.069  0.061  0.056  0.054  0.070  0.060
    T7_ysweep_fast.mat        0.000  0.000  0.000  0.221  0.069  0.060  0.055  0.054  0.071  0.066
    T8_ysweep_xmix.mat        0.000  0.065  0.062  0.059  0.069  0.058  0.063  0.060  0.071  0.061
    T9_aprbs_30.mat           0.000  0.040  0.033  0.027  0.069  0.053  0.066  0.063  0.072  0.063
    T10_aprbs_60.mat          0.000  0.159  0.167  0.096  0.078  0.050  0.063  0.095  0.080  0.091
    T11_aprbs_100.mat         0.000  0.248  0.263  0.196  0.075  0.113  0.162  0.188  0.076  0.158
    T12_aprbs_yaw.mat         0.419  0.038  0.032  0.106  0.088  0.060  0.073  0.076  0.074  0.084
    T13_lissajous.mat         0.000  0.319  0.314  0.054  0.076  0.053  0.070  0.081  0.077  0.062
    T14_lissajous_yaw.mat     0.579  0.129  0.127  0.221  0.075  0.062  0.065  0.062  0.071  0.067
  leave-one-record-out: rank, sigma_min, sigma_min/sigma_0, cond
    T1_standstill_Ym30.mat   rank 10  sigma_min 2.6678e-01  rel 1.146e-03  cond 8.723e+02
    T2_standstill_Ym15.mat   rank 10  sigma_min 2.6676e-01  rel 1.167e-03  cond 8.570e+02
    T3_standstill_Y000.mat   rank 10  sigma_min 2.6675e-01  rel 1.178e-03  cond 8.492e+02
    T4_standstill_Yp15.mat   rank 10  sigma_min 2.6677e-01  rel 1.166e-03  cond 8.577e+02
    T5_standstill_Yp30.mat   rank 10  sigma_min 2.6679e-01  rel 1.146e-03  cond 8.729e+02
    T6_ysweep_slow.mat       rank 10  sigma_min 2.6677e-01  rel 1.162e-03  cond 8.608e+02
    T7_ysweep_fast.mat       rank 10  sigma_min 2.6677e-01  rel 1.162e-03  cond 8.605e+02
    T8_ysweep_xmix.mat       rank 10  sigma_min 2.5486e-01  rel 1.110e-03  cond 9.008e+02
    T9_aprbs_30.mat          rank 10  sigma_min 2.6225e-01  rel 1.143e-03  cond 8.749e+02
    T10_aprbs_60.mat         rank 10  sigma_min 2.5251e-01  rel 1.106e-03  cond 9.045e+02
    T11_aprbs_100.mat        rank 10  sigma_min 2.3127e-01  rel 1.010e-03  cond 9.897e+02
    T12_aprbs_yaw.mat        rank 10  sigma_min 2.6047e-01  rel 1.137e-03  cond 8.796e+02
    T13_lissajous.mat        rank 10  sigma_min 2.2078e-01  rel 9.651e-04  cond 1.036e+03
    T14_lissajous_yaw.mat    rank 10  sigma_min 2.4321e-01  rel 1.060e-03  cond 9.438e+02
  Y coverage: [-0.300, +0.300] mean +0.0042 std 0.1901; histogram [66719, 23670, 24135, 38072, 68776, 16929, 23650, 72355, 72528, 17142, 23796, 67523, 20868, 23767, 41821, 70193]

rank ten at both points: True
||J_detuned - J_nominal||_F / ||J_nominal||_F = 1.0983e-01

==== truth plant parameter check (one-step prediction of the recorded next state)
  D-188 ma0.50 z0.03       rel RMS 1.743e-04  per row 3.11e-07 9.35e-05 1.71e-07 1.37e-05 4.14e-04 4.77e-05
  ma0.50 z0.05             rel RMS 4.408e-04  per row 3.11e-07 9.35e-05 3.07e-07 1.37e-05 4.14e-04 9.93e-04
  oracle.py ma0.10 z0.05   rel RMS 7.283e-03  per row 3.89e-07 1.11e-04 4.84e-06 2.69e-04 8.89e-03 1.55e-02
  ma0.10 z0.03             rel RMS 7.286e-03  per row 3.89e-07 1.11e-04 4.84e-06 2.69e-04 8.89e-03 1.55e-02
  using D-188 ma0.50 z0.03 (smallest error) for delta

==== rho(B; delta) at nominal: rank(J)=10 rank([J|Gamma])=11, Gamma outside span(J): 0.896
  delta                 J    [J|Gamma]    ||delta||
  recorded         0.2003       0.2003    1.697e+01
  zero             0.3723       0.3723    1.050e+01
  data             0.2067       0.2068    1.699e+01

==== rho(B; delta) at detuned_10pct: rank(J)=10 rank([J|Gamma])=11, Gamma outside span(J): 0.897
  delta                 J    [J|Gamma]    ||delta||
  recorded         0.8545       0.8545    3.200e+01
  zero             0.9413       0.9413    2.886e+01
  data             0.8559       0.8559    3.214e+01

==== reference decimation (diagnostic only): scaled singular values and coefficient agreement
  stride   10 (N= 67195): rank 10 cond 8.875e+02, max rel scaled-sv error 6.833e-03, theta rel error ann 1.963e-03 random 5.417e+00 7.960e-01 6.481e+00
  stride  100 (N=  6720): rank 10 cond 8.968e+02, max rel scaled-sv error 6.463e-03, theta rel error ann 2.319e-02 random 1.369e+01 8.517e+00 5.600e+00
  stride 1000 (N=   672): rank 10 cond 1.016e+03, max rel scaled-sv error 9.683e-02, theta rel error ann 1.857e-01 random 2.074e+01 1.915e+01 2.950e+01

==== full-set lifecycle on cuda: refresh, coefficient, orthogonality, runtime, memory
[obc] refresh at epoch 0: vbar=+0.0000e+00 +0.0000e+00 +0.0000e+00 +0.0000e+00 +0.0000e+00 +0.0000e+00 +0.0000e+00 +0.0000e+00 +0.0000e+00 +0.0000e+00
  J: 4031664 x 10, rank 10/10 at tol 2.132e-07 (rtol 8.952e-10), cond 8.9250e+02, build 10.9 s, svd 0.5 s
  singular values: 2.3813e+02 2.3719e+01 2.3543e+01 1.2411e+01 4.4945e+00 3.4117e+00 2.4568e+00 1.0551e+00 9.2489e-01 2.6681e-01
  column norms:    kb_sum=4.500e+00 cg1=2.268e+00 cg2=2.570e+00 cy=1.056e+00 cb_sum=9.066e-01 mh=2.323e+01 m_total=1.745e+01 m_diff=2.493e+00 J_eff=2.378e+02 d=2.389e+01
  largest |column correlations|: cg1~cg2=-0.9817, mh~J_eff=+0.4661, mh~m_total=-0.3717, m_total~J_eff=+0.2145, J_eff~d=-0.1461, m_total~m_diff=-0.1297
  r_J = 0.000e+00 (vs first basis), r_J_step = 0.000e+00 (vs previous)
  refresh (build + svd) 11.5 s; basis factors 322.5 MB (torch.float64)
  field + solve: median 0.0194 s forward, 0.0887 s with backward (N=671944)
  r_perp float64 construction 5.598e-17 | rollout (float32 JVP) path 5.769e-08 | random-field floor max 4.338e-08 (5 draws) | r_overlap 0.1784
  per step (batch 512, eager cuda): fwd off 13.994 ms on 74.845 ms (5.35x); fwd+bwd off 52.895 ms on 176.339 ms (3.33x)
  one update (nf=20, batch 512, incl. field+solve): off 0.752 s, on 3.028 s (4.03x)
  device memory: basis 323.0 MB, retained ANN graph after the field pass 193.5 MB, peak 1378.4 MB

written C:\Users\20203253\OneDrive - TU Eindhoven\Graduation Project\Baseline FP model\Baseline-LPV-Augmentation\scripts\gantry\orthogonal-by-construction\implementation\08-one-step\..\results\2026-09-16\run_qualification.json
