[run.sh] C: free 10.69 GB before launch of g4_closure_tanh3
[wd] launch  out=scripts/gantry/closed-loop-noise/outputs/g4_closure_tanh3
[wd] command conda run --no-capture-output -n GraduationProject python -u scripts/gantry/closed-loop-noise/closure/g4_closure.py tanh 16.5 2
[g4] analytic (tanh): rms [ 9.845 10.392  6.334] nm (measured [ 9.843 10.39   6.336] nm, bootstrap half-width [2.09 2.1  1.63] %)
[g4] VAR impulse truncated at 11589 lags; generating 30 x 330000 samples
[wd] t=57s tree=890 MB cpu=8% availRAM=4.10 GB C:free=10.69 GB
[g4] step 20000/330000 (37 s)
[wd] t=119s tree=935 MB cpu=8% availRAM=4.10 GB C:free=10.69 GB
[g4] step 40000/330000 (74 s)
[g4] step 60000/330000 (112 s)
WATCHDOG ALERT available RAM 4.00 GB < 4 GB (tree 972 MB)
[wd] t=181s tree=978 MB cpu=8% availRAM=4.03 GB C:free=10.68 GB
[g4] step 80000/330000 (153 s)
WATCHDOG ALERT available RAM 3.98 GB < 4 GB (tree 1,008 MB)
[g4] step 100000/330000 (193 s)
[wd] t=243s tree=1,022 MB cpu=8% availRAM=4.03 GB C:free=10.68 GB
WATCHDOG ALERT available RAM 3.96 GB < 4 GB (tree 1,037 MB)
[g4] step 120000/330000 (230 s)
WATCHDOG ALERT available RAM 3.99 GB < 4 GB (tree 1,056 MB)
[wd] t=305s tree=1,068 MB cpu=8% availRAM=3.96 GB C:free=10.68 GB
[g4] step 140000/330000 (268 s)
[g4] step 160000/330000 (304 s)
[wd] t=367s tree=1,114 MB cpu=8% availRAM=3.87 GB C:free=10.67 GB
[g4] step 180000/330000 (342 s)
[wd] t=429s tree=1,158 MB cpu=8% availRAM=3.77 GB C:free=10.67 GB
[g4] step 200000/330000 (381 s)
[g4] step 220000/330000 (420 s)
[wd] t=491s tree=1,203 MB cpu=8% availRAM=3.82 GB C:free=10.67 GB
[g4] step 240000/330000 (458 s)
[g4] step 260000/330000 (494 s)
[wd] t=553s tree=1,249 MB cpu=8% availRAM=3.73 GB C:free=10.67 GB
[g4] step 280000/330000 (534 s)
[wd] t=615s tree=1,293 MB cpu=8% availRAM=3.69 GB C:free=10.67 GB
[g4] step 300000/330000 (571 s)
[g4] step 320000/330000 (610 s)
[wd] t=676s tree=1,335 MB cpu=8% availRAM=3.67 GB C:free=10.67 GB
[g4] simulated rms [ 9.84  10.39   6.334] nm: vs measured [-0.02 -0.01 -0.02] % (tol [4.09 4.1  3.63] %), vs analytic [-0.04 -0.02  0.  ] %
[g4] bands: simulated inside measured CI [0.977 0.953 0.953] (>= 0.85); analytic inside simulated CI [0.744 0.744 0.767] (>= 0.9)
[g4] injected v rms [14.97 15.88 10.95] nm; force rms [1.809  2.3617 2.1884] N; controller-state std max 1.305e-02; max stage speed [4.39e-05 4.33e-05 3.81e-05] m/s (v0 1e-3)
[g4] PASS (a) True (b) True (c) False -> False
[g4] done in 681 s
WATCHDOG SUMMARY exit=0 killed=False duration_s=690.3 samples=134 peak_tree_ws_mb=1,381 min_avail_ram_gb=3.64 min_C_free_gb=10.67 kill_reason=""
[run.sh] C: free 10.67 GB before launch of g4_expwelch3
[wd] launch  out=scripts/gantry/closed-loop-noise/outputs/g4_expwelch3
[wd] command conda run --no-capture-output -n GraduationProject python -u scripts/gantry/closed-loop-noise/closure/g4_expected_welch.py tanh
[g4c] using the block-bootstrap CI of the simulation (CN-008b)
[g4c] expected-Welch analytic inside simulated CI: [0.93  0.884 0.884] (was [0.767 0.814 0.767] with the raw analytic); rms sim vs expected-Welch [-0.038 -0.01   0.005] %; PASS (c) False
[g4c] largest band deviations sim/expected-1 [%]: 263 Hz [-1.8  0.2 -0.5]; 83 Hz [-1.6  1.3 -1.5]; 376 Hz [ 0.6 -1.5  0.9]; 234 Hz [-0.8 -0.5 -1.5]; 532 Hz [0.7 0.9 1.5]
WATCHDOG SUMMARY exit=0 killed=False duration_s=37.0 samples=8 peak_tree_ws_mb=641 min_avail_ram_gb=4.30 min_C_free_gb=10.66 kill_reason=""
