[wd] launch  out=outputs/R-019
[wd] command conda run --no-capture-output -n GraduationProject python -u measure/measure_delta.py
Gym has been unmaintained since 2022 and does not support NumPy 2.0 amongst other critical functionality.
Please upgrade to Gymnasium, the maintained drop-in replacement of Gym, or contact the authors of your software and request that they upgrade.
Users of this version of Gym should be able to simply replace 'import gym' with 'import gymnasium as gym' in the vast majority of cases.
See the migration guide at https://gymnasium.farama.org/introduction/migration_guide/ for additional information.

==========================================================================================
SETUP  (reference stride 1, device cuda)
==========================================================================================
[setup] mode=augmentation_oa_b_b140-230_a6  ts_new=0.00025 s  nx_phys=6  nx_ann=8
Data dir (augmentation_oa_b_b140-230_a6): C:\Users\20203253\OneDrive - TU Eindhoven\Graduation Project\Baseline FP model\Baseline-LPV-Augmentation\data\gantry\matlab\trajectory\augmentation_oa_b_b140-230_a6
Loaded val augmented GT: x_logical=(48000, 6)  delta_a std=0.000e+00 m  vdelta_a std=0.000e+00 m/s
Loaded 14 train, 4 val, 4 test trajectories
  T1: 48000 samples  (T1_standstill_Ym30.mat)
  T2: 48000 samples  (T2_standstill_Ym15.mat)
  T3: 48000 samples  (T3_standstill_Y000.mat)
  T4: 48000 samples  (T4_standstill_Yp15.mat)
  T5: 48000 samples  (T5_standstill_Yp30.mat)
  T6: 48000 samples  (T6_ysweep_slow.mat)
  T7: 48000 samples  (T7_ysweep_fast.mat)
  T8: 48000 samples  (T8_ysweep_xmix.mat)
  T9: 48000 samples  (T9_aprbs_30.mat)
  T10: 48000 samples  (T10_aprbs_60.mat)
  T11: 48000 samples  (T11_aprbs_100.mat)
  T12: 48000 samples  (T12_aprbs_yaw.mat)
  T13: 48000 samples  (T13_lissajous.mat)
  T14: 48000 samples  (T14_lissajous_yaw.mat)
[setup] vbar_true reproduces the true combinations to 0.000e+00 (absolute)
[obc] reference set: 671944 tuples from 14 records (47996/47996/47996/47996/47996/47996/47996/47996/47996/47996/47996/47996/47996/47996 per record), stride 1, 2.4 s to build
[obc]   Y coverage: min -0.3001 max +0.3001 mean +0.0042 std 0.1901 m; hot tensors 69.9 MB

==========================================================================================
CALIBRATION  the detuned start must reproduce obc_data.json iteration 0
==========================================================================================
    kb_sum     this script  +10.000 %   obc_data.json  +10.000 %
    cg1        this script  +10.000 %   obc_data.json  +10.000 %
    cg2        this script  -10.000 %   obc_data.json  -10.000 %
    cy         this script  +10.000 %   obc_data.json  +10.000 %
    cb_sum     this script  -10.000 %   obc_data.json  -10.000 %
    mh         this script  -10.000 %   obc_data.json  -10.000 %
    m_total    this script  +10.000 %   obc_data.json  +10.000 %
    m_diff     this script   -0.478 %   obc_data.json   -0.480 %
    J_eff      this script  -10.000 %   obc_data.json  -10.000 %
    d          this script  +10.000 %   obc_data.json  +10.000 %
    largest disagreement 0.0015 percentage points
    RMS 9.4880 % against the logged combo_start 9.4880 %

==========================================================================================
NULL TEST  a baseline trajectory through the same construction
==========================================================================================
[null] 56 windows x 400 steps rolled in 8.8 s
[null] 22176 tuples per variant
    quantise positions to float32: False
      ||residual|| / ||next state|| = 5.017e-04
      per-row RMS residual: {'X': '3.059e-07', 'Theta': '9.905e-05', 'Y': '2.345e-07', 'dX': '5.282e-05', 'dTheta': '2.145e-03', 'dY': '1.115e-04'}
    quantise positions to float32: True
      ||residual|| / ||next state|| = 5.020e-04
      per-row RMS residual: {'X': '3.077e-07', 'Theta': '9.905e-05', 'Y': '2.368e-07', 'dX': '5.700e-05', 'dTheta': '2.145e-03', 'dY': '1.264e-04'}
    floor RMS: 8.7841e-04 (float32 positions, the realistic one), 8.7802e-04 (float64)
    FLOOR BIAS: rho_null = 0.9562, J_null^+ Delta_null predicts 0.622 % combo-err
      kb_sum +0.34  cg1 -0.94  cg2 -0.44  cy +0.59  cb_sum -0.83  mh +0.75  m_total +0.72  m_diff -0.01  J_eff +0.74  d -0.06
      This is the parameter bias the numerical floor alone would produce. The
      prediction from Delta* is only meaningful well above it.

==========================================================================================
DELTA*  the true added dynamics on the reference set
==========================================================================================
[delta] 671930 of 671944 tuples carry a valid fourth-order stencil at k+1
    recorded  ||Delta|| = 1.273778e+01  (6.341e-03 of ||x_next||)   per-row RMS {'X': '3.419e-07', 'Theta': '1.472e-04', 'Y': '2.530e-07', 'dX': '1.636e-04', 'dTheta': '1.554e-02', 'dY': '2.754e-04'}
    stencil   ||Delta|| = 1.273597e+01  (6.340e-03 of ||x_next||)   per-row RMS {'X': '3.408e-07', 'Theta': '1.471e-04', 'Y': '2.530e-07', 'dX': '1.637e-04', 'dTheta': '1.553e-02', 'dY': '2.788e-04'}
    null-test RMS (float32-quantised) = 8.784e-04   for comparison
    signal-to-floor for recorded : 7.2 x
    signal-to-floor for stencil  : 7.2 x

==========================================================================================
BASES  J at the true parameters and at the detuned start
==========================================================================================

[basis @ theta*]  12.6 s
      J: 4031664 x 10, rank 10/10 at tol 1.924e-07 (rtol 8.952e-10), cond 7.9505e+02, build 0.0 s, svd 1.6 s
      singular values: 2.1495e+02 3.9848e+01 2.4289e+01 1.2954e+01 3.5355e+00 3.0353e+00 2.2866e+00 9.1937e-01 7.6007e-01 2.7036e-01
      column norms:    kb_sum=3.540e+00 cg1=1.784e+00 cg2=2.476e+00 cy=7.608e-01 cb_sum=9.084e-01 mh=2.351e+01 m_total=1.735e+01 m_diff=2.308e+00 J_eff=2.144e+02 d=4.153e+01
      largest |column correlations|: cg1~cg2=-0.9760, mh~m_total=-0.3793, mh~J_eff=+0.3782, J_eff~d=-0.2776, m_total~J_eff=+0.2265, mh~d=-0.1358
WATCHDOG ALERT available RAM 3.27 GB < 4 GB (tree 2,187 MB)

[basis @ theta_0 (detuned)]  12.5 s
      J: 4031664 x 10, rank 10/10 at tol 2.141e-07 (rtol 8.952e-10), cond 9.3010e+02, build 0.0 s, svd 1.8 s
      singular values: 2.3912e+02 4.8314e+01 2.5017e+01 1.3664e+01 4.3109e+00 3.2726e+00 2.3714e+00 1.0154e+00 9.2068e-01 2.5709e-01
      column norms:    kb_sum=4.317e+00 cg1=2.176e+00 cg2=2.465e+00 cy=1.015e+00 cb_sum=9.072e-01 mh=2.579e+01 m_total=1.683e+01 m_diff=2.400e+00 J_eff=2.383e+02 d=5.065e+01
      largest |column correlations|: cg1~cg2=-0.9811, mh~J_eff=+0.4259, mh~m_total=-0.3055, J_eff~d=-0.2945, m_total~J_eff=+0.2156, mh~d=-0.1563

==========================================================================================
RESULT  rho* and the predicted parameter bias
==========================================================================================

--- J @ theta*, Delta* (recorded)
    rho* = ||P Delta||/||Delta|| = 0.085000      ||Delta|| = 1.273778e+01
    predicted combo-err (RMS over the ten) = 14.561 %
    m_diff on its own scale (|m1-m2|) = -12.824 %
    param      predicted %             
    kb_sum            0.95 
    cg1               0.24 
    cg2               0.22 
    cy                0.43 
    cb_sum           45.78 
    mh                3.40 
    m_total           3.28 
    m_diff           -0.61 
    J_eff             0.18 
    d                 0.18 
    singular-direction breakdown (i, sigma_i, |u_i^T Delta|, |c_i|, share of ||dtheta||^2, dominant column):
       0  sigma 2.1495e+02   |u^T D| 7.7782e-01   |c| 3.6187e-03     0.0 %   J_eff
       1  sigma 3.9848e+01   |u^T D| 2.7690e-02   |c| 6.9489e-04     0.0 %   d
       2  sigma 2.4289e+01   |u^T D| 2.7513e-01   |c| 1.1328e-02     0.1 %   mh
       3  sigma 1.2954e+01   |u^T D| 5.4829e-01   |c| 4.2327e-02     1.1 %   m_total
       4  sigma 3.5355e+00   |u^T D| 3.4772e-02   |c| 9.8351e-03     0.1 %   kb_sum
       5  sigma 3.0353e+00   |u^T D| 6.9490e-03   |c| 2.2894e-03     0.0 %   cg2
       6  sigma 2.2866e+00   |u^T D| 2.6897e-01   |c| 1.1763e-01     8.8 %   m_diff
       7  sigma 9.1937e-01   |u^T D| 3.4078e-01   |c| 3.7067e-01    87.0 %   cb_sum
       8  sigma 7.6007e-01   |u^T D| 9.5032e-03   |c| 1.2503e-02     0.1 %   cy
       9  sigma 2.7036e-01   |u^T D| 1.8244e-02   |c| 6.7481e-02     2.9 %   cg1

--- J @ theta*, Delta* (stencil)
    rho* = ||P Delta||/||Delta|| = 0.078970      ||Delta|| = 1.273597e+01
    predicted combo-err (RMS over the ten) = 4.027 %
    m_diff on its own scale (|m1-m2|) = -12.840 %
    param      predicted %             
    kb_sum            0.95 
    cg1               0.01 
    cg2               0.08 
    cy                0.32 
    cb_sum           11.77 
    mh                3.39 
    m_total           3.26 
    m_diff           -0.61 
    J_eff             0.16 
    d                 0.18 
    singular-direction breakdown (i, sigma_i, |u_i^T Delta|, |c_i|, share of ||dtheta||^2, dominant column):
       0  sigma 2.1495e+02   |u^T D| 7.4234e-01   |c| 3.4536e-03     0.0 %   J_eff
       1  sigma 3.9848e+01   |u^T D| 5.0411e-02   |c| 1.2651e-03     0.0 %   d
       2  sigma 2.4289e+01   |u^T D| 2.7819e-01   |c| 1.1454e-02     0.5 %   mh
       3  sigma 1.2954e+01   |u^T D| 5.4475e-01   |c| 4.2054e-02     6.3 %   m_total
       4  sigma 3.5355e+00   |u^T D| 3.4732e-02   |c| 9.8238e-03     0.3 %   kb_sum
       5  sigma 3.0353e+00   |u^T D| 2.6637e-03   |c| 8.7755e-04     0.0 %   cg2
       6  sigma 2.2866e+00   |u^T D| 2.6916e-01   |c| 1.1771e-01    49.0 %   m_diff
       7  sigma 9.1937e-01   |u^T D| 1.0062e-01   |c| 1.0944e-01    42.4 %   cb_sum
       8  sigma 7.6007e-01   |u^T D| 1.1507e-03   |c| 1.5139e-03     0.0 %   cy
       9  sigma 2.7036e-01   |u^T D| 5.4803e-03   |c| 2.0271e-02     1.5 %   cg1

--- J @ theta_0 (detuned), Delta* (recorded)
    rho* = ||P Delta||/||Delta|| = 0.085447      ||Delta|| = 1.273778e+01
    predicted combo-err (RMS over the ten) = 14.549 %
    m_diff on its own scale (|m1-m2|) = -11.971 %
    param      predicted %             
    kb_sum            0.81 
    cg1               0.28 
    cg2               0.27 
    cy                0.31 
    cb_sum           45.78 
    mh                3.12 
    m_total           3.12 
    m_diff           -0.57 
    J_eff             0.15 
    d                 0.18 
    singular-direction breakdown (i, sigma_i, |u_i^T Delta|, |c_i|, share of ||dtheta||^2, dominant column):
       0  sigma 2.3912e+02   |u^T D| 7.7359e-01   |c| 3.2352e-03     0.0 %   J_eff
       1  sigma 4.8314e+01   |u^T D| 4.3720e-02   |c| 9.0490e-04     0.0 %   d
       2  sigma 2.5017e+01   |u^T D| 3.5632e-01   |c| 1.4243e-02     0.1 %   mh
       3  sigma 1.3664e+01   |u^T D| 5.2138e-01   |c| 3.8157e-02     0.9 %   m_total
       4  sigma 4.3109e+00   |u^T D| 3.5840e-02   |c| 8.3139e-03     0.0 %   kb_sum
       5  sigma 3.2726e+00   |u^T D| 3.0469e-03   |c| 9.3101e-04     0.0 %   cg2
       6  sigma 2.3714e+00   |u^T D| 2.6056e-01   |c| 1.0987e-01     7.7 %   m_diff
       7  sigma 1.0154e+00   |u^T D| 3.7046e-02   |c| 3.6483e-02     0.9 %   cy
       8  sigma 9.2068e-01   |u^T D| 3.3846e-01   |c| 3.6762e-01    86.7 %   cb_sum
       9  sigma 2.5709e-01   |u^T D| 1.9272e-02   |c| 7.4961e-02     3.6 %   cg1

--- J @ theta_0 (detuned), Delta* (stencil)
    rho* = ||P Delta||/||Delta|| = 0.079457      ||Delta|| = 1.273597e+01
    predicted combo-err (RMS over the ten) = 3.974 %
    m_diff on its own scale (|m1-m2|) = -11.978 %
    param      predicted %             
    kb_sum            0.81 
    cg1               0.06 
    cg2               0.11 
    cy                0.22 
    cb_sum           11.73 
    mh                3.11 
    m_total           3.09 
    m_diff           -0.57 
    J_eff             0.14 
    d                 0.18 
    singular-direction breakdown (i, sigma_i, |u_i^T Delta|, |c_i|, share of ||dtheta||^2, dominant column):
       0  sigma 2.3912e+02   |u^T D| 7.3760e-01   |c| 3.0847e-03     0.0 %   J_eff
       1  sigma 4.8314e+01   |u^T D| 6.5711e-02   |c| 1.3601e-03     0.0 %   d
       2  sigma 2.5017e+01   |u^T D| 3.5895e-01   |c| 1.4348e-02     0.8 %   mh
       3  sigma 1.3664e+01   |u^T D| 5.1728e-01   |c| 3.7857e-02     5.5 %   m_total
       4  sigma 4.3109e+00   |u^T D| 3.5812e-02   |c| 8.3073e-03     0.3 %   kb_sum
       5  sigma 3.2726e+00   |u^T D| 1.6521e-03   |c| 5.0481e-04     0.0 %   cg2
       6  sigma 2.3714e+00   |u^T D| 2.6059e-01   |c| 1.0989e-01    46.3 %   m_diff
       7  sigma 1.0154e+00   |u^T D| 1.2549e-02   |c| 1.2359e-02     0.6 %   cy
       8  sigma 9.2068e-01   |u^T D| 9.9450e-02   |c| 1.0802e-01    44.7 %   cb_sum
       9  sigma 2.5709e-01   |u^T D| 5.6585e-03   |c| 2.2010e-02     1.9 %   cg1

==========================================================================================
R4  oblique prediction with the basis frozen at the detuned start
==========================================================================================
    Delta* (recorded): predicted combo-err 14.541 %   cond(J_0^T J) 7.391e+05
      kb_sum +0.95  cg1 +0.31  cg2 +0.31  cy +0.38  cb_sum +45.71  mh +3.50  m_total +3.34  m_diff -0.59  J_eff +0.17  d +0.18
    Delta* (stencil): predicted combo-err 4.024 %   cond(J_0^T J) 7.391e+05
      kb_sum +0.95  cg1 +0.08  cg2 +0.18  cy +0.27  cb_sum +11.72  mh +3.48  m_total +3.32  m_diff -0.59  J_eff +0.16  d +0.19
[out] wrote C:\Users\20203253\OneDrive - TU Eindhoven\Graduation Project\Baseline FP model\Baseline-LPV-Augmentation\scripts\gantry\orthogonal-addition\outputs\measure_R-019_b_s1.json
WATCHDOG SUMMARY exit=0 killed=False duration_s=56.8 samples=11 peak_tree_ws_mb=2,987 min_avail_ram_gb=2.51 min_C_free_gb=10.06 kill_reason=""
