[wd] launch  out=outputs/R-021
[wd] command conda run --no-capture-output -n GraduationProject python -u design/design_quadratic.py
Gym has been unmaintained since 2022 and does not support NumPy 2.0 amongst other critical functionality.
Please upgrade to Gymnasium, the maintained drop-in replacement of Gym, or contact the authors of your software and request that they upgrade.
Users of this version of Gym should be able to simply replace 'import gym' with 'import gymnasium as gym' in the vast majority of cases.
See the migration guide at https://gymnasium.farama.org/introduction/migration_guide/ for additional information.
Data dir (augmentation_oa_null_b140-230_a6): C:\Users\20203253\OneDrive - TU Eindhoven\Graduation Project\Baseline FP model\Baseline-LPV-Augmentation\data\gantry\matlab\trajectory\augmentation_oa_null_b140-230_a6
Loaded val augmented GT: x_logical=(48000, 6)  delta_a std=0.000e+00 m  vdelta_a std=0.000e+00 m/s
Loaded 14 train, 4 val, 4 test trajectories
  T1: 48000 samples  (T1_standstill_Ym30.mat)
  T2: 48000 samples  (T2_standstill_Ym15.mat)
  T3: 48000 samples  (T3_standstill_Y000.mat)
  T4: 48000 samples  (T4_standstill_Yp15.mat)
  T5: 48000 samples  (T5_standstill_Yp30.mat)
  T6: 48000 samples  (T6_ysweep_slow.mat)
  T7: 48000 samples  (T7_ysweep_fast.mat)
  T8: 48000 samples  (T8_ysweep_xmix.mat)
  T9: 48000 samples  (T9_aprbs_30.mat)
  T10: 48000 samples  (T10_aprbs_60.mat)
  T11: 48000 samples  (T11_aprbs_100.mat)
  T12: 48000 samples  (T12_aprbs_yaw.mat)
  T13: 48000 samples  (T13_lissajous.mat)
  T14: 48000 samples  (T14_lissajous_yaw.mat)
[obc] reference set: 671944 tuples from 14 records (47996/47996/47996/47996/47996/47996/47996/47996/47996/47996/47996/47996/47996/47996 per record), stride 1, 2.2 s to build
[obc]   Y coverage: min -0.3001 max +0.3001 mean +0.0042 std 0.1901 m; hot tensors 69.9 MB
[core] augmentation_oa_null_b140-230_a6 stride 1: 671944 tuples, basis rank 10 cond 7.9404e+02, 25.4 s
WATCHDOG ALERT available RAM 3.67 GB < 4 GB (tree 1,862 MB)
[wd] t=57s tree=1,384 MB cpu=8% availRAM=4.19 GB C:free=10.03 GB
WATCHDOG ALERT available RAM 3.84 GB < 4 GB (tree 1,876 MB)
  [quad] slot  1/23 K11    done, 17 s
  [quad] slot  2/23 K11Y   done, 34 s
  [quad] slot  3/23 K11Y2  done, 50 s
[wd] t=120s tree=1,755 MB cpu=13% availRAM=3.84 GB C:free=10.03 GB
  [quad] slot  4/23 K12    done, 68 s
  [quad] slot  5/23 K12Y   done, 85 s
  [quad] slot  6/23 K12Y2  done, 102 s
[wd] t=182s tree=2,188 MB cpu=27% availRAM=3.45 GB C:free=10.03 GB
  [quad] slot  7/23 K13    done, 119 s
  [quad] slot  8/23 K13Y   done, 136 s
  [quad] slot  9/23 K13Y2  done, 153 s
  [quad] slot 10/23 K22Y   done, 170 s
[wd] t=244s tree=1,731 MB cpu=8% availRAM=3.88 GB C:free=10.02 GB
  [quad] slot 11/23 K22Y2  done, 188 s
  [quad] slot 12/23 K23    done, 204 s
  [quad] slot 13/23 K23Y   done, 222 s
  [quad] slot 14/23 K23Y2  done, 239 s
[wd] t=306s tree=1,732 MB cpu=25% availRAM=3.84 GB C:free=10.02 GB
  [quad] slot 15/23 K33    done, 257 s
  [quad] slot 16/23 K33Y   done, 274 s
  [quad] slot 17/23 K33Y2  done, 291 s
[wd] t=368s tree=2,027 MB cpu=15% availRAM=3.58 GB C:free=10.02 GB
  [quad] slot 18/23 M11Y   done, 309 s
  [quad] slot 19/23 M13    done, 326 s
  [quad] slot 20/23 M13Y   done, 345 s
WATCHDOG ALERT available RAM 3.94 GB < 4 GB (tree 1,685 MB)
  [quad] slot 21/23 M22Y   done, 363 s
[wd] t=431s tree=1,708 MB cpu=18% availRAM=4.01 GB C:free=10.02 GB
WATCHDOG ALERT available RAM 4.00 GB < 4 GB (tree 1,708 MB)
  [quad] slot 22/23 M23Y   done, 380 s
WATCHDOG ALERT available RAM 3.53 GB < 4 GB (tree 1,999 MB)
  [quad] slot 23/23 M33Y   done, 398 s
[quad] start: |F| 5.300e+00 (linear part alone 8.199e-13), size 12.7353
[quad] SLSQP: Optimization terminated successfully, 70 it; |F| 2.422e-15, size 12.7350, force energy x12.853 of the start
[quad] VERIFY start   : predicted shift vs b_null max nine 11.7106 %, m_diff own -12.7497 %, ||Delta_add|| 12.7350, force rms [11.52 13.01  3.49] N, peak [74.6 79.8 19.8] N
[quad] VERIFY solution: predicted shift vs b_null max nine 0.0050 %, m_diff own +0.0423 %, ||Delta_add|| 12.7350, force rms [34.13 40.92 34.62] N, peak [241.7 277.2 243. ] N
  per parameter (solution): kb_sum -0.0004  cg1 -0.0008  cg2 -0.0007  cy -0.0008  cb_sum +0.0012  mh -0.0006  m_total -0.0050  m_diff +0.0020  J_eff +0.0000  d +0.0019
[out] design/addition_b3.mat (485 s)
[wd] t=493s tree=1,870 MB cpu=20% availRAM=3.98 GB C:free=10.02 GB
WATCHDOG SUMMARY exit=0 killed=False duration_s=494.0 samples=96 peak_tree_ws_mb=2,824 min_avail_ram_gb=2.89 min_C_free_gb=10.02 kill_reason=""
