[wd] launch  out=outputs/R-033b
[wd] command conda run --no-capture-output -n GraduationProject python -u derive/d_numeric.py
Gym has been unmaintained since 2022 and does not support NumPy 2.0 amongst other critical functionality.
Please upgrade to Gymnasium, the maintained drop-in replacement of Gym, or contact the authors of your software and request that they upgrade.
Users of this version of Gym should be able to simply replace 'import gym' with 'import gymnasium as gym' in the vast majority of cases.
See the migration guide at https://gymnasium.farama.org/introduction/migration_guide/ for additional information.
Data dir (augmentation_oa_null_b140-230_a6): C:\Users\20203253\OneDrive - TU Eindhoven\Graduation Project\Baseline FP model\Baseline-LPV-Augmentation\data\gantry\matlab\trajectory\augmentation_oa_null_b140-230_a6
Loaded val augmented GT: x_logical=(48000, 6)  delta_a std=0.000e+00 m  vdelta_a std=0.000e+00 m/s
Loaded 14 train, 4 val, 4 test trajectories
  T1: 48000 samples  (T1_standstill_Ym30.mat)
  T2: 48000 samples  (T2_standstill_Ym15.mat)
  T3: 48000 samples  (T3_standstill_Y000.mat)
  T4: 48000 samples  (T4_standstill_Yp15.mat)
  T5: 48000 samples  (T5_standstill_Yp30.mat)
  T6: 48000 samples  (T6_ysweep_slow.mat)
  T7: 48000 samples  (T7_ysweep_fast.mat)
  T8: 48000 samples  (T8_ysweep_xmix.mat)
  T9: 48000 samples  (T9_aprbs_30.mat)
  T10: 48000 samples  (T10_aprbs_60.mat)
  T11: 48000 samples  (T11_aprbs_100.mat)
  T12: 48000 samples  (T12_aprbs_yaw.mat)
  T13: 48000 samples  (T13_lissajous.mat)
  T14: 48000 samples  (T14_lissajous_yaw.mat)
[obc] reference set: 671944 tuples from 14 records (47996/47996/47996/47996/47996/47996/47996/47996/47996/47996/47996/47996/47996/47996 per record), stride 1, 2.2 s to build
[obc]   Y coverage: min -0.3001 max +0.3001 mean +0.0042 std 0.1901 m; hot tensors 69.9 MB
WATCHDOG ALERT available RAM 3.71 GB < 4 GB (tree 1,500 MB)
[core] augmentation_oa_null_b140-230_a6 stride 1: 671944 tuples, basis rank 10 cond 7.9404e+02, 26.1 s
[setup] augmentation_oa_null_b140-230_a6 stride 1, addition addition_route_b_R-009b_null_s1.mat, target model: 23 columns
[N1] condition kb_sum   discrete vs continuous coefficient, max rel. diff 1.10e-03: OK
[N1] condition cg1      discrete vs continuous coefficient, max rel. diff 1.01e-02: OK
[N1] condition cg2      discrete vs continuous coefficient, max rel. diff 1.13e-02: OK
[N1] condition cy       discrete vs continuous coefficient, max rel. diff 3.61e-02: OK
[N1] condition cb_sum   discrete vs continuous coefficient, max rel. diff 4.33e-01: FAIL
[N1] condition mh       discrete vs continuous coefficient, max rel. diff 5.63e-02: FAIL
[N1] condition m_total  discrete vs continuous coefficient, max rel. diff 7.26e-03: OK
[N1] condition m_diff   discrete vs continuous coefficient, max rel. diff 1.44e-02: OK
[N1] condition J_eff    discrete vs continuous coefficient, max rel. diff 4.37e-02: OK
[N1] condition d        discrete vs continuous coefficient, max rel. diff 1.81e-03: OK
[wd] t=57s tree=2,447 MB cpu=9% availRAM=2.98 GB C:free=7.81 GB
[N1b] condition kb_sum   exact frozen-Y RK4 form vs production, max rel. diff 6.62e-05: OK
[N1b] condition cg1      exact frozen-Y RK4 form vs production, max rel. diff 1.18e-04: OK
[N1b] condition cg2      exact frozen-Y RK4 form vs production, max rel. diff 1.55e-04: OK
[N1b] condition cy       exact frozen-Y RK4 form vs production, max rel. diff 5.22e-03: FAIL
[N1b] condition cb_sum   exact frozen-Y RK4 form vs production, max rel. diff 1.46e-03: FAIL
[N1b] condition mh       exact frozen-Y RK4 form vs production, max rel. diff 7.70e-04: OK
[N1b] condition m_total  exact frozen-Y RK4 form vs production, max rel. diff 2.02e-04: OK
[N1b] condition m_diff   exact frozen-Y RK4 form vs production, max rel. diff 2.76e-05: OK
[N1b] condition J_eff    exact frozen-Y RK4 form vs production, max rel. diff 3.00e-04: OK
[N1b] condition d        exact frozen-Y RK4 form vs production, max rel. diff 4.64e-06: OK

| condition | M13 | M11Y | M13Y | M22Y | M23Y | M33Y | K11 | K12 | K13 | K23 | K33 | K11Y | K12Y | K13Y | K22Y | K23Y | K33Y | K11Y2 | K12Y2 | K13Y2 | K22Y2 | K23Y2 | K33Y2 | row sum |
|-|-|-|-|-|-|-|-|-|-|-|-|-|-|-|-|-|-|-|-|-|-|-|-|-|
| kb_sum | +2.536e-04 | -8.662e-04 | -2.445e-03 | +7.986e-03 | +1.556e-02 | -1.674e-04 | -8.016e-03 | -4.760e-02 | +3.844e-03 | +1.079e-01 | +4.187e-03 | +5.161e-03 | +4.596e-02 | -1.146e-02 | -1.026e+00 | +7.472e-01 | +2.821e-02 | +5.889e-03 | +3.926e-01 | +1.327e-02 | +9.796e-01 | -1.216e+00 | -4.557e-02 | -4.4e-14 |
| cg1 | +1.593e-04 | -5.161e-04 | +4.441e-04 | -5.222e-03 | +2.491e-03 | -1.778e-05 | +7.190e-04 | +1.333e-02 | -1.339e-03 | -2.143e-01 | -7.277e-03 | -3.124e-04 | -3.988e-03 | +3.846e-03 | -1.071e-01 | -2.597e-01 | -9.799e-03 | -5.218e-04 | -2.139e-02 | -5.658e-03 | -1.434e-02 | +6.079e-01 | +2.261e-02 | -7.7e-15 |
| cg2 | -1.055e-04 | +5.755e-04 | +7.944e-04 | +5.749e-03 | -4.235e-03 | +3.456e-05 | -8.547e-04 | -1.271e-02 | +1.258e-03 | +1.764e-01 | +5.992e-03 | +1.580e-04 | +4.857e-03 | -3.925e-03 | +1.908e-01 | +2.478e-01 | +9.352e-03 | +6.476e-04 | +7.862e-03 | +5.366e-03 | +4.873e-03 | -6.178e-01 | -2.297e-02 | +9.7e-16 |
| cy | +1.743e-04 | -9.659e-05 | +3.723e-04 | +1.875e-04 | +1.190e-03 | -1.313e-05 | -1.084e-03 | -3.158e-02 | +3.589e-04 | -4.316e-02 | -1.577e-03 | +1.158e-03 | +5.840e-03 | -5.083e-04 | -3.924e-02 | -3.922e-03 | -1.604e-04 | +7.448e-04 | +9.446e-02 | +6.624e-04 | +1.224e-03 | +1.439e-02 | +5.774e-04 | +1.7e-15 |
| cb_sum | +4.577e-04 | -2.404e-04 | +4.645e-03 | -4.717e-03 | +1.102e-02 | -1.042e-04 | +2.057e-04 | +9.811e-04 | +1.598e-05 | +3.688e-04 | +1.159e-05 | -8.909e-05 | -1.199e-03 | +7.954e-05 | -4.569e-03 | +6.145e-03 | +2.319e-04 | +3.640e-05 | -6.306e-03 | -1.344e-05 | -1.356e-03 | -5.405e-03 | -2.005e-04 | +1.0e-15 |
| mh | +2.126e-02 | +3.575e-02 | -4.809e-03 | -2.440e-01 | -1.003e-01 | +4.822e-05 | +1.227e-01 | -3.737e-01 | +1.113e-03 | +2.132e-02 | +6.881e-02 | -8.246e-03 | -7.530e-01 | +7.706e-02 | +9.767e-01 | -7.515e-01 | -2.801e-02 | -9.908e-02 | +2.612e-01 | -1.187e-02 | -2.679e-01 | +1.100e+00 | -4.351e-02 | +1.2e-13 |
| m_total | +4.218e-02 | -1.319e-01 | +5.087e-01 | -1.798e+00 | +1.195e+00 | -9.518e-03 | -1.425e-01 | -1.740e-01 | +5.398e-03 | +9.606e-02 | +3.248e-03 | +2.077e-02 | +7.488e-01 | -7.795e-02 | -7.197e-01 | +7.520e-01 | +2.839e-02 | +1.093e-01 | +9.332e-01 | +2.232e-02 | -4.745e-02 | -1.316e+00 | -4.890e-02 | +9.3e-14 |
| m_diff | -4.698e-02 | +6.730e-02 | -3.789e-03 | +1.688e+00 | -8.729e-01 | +6.431e-03 | +7.187e-04 | +6.014e-01 | -6.798e-03 | -4.571e-02 | -1.553e-03 | -1.479e-02 | +6.625e-03 | +4.928e-05 | -1.755e-01 | -4.394e-03 | -1.638e-04 | -7.970e-04 | -1.311e+00 | -1.006e-02 | -4.680e-03 | +1.238e-01 | +4.606e-03 | +4.5e-15 |
| J_eff | +3.153e-01 | -3.268e-01 | +3.775e+00 | -8.044e+00 | +5.634e+00 | -4.544e-02 | -2.264e-06 | +5.731e-03 | -1.972e-04 | +2.257e-01 | +6.142e-03 | -1.919e-04 | +1.519e-03 | -1.218e-03 | +1.233e+00 | -3.564e-02 | -1.362e-03 | +2.254e-05 | -1.389e-02 | -4.489e-04 | -2.469e+00 | -2.490e-01 | -8.475e-03 | +1.4e-12 |
| d | -1.214e-01 | +2.541e-02 | -1.421e+00 | +7.677e-01 | -1.759e+00 | +1.667e-02 | +1.626e-04 | +1.737e-01 | -6.854e-03 | -2.222e+01 | -7.539e-01 | -7.717e-03 | +2.102e-03 | +1.314e-01 | +5.178e-01 | -5.531e-02 | -2.089e-03 | -2.514e-03 | -6.824e-01 | -2.668e-02 | +1.137e-01 | +2.440e+01 | +9.072e-01 | -1.4e-13 |

[N2] condition kb_sum   row sum -4.435e-14, relative 9.41e-15: OK
[N2] condition cg1      row sum -7.685e-15, relative 5.90e-15: OK
[N2] condition cg2      row sum +9.714e-16, relative 7.33e-16: OK
[N2] condition cy       row sum +1.734e-15, relative 7.15e-15: OK
[N2] condition cb_sum   row sum +1.050e-15, relative 2.17e-14: OK
[N2] condition mh       row sum +1.207e-13, relative 2.25e-14: OK
[N2] condition m_total  row sum +9.270e-14, relative 1.04e-14: OK
[N2] condition m_diff   row sum +4.495e-15, relative 8.99e-16: OK
[N2] condition J_eff    row sum +1.402e-12, relative 6.26e-14: OK
[N2] condition d        row sum -1.423e-13, relative 2.63e-15: OK
[wd] t=119s tree=2,345 MB cpu=10% availRAM=3.12 GB C:free=7.81 GB
[N4] Delta via G[k] vs fresh production-step evaluation, relative 4.46e-07: OK
[N5] Phi(x, u - 2 phi) - Phi(x, u) = 2 (Phi(x, u - phi) - Phi(x, u)), relative 2.78e-08: OK

D_NUMERIC FAIL (4 failed)
ERROR conda.cli.main_run:execute(47): `conda run python -u derive/d_numeric.py` failed. (See above for error)
WATCHDOG SUMMARY exit=1 killed=False duration_s=152.7 samples=30 peak_tree_ws_mb=2,690 min_avail_ram_gb=2.80 min_C_free_gb=7.81 kill_reason=""
