[wd] launch  out=outputs/R-034obc2
[wd] command conda run --no-capture-output -n GraduationProject python -u runners/oa_entry.py
Gym has been unmaintained since 2022 and does not support NumPy 2.0 amongst other critical functionality.
Please upgrade to Gymnasium, the maintained drop-in replacement of Gym, or contact the authors of your software and request that they upgrade.
Users of this version of Gym should be able to simply replace 'import gym' with 'import gymnasium as gym' in the vast majority of cases.
See the migration guide at https://gymnasium.farama.org/introduction/migration_guide/ for additional information.
Data dir (augmentation_oa_demo_b140-230_a6): C:\Users\20203253\OneDrive - TU Eindhoven\Graduation Project\Baseline FP model\Baseline-LPV-Augmentation\data\gantry\matlab\trajectory\augmentation_oa_demo_b140-230_a6
OA_SMOKE_VAL_N: validation/test records truncated to 4000 samples
Loaded val augmented GT: x_logical=(48000, 6)  delta_a std=0.000e+00 m  vdelta_a std=0.000e+00 m/s
Loaded 14 train, 4 val, 4 test trajectories
  T1: 48000 samples  (T1_standstill_Ym30.mat)
  T2: 48000 samples  (T2_standstill_Ym15.mat)
  T3: 48000 samples  (T3_standstill_Y000.mat)
  T4: 48000 samples  (T4_standstill_Yp15.mat)
  T5: 48000 samples  (T5_standstill_Yp30.mat)
  T6: 48000 samples  (T6_ysweep_slow.mat)
  T7: 48000 samples  (T7_ysweep_fast.mat)
  T8: 48000 samples  (T8_ysweep_xmix.mat)
  T9: 48000 samples  (T9_aprbs_30.mat)
  T10: 48000 samples  (T10_aprbs_60.mat)
  T11: 48000 samples  (T11_aprbs_100.mat)
  T12: 48000 samples  (T12_aprbs_yaw.mat)
  T13: 48000 samples  (T13_lissajous.mat)
  T14: 48000 samples  (T14_lissajous_yaw.mat)

Configuration:
  PROVENANCE:  git 1ec57c1 Augmentation dirty:430 diff:68f767df
               run_id 20260924_015306   save=False
               C:\Users\20203253\OneDrive - TU Eindhoven\Graduation Project\Baseline FP model\Baseline-LPV-Augmentation\scripts\gantry\orthogonal-addition\outputs\sim\augmentation_oa_demo_b140-230_a6_linear_map\20260924_015306
  DATA:        augmentation_oa_demo_b140-230_a6   20000 -> 4000 Hz (D=5)   stride=100
               nf=400 (0.1 s)   na_nb=29 (7.25 ms)   batch=512
  MODEL:       encoder=linear_map   ann=tanh   nx_ann=8   24x3   up_sample=1
               ann_route_ix=(0, 1, 2, 3, 4, 5, 6, 7, 8, 9, 10, 11, 12, 13)
  OBJECTIVE:   rollout=closed loop   obc=ON (one-step, space=tangent, refresh=epoch)
               joint=True   param_init=detuned (10-vector, combinations)   noise=None (noiseless)
  OPTIM:       lr=1e-05   adam_eps=1.0e-16   epochs=1   n_its=1 (CAPPED)   seed=42   float32
  EXEC:        device=cuda (Quadro P2000)   checkpoint=OFF (whole rollout graph)
               compile=OFF (eager)

Default hyperparameters (may be overridden by checkpoint):
  NX_ANN: 8
  n_nodes_per_layer: 24
  n_hidden_layers: 3
  up_sample: 1
  nf: 400
  na_nb: 29
  batch_size: 512
  lr: 1e-05
  epochs: 1
[obc] reference set: 671944 tuples from 14 records (47996/47996/47996/47996/47996/47996/47996/47996/47996/47996/47996/47996/47996/47996 per record), stride 1, 2.3 s to build
[obc]   Y coverage: min -0.3001 max +0.3001 mean +0.0042 std 0.1901 m; hot tensors 69.9 MB
[obc] attached: protected rows (0, 1, 2, 3, 4, 5) (ANN cols (0, 1, 2, 3, 4, 5)), 671944 reference tuples, space=tangent, refresh=epoch, solve float64, rollout torch.float32
[closed loop] one bank over 18 records, 8 distinct controllers, Y_op [-0.3, -0.22, -0.15, -0.1, 0.0, 0.1, 0.15, 0.3]
[closed loop] stepped at ts = 0.00025 s (4000 Hz), nc = 9 states
[closed loop] diag(Dc) physical [1.0954e+07 7.6821e+06 4.2935e+06] N/m

Loss rollout: CLOSED loop (known controller wrapped around the model)

Training: nf=400  epochs=1  val=sim-RMS  NX_ANN=8

[nf] rms = RMS over nf=400 (0.100 s) windows, closed loop, metres
     chan = per-channel X/Theta/Y | grow = RMS(last step)/RMS(first) | bias = mean residual
     train = all windows since the last validation, running mean | val = 256 fixed windows, snapshot
     metre weighting is NOT the objective's, which weights channels by 1/ystd^2;
     numbers are not comparable ACROSS loop modes, the [nf gap] ratios are
Model already initilized (init_model_done=True), skipping initilizing of the model, the norm and the creation of the optimizer
Size of the training array =  65.6 MB
N_training_samples = 6664, batch_size = 512, N_batch_updates_per_epoch = 13
WATCHDOG ALERT available RAM 3.89 GB < 4 GB (tree 1,171 MB)
[obc] refresh at epoch 0: vbar=+0.0000e+00 +0.0000e+00 +0.0000e+00 +0.0000e+00 +0.0000e+00 +0.0000e+00 +0.0000e+00 +0.0000e+00 +0.0000e+00 +0.0000e+00
  J: 4031664 x 10, rank 10/10 at tol 2.138e-07 (rtol 8.952e-10), cond 9.2895e+02, build 10.7 s, svd 0.4 s
  singular values: 2.3884e+02 4.8313e+01 2.5002e+01 1.3646e+01 4.3113e+00 3.2729e+00 2.3715e+00 1.0155e+00 9.2064e-01 2.5711e-01
  column norms:    kb_sum=4.317e+00 cg1=2.176e+00 cg2=2.466e+00 cy=1.015e+00 cb_sum=9.071e-01 mh=2.574e+01 m_total=1.682e+01 m_diff=2.400e+00 J_eff=2.381e+02 d=5.066e+01
  largest |column correlations|: cg1~cg2=-0.9811, mh~J_eff=+0.4244, mh~m_total=-0.3074, J_eff~d=-0.2948, m_total~J_eff=+0.2150, mh~d=-0.1564
  r_J = 0.000e+00 (vs first basis), r_J_step = 0.000e+00 (vs previous)
[wd] t=57s tree=1,281 MB cpu=8% availRAM=3.84 GB C:free=7.85 GB
[wd] t=119s tree=1,282 MB cpu=8% availRAM=3.85 GB C:free=7.85 GB
[wd] t=182s tree=1,284 MB cpu=8% availRAM=3.87 GB C:free=7.85 GB
[wd] t=244s tree=1,285 MB cpu=8% availRAM=3.86 GB C:free=7.85 GB
    [nf val  ] rms 4.166e-06  chan 3.2e-06/3.2e-06/5.6e-06  grow 1.91x  bias -9.6e-10/-1.3e-08/-2.8e-08  (36 win)
    [nf gap  ] val_sim 4.130e-06 = 0.99x val_nf (horizon)
    [x_aug   ] ||x_aug|| end-of-rollout  mean 0.000e+00  std 0.000e+00  max 0.000e+00
    [joint-probe] combo-err 9.49% (worst cb_sum -10.0%) | param_loss 0.000e+00
      [combos] kb_sum=4.3725e+03 (+10.00%) | cg1=1.5950e+01 (+10.00%) | cg2=1.8270e+01 (-10.00%) | cy=1.1000e+01 (+10.00%) | cb_sum=1.6200e+01 (-10.00%)
      [combos] mh=9.0900e+00 (-10.00%) | m_total=4.8070e+01 (+10.00%) | m_diff=-5.5000e-01 (-0.48%) | J_eff=3.4168e+00 (-10.00%) | d=1.1000e-01 (+10.00%)
      [obc] space tangent | basis rank 10/10 (epoch 0, rebuilt here) | overlap rho 0.0000 | r_perp 0.000e+00
      [obc] ||theta_aux|| 0.0000e+00 (10 coefficients) | ||F_ann|| 0.0000e+00
Initial Validation sim-RMS= 4.129847525291552e-06
  0%|          | 0/1 [00:00<?, ?it/s][wd] t=306s tree=1,872 MB cpu=8% availRAM=3.23 GB C:free=7.84 GB
[wd] t=368s tree=1,653 MB cpu=8% availRAM=3.53 GB C:free=7.84 GB
[wd] t=430s tree=1,653 MB cpu=8% availRAM=3.49 GB C:free=7.84 GB
[wd] t=493s tree=1,654 MB cpu=8% availRAM=3.48 GB C:free=7.83 GB
[wd] t=555s tree=1,655 MB cpu=8% availRAM=3.48 GB C:free=7.83 GB
    [nf train] rms 3.816e-06  chan 3.0e-06/2.9e-06/5.1e-06  grow 1.35x  bias -3.5e-08/+1.1e-08/-1.0e-08  (512 win)
    [nf val  ] rms 1.066e-05  chan 3.5e-06/2.9e-06/1.8e-05  grow 0.15x  bias -7.8e-09/-8.7e-09/-3.1e-08  (36 win)
    [nf gap  ] val_sim 7.981e-06 = 0.75x val_nf (horizon) = 2.09x train_nf (horizon+gen)
    [x_aug   ] ||x_aug|| end-of-rollout  mean 0.000e+00  std 0.000e+00  max 0.000e+00
    [joint-probe] combo-err 9.49% (worst cy +10.0%) | param_loss 0.000e+00
      [combos] kb_sum=4.3725e+03 (+10.00%) | cg1=1.5950e+01 (+10.00%) | cg2=1.8270e+01 (-10.00%) | cy=1.1000e+01 (+10.00%) | cb_sum=1.6200e+01 (-10.00%)
      [combos] mh=9.0901e+00 (-10.00%) | m_total=4.8070e+01 (+10.00%) | m_diff=-5.4999e-01 (-0.48%) | J_eff=3.4168e+00 (-10.00%) | d=1.1000e-01 (+10.00%)
      [obc] space tangent | basis rank 10/10 (epoch 0) | overlap rho 0.2714 | r_perp 7.158e-17
      [obc] ||theta_aux|| 5.8406e-03 (10 coefficients) | ||F_ann|| 3.1898e-02
It    1, sqrt loss 7.627e-05, Val sim-RMS 7.981e-06, Time Loss: 12.7%, data: 0.0%, val: 87.3%, 286.2 sec/batch
100%|██████████| 1/1 [04:46<00:00, 286.23s/it]100%|██████████| 1/1 [04:46<00:00, 286.23s/it]
C:\Users\20203253\AppData\Local\anaconda3\envs\GraduationProject\Lib\site-packages\deepSI\fit_systems\fit_system.py:501: FutureWarning: You are using `torch.load` with `weights_only=False` (the current default value), which uses the default pickle module implicitly. It is possible to construct malicious pickle data which will execute arbitrary code during unpickling (See https://github.com/pytorch/pytorch/blob/main/SECURITY.md#untrusted-models for more details). In a future release, the default value for `weights_only` will be flipped to `True`. This limits the functions that could be executed during unpickling. Arbitrary objects will no longer be allowed to be loaded via this mode unless they are explicitly allowlisted by the user via `torch.serialization.add_safe_globals`. We recommend you start setting `weights_only=True` for any use case where you don't have full control of the loaded file. Please open an issue on GitHub for any issues related to this experimental feature.
  self.__dict__ = torch.load(file)
[obc] refresh at epoch 0: vbar=+0.0000e+00 +0.0000e+00 +0.0000e+00 +0.0000e+00 +0.0000e+00 +0.0000e+00 +0.0000e+00 +0.0000e+00 +0.0000e+00 +0.0000e+00
  J: 4031664 x 10, rank 10/10 at tol 2.138e-07 (rtol 8.952e-10), cond 9.2895e+02, build 10.6 s, svd 0.4 s
  singular values: 2.3884e+02 4.8313e+01 2.5002e+01 1.3646e+01 4.3113e+00 3.2729e+00 2.3715e+00 1.0155e+00 9.2064e-01 2.5711e-01
  column norms:    kb_sum=4.317e+00 cg1=2.176e+00 cg2=2.466e+00 cy=1.015e+00 cb_sum=9.071e-01 mh=2.574e+01 m_total=1.682e+01 m_diff=2.400e+00 J_eff=2.381e+02 d=5.066e+01
  largest |column correlations|: cg1~cg2=-0.9811, mh~J_eff=+0.4244, mh~m_total=-0.3074, J_eff~d=-0.2948, m_total~J_eff=+0.2150, mh~d=-0.1564
  r_J = 0.000e+00 (vs first basis), r_J_step = 0.000e+00 (vs previous)
Loaded model with best known validation sim-RMS of 4.13e-06 which happened on epoch 0 (epoch_id=0.08)
  val nf-window RMS (400-step): first=4.1663e-06  best=4.1663e-06  last=4.1663e-06 [m]  (sim-RMS selector unchanged)
Training done | 1 ep | 563s | bestfit=0.00000  R2_linmap: delta_a=+1.0000  vdelta_a=+1.0000

Training complete. Best validation sim-RMS: 0.000004
[OA smoke] obc: training returned after n_its=1; stopping before the post-training baselines
WATCHDOG SUMMARY exit=0 killed=False duration_s=580.6 samples=112 peak_tree_ws_mb=1,877 min_avail_ram_gb=3.23 min_C_free_gb=7.83 kill_reason=""
