================================================================================================
LR PROBE: is the improvement rate-limited, budget-limited, or structural?
================================================================================================
arms (lr, n_its): [(0.001, 300), (0.01, 300), (0.001, 1500)]   nf 100, 4 train records

================================================================================================
lr = 1e-03   n_its = 300  (0.40 epochs)
[orth] loaded cached penalty basis: C:\Users\20203253\OneDrive - TU Eindhoven\Graduation Project\Baseline FP model\Baseline-LPV-Augmentation\simulations\gantry_subnet\augmentation_linear_map\orth_cache\orth_332172b4b41c.npz (Q (20154, 11), 6718 points)
  untrained: val 2.3138002234e-06   ANN |W_first| 2.3437e+00  |W_last| 0.0000e+00
(0,)
(0,)
  trained  : val 2.3057414182e-06   improvement +0.3483 %
  ANN off  : val 2.3139441510e-06   improvement -0.0062 %  <- residual is NOT the ANN
  ANN |W_first| 2.3437e+00 -> 2.3437e+00   |W_last| 0.0000e+00 -> 5.5665e-05
  train loss 2.5890e-10 -> 2.5890e-10

================================================================================================
lr = 1e-02   n_its = 300  (0.40 epochs)
[orth] loaded cached penalty basis: C:\Users\20203253\OneDrive - TU Eindhoven\Graduation Project\Baseline FP model\Baseline-LPV-Augmentation\simulations\gantry_subnet\augmentation_linear_map\orth_cache\orth_332172b4b41c.npz (Q (20154, 11), 6718 points)
  untrained: val 2.3138002234e-06   ANN |W_first| 2.3437e+00  |W_last| 0.0000e+00
(0,)
(0,)
  trained  : val 2.3057414182e-06   improvement +0.3483 %
  ANN off  : val 2.3139441510e-06   improvement -0.0062 %  <- residual is NOT the ANN
  ANN |W_first| 2.3437e+00 -> 2.3437e+00   |W_last| 0.0000e+00 -> 5.5665e-05
  train loss 2.5890e-10 -> 2.5890e-10

================================================================================================
lr = 1e-03   n_its = 1500  (2.01 epochs)
[orth] loaded cached penalty basis: C:\Users\20203253\OneDrive - TU Eindhoven\Graduation Project\Baseline FP model\Baseline-LPV-Augmentation\simulations\gantry_subnet\augmentation_linear_map\orth_cache\orth_332172b4b41c.npz (Q (20154, 11), 6718 points)
  untrained: val 2.3138002234e-06   ANN |W_first| 2.3437e+00  |W_last| 0.0000e+00
(0,)
(0,)
  trained  : val 2.2752665245e-06   improvement +1.6654 %
  ANN off  : val 2.3139336918e-06   improvement -0.0058 %  <- residual is NOT the ANN
  ANN |W_first| 2.3437e+00 -> 2.3437e+00   |W_last| 0.0000e+00 -> 2.2805e-04
  train loss 2.5226e-10 -> 2.5226e-10

================================================================================================
SUMMARY
================================================================================================
lr       n_its   val trained    val ANN-off    improv %    ANN-off %   |W_last|    
1e-03    300     2.305741e-06   2.313944e-06   0.3483      -0.0062     5.5665e-05  
1e-02    300     2.305741e-06   2.313944e-06   0.3483      -0.0062     5.5665e-05  
1e-03    1500    2.275267e-06   2.313934e-06   1.6654      -0.0058     2.2805e-04  

ANN CONTRIBUTION = improv %% minus ANN-off %%  (what the ANN itself bought):
  lr 1e-03 n_its 300    total +0.3483 %   encoder-only -0.0062 %   ANN +0.3545 %
  lr 1e-02 n_its 300    total +0.3483 %   encoder-only -0.0062 %   ANN +0.3545 %
  lr 1e-03 n_its 1500   total +1.6654 %   encoder-only -0.0058 %   ANN +1.6712 %

ANN-only improvement across arms: +0.3545 % +0.3545 % +1.6712 %

READING IT
  ANN column ~0 everywhere        -> the ANN is still inactive; the loop fixed the METRIC
                                     but not the learning. D-067 / variant A persisting.
  ANN column grows with lr        -> rate limited, raise lr for step 6
  ANN column grows with n_its     -> budget limited, the 0.4-epoch smoke test was too short
  ANN grows with neither          -> structural: dead zone, horizon, or model class
[2732s]
