====================================================================================================
STEP 5: cost of xc = 0 at every training-window start
====================================================================================================
rate 4000 Hz, nf = 400 (0.100 s), loop bandwidth 100 Hz -> 10.0 loop periods per window

building the interconnect ...
[orth] loaded cached penalty basis: C:\Users\20203253\OneDrive - TU Eindhoven\Graduation Project\Baseline FP model\Baseline-LPV-Augmentation\simulations\gantry_subnet\augmentation_linear_map\orth_cache\orth_332172b4b41c.npz (Q (20154, 11), 6718 points)
[demo_common] pipeline built in 6s (slim load: 14 train files, snr=None, na=nb=17, K0=17)
ANN forced to zero: the residual is the genuine MSD mismatch   [6s]

====================================================================================================
T1_standstill_Ym30   Y_op -0.30
  M1  pure isolation (same e, xc carried against xc reset every nf)
    rms u_fb continuous [N]                [3.9760e+00 3.6079e+00 2.0772e+01]
    rms difference [N]                     [2.9725e-01 2.7196e-01 1.5191e+00]
    ratio to rms(u_fb)                     [   0.07476    0.07538    0.07313]
    DC share of the difference             [   0.26345    0.25939    0.25761]
    median recovery [samples of 400]       [       6.0        6.0        6.0]
      the same, as %% of the window        [      1.50       1.50       1.50]
  M2  training geometry (40 windows, encoder-init both arms, only xc0 differs)
    rms window model error [m]             [4.3225e-07 4.0743e-07 3.9362e-06]
    rms effect of the reset [m]            [4.2109e-08 5.4719e-08 3.4623e-07]
    ratio to the model error               [   0.09742    0.13430    0.08796]
    worst channel ratio 0.13430   trigger 0.010   -> WARM-UP INDICATED

====================================================================================================
T10_aprbs_60   Y_op +0.00
  M1  pure isolation (same e, xc carried against xc reset every nf)
    rms u_fb continuous [N]                [4.0492e+00 4.0762e+00 2.0584e+01]
    rms difference [N]                     [7.1527e-01 7.1303e-01 1.6304e+00]
    ratio to rms(u_fb)                     [   0.17665    0.17493    0.07921]
    DC share of the difference             [   0.69960    0.69910    0.26078]
    median recovery [samples of 400]       [       6.0        6.0        6.0]
      the same, as %% of the window        [      1.50       1.50       1.50]
  M2  training geometry (40 windows, encoder-init both arms, only xc0 differs)
    rms window model error [m]             [6.6489e-07 6.3188e-07 3.8200e-06]
    rms effect of the reset [m]            [8.3230e-08 8.2413e-08 3.6714e-07]
    ratio to the model error               [   0.12518    0.13042    0.09611]
    worst channel ratio 0.13042   trigger 0.010   -> WARM-UP INDICATED

====================================================================================================
V1_standstill_Yp10   Y_op +0.10
  M1  pure isolation (same e, xc carried against xc reset every nf)
    rms u_fb continuous [N]                [4.0004e+00 4.2525e+00 2.0443e+01]
    rms difference [N]                     [2.9057e-01 3.1103e-01 1.4804e+00]
    ratio to rms(u_fb)                     [   0.07264    0.07314    0.07242]
    DC share of the difference             [   0.29284    0.29214    0.26076]
    median recovery [samples of 400]       [       6.0        6.0        6.0]
      the same, as %% of the window        [      1.50       1.50       1.50]
  M2  training geometry (40 windows, encoder-init both arms, only xc0 differs)
    rms window model error [m]             [4.3546e-07 3.9764e-07 3.8744e-06]
    rms effect of the reset [m]            [5.4575e-08 4.8843e-08 3.2901e-07]
    ratio to the model error               [   0.12533    0.12283    0.08492]
    worst channel ratio 0.12533   trigger 0.010   -> WARM-UP INDICATED

====================================================================================================
V2_aprbs_Ylow   Y_op -0.22
  M1  pure isolation (same e, xc carried against xc reset every nf)
    rms u_fb continuous [N]                [4.1432e+00 3.8752e+00 2.0614e+01]
    rms difference [N]                     [8.6444e-01 8.5304e-01 1.5536e+00]
    ratio to rms(u_fb)                     [   0.20864    0.22013    0.07536]
    DC share of the difference             [   0.81234    0.82260    0.28798]
    median recovery [samples of 400]       [       6.0        6.0        6.0]
      the same, as %% of the window        [      1.50       1.50       1.50]
  M2  training geometry (40 windows, encoder-init both arms, only xc0 differs)
    rms window model error [m]             [8.2209e-07 7.5324e-07 3.6971e-06]
    rms effect of the reset [m]            [7.5009e-08 9.4391e-08 4.0285e-07]
    ratio to the model error               [   0.09124    0.12531    0.10896]
    worst channel ratio 0.12531   trigger 0.010   -> WARM-UP INDICATED

====================================================================================================
SUMMARY
====================================================================================================
record                 M1 diff / rms(u_fb)        M2 diff / model error      recovery [samples]
T1_standstill_Ym30     0.07476 0.07538 0.07313   0.09742 0.13430 0.08796       6     6     6
T10_aprbs_60           0.17665 0.17493 0.07921   0.12518 0.13042 0.09611       6     6     6
V1_standstill_Yp10     0.07264 0.07314 0.07242   0.12533 0.12283 0.08492       6     6     6
V2_aprbs_Ylow          0.20864 0.22013 0.07536   0.09124 0.12531 0.10896       6     6     6

worst M2 ratio over all records and channels: 0.13430   trigger 0.010
VERDICT: WARM-UP INDICATED
[624s]
