P2  sample-rate comparison of the frozen design loop, f_bw = 100 Hz

Y_op = 0.10 m
  rate     1 Hz       10 Hz      50 Hz      100 Hz     150 Hz     180 Hz     500 Hz    
  20 kHz   0.0004     0.0214     1.0544     1.6695     1.7983     1.8043     1.1438    
  4 kHz    0.0004     0.0214     1.0816     1.8362     2.0738     2.0506     1.1230    
  phase margin [deg] and crossover [Hz]:
  20 kHz   PM [ 37.43  37.42  37.16]   fc [ 100.00  100.00  100.00]
  4 kHz    PM [ 33.83  33.82  33.57]   fc [ 100.04  100.04  100.04]
           phase-margin shift [ 3.59  3.59  3.59] deg   tol 5   ok
  sigma_max(So) at 150 Hz: 1.7983 -> 2.0738, relative change 15.32 %   tol 10 %   FLAG

Y_op = 0.00 m
  rate     1 Hz       10 Hz      50 Hz      100 Hz     150 Hz     180 Hz     500 Hz    
  20 kHz   0.0004     0.0217     1.0807     1.6569     1.7937     1.8076     1.1450    
  4 kHz    0.0004     0.0217     1.1098     1.8277     2.0711     2.0590     1.1239    
  phase margin [deg] and crossover [Hz]:
  20 kHz   PM [ 37.42  37.44  37.16]   fc [ 100.00  100.00  100.00]
  4 kHz    PM [ 33.83  33.85  33.57]   fc [ 100.04  100.04  100.04]
           phase-margin shift [ 3.59  3.59  3.59] deg   tol 5   ok
  sigma_max(So) at 150 Hz: 1.7937 -> 2.0711, relative change 15.46 %   tol 10 %   FLAG

P2a table produced. Record the rate decision in docs/decisions.md before implementing
A, B or C at a rate other than 20 kHz.
Cfb rebuilt in Python: loss_variants.controller_ss(Y_op, ts) at ts = 5.000000e-05 s (20000 Hz)
  -> p2_rate_compare.build_cfb_at -> verify_controller closed-form Cnorm + ruleOfThumb gain
MATLAB side: gtd_run_simulation.m:33  u_fb = lsim(plant.Cfb, r_sim - q_with), zero initial state
Stored y is exactly q_with (gtd_save_record.m:31), both cast to single.

====================================================================================================
CONTROLLER ORDER (identical structure at every Y_op; only the gains kappa_j differ)
====================================================================================================
  Y_op = -0.30 m   per-channel order [3 3 3]   n_FB = 9   D diag [3.8670e+06 2.7121e+06 1.5158e+06]
                   kappa = [2.959461e+07 2.075576e+07 1.160028e+07]
  Y_op = -0.22 m   per-channel order [3 3 3]   n_FB = 9   D diag [3.5120e+06 2.7017e+06 1.5130e+06]
                   kappa = [2.687781e+07 2.067615e+07 1.157949e+07]
  Y_op = -0.15 m   per-channel order [3 3 3]   n_FB = 9   D diag [3.2476e+06 2.7264e+06 1.5111e+06]
                   kappa = [2.485459e+07 2.086577e+07 1.156466e+07]
  Y_op = -0.10 m   per-channel order [3 3 3]   n_FB = 9   D diag [3.0880e+06 2.7669e+06 1.5101e+06]
                   kappa = [2.363271e+07 2.117565e+07 1.155684e+07]
  Y_op = +0.00 m   per-channel order [3 3 3]   n_FB = 9   D diag [2.8438e+06 2.9135e+06 1.5092e+06]
                   kappa = [2.176425e+07 2.229763e+07 1.154996e+07]
  Y_op = +0.10 m   per-channel order [3 3 3]   n_FB = 9   D diag [2.6959e+06 3.1573e+06 1.5099e+06]
                   kappa = [2.063208e+07 2.416292e+07 1.155581e+07]
  Y_op = +0.15 m   per-channel order [3 3 3]   n_FB = 9   D diag [2.6546e+06 3.3172e+06 1.5109e+06]
                   kappa = [2.031564e+07 2.538667e+07 1.156319e+07]
  Y_op = +0.22 m   per-channel order [3 3 3]   n_FB = 9   D diag [2.6285e+06 3.5824e+06 1.5128e+06]
                   kappa = [2.011638e+07 2.741649e+07 1.157753e+07]
  Y_op = +0.30 m   per-channel order [3 3 3]   n_FB = 9   D diag [2.6376e+06 3.9390e+06 1.5155e+06]
                   kappa = [2.018565e+07 3.014552e+07 1.159799e+07]

  n_FB = 9 states total (3 diagonal SISO channels, block-diagonal state space).
  For the section-8 placement question: joining the interconnect state vector would
  take nxd from 8 to 17, a +112 % growth.

====================================================================================================
T1_standstill_Ym30   split=train  Y_op = -0.30 m   N = 240000   dt = 5.000000e-05 s (design 5.000000e-05)
  [1] u_total - (u_fb + f_sim)                 channels  X1      X2      Y
    full record  max abs [N]   [1.1444e-05 1.1444e-05 1.1444e-05]
    full record  rms [N]       [1.5472e-06 1.5297e-06 1.3452e-06]
    full record  rel to rms(u_total) [3.4064e-08 3.3752e-08 3.6823e-08]
    from t = 0.5 s  max abs [N] [1.1444e-05 1.1444e-05 1.1444e-05]
    from t = 0.5 s  rms [N]    [1.5512e-06 1.5317e-06 1.3535e-06]
    from t = 0.5 s  rel to rms(u_total) [3.4022e-08 3.3750e-08 3.6840e-08]
    float32 step on u_total [N] [1.5259e-05 1.5259e-05 1.5259e-05]
  [2] u_fb_recomputed - u_fb                   channels  X1      X2      Y
    rms(u_fb) [N]              [2.9296e+01 2.8266e+01 2.4299e+01]
    rms(e = r_sim - y) [m]     [2.1770e-06 2.9979e-06 4.4085e-06]
    mean(e) [m]                [3.2058e-10 6.0890e-12 -1.2243e-08]
    full record  max abs [N]   [7.0407e-06 8.1135e-06 1.9383e+01]
    full record  rms [N]       [9.3713e-07 8.7484e-07 1.1161e+01]
    full record  rel to rms(u_fb) [3.1988e-08 3.0950e-08 4.5931e-01]
    from t = 0.5 s  max abs [N] [7.0407e-06 8.1135e-06 1.9383e+01]
    from t = 0.5 s  rms [N]    [9.4147e-07 8.7630e-07 1.1401e+01]
    from t = 0.5 s  rel to rms(u_fb) [3.2047e-08 3.0960e-08 4.6588e-01]
    ramp explains [%]          [   3.323    0.010   99.997]
    slope fitted [N/s]         [+4.8893e-08 +2.5614e-09 -1.6076e+00]
    slope predicted [N/s]      [+1.1039e-01 +1.4705e-03 -1.6525e+00]
    residual less ramp, rms [N] [9.1353e-07 8.7387e-07 3.1892e-02]
      the same, rel to rms(u_fb) [3.1182e-08 3.0915e-08 1.3124e-03]
    -- storage floor, measured: same Cfb on an independent redraw of the single() rounding
    full record  max abs [N]   [5.6339e-06 5.6333e-06 1.4955e-01]
    full record  rms [N]       [6.9413e-07 7.9599e-07 4.0897e-02]
    full record  rel to rms(u_fb) [2.3694e-08 2.8160e-08 1.6831e-03]
    from t = 0.5 s  max abs [N] [5.6339e-06 5.6333e-06 1.4955e-01]
    from t = 0.5 s  rms [N]    [7.0065e-07 8.0662e-07 4.1260e-02]
    from t = 0.5 s  rel to rms(u_fb) [2.3850e-08 2.8498e-08 1.6861e-03]
    residual / storage floor   [    1.344     1.086   276.315]
====================================================================================================
T2_standstill_Ym15   split=train  Y_op = -0.15 m   N = 240000   dt = 5.000000e-05 s (design 5.000000e-05)
  [1] u_total - (u_fb + f_sim)                 channels  X1      X2      Y
    full record  max abs [N]   [1.1444e-05 1.1444e-05 1.1444e-05]
    full record  rms [N]       [1.5382e-06 1.5142e-06 1.3437e-06]
    full record  rel to rms(u_total) [3.4096e-08 3.3952e-08 3.6736e-08]
    from t = 0.5 s  max abs [N] [1.1444e-05 1.1444e-05 1.1444e-05]
    from t = 0.5 s  rms [N]    [1.5400e-06 1.5266e-06 1.3453e-06]
    from t = 0.5 s  rel to rms(u_total) [3.4078e-08 3.3931e-08 3.6744e-08]
    float32 step on u_total [N] [1.5259e-05 1.5259e-05 1.5259e-05]
  [2] u_fb_recomputed - u_fb                   channels  X1      X2      Y
    rms(u_fb) [N]              [2.9758e+01 2.8419e+01 2.4441e+01]
    rms(e = r_sim - y) [m]     [2.6336e-06 2.9820e-06 4.4366e-06]
    mean(e) [m]                [1.5176e-10 4.7692e-12 -6.0298e-09]
    full record  max abs [N]   [8.7389e-06 7.8101e-06 9.6500e+00]
    full record  rms [N]       [9.1889e-07 8.9740e-07 5.5558e+00]
    full record  rel to rms(u_fb) [3.0879e-08 3.1578e-08 2.2731e-01]
    from t = 0.5 s  max abs [N] [8.7389e-06 7.8101e-06 9.6500e+00]
    from t = 0.5 s  rms [N]    [9.2172e-07 9.0480e-07 5.6751e+00]
    from t = 0.5 s  rel to rms(u_fb) [3.0895e-08 3.1581e-08 2.3252e-01]
    ramp explains [%]          [   0.009    1.508   99.997]
    slope fitted [N/s]         [+2.4944e-09 +3.1441e-08 -8.0073e-01]
    slope predicted [N/s]      [+4.3890e-02 +1.1579e-03 -8.1137e-01]
    residual less ramp, rms [N] [9.1863e-07 8.8015e-07 1.5921e-02]
      the same, rel to rms(u_fb) [3.0871e-08 3.0971e-08 6.5141e-04]
    -- storage floor, measured: same Cfb on an independent redraw of the single() rounding
    full record  max abs [N]   [5.8483e-06 5.6814e-06 7.4548e-02]
    full record  rms [N]       [5.5421e-07 7.5812e-07 2.0386e-02]
    full record  rel to rms(u_fb) [1.8624e-08 2.6677e-08 8.3408e-04]
    from t = 0.5 s  max abs [N] [5.8483e-06 5.6814e-06 7.4548e-02]
    from t = 0.5 s  rms [N]    [5.5592e-07 7.6997e-07 2.0567e-02]
    from t = 0.5 s  rel to rms(u_fb) [1.8634e-08 2.6875e-08 8.4265e-04]
    residual / storage floor   [    1.658     1.175   275.938]
====================================================================================================
T3_standstill_Y000   split=train  Y_op = +0.00 m   N = 240000   dt = 5.000000e-05 s (design 5.000000e-05)
  [1] u_total - (u_fb + f_sim)                 channels  X1      X2      Y
    full record  max abs [N]   [1.1444e-05 1.1444e-05 1.1444e-05]
    full record  rms [N]       [1.5327e-06 1.5058e-06 1.3505e-06]
    full record  rel to rms(u_total) [3.4059e-08 3.4109e-08 3.6946e-08]
    from t = 0.5 s  max abs [N] [1.1444e-05 1.1444e-05 1.1444e-05]
    from t = 0.5 s  rms [N]    [1.5438e-06 1.5033e-06 1.3519e-06]
    from t = 0.5 s  rel to rms(u_total) [3.4052e-08 3.4134e-08 3.6968e-08]
    float32 step on u_total [N] [1.5259e-05 1.5259e-05 1.5259e-05]
  [2] u_fb_recomputed - u_fb                   channels  X1      X2      Y
    rms(u_fb) [N]              [2.9183e+01 2.8765e+01 2.4335e+01]
    rms(e = r_sim - y) [m]     [2.9347e-06 2.8311e-06 4.4315e-06]
    mean(e) [m]                [-2.9082e-12 -1.6095e-11 -1.5788e-10]
    full record  max abs [N]   [7.6903e-06 8.3306e-06 6.8970e-06]
    full record  rms [N]       [9.2522e-07 9.6871e-07 9.1936e-07]
    full record  rel to rms(u_fb) [3.1704e-08 3.3676e-08 3.7780e-08]
    from t = 0.5 s  max abs [N] [7.6903e-06 8.3306e-06 6.8970e-06]
    from t = 0.5 s  rms [N]    [9.3235e-07 9.7039e-07 9.2878e-07]
    from t = 0.5 s  rel to rms(u_fb) [3.1727e-08 3.3780e-08 3.8023e-08]
    ramp explains [%]          [   2.075    0.512    5.924]
    slope fitted [N/s]         [-3.7785e-08 +1.8876e-08 +5.4053e-08]
    slope predicted [N/s]      [-7.3647e-04 -4.1758e-03 -2.1217e-02]
    residual less ramp, rms [N] [8.9912e-07 9.1162e-07 7.4616e-07]
      the same, rel to rms(u_fb) [3.0810e-08 3.1692e-08 3.0662e-08]
    -- storage floor, measured: same Cfb on an independent redraw of the single() rounding
    full record  max abs [N]   [5.1156e-06 6.3242e-06 4.3249e-06]
    full record  rms [N]       [6.9232e-07 8.4889e-07 5.2957e-07]
    full record  rel to rms(u_fb) [2.3724e-08 2.9511e-08 2.1762e-08]
    from t = 0.5 s  max abs [N] [5.1156e-06 6.3242e-06 4.3249e-06]
    from t = 0.5 s  rms [N]    [7.0162e-07 8.6006e-07 5.3549e-07]
    from t = 0.5 s  rel to rms(u_fb) [2.3876e-08 2.9939e-08 2.1922e-08]
    residual / storage floor   [    1.329     1.128     1.734]
====================================================================================================
T4_standstill_Yp15   split=train  Y_op = +0.15 m   N = 240000   dt = 5.000000e-05 s (design 5.000000e-05)
  [1] u_total - (u_fb + f_sim)                 channels  X1      X2      Y
    full record  max abs [N]   [1.1444e-05 1.1444e-05 1.1444e-05]
    full record  rms [N]       [1.4929e-06 1.5541e-06 1.3458e-06]
    full record  rel to rms(u_total) [3.3922e-08 3.3920e-08 3.6944e-08]
    from t = 0.5 s  max abs [N] [1.1444e-05 1.1444e-05 1.1444e-05]
    from t = 0.5 s  rms [N]    [1.4978e-06 1.5509e-06 1.3497e-06]
    from t = 0.5 s  rel to rms(u_total) [3.3934e-08 3.3905e-08 3.6943e-08]
    float32 step on u_total [N] [1.5259e-05 1.5259e-05 1.5259e-05]
  [2] u_fb_recomputed - u_fb                   channels  X1      X2      Y
    rms(u_fb) [N]              [2.7917e+01 2.9388e+01 2.4165e+01]
    rms(e = r_sim - y) [m]     [3.0027e-06 2.5450e-06 4.3866e-06]
    mean(e) [m]                [-4.0965e-11 2.3910e-10 5.6688e-09]
    full record  max abs [N]   [7.6110e-06 8.1935e-06 9.6769e+00]
    full record  rms [N]       [9.1876e-07 9.2161e-07 5.5682e+00]
    full record  rel to rms(u_fb) [3.2911e-08 3.1360e-08 2.3043e-01]
    from t = 0.5 s  max abs [N] [7.6110e-06 8.1935e-06 9.6769e+00]
    from t = 0.5 s  rms [N]    [9.2361e-07 9.2095e-07 5.6878e+00]
    from t = 0.5 s  rel to rms(u_fb) [3.2973e-08 3.1371e-08 2.3464e-01]
    ramp explains [%]          [   3.154    0.442   99.997]
    slope fitted [N/s]         [+4.5149e-08 +1.7694e-08 +8.0253e-01]
    slope predicted [N/s]      [-9.6835e-03 +7.0628e-02 +7.6270e-01]
    residual less ramp, rms [N] [8.6670e-07 9.1957e-07 1.6035e-02]
      the same, rel to rms(u_fb) [3.1046e-08 3.1290e-08 6.6359e-04]
    -- storage floor, measured: same Cfb on an independent redraw of the single() rounding
    full record  max abs [N]   [5.7974e-06 5.3775e-06 7.4538e-02]
    full record  rms [N]       [6.9059e-07 6.9114e-07 2.0383e-02]
    full record  rel to rms(u_fb) [2.4737e-08 2.3517e-08 8.4352e-04]
    from t = 0.5 s  max abs [N] [5.7974e-06 5.3775e-06 7.4538e-02]
    from t = 0.5 s  rms [N]    [6.9860e-07 6.9743e-07 2.0564e-02]
    from t = 0.5 s  rel to rms(u_fb) [2.4940e-08 2.3757e-08 8.4833e-04]
    residual / storage floor   [    1.322     1.320   276.590]
====================================================================================================
T5_standstill_Yp30   split=train  Y_op = +0.30 m   N = 240000   dt = 5.000000e-05 s (design 5.000000e-05)
  [1] u_total - (u_fb + f_sim)                 channels  X1      X2      Y
    full record  max abs [N]   [1.1444e-05 1.1444e-05 1.1444e-05]
    full record  rms [N]       [1.5202e-06 1.5341e-06 1.3535e-06]
    full record  rel to rms(u_total) [3.3760e-08 3.3724e-08 3.6781e-08]
    from t = 0.5 s  max abs [N] [1.1444e-05 1.1444e-05 1.1444e-05]
    from t = 0.5 s  rms [N]    [1.5212e-06 1.5405e-06 1.3615e-06]
    from t = 0.5 s  rel to rms(u_total) [3.3771e-08 3.3707e-08 3.6769e-08]
    float32 step on u_total [N] [1.5259e-05 1.5259e-05 1.5259e-05]
  [2] u_fb_recomputed - u_fb                   channels  X1      X2      Y
    rms(u_fb) [N]              [2.7889e+01 2.8647e+01 2.4587e+01]
    rms(e = r_sim - y) [m]     [3.0356e-06 2.0868e-06 4.4525e-06]
    mean(e) [m]                [-2.0597e-10 -5.5619e-11 1.1544e-08]
    full record  max abs [N]   [7.0575e-06 7.6380e-06 1.9391e+01]
    full record  rms [N]       [9.2181e-07 9.2101e-07 1.1167e+01]
    full record  rel to rms(u_fb) [3.3053e-08 3.2151e-08 4.5419e-01]
    from t = 0.5 s  max abs [N] [7.0575e-06 7.6380e-06 1.9391e+01]
    from t = 0.5 s  rms [N]    [9.2635e-07 9.2579e-07 1.1407e+01]
    from t = 0.5 s  rel to rms(u_fb) [3.3142e-08 3.2182e-08 4.6098e-01]
    ramp explains [%]          [   0.411    4.339   99.997]
    slope fitted [N/s]         [+1.6127e-08 +5.4605e-08 +1.6114e+00]
    slope predicted [N/s]      [-4.8375e-02 -1.9509e-02 +1.5579e+00]
    residual less ramp, rms [N] [8.6909e-07 8.8814e-07 3.2936e-02]
      the same, rel to rms(u_fb) [3.1162e-08 3.1003e-08 1.3396e-03]
    -- storage floor, measured: same Cfb on an independent redraw of the single() rounding
    full record  max abs [N]   [5.5088e-06 5.2054e-06 1.4952e-01]
    full record  rms [N]       [6.1185e-07 8.1699e-07 4.0889e-02]
    full record  rel to rms(u_fb) [2.1939e-08 2.8519e-08 1.6631e-03]
    from t = 0.5 s  max abs [N] [5.5088e-06 5.2054e-06 1.4952e-01]
    from t = 0.5 s  rms [N]    [6.1695e-07 8.2905e-07 4.1252e-02]
    from t = 0.5 s  rel to rms(u_fb) [2.2072e-08 2.8819e-08 1.6671e-03]
    residual / storage floor   [    1.501     1.117   276.520]
====================================================================================================
T6_ysweep_slow   split=train  Y_op = +0.00 m   N = 240000   dt = 5.000000e-05 s (design 5.000000e-05)
  [1] u_total - (u_fb + f_sim)                 channels  X1      X2      Y
    full record  max abs [N]   [1.1444e-05 1.1444e-05 7.6294e-06]
    full record  rms [N]       [1.5008e-06 1.5195e-06 1.3689e-06]
    full record  rel to rms(u_total) [3.3975e-08 3.4025e-08 3.6900e-08]
    from t = 0.5 s  max abs [N] [1.1444e-05 1.1444e-05 7.6294e-06]
    from t = 0.5 s  rms [N]    [1.4949e-06 1.5209e-06 1.3668e-06]
    from t = 0.5 s  rel to rms(u_total) [3.3934e-08 3.4023e-08 3.6948e-08]
    float32 step on u_total [N] [1.5259e-05 1.5259e-05 1.5259e-05]
  [2] u_fb_recomputed - u_fb                   channels  X1      X2      Y
    rms(u_fb) [N]              [2.7634e+01 2.7827e+01 2.5365e+01]
    rms(e = r_sim - y) [m]     [2.7869e-06 2.7346e-06 4.4987e-06]
    mean(e) [m]                [-5.0992e-10 4.9359e-10 -6.7343e-10]
    full record  max abs [N]   [7.7512e-06 8.2393e-06 1.9053e-01]
    full record  rms [N]       [8.8074e-07 8.6693e-07 3.0481e-02]
    full record  rel to rms(u_fb) [3.1872e-08 3.1155e-08 1.2017e-03]
    from t = 0.5 s  max abs [N] [7.7512e-06 8.2393e-06 1.9053e-01]
    from t = 0.5 s  rms [N]    [8.7747e-07 8.6618e-07 3.1137e-02]
    from t = 0.5 s  rel to rms(u_fb) [3.1921e-08 3.1200e-08 1.2297e-03]
    ramp explains [%]          [   0.034    0.442    4.814]
    slope fitted [N/s]         [-4.5239e-09 +1.6509e-08 -1.8015e-03]
    slope predicted [N/s]      [-1.2913e-01 +1.2806e-01 -9.0502e-02]
    residual less ramp, rms [N] [8.5503e-07 8.5848e-07 2.7751e-02]
      the same, rel to rms(u_fb) [3.0941e-08 3.0851e-08 1.0940e-03]
    -- storage floor, measured: same Cfb on an independent redraw of the single() rounding
    full record  max abs [N]   [5.4893e-06 5.1193e-06 1.3384e-01]
    full record  rms [N]       [7.4240e-07 7.4062e-07 2.5492e-02]
    full record  rel to rms(u_fb) [2.6866e-08 2.6615e-08 1.0050e-03]
    from t = 0.5 s  max abs [N] [5.4893e-06 5.1193e-06 1.3384e-01]
    from t = 0.5 s  rms [N]    [7.4988e-07 7.4860e-07 2.6040e-02]
    from t = 0.5 s  rel to rms(u_fb) [2.7280e-08 2.6965e-08 1.0284e-03]
    residual / storage floor   [    1.170     1.157     1.196]
====================================================================================================
T7_ysweep_fast   split=train  Y_op = +0.00 m   N = 240000   dt = 5.000000e-05 s (design 5.000000e-05)
  [1] u_total - (u_fb + f_sim)                 channels  X1      X2      Y
    full record  max abs [N]   [1.1444e-05 1.1444e-05 1.5259e-05]
    full record  rms [N]       [1.5200e-06 1.5218e-06 2.0074e-06]
    full record  rel to rms(u_total) [3.3769e-08 3.4162e-08 3.6171e-08]
    from t = 0.5 s  max abs [N] [1.1444e-05 1.1444e-05 1.5259e-05]
    from t = 0.5 s  rms [N]    [1.5251e-06 1.5205e-06 2.0373e-06]
    from t = 0.5 s  rel to rms(u_total) [3.3743e-08 3.4144e-08 3.6150e-08]
    float32 step on u_total [N] [1.5259e-05 1.5259e-05 1.5259e-05]
  [2] u_fb_recomputed - u_fb                   channels  X1      X2      Y
    rms(u_fb) [N]              [2.8546e+01 2.8474e+01 4.8355e+01]
    rms(e = r_sim - y) [m]     [2.8286e-06 2.7520e-06 4.8980e-06]
    mean(e) [m]                [3.7551e-12 -1.0971e-10 2.4861e-10]
    full record  max abs [N]   [7.6903e-06 8.3721e-06 2.0524e-01]
    full record  rms [N]       [9.6899e-07 8.9711e-07 3.6949e-02]
    full record  rel to rms(u_fb) [3.3944e-08 3.1507e-08 7.6412e-04]
    from t = 0.5 s  max abs [N] [7.6903e-06 8.3721e-06 2.0524e-01]
    from t = 0.5 s  rms [N]    [9.7371e-07 8.9510e-07 3.7744e-02]
    from t = 0.5 s  rel to rms(u_fb) [3.4067e-08 3.1506e-08 7.6666e-04]
    ramp explains [%]          [   2.165    2.929    4.187]
    slope fitted [N/s]         [+3.7794e-08 +4.4211e-08 -1.7491e-03]
    slope predicted [N/s]      [+9.5094e-04 -2.8464e-02 +3.3411e-02]
    residual less ramp, rms [N] [8.8011e-07 8.8162e-07 2.8985e-02]
      the same, rel to rms(u_fb) [3.0831e-08 3.0963e-08 5.9943e-04]
    -- storage floor, measured: same Cfb on an independent redraw of the single() rounding
    full record  max abs [N]   [5.2173e-06 5.8202e-06 1.4265e-01]
    full record  rms [N]       [5.8540e-07 7.9855e-07 3.3268e-02]
    full record  rel to rms(u_fb) [2.0507e-08 2.8045e-08 6.8801e-04]
    from t = 0.5 s  max abs [N] [5.2173e-06 5.8202e-06 1.4265e-01]
    from t = 0.5 s  rms [N]    [5.8844e-07 8.0783e-07 3.3984e-02]
    from t = 0.5 s  rel to rms(u_fb) [2.0588e-08 2.8434e-08 6.9029e-04]
    residual / storage floor   [    1.655     1.108     1.111]
====================================================================================================
T8_ysweep_xmix   split=train  Y_op = +0.00 m   N = 240000   dt = 5.000000e-05 s (design 5.000000e-05)
  [1] u_total - (u_fb + f_sim)                 channels  X1      X2      Y
    full record  max abs [N]   [1.5259e-05 1.5259e-05 1.1444e-05]
    full record  rms [N]       [2.1232e-06 2.1375e-06 1.4456e-06]
    full record  rel to rms(u_total) [3.4832e-08 3.4891e-08 3.6791e-08]
    from t = 0.5 s  max abs [N] [1.5259e-05 1.5259e-05 1.1444e-05]
    from t = 0.5 s  rms [N]    [2.1469e-06 2.1580e-06 1.4575e-06]
    from t = 0.5 s  rel to rms(u_total) [3.4843e-08 3.4903e-08 3.6781e-08]
    float32 step on u_total [N] [1.5259e-05 1.5259e-05 1.5259e-05]
  [2] u_fb_recomputed - u_fb                   channels  X1      X2      Y
    rms(u_fb) [N]              [4.9811e+01 5.0989e+01 2.8288e+01]
    rms(e = r_sim - y) [m]     [3.1260e-06 2.9426e-06 4.6038e-06]
    mean(e) [m]                [-8.3157e-11 1.6368e-10 -6.8246e-11]
    full record  max abs [N]   [4.3204e-02 5.5761e-02 2.1444e-01]
    full record  rms [N]       [8.2550e-03 1.3744e-02 4.7348e-02]
    full record  rel to rms(u_fb) [1.6573e-04 2.6954e-04 1.6738e-03]
    from t = 0.5 s  max abs [N] [4.3204e-02 5.5761e-02 2.1444e-01]
    from t = 0.5 s  rms [N]    [8.4326e-03 1.4039e-02 4.8366e-02]
    from t = 0.5 s  rel to rms(u_fb) [1.6676e-04 2.7140e-04 1.6943e-03]
    ramp explains [%]          [   2.442   41.841   25.222]
    slope fitted [N/s]         [+3.4197e-04 +1.9194e-03 -4.7003e-03]
    slope predicted [N/s]      [-2.1059e-02 +4.2467e-02 -9.1716e-03]
    residual less ramp, rms [N] [7.4873e-03 7.8392e-03 2.8035e-02]
      the same, rel to rms(u_fb) [1.5031e-04 1.5374e-04 9.9109e-04]
    -- storage floor, measured: same Cfb on an independent redraw of the single() rounding
    full record  max abs [N]   [2.8326e-02 3.4180e-02 1.3375e-01]
    full record  rms [N]       [5.3976e-03 8.5187e-03 2.5471e-02]
    full record  rel to rms(u_fb) [1.0836e-04 1.6707e-04 9.0043e-04]
    from t = 0.5 s  max abs [N] [2.8326e-02 3.4180e-02 1.3375e-01]
    from t = 0.5 s  rms [N]    [5.5137e-03 8.7019e-03 2.6019e-02]
    from t = 0.5 s  rel to rms(u_fb) [1.0904e-04 1.6822e-04 9.1144e-04]
    residual / storage floor   [    1.529     1.613     1.859]
====================================================================================================
T9_aprbs_30   split=train  Y_op = +0.00 m   N = 240000   dt = 5.000000e-05 s (design 5.000000e-05)
  [1] u_total - (u_fb + f_sim)                 channels  X1      X2      Y
    full record  max abs [N]   [2.2888e-05 2.4796e-05 1.5259e-05]
    full record  rms [N]       [2.5129e-06 2.6545e-06 1.6284e-06]
    full record  rel to rms(u_total) [3.4955e-08 3.4140e-08 3.6389e-08]
    from t = 0.5 s  max abs [N] [2.2888e-05 2.4796e-05 1.5259e-05]
    from t = 0.5 s  rms [N]    [2.5436e-06 2.6943e-06 1.6386e-06]
    from t = 0.5 s  rel to rms(u_total) [3.4976e-08 3.4150e-08 3.6377e-08]
    float32 step on u_total [N] [3.0518e-05 3.0518e-05 1.5259e-05]
  [2] u_fb_recomputed - u_fb                   channels  X1      X2      Y
    rms(u_fb) [N]              [6.3026e+01 6.9543e+01 3.5559e+01]
    rms(e = r_sim - y) [m]     [7.0396e-06 7.6013e-06 7.4954e-06]
    mean(e) [m]                [4.3508e-10 -4.4602e-10 -5.9258e-10]
    full record  max abs [N]   [6.5152e-01 6.7723e-01 1.7374e+00]
    full record  rms [N]       [3.3571e-01 3.4133e-01 5.0208e-01]
    full record  rel to rms(u_fb) [5.3266e-03 4.9082e-03 1.4120e-02]
    from t = 0.5 s  max abs [N] [6.5152e-01 6.7723e-01 1.7374e+00]
    from t = 0.5 s  rms [N]    [3.4293e-01 3.4867e-01 5.1288e-01]
    from t = 0.5 s  rel to rms(u_fb) [5.3515e-03 4.9251e-03 1.4234e-02]
    ramp explains [%]          [  62.251   60.446   32.584]
    slope fitted [N/s]         [-4.5702e-02 -4.5763e-02 -7.9016e-02]
    slope predicted [N/s]      [+1.1018e-01 -1.1572e-01 -7.9637e-02]
    residual less ramp, rms [N] [1.2328e-01 1.2824e-01 3.9372e-01]
      the same, rel to rms(u_fb) [1.9561e-03 1.8440e-03 1.1072e-02]
    -- storage floor, measured: same Cfb on an independent redraw of the single() rounding
    full record  max abs [N]   [5.6888e-02 6.4787e-02 1.3774e-01]
    full record  rms [N]       [1.0173e-02 1.3221e-02 2.6182e-02]
    full record  rel to rms(u_fb) [1.6141e-04 1.9011e-04 7.3628e-04]
    from t = 0.5 s  max abs [N] [5.6888e-02 6.4787e-02 1.3774e-01]
    from t = 0.5 s  rms [N]    [1.0392e-02 1.3505e-02 2.6745e-02]
    from t = 0.5 s  rel to rms(u_fb) [1.6217e-04 1.9077e-04 7.4222e-04]
    residual / storage floor   [   33.000    25.817    19.177]
====================================================================================================
T10_aprbs_60   split=train  Y_op = +0.00 m   N = 240000   dt = 5.000000e-05 s (design 5.000000e-05)
  [1] u_total - (u_fb + f_sim)                 channels  X1      X2      Y
    full record  max abs [N]   [3.0518e-05 4.5776e-05 3.0518e-05]
    full record  rms [N]       [5.6677e-06 5.6604e-06 2.9516e-06]
    full record  rel to rms(u_total) [3.5101e-08 3.4416e-08 3.4772e-08]
    from t = 0.5 s  max abs [N] [3.0518e-05 4.5776e-05 3.0518e-05]
    from t = 0.5 s  rms [N]    [5.7799e-06 5.7739e-06 2.9991e-06]
    from t = 0.5 s  rel to rms(u_total) [3.5107e-08 3.4418e-08 3.4746e-08]
    float32 step on u_total [N] [3.0518e-05 6.1035e-05 3.0518e-05]
  [2] u_fb_recomputed - u_fb                   channels  X1      X2      Y
    rms(u_fb) [N]              [1.5759e+02 1.6103e+02 8.0372e+01]
    rms(e = r_sim - y) [m]     [2.0161e-05 1.9797e-05 2.1052e-05]
    mean(e) [m]                [3.2676e-10 -6.4102e-12 3.7438e-10]
    full record  max abs [N]   [6.0617e-01 6.1556e-01 9.0989e-01]
    full record  rms [N]       [2.3200e-01 2.3446e-01 4.6146e-01]
    full record  rel to rms(u_fb) [1.4722e-03 1.4560e-03 5.7415e-03]
    from t = 0.5 s  max abs [N] [6.0617e-01 6.1556e-01 9.0989e-01]
    from t = 0.5 s  rms [N]    [2.3699e-01 2.3950e-01 4.7138e-01]
    from t = 0.5 s  rel to rms(u_fb) [1.4734e-03 1.4570e-03 5.7548e-03]
    ramp explains [%]          [  27.569   27.565   81.084]
    slope fitted [N/s]         [+2.6942e-02 +2.7674e-02 +6.7822e-02]
    slope predicted [N/s]      [+8.2749e-02 -1.6631e-03 +5.0313e-02]
    residual less ramp, rms [N] [1.5128e-01 1.5540e-01 1.1348e-01]
      the same, rel to rms(u_fb) [9.5996e-04 9.6505e-04 1.4119e-03]
    -- storage floor, measured: same Cfb on an independent redraw of the single() rounding
    full record  max abs [N]   [6.1517e-02 6.4570e-02 1.2526e-01]
    full record  rms [N]       [1.1467e-02 1.5353e-02 2.0585e-02]
    full record  rel to rms(u_fb) [7.2765e-05 9.5342e-05 2.5612e-04]
    from t = 0.5 s  max abs [N] [6.1517e-02 6.4570e-02 1.2526e-01]
    from t = 0.5 s  rms [N]    [1.1713e-02 1.5683e-02 2.1028e-02]
    from t = 0.5 s  rel to rms(u_fb) [7.2825e-05 9.5409e-05 2.5671e-04]
    residual / storage floor   [   20.232    15.271    22.417]
====================================================================================================
T11_aprbs_100   split=train  Y_op = +0.00 m   N = 240000   dt = 5.000000e-05 s (design 5.000000e-05)
  [1] u_total - (u_fb + f_sim)                 channels  X1      X2      Y
    full record  max abs [N]   [6.1035e-05 6.1035e-05 3.0518e-05]
    full record  rms [N]       [1.0969e-05 1.0935e-05 5.2113e-06]
    full record  rel to rms(u_total) [3.7997e-08 3.8056e-08 3.4775e-08]
    from t = 0.5 s  max abs [N] [6.1035e-05 6.1035e-05 3.0518e-05]
    from t = 0.5 s  rms [N]    [1.1202e-05 1.1165e-05 5.3168e-06]
    from t = 0.5 s  rel to rms(u_total) [3.8000e-08 3.8061e-08 3.4771e-08]
    float32 step on u_total [N] [6.1035e-05 6.1035e-05 3.0518e-05]
  [2] u_fb_recomputed - u_fb                   channels  X1      X2      Y
    rms(u_fb) [N]              [2.8676e+02 2.8520e+02 1.4732e+02]
    rms(e = r_sim - y) [m]     [4.5699e-05 4.3791e-05 4.4696e-05]
    mean(e) [m]                [2.1204e-10 -3.0036e-10 -4.1860e-10]
    full record  max abs [N]   [4.1747e-01 4.4046e-01 4.1918e-01]
    full record  rms [N]       [1.6312e-01 1.8055e-01 1.6911e-01]
    full record  rel to rms(u_fb) [5.6885e-04 6.3308e-04 1.1479e-03]
    from t = 0.5 s  max abs [N] [4.1747e-01 4.4046e-01 4.1918e-01]
    from t = 0.5 s  rms [N]    [1.6663e-01 1.8444e-01 1.7275e-01]
    from t = 0.5 s  rel to rms(u_fb) [5.6894e-04 6.3323e-04 1.1485e-03]
    ramp explains [%]          [   0.261    1.154    9.984]
    slope fitted [N/s]         [-1.7440e-03 -3.8377e-03 -1.5329e-02]
    slope predicted [N/s]      [+5.3696e-02 -7.7928e-02 -5.6256e-02]
    residual less ramp, rms [N] [1.1804e-01 1.2304e-01 1.5945e-01]
      the same, rel to rms(u_fb) [4.1164e-04 4.3144e-04 1.0823e-03]
    -- storage floor, measured: same Cfb on an independent redraw of the single() rounding
    full record  max abs [N]   [5.8742e-02 6.9606e-02 1.1157e-01]
    full record  rms [N]       [1.2397e-02 1.6893e-02 2.1282e-02]
    full record  rel to rms(u_fb) [4.3231e-05 5.9232e-05 1.4446e-04]
    from t = 0.5 s  max abs [N] [5.8742e-02 6.9606e-02 1.1157e-01]
    from t = 0.5 s  rms [N]    [1.2664e-02 1.7256e-02 2.1740e-02]
    from t = 0.5 s  rel to rms(u_fb) [4.3238e-05 5.9245e-05 1.4454e-04]
    residual / storage floor   [   13.158    10.688     7.946]
====================================================================================================
T12_aprbs_yaw   split=train  Y_op = +0.00 m   N = 240000   dt = 5.000000e-05 s (design 5.000000e-05)
  [1] u_total - (u_fb + f_sim)                 channels  X1      X2      Y
    full record  max abs [N]   [4.0054e-05 4.1962e-05 2.8610e-05]
    full record  rms [N]       [4.1819e-06 4.4431e-06 2.8384e-06]
    full record  rel to rms(u_total) [3.5582e-08 3.4525e-08 3.5501e-08]
    from t = 0.5 s  max abs [N] [4.0054e-05 4.1962e-05 2.8610e-05]
    from t = 0.5 s  rms [N]    [4.2609e-06 4.5272e-06 2.8865e-06]
    from t = 0.5 s  rel to rms(u_total) [3.5584e-08 3.4532e-08 3.5497e-08]
    float32 step on u_total [N] [6.1035e-05 6.1035e-05 3.0518e-05]
  [2] u_fb_recomputed - u_fb                   channels  X1      X2      Y
    rms(u_fb) [N]              [1.1243e+02 1.2398e+02 7.5134e+01]
    rms(e = r_sim - y) [m]     [1.7783e-05 1.8781e-05 1.9685e-05]
    mean(e) [m]                [-5.3976e-10 7.7042e-10 -1.0183e-09]
    full record  max abs [N]   [3.2810e-01 3.5436e-01 1.4148e+00]
    full record  rms [N]       [1.2451e-01 1.4028e-01 3.9705e-01]
    full record  rel to rms(u_fb) [1.1074e-03 1.1315e-03 5.2846e-03]
    from t = 0.5 s  max abs [N] [3.2810e-01 3.5436e-01 1.4148e+00]
    from t = 0.5 s  rms [N]    [1.2718e-01 1.4330e-01 4.0559e-01]
    from t = 0.5 s  rel to rms(u_fb) [1.1089e-03 1.1329e-03 5.2964e-03]
    ramp explains [%]          [  10.808   44.506   33.890]
    slope fitted [N/s]         [-9.1862e-03 -2.1467e-02 -4.3153e-02]
    slope predicted [N/s]      [-1.3669e-01 +1.9988e-01 -1.3685e-01]
    residual less ramp, rms [N] [9.1417e-02 8.3036e-02 2.0879e-01]
      the same, rel to rms(u_fb) [8.1313e-04 6.6977e-04 2.7789e-03]
    -- storage floor, measured: same Cfb on an independent redraw of the single() rounding
    full record  max abs [N]   [2.8239e-02 3.5916e-02 1.2359e-01]
    full record  rms [N]       [5.4012e-03 9.0712e-03 1.7906e-02]
    full record  rel to rms(u_fb) [4.8042e-05 7.3168e-05 2.3832e-04]
    from t = 0.5 s  max abs [N] [2.8239e-02 3.5916e-02 1.2359e-01]
    from t = 0.5 s  rms [N]    [5.5173e-03 9.2663e-03 1.8291e-02]
    from t = 0.5 s  rel to rms(u_fb) [4.8105e-05 7.3255e-05 2.3886e-04]
    residual / storage floor   [   23.052    15.465    22.174]
====================================================================================================
T13_lissajous   split=train  Y_op = +0.00 m   N = 240000   dt = 5.000000e-05 s (design 5.000000e-05)
  [1] u_total - (u_fb + f_sim)                 channels  X1      X2      Y
    full record  max abs [N]   [3.0518e-05 3.0518e-05 1.1444e-05]
    full record  rms [N]       [4.4573e-06 4.6075e-06 1.4444e-06]
    full record  rel to rms(u_total) [3.4698e-08 3.4810e-08 3.6860e-08]
    from t = 0.5 s  max abs [N] [3.0518e-05 3.0518e-05 1.1444e-05]
    from t = 0.5 s  rms [N]    [4.5444e-06 4.6961e-06 1.4410e-06]
    from t = 0.5 s  rel to rms(u_total) [3.4697e-08 3.4816e-08 3.6821e-08]
    float32 step on u_total [N] [3.0518e-05 3.0518e-05 1.5259e-05]
  [2] u_fb_recomputed - u_fb                   channels  X1      X2      Y
    rms(u_fb) [N]              [1.2408e+02 1.2752e+02 2.8236e+01]
    rms(e = r_sim - y) [m]     [5.4617e-06 5.4916e-06 4.5622e-06]
    mean(e) [m]                [2.3085e-10 3.3423e-11 -1.8033e-10]
    full record  max abs [N]   [8.7390e-02 9.1408e-02 9.3162e-02]
    full record  rms [N]       [1.4406e-02 1.4907e-02 1.7101e-02]
    full record  rel to rms(u_fb) [1.1611e-04 1.1690e-04 6.0565e-04]
    from t = 0.5 s  max abs [N] [8.7390e-02 9.1408e-02 9.3162e-02]
    from t = 0.5 s  rms [N]    [1.4716e-02 1.5227e-02 1.7469e-02]
    from t = 0.5 s  rel to rms(u_fb) [1.1623e-04 1.1702e-04 6.1763e-04]
    ramp explains [%]          [   1.137    2.222    2.088]
    slope fitted [N/s]         [-4.2868e-04 -6.2058e-04 -7.1288e-04]
    slope predicted [N/s]      [+5.8460e-02 +8.6715e-03 -2.4234e-02]
    residual less ramp, rms [N] [1.3848e-02 1.4259e-02 1.6910e-02]
      the same, rel to rms(u_fb) [1.1160e-04 1.1182e-04 5.9888e-04]
    -- storage floor, measured: same Cfb on an independent redraw of the single() rounding
    full record  max abs [N]   [5.6349e-02 6.2082e-02 8.7116e-02]
    full record  rms [N]       [1.0238e-02 1.2286e-02 1.7379e-02]
    full record  rel to rms(u_fb) [8.2512e-05 9.6350e-05 6.1550e-04]
    from t = 0.5 s  max abs [N] [5.6349e-02 6.2082e-02 8.7116e-02]
    from t = 0.5 s  rms [N]    [1.0458e-02 1.2551e-02 1.7753e-02]
    from t = 0.5 s  rel to rms(u_fb) [8.2600e-05 9.6452e-05 6.2769e-04]
    residual / storage floor   [    1.407     1.213     0.984]
====================================================================================================
T14_lissajous_yaw   split=train  Y_op = +0.00 m   N = 240000   dt = 5.000000e-05 s (design 5.000000e-05)
  [1] u_total - (u_fb + f_sim)                 channels  X1      X2      Y
    full record  max abs [N]   [2.2888e-05 2.2888e-05 1.5259e-05]
    full record  rms [N]       [2.9464e-06 2.9500e-06 2.0105e-06]
    full record  rel to rms(u_total) [3.5360e-08 3.5483e-08 3.6277e-08]
    from t = 0.5 s  max abs [N] [2.2888e-05 2.2888e-05 1.5259e-05]
    from t = 0.5 s  rms [N]    [2.9928e-06 2.9959e-06 2.0285e-06]
    from t = 0.5 s  rel to rms(u_total) [3.5382e-08 3.5498e-08 3.6225e-08]
    float32 step on u_total [N] [3.0518e-05 3.0518e-05 1.5259e-05]
  [2] u_fb_recomputed - u_fb                   channels  X1      X2      Y
    rms(u_fb) [N]              [7.5363e+01 7.6029e+01 4.8313e+01]
    rms(e = r_sim - y) [m]     [3.7263e-06 3.5907e-06 4.8843e-06]
    mean(e) [m]                [-6.7463e-12 1.6598e-10 1.5354e-10]
    full record  max abs [N]   [4.6619e-02 4.4758e-02 2.0225e-01]
    full record  rms [N]       [8.0472e-03 8.8703e-03 4.2489e-02]
    full record  rel to rms(u_fb) [1.0678e-04 1.1667e-04 8.7944e-04]
    from t = 0.5 s  max abs [N] [4.6619e-02 4.4758e-02 2.0225e-01]
    from t = 0.5 s  rms [N]    [8.2203e-03 9.0611e-03 4.3403e-02]
    from t = 0.5 s  rel to rms(u_fb) [1.0712e-04 1.1704e-04 8.8532e-04]
    ramp explains [%]          [   0.496    3.196    0.456]
    slope fitted [N/s]         [-1.6026e-04 +4.4111e-04 -6.2187e-04]
    slope predicted [N/s]      [-1.7084e-03 +4.3063e-02 +2.0634e-02]
    residual less ramp, rms [N] [7.8622e-03 8.4095e-03 3.1816e-02]
      the same, rel to rms(u_fb) [1.0432e-04 1.1061e-04 6.5854e-04]
    -- storage floor, measured: same Cfb on an independent redraw of the single() rounding
    full record  max abs [N]   [2.9736e-02 3.4146e-02 1.4272e-01]
    full record  rms [N]       [6.0535e-03 9.6890e-03 3.3316e-02]
    full record  rel to rms(u_fb) [8.0324e-05 1.2744e-04 6.8958e-04]
    from t = 0.5 s  max abs [N] [2.9736e-02 3.4146e-02 1.4272e-01]
    from t = 0.5 s  rms [N]    [6.1837e-03 9.8974e-03 3.4032e-02]
    from t = 0.5 s  rel to rms(u_fb) [8.0577e-05 1.2784e-04 6.9419e-04]
    residual / storage floor   [    1.329     0.916     1.275]
====================================================================================================
V1_standstill_Yp10   split=val    Y_op = +0.10 m   N = 240000   dt = 5.000000e-05 s (design 5.000000e-05)
  [1] u_total - (u_fb + f_sim)                 channels  X1      X2      Y
    full record  max abs [N]   [1.1444e-05 1.1444e-05 7.6294e-06]
    full record  rms [N]       [1.5071e-06 1.5364e-06 1.3482e-06]
    full record  rel to rms(u_total) [3.4113e-08 3.3804e-08 3.7004e-08]
    from t = 0.5 s  max abs [N] [1.1444e-05 1.1444e-05 7.6294e-06]
    from t = 0.5 s  rms [N]    [1.5136e-06 1.5255e-06 1.3550e-06]
    from t = 0.5 s  rel to rms(u_total) [3.4101e-08 3.3824e-08 3.7000e-08]
    float32 step on u_total [N] [1.5259e-05 1.5259e-05 7.6294e-06]
  [2] u_fb_recomputed - u_fb                   channels  X1      X2      Y
    rms(u_fb) [N]              [2.8634e+01 2.9170e+01 2.4275e+01]
    rms(e = r_sim - y) [m]     [3.0567e-06 2.6360e-06 4.4106e-06]
    mean(e) [m]                [-3.7078e-10 1.1072e-10 1.2781e-09]
    full record  max abs [N]   [7.9055e-06 7.9065e-06 2.4141e+00]
    full record  rms [N]       [9.0240e-07 9.0337e-07 1.3820e+00]
    full record  rel to rms(u_fb) [3.1515e-08 3.0969e-08 5.6932e-02]
    from t = 0.5 s  max abs [N] [7.9055e-06 7.9065e-06 2.4141e+00]
    from t = 0.5 s  rms [N]    [9.0664e-07 8.9827e-07 1.4117e+00]
    from t = 0.5 s  rel to rms(u_fb) [3.1533e-08 3.0986e-08 5.7980e-02]
    ramp explains [%]          [   3.208    0.020   99.987]
    slope fitted [N/s]         [+4.6593e-08 -3.6419e-09 +1.9905e-01]
    slope predicted [N/s]      [-8.9011e-02 +3.1127e-02 +1.7184e-01]
    residual less ramp, rms [N] [8.8659e-07 9.0276e-07 7.9566e-03]
      the same, rel to rms(u_fb) [3.0963e-08 3.0948e-08 3.2777e-04]
    -- storage floor, measured: same Cfb on an independent redraw of the single() rounding
    full record  max abs [N]   [5.1748e-06 5.3627e-06 3.7245e-02]
    full record  rms [N]       [7.3515e-07 6.6826e-07 1.0185e-02]
    full record  rel to rms(u_fb) [2.5674e-08 2.2909e-08 4.1958e-04]
    from t = 0.5 s  max abs [N] [5.1748e-06 5.3627e-06 3.7245e-02]
    from t = 0.5 s  rms [N]    [7.4476e-07 6.7193e-07 1.0275e-02]
    from t = 0.5 s  rel to rms(u_fb) [2.5902e-08 2.3179e-08 4.2203e-04]
    residual / storage floor   [    1.217     1.337   137.384]
====================================================================================================
V2_aprbs_Ylow   split=val    Y_op = -0.22 m   N = 240000   dt = 5.000000e-05 s (design 5.000000e-05)
  [1] u_total - (u_fb + f_sim)                 channels  X1      X2      Y
    full record  max abs [N]   [4.9591e-05 3.0518e-05 2.9981e-05]
    full record  rms [N]       [6.5244e-06 6.0041e-06 3.0168e-06]
    full record  rel to rms(u_total) [3.3252e-08 3.6483e-08 3.4938e-08]
    from t = 0.5 s  max abs [N] [4.9591e-05 3.0518e-05 2.9981e-05]
    from t = 0.5 s  rms [N]    [6.6569e-06 6.1243e-06 3.0654e-06]
    from t = 0.5 s  rel to rms(u_total) [3.3250e-08 3.6492e-08 3.4916e-08]
    float32 step on u_total [N] [6.1035e-05 3.0518e-05 3.0518e-05]
  [2] u_fb_recomputed - u_fb                   channels  X1      X2      Y
    rms(u_fb) [N]              [1.9294e+02 1.6100e+02 8.1995e+01]
    rms(e = r_sim - y) [m]     [2.0602e-05 2.2059e-05 2.3895e-05]
    mean(e) [m]                [-4.3938e-10 2.3301e-11 1.9956e-09]
    full record  max abs [N]   [8.5681e-01 6.6729e-01 3.7639e+00]
    full record  rms [N]       [1.9208e-01 1.4960e-01 9.7587e-01]
    full record  rel to rms(u_fb) [9.9554e-04 9.2923e-04 1.1902e-02]
    from t = 0.5 s  max abs [N] [8.5681e-01 6.6729e-01 3.7639e+00]
    from t = 0.5 s  rms [N]    [1.9621e-01 1.5282e-01 9.9679e-01]
    from t = 0.5 s  rel to rms(u_fb) [9.9597e-04 9.2982e-04 1.1930e-02]
    ramp explains [%]          [  26.491   27.024   56.348]
    slope fitted [N/s]         [-2.6591e-02 -2.0800e-02 +1.6797e-01]
    slope predicted [N/s]      [-1.3741e-01 +5.6058e-03 +2.6888e-01]
    residual less ramp, rms [N] [1.5344e-01 1.1841e-01 5.1213e-01]
      the same, rel to rms(u_fb) [7.9528e-04 7.3545e-04 6.2459e-03]
    -- storage floor, measured: same Cfb on an independent redraw of the single() rounding
    full record  max abs [N]   [6.9174e-02 6.0107e-02 1.3696e-01]
    full record  rms [N]       [1.2414e-02 1.4343e-02 2.9779e-02]
    full record  rel to rms(u_fb) [6.4339e-05 8.9088e-05 3.6319e-04]
    from t = 0.5 s  max abs [N] [6.9174e-02 6.0107e-02 1.3696e-01]
    from t = 0.5 s  rms [N]    [1.2681e-02 1.4652e-02 3.0243e-02]
    from t = 0.5 s  rel to rms(u_fb) [6.4367e-05 8.9145e-05 3.6196e-04]
    residual / storage floor   [   15.473    10.430    32.959]
====================================================================================================
V3_ysweep_Yp10   split=val    Y_op = +0.10 m   N = 240000   dt = 5.000000e-05 s (design 5.000000e-05)
  [1] u_total - (u_fb + f_sim)                 channels  X1      X2      Y
    full record  max abs [N]   [1.1444e-05 1.1444e-05 7.6294e-06]
    full record  rms [N]       [1.4912e-06 1.5511e-06 1.3470e-06]
    full record  rel to rms(u_total) [3.4006e-08 3.4009e-08 3.6757e-08]
    from t = 0.5 s  max abs [N] [1.1444e-05 1.1444e-05 7.6294e-06]
    from t = 0.5 s  rms [N]    [1.4968e-06 1.5430e-06 1.3568e-06]
    from t = 0.5 s  rel to rms(u_total) [3.3955e-08 3.4010e-08 3.6733e-08]
    float32 step on u_total [N] [1.5259e-05 1.5259e-05 7.6294e-06]
  [2] u_fb_recomputed - u_fb                   channels  X1      X2      Y
    rms(u_fb) [N]              [2.7823e+01 2.9369e+01 2.4532e+01]
    rms(e = r_sim - y) [m]     [2.9534e-06 2.6711e-06 4.4373e-06]
    mean(e) [m]                [-2.8864e-11 -7.7672e-11 4.2173e-10]
    full record  max abs [N]   [7.8711e-06 7.9224e-06 4.5394e-01]
    full record  rms [N]       [9.6994e-07 9.2078e-07 1.5073e-01]
    full record  rel to rms(u_fb) [3.4861e-08 3.1352e-08 6.1442e-03]
    from t = 0.5 s  max abs [N] [7.8711e-06 7.9224e-06 4.5394e-01]
    from t = 0.5 s  rms [N]    [9.7487e-07 9.1267e-07 1.5342e-01]
    from t = 0.5 s  rel to rms(u_fb) [3.4996e-08 3.1317e-08 6.1959e-03]
    ramp explains [%]          [   7.255    0.307   41.340]
    slope fitted [N/s]         [-6.9642e-08 -1.4561e-08 +1.2486e-02]
    slope predicted [N/s]      [-6.9292e-03 -2.1837e-02 +5.6705e-02]
    residual less ramp, rms [N] [8.6256e-07 9.0973e-07 5.1521e-02]
      the same, rel to rms(u_fb) [3.1002e-08 3.0976e-08 2.1002e-03]
    -- storage floor, measured: same Cfb on an independent redraw of the single() rounding
    full record  max abs [N]   [4.7236e-06 6.3916e-06 8.8083e-02]
    full record  rms [N]       [5.7068e-07 9.8591e-07 1.2656e-02]
    full record  rel to rms(u_fb) [2.0511e-08 3.3570e-08 5.1591e-04]
    from t = 0.5 s  max abs [N] [4.7236e-06 6.3916e-06 8.8083e-02]
    from t = 0.5 s  rms [N]    [5.7434e-07 9.9881e-07 1.2825e-02]
    from t = 0.5 s  rel to rms(u_fb) [2.0618e-08 3.4272e-08 5.1792e-04]
    residual / storage floor   [    1.697     0.914    11.963]
====================================================================================================
V4_lissajous_Ym10   split=val    Y_op = -0.10 m   N = 240000   dt = 5.000000e-05 s (design 5.000000e-05)
  [1] u_total - (u_fb + f_sim)                 channels  X1      X2      Y
    full record  max abs [N]   [2.2888e-05 2.2888e-05 1.1444e-05]
    full record  rms [N]       [3.8302e-06 3.6203e-06 1.4598e-06]
    full record  rel to rms(u_total) [3.5809e-08 3.6061e-08 3.6678e-08]
    from t = 0.5 s  max abs [N] [2.2888e-05 2.2888e-05 1.1444e-05]
    from t = 0.5 s  rms [N]    [3.9006e-06 3.6858e-06 1.4664e-06]
    from t = 0.5 s  rel to rms(u_total) [3.5820e-08 3.6080e-08 3.6640e-08]
    float32 step on u_total [N] [3.0518e-05 3.0518e-05 1.5259e-05]
  [2] u_fb_recomputed - u_fb                   channels  X1      X2      Y
    rms(u_fb) [N]              [1.0137e+02 9.4291e+01 2.9186e+01]
    rms(e = r_sim - y) [m]     [4.2444e-06 4.4610e-06 4.5495e-06]
    mean(e) [m]                [-1.6717e-10 8.7010e-11 -3.6694e-10]
    full record  max abs [N]   [1.0571e-01 8.5709e-02 5.2210e-01]
    full record  rms [N]       [1.7846e-02 1.1814e-02 1.9164e-01]
    full record  rel to rms(u_fb) [1.7604e-04 1.2530e-04 6.5662e-03]
    from t = 0.5 s  max abs [N] [1.0571e-01 8.5709e-02 5.2210e-01]
    from t = 0.5 s  rms [N]    [1.8230e-02 1.2068e-02 1.9537e-01]
    from t = 0.5 s  rel to rms(u_fb) [1.7631e-04 1.2552e-04 6.6474e-03]
    ramp explains [%]          [   2.461    0.611   62.014]
    slope fitted [N/s]         [-6.2273e-04 +2.6594e-04 -1.9590e-02]
    slope predicted [N/s]      [-4.5969e-02 +2.1438e-02 -4.9343e-02]
    residual less ramp, rms [N] [1.3581e-02 1.1749e-02 5.3111e-02]
      the same, rel to rms(u_fb) [1.3398e-04 1.2460e-04 1.8198e-03]
    -- storage floor, measured: same Cfb on an independent redraw of the single() rounding
    full record  max abs [N]   [5.9764e-02 6.3961e-02 1.3422e-01]
    full record  rms [N]       [9.4755e-03 1.4285e-02 2.7322e-02]
    full record  rel to rms(u_fb) [9.3473e-05 1.5150e-04 9.3613e-04]
    from t = 0.5 s  max abs [N] [5.9764e-02 6.3961e-02 1.3422e-01]
    from t = 0.5 s  rms [N]    [9.6793e-03 1.4592e-02 2.7862e-02]
    from t = 0.5 s  rel to rms(u_fb) [9.3614e-05 1.5176e-04 9.4801e-04]
    residual / storage floor   [    1.883     0.827     7.012]
====================================================================================================
E1_resonance_sweep   split=test   Y_op = +0.00 m   N = 240000   dt = 5.000000e-05 s (design 5.000000e-05)
  [1] u_total - (u_fb + f_sim)                 channels  X1      X2      Y
    full record  max abs [N]   [0.0000e+00 0.0000e+00 3.8147e-06]
    full record  rms [N]       [0.0000e+00 0.0000e+00 9.6925e-07]
    full record  rel to rms(u_total) [0.0000e+00 0.0000e+00 3.8565e-08]
    from t = 0.5 s  max abs [N] [0.0000e+00 0.0000e+00 3.8147e-06]
    from t = 0.5 s  rms [N]    [0.0000e+00 0.0000e+00 9.9010e-07]
    from t = 0.5 s  rel to rms(u_total) [0.0000e+00 0.0000e+00 3.8565e-08]
    float32 step on u_total [N] [9.5367e-07 9.5367e-07 3.8147e-06]
  [2] u_fb_recomputed - u_fb                   channels  X1      X2      Y
    rms(u_fb) [N]              [4.5432e+00 4.5140e+00 1.6668e+01]
    rms(e = r_sim - y) [m]     [4.5712e-07 4.4331e-07 3.0238e-06]
    mean(e) [m]                [-3.2157e-17 -3.3110e-17 -1.2833e-16]
    full record  max abs [N]   [9.7421e-07 1.0029e-06 3.0918e-06]
    full record  rms [N]       [1.6385e-07 1.5462e-07 5.2910e-07]
    full record  rel to rms(u_fb) [3.6065e-08 3.4252e-08 3.1744e-08]
    from t = 0.5 s  max abs [N] [9.7421e-07 1.0029e-06 3.0918e-06]
    from t = 0.5 s  rms [N]    [1.6738e-07 1.5794e-07 5.4048e-07]
    from t = 0.5 s  rel to rms(u_fb) [3.6065e-08 3.4252e-08 3.1744e-08]
    ramp explains [%]          [   3.683    4.392    1.127]
    slope fitted [N/s]         [-7.9339e-09 -8.5669e-09 -1.6115e-08]
    slope predicted [N/s]      [-8.1433e-09 -8.5903e-09 -1.7246e-08]
    residual less ramp, rms [N] [1.4055e-07 1.3846e-07 5.2279e-07]
      the same, rel to rms(u_fb) [3.0936e-08 3.0673e-08 3.1366e-08]
    -- storage floor, measured: same Cfb on an independent redraw of the single() rounding
    full record  max abs [N]   [6.7952e-07 7.4784e-07 1.9627e-06]
    full record  rms [N]       [8.3232e-08 1.5429e-07 3.6344e-07]
    full record  rel to rms(u_fb) [1.8320e-08 3.4180e-08 2.1805e-08]
    from t = 0.5 s  max abs [N] [6.7952e-07 7.4784e-07 1.9627e-06]
    from t = 0.5 s  rms [N]    [8.5022e-08 1.5761e-07 3.7125e-07]
    from t = 0.5 s  rel to rms(u_fb) [1.8320e-08 3.4180e-08 2.1805e-08]
    residual / storage floor   [    1.969     1.002     1.456]
====================================================================================================
E2_multisine_Yp22   split=test   Y_op = +0.22 m   N = 240000   dt = 5.000000e-05 s (design 5.000000e-05)
  [1] u_total - (u_fb + f_sim)                 channels  X1      X2      Y
    full record  max abs [N]   [7.6294e-06 1.1444e-05 7.6294e-06]
    full record  rms [N]       [1.2107e-06 1.2472e-06 1.0690e-06]
    full record  rel to rms(u_total) [3.3955e-08 3.3973e-08 3.6722e-08]
    from t = 0.5 s  max abs [N] [7.6294e-06 1.1444e-05 7.6294e-06]
    from t = 0.5 s  rms [N]    [1.2057e-06 1.2497e-06 1.0711e-06]
    from t = 0.5 s  rel to rms(u_total) [3.4014e-08 3.3972e-08 3.6733e-08]
    float32 step on u_total [N] [1.5259e-05 1.5259e-05 7.6294e-06]
  [2] u_fb_recomputed - u_fb                   channels  X1      X2      Y
    rms(u_fb) [N]              [2.2469e+01 2.3427e+01 1.9414e+01]
    rms(e = r_sim - y) [m]     [2.4603e-06 1.8749e-06 3.5233e-06]
    mean(e) [m]                [-1.6643e-10 9.2642e-11 -1.2177e-09]
    full record  max abs [N]   [6.9384e-06 5.9205e-06 1.9901e+00]
    full record  rms [N]       [7.0123e-07 7.4517e-07 1.1255e+00]
    full record  rel to rms(u_fb) [3.1209e-08 3.1808e-08 5.7970e-02]
    from t = 0.5 s  max abs [N] [6.9384e-06 5.9205e-06 1.9901e+00]
    from t = 0.5 s  rms [N]    [6.9803e-07 7.4945e-07 1.1496e+00]
    from t = 0.5 s  rel to rms(u_fb) [3.1194e-08 3.1853e-08 5.8748e-02]
    ramp explains [%]          [   0.529    0.065   99.916]
    slope fitted [N/s]         [-1.4716e-08 -5.3740e-09 -1.6144e-01]
    slope predicted [N/s]      [-3.8955e-02 +2.9553e-02 -1.6403e-01]
    residual less ramp, rms [N] [6.9930e-07 7.2884e-07 1.6169e-02]
      the same, rel to rms(u_fb) [3.1123e-08 3.1111e-08 8.3284e-04]
    -- storage floor, measured: same Cfb on an independent redraw of the single() rounding
    full record  max abs [N]   [6.2757e-06 3.8889e-06 7.4630e-02]
    full record  rms [N]       [4.2715e-07 6.5946e-07 2.0409e-02]
    full record  rel to rms(u_fb) [1.9011e-08 2.8149e-08 1.0512e-03]
    from t = 0.5 s  max abs [N] [6.2757e-06 3.8889e-06 7.4630e-02]
    from t = 0.5 s  rms [N]    [4.2638e-07 6.6926e-07 2.0589e-02]
    from t = 0.5 s  rel to rms(u_fb) [1.9054e-08 2.8445e-08 1.0522e-03]
    residual / storage floor   [    1.637     1.120    55.835]
====================================================================================================
E3_aprbs_above   split=test   Y_op = +0.00 m   N = 240000   dt = 5.000000e-05 s (design 5.000000e-05)
  [1] u_total - (u_fb + f_sim)                 channels  X1      X2      Y
    full record  max abs [N]   [6.1035e-05 8.7738e-05 5.7220e-05]
    full record  rms [N]       [1.1570e-05 1.1682e-05 6.0068e-06]
    full record  rel to rms(u_total) [3.5177e-08 3.4627e-08 3.3013e-08]
    from t = 0.5 s  max abs [N] [6.1035e-05 8.7738e-05 5.7220e-05]
    from t = 0.5 s  rms [N]    [1.1815e-05 1.1929e-05 6.1298e-06]
    from t = 0.5 s  rel to rms(u_total) [3.5177e-08 3.4628e-08 3.3007e-08]
    float32 step on u_total [N] [6.1035e-05 1.2207e-04 6.1035e-05]
  [2] u_fb_recomputed - u_fb                   channels  X1      X2      Y
    rms(u_fb) [N]              [3.2718e+02 3.3553e+02 1.7984e+02]
    rms(e = r_sim - y) [m]     [5.2895e-05 5.2601e-05 5.3796e-05]
    mean(e) [m]                [-2.2852e-10 -8.3015e-11 -1.3948e-09]
    full record  max abs [N]   [6.4503e-01 6.5345e-01 2.7173e+00]
    full record  rms [N]       [2.9317e-01 2.9163e-01 6.1519e-01]
    full record  rel to rms(u_fb) [8.9604e-04 8.6914e-04 3.4207e-03]
    from t = 0.5 s  max abs [N] [6.4503e-01 6.5345e-01 2.7173e+00]
    from t = 0.5 s  rms [N]    [2.9947e-01 2.9790e-01 6.2843e-01]
    from t = 0.5 s  rel to rms(u_fb) [8.9619e-04 8.6929e-04 3.4220e-03]
    ramp explains [%]          [  80.482   80.302   32.320]
    slope fitted [N/s]         [-5.0292e-02 -5.1202e-02 -9.5403e-02]
    slope predicted [N/s]      [-5.7870e-02 -2.1538e-02 -1.8744e-01]
    residual less ramp, rms [N] [8.5795e-02 8.7848e-02 4.7825e-01]
      the same, rel to rms(u_fb) [2.6223e-04 2.6182e-04 2.6592e-03]
    -- storage floor, measured: same Cfb on an independent redraw of the single() rounding
    full record  max abs [N]   [5.6066e-02 6.3484e-02 1.3667e-01]
    full record  rms [N]       [1.1281e-02 1.4730e-02 2.6543e-02]
    full record  rel to rms(u_fb) [3.4479e-05 4.3901e-05 1.4759e-04]
    from t = 0.5 s  max abs [N] [5.6066e-02 6.3484e-02 1.3667e-01]
    from t = 0.5 s  rms [N]    [1.1523e-02 1.5047e-02 2.7114e-02]
    from t = 0.5 s  rel to rms(u_fb) [3.4485e-05 4.3908e-05 1.4764e-04]
    residual / storage floor   [   25.988    19.798    23.177]
====================================================================================================
E4_multisine_off   split=test   Y_op = +0.00 m   N = 240000   dt = 5.000000e-05 s (design 5.000000e-05)
  [1] u_total - (u_fb + f_sim)                 channels  X1      X2      Y
    full record  max abs [N]   [0.0000e+00 0.0000e+00 0.0000e+00]
    full record  rms [N]       [0.0000e+00 0.0000e+00 0.0000e+00]
    full record  rel to rms(u_total) [0.0000e+00 0.0000e+00 0.0000e+00]
    from t = 0.5 s  max abs [N] [0.0000e+00 0.0000e+00 0.0000e+00]
    from t = 0.5 s  rms [N]    [0.0000e+00 0.0000e+00 0.0000e+00]
    from t = 0.5 s  rel to rms(u_total) [0.0000e+00 0.0000e+00 0.0000e+00]
    float32 step on u_total [N] [6.1035e-05 6.1035e-05 3.0518e-05]
  [2] u_fb_recomputed - u_fb                   channels  X1      X2      Y
    rms(u_fb) [N]              [2.7110e+02 2.7689e+02 1.4575e+02]
    rms(e = r_sim - y) [m]     [4.2927e-05 4.2844e-05 4.3997e-05]
    mean(e) [m]                [-1.2034e-10 -1.1228e-10 1.9901e-10]
    full record  max abs [N]   [4.3179e-01 4.3274e-01 4.8201e-01]
    full record  rms [N]       [2.2321e-01 2.1516e-01 1.6284e-01]
    full record  rel to rms(u_fb) [8.2337e-04 7.7708e-04 1.1173e-03]
    from t = 0.5 s  max abs [N] [4.3179e-01 4.3274e-01 4.8201e-01]
    from t = 0.5 s  rms [N]    [2.2801e-01 2.1979e-01 1.6634e-01]
    from t = 0.5 s  rel to rms(u_fb) [8.2337e-04 7.7708e-04 1.1173e-03]
    ramp explains [%]          [  75.404   74.581   27.957]
    slope fitted [N/s]         [-5.0960e-02 -4.9803e-02 +2.2164e-02]
    slope predicted [N/s]      [-3.0475e-02 -2.9130e-02 +2.6744e-02]
    residual less ramp, rms [N] [1.0082e-01 1.0072e-01 1.2325e-01]
      the same, rel to rms(u_fb) [3.7190e-04 3.6375e-04 8.4565e-04]
    -- storage floor, measured: same Cfb on an independent redraw of the single() rounding
    full record  max abs [N]   [5.7558e-02 6.5412e-02 1.3687e-01]
    full record  rms [N]       [1.0032e-02 1.4158e-02 2.6094e-02]
    full record  rel to rms(u_fb) [3.7005e-05 5.1134e-05 1.7904e-04]
    from t = 0.5 s  max abs [N] [5.7558e-02 6.5412e-02 1.3687e-01]
    from t = 0.5 s  rms [N]    [1.0248e-02 1.4463e-02 2.6656e-02]
    from t = 0.5 s  rel to rms(u_fb) [3.7005e-05 5.1134e-05 1.7904e-04]
    residual / storage floor   [   22.250    15.197     6.240]

====================================================================================================
RECAP 1  u_total - (u_fb + f_sim), first 0.5 s discarded
====================================================================================================
record                 split  max abs [N]  X1  X2  Y           rel to rms(u_total)  X1  X2  Y  
T1_standstill_Ym30     train  1.144e-05 1.144e-05 1.144e-05   3.402e-08 3.375e-08 3.684e-08
T2_standstill_Ym15     train  1.144e-05 1.144e-05 1.144e-05   3.408e-08 3.393e-08 3.674e-08
T3_standstill_Y000     train  1.144e-05 1.144e-05 1.144e-05   3.405e-08 3.413e-08 3.697e-08
T4_standstill_Yp15     train  1.144e-05 1.144e-05 1.144e-05   3.393e-08 3.390e-08 3.694e-08
T5_standstill_Yp30     train  1.144e-05 1.144e-05 1.144e-05   3.377e-08 3.371e-08 3.677e-08
T6_ysweep_slow         train  1.144e-05 1.144e-05 7.629e-06   3.393e-08 3.402e-08 3.695e-08
T7_ysweep_fast         train  1.144e-05 1.144e-05 1.526e-05   3.374e-08 3.414e-08 3.615e-08
T8_ysweep_xmix         train  1.526e-05 1.526e-05 1.144e-05   3.484e-08 3.490e-08 3.678e-08
T9_aprbs_30            train  2.289e-05 2.480e-05 1.526e-05   3.498e-08 3.415e-08 3.638e-08
T10_aprbs_60           train  3.052e-05 4.578e-05 3.052e-05   3.511e-08 3.442e-08 3.475e-08
T11_aprbs_100          train  6.104e-05 6.104e-05 3.052e-05   3.800e-08 3.806e-08 3.477e-08
T12_aprbs_yaw          train  4.005e-05 4.196e-05 2.861e-05   3.558e-08 3.453e-08 3.550e-08
T13_lissajous          train  3.052e-05 3.052e-05 1.144e-05   3.470e-08 3.482e-08 3.682e-08
T14_lissajous_yaw      train  2.289e-05 2.289e-05 1.526e-05   3.538e-08 3.550e-08 3.623e-08
V1_standstill_Yp10     val    1.144e-05 1.144e-05 7.629e-06   3.410e-08 3.382e-08 3.700e-08
V2_aprbs_Ylow          val    4.959e-05 3.052e-05 2.998e-05   3.325e-08 3.649e-08 3.492e-08
V3_ysweep_Yp10         val    1.144e-05 1.144e-05 7.629e-06   3.396e-08 3.401e-08 3.673e-08
V4_lissajous_Ym10      val    2.289e-05 2.289e-05 1.144e-05   3.582e-08 3.608e-08 3.664e-08
E1_resonance_sweep     test   0.000e+00 0.000e+00 3.815e-06   0.000e+00 0.000e+00 3.856e-08
E2_multisine_Yp22      test   7.629e-06 1.144e-05 7.629e-06   3.401e-08 3.397e-08 3.673e-08
E3_aprbs_above         test   6.104e-05 8.774e-05 5.722e-05   3.518e-08 3.463e-08 3.301e-08
E4_multisine_off       test   0.000e+00 0.000e+00 0.000e+00   0.000e+00 0.000e+00 0.000e+00

====================================================================================================
RECAP 2  u_fb_recomputed - u_fb, first 0.5 s discarded
====================================================================================================
record                 split  max abs [N]  X1  X2  Y           rel to rms(u_fb)  X1  X2  Y      rel, ramp removed                storage floor, rel               residual / storage floor
T1_standstill_Ym30     train  7.041e-06 8.114e-06 1.938e+01   3.205e-08 3.096e-08 4.659e-01   3.118e-08 3.092e-08 1.312e-03   2.385e-08 2.850e-08 1.686e-03      1.344    1.086  276.315
T2_standstill_Ym15     train  8.739e-06 7.810e-06 9.650e+00   3.090e-08 3.158e-08 2.325e-01   3.087e-08 3.097e-08 6.514e-04   1.863e-08 2.688e-08 8.427e-04      1.658    1.175  275.938
T3_standstill_Y000     train  7.690e-06 8.331e-06 6.897e-06   3.173e-08 3.378e-08 3.802e-08   3.081e-08 3.169e-08 3.066e-08   2.388e-08 2.994e-08 2.192e-08      1.329    1.128    1.734
T4_standstill_Yp15     train  7.611e-06 8.193e-06 9.677e+00   3.297e-08 3.137e-08 2.346e-01   3.105e-08 3.129e-08 6.636e-04   2.494e-08 2.376e-08 8.483e-04      1.322    1.320  276.590
T5_standstill_Yp30     train  7.057e-06 7.638e-06 1.939e+01   3.314e-08 3.218e-08 4.610e-01   3.116e-08 3.100e-08 1.340e-03   2.207e-08 2.882e-08 1.667e-03      1.501    1.117  276.520
T6_ysweep_slow         train  7.751e-06 8.239e-06 1.905e-01   3.192e-08 3.120e-08 1.230e-03   3.094e-08 3.085e-08 1.094e-03   2.728e-08 2.696e-08 1.028e-03      1.170    1.157    1.196
T7_ysweep_fast         train  7.690e-06 8.372e-06 2.052e-01   3.407e-08 3.151e-08 7.667e-04   3.083e-08 3.096e-08 5.994e-04   2.059e-08 2.843e-08 6.903e-04      1.655    1.108    1.111
T8_ysweep_xmix         train  4.320e-02 5.576e-02 2.144e-01   1.668e-04 2.714e-04 1.694e-03   1.503e-04 1.537e-04 9.911e-04   1.090e-04 1.682e-04 9.114e-04      1.529    1.613    1.859
T9_aprbs_30            train  6.515e-01 6.772e-01 1.737e+00   5.352e-03 4.925e-03 1.423e-02   1.956e-03 1.844e-03 1.107e-02   1.622e-04 1.908e-04 7.422e-04     33.000   25.817   19.177
T10_aprbs_60           train  6.062e-01 6.156e-01 9.099e-01   1.473e-03 1.457e-03 5.755e-03   9.600e-04 9.651e-04 1.412e-03   7.283e-05 9.541e-05 2.567e-04     20.232   15.271   22.417
T11_aprbs_100          train  4.175e-01 4.405e-01 4.192e-01   5.689e-04 6.332e-04 1.148e-03   4.116e-04 4.314e-04 1.082e-03   4.324e-05 5.925e-05 1.445e-04     13.158   10.688    7.946
T12_aprbs_yaw          train  3.281e-01 3.544e-01 1.415e+00   1.109e-03 1.133e-03 5.296e-03   8.131e-04 6.698e-04 2.779e-03   4.811e-05 7.325e-05 2.389e-04     23.052   15.465   22.174
T13_lissajous          train  8.739e-02 9.141e-02 9.316e-02   1.162e-04 1.170e-04 6.176e-04   1.116e-04 1.118e-04 5.989e-04   8.260e-05 9.645e-05 6.277e-04      1.407    1.213    0.984
T14_lissajous_yaw      train  4.662e-02 4.476e-02 2.022e-01   1.071e-04 1.170e-04 8.853e-04   1.043e-04 1.106e-04 6.585e-04   8.058e-05 1.278e-04 6.942e-04      1.329    0.916    1.275
V1_standstill_Yp10     val    7.906e-06 7.906e-06 2.414e+00   3.153e-08 3.099e-08 5.798e-02   3.096e-08 3.095e-08 3.278e-04   2.590e-08 2.318e-08 4.220e-04      1.217    1.337  137.384
V2_aprbs_Ylow          val    8.568e-01 6.673e-01 3.764e+00   9.960e-04 9.298e-04 1.193e-02   7.953e-04 7.355e-04 6.246e-03   6.437e-05 8.915e-05 3.620e-04     15.473   10.430   32.959
V3_ysweep_Yp10         val    7.871e-06 7.922e-06 4.539e-01   3.500e-08 3.132e-08 6.196e-03   3.100e-08 3.098e-08 2.100e-03   2.062e-08 3.427e-08 5.179e-04      1.697    0.914   11.963
V4_lissajous_Ym10      val    1.057e-01 8.571e-02 5.221e-01   1.763e-04 1.255e-04 6.647e-03   1.340e-04 1.246e-04 1.820e-03   9.361e-05 1.518e-04 9.480e-04      1.883    0.827    7.012
E1_resonance_sweep     test   9.742e-07 1.003e-06 3.092e-06   3.607e-08 3.425e-08 3.174e-08   3.094e-08 3.067e-08 3.137e-08   1.832e-08 3.418e-08 2.181e-08      1.969    1.002    1.456
E2_multisine_Yp22      test   6.938e-06 5.920e-06 1.990e+00   3.119e-08 3.185e-08 5.875e-02   3.112e-08 3.111e-08 8.328e-04   1.905e-08 2.845e-08 1.052e-03      1.637    1.120   55.835
E3_aprbs_above         test   6.450e-01 6.535e-01 2.717e+00   8.962e-04 8.693e-04 3.422e-03   2.622e-04 2.618e-04 2.659e-03   3.448e-05 4.391e-05 1.476e-04     25.988   19.798   23.177
E4_multisine_off       test   4.318e-01 4.327e-01 4.820e-01   8.234e-04 7.771e-04 1.117e-03   3.719e-04 3.638e-04 8.457e-04   3.701e-05 5.113e-05 1.790e-04     22.250   15.197    6.240

A ratio at or below 1 means the residual is inside the spread of u_fb values that are all
equally consistent with the single()-rounded signals the record stores, i.e. it is not
evidence about the controller.
