Gym has been unmaintained since 2022 and does not support NumPy 2.0 amongst other critical functionality.
Please upgrade to Gymnasium, the maintained drop-in replacement of Gym, or contact the authors of your software and request that they upgrade.
Users of this version of Gym should be able to simply replace 'import gym' with 'import gymnasium as gym' in the vast majority of cases.
See the migration guide at https://gymnasium.farama.org/introduction/migration_guide/ for additional information.
[thesis run] arm=u noise=noisy start=detuned n_a=2 seed=1 nf=0.100 s detune=[0.9, 1.1, 1.1, 1.1, 0.9, 0.9, 1.1, 1.1, 0.9, 0.9]
[thesis run] arm=u noise=noisy start=detuned n_a=2 seed=1 nf=0.100 s detune=[0.9, 1.1, 1.1, 1.1, 0.9, 0.9, 1.1, 1.1, 0.9, 0.9]
Data dir (thesis_taf_noisy): C:\Users\20203253\OneDrive - TU Eindhoven\Graduation Project\Baseline FP model\Baseline-LPV-Augmentation\Thesis-writeup\Data\Coulomb-tanh-and-MSD
y decimation (D-232): r + zero-phase Butterworth 8 at 1600 Hz on y - r, then [::5]; 20 samples dropped at both record ends (u, y and every field)
Loaded val augmented GT: x_logical=(47960, 6)  delta_a std=4.875e-05 m  vdelta_a std=6.888e-02 m/s
Loaded 18 train, 6 val, 12 test trajectories
  T1: 47960 samples  (Training/TR-S1_r1.mat)
  T2: 47960 samples  (Training/TR-S2_r1.mat)
  T3: 47960 samples  (Training/TR-S3_r1.mat)
  T4: 47960 samples  (Training/TR-S4_r1.mat)
  T5: 47960 samples  (Training/TR-S5_r1.mat)
  T6: 47960 samples  (Training/TR-Y1_r1.mat)
  T7: 47960 samples  (Training/TR-Y2_r1.mat)
  T8: 47960 samples  (Training/TR-Y3_r1.mat)
  T9: 47960 samples  (Training/TR-P1_r1.mat)
  T10: 47960 samples  (Training/TR-P2_r1.mat)
  T11: 47960 samples  (Training/TR-P3_r1.mat)
  T12: 47960 samples  (Training/TR-P4_r1.mat)
  T13: 47960 samples  (Training/TR-L1_r1.mat)
  T14: 47960 samples  (Training/TR-L2_r1.mat)
  T15: 47960 samples  (Training/TR-T1_r1.mat)
  T16: 47960 samples  (Training/TR-T2_r1.mat)
  T17: 47960 samples  (Training/TR-T3_r1.mat)
  T18: 47960 samples  (Training/TR-T4_r1.mat)

######## AC1 validation band check: 714 windows of 400 samples from 6 val records
  [u_u1ctl600.pt, 600 updates] val MSE on 5.7444e-09, off 1.3030e-08 (ratio 0.441)
     ch 0 removed: 20-106 Hz +0.28  106-140 Hz +0.68  140-230 Hz +0.82  230-297 Hz +0.42  297-2000 Hz +0.16
     ch 1 removed: 20-106 Hz +0.21  106-140 Hz +0.72  140-230 Hz +0.86  230-297 Hz +0.44  297-2000 Hz +0.10
     ch 2 removed: 20-106 Hz +0.38  106-140 Hz +0.46  140-230 Hz +0.76  230-297 Hz +0.40  297-2000 Hz -0.05
  [f_inn.pt, 600 updates] val MSE on 5.8004e-09, off 1.3142e-08 (ratio 0.441)
     ch 0 removed: 20-106 Hz +0.30  106-140 Hz +0.67  140-230 Hz +0.83  230-297 Hz +0.42  297-2000 Hz +0.15
     ch 1 removed: 20-106 Hz +0.21  106-140 Hz +0.72  140-230 Hz +0.86  230-297 Hz +0.46  297-2000 Hz +0.19
     ch 2 removed: 20-106 Hz +0.39  106-140 Hz +0.45  140-230 Hz +0.75  230-297 Hz +0.41  297-2000 Hz -0.04
  [f2_e4.pt, 600 updates] val MSE on 5.4547e-09, off 1.2914e-08 (ratio 0.422)
     ch 0 removed: 20-106 Hz +0.34  106-140 Hz +0.73  140-230 Hz +0.84  230-297 Hz +0.36  297-2000 Hz +0.17
     ch 1 removed: 20-106 Hz +0.19  106-140 Hz +0.75  140-230 Hz +0.87  230-297 Hz +0.40  297-2000 Hz +0.23
     ch 2 removed: 20-106 Hz +0.32  106-140 Hz +0.58  140-230 Hz +0.80  230-297 Hz +0.37  297-2000 Hz -0.28
  [f2_e5.pt, 900 updates] val MSE on 1.0036e-09, off 1.3019e-08 (ratio 0.077)
     ch 0 removed: 20-106 Hz +0.43  106-140 Hz +0.87  140-230 Hz +0.92  230-297 Hz +0.86  297-2000 Hz +0.49
     ch 1 removed: 20-106 Hz +0.32  106-140 Hz +0.90  140-230 Hz +0.93  230-297 Hz +0.86  297-2000 Hz +0.44
     ch 2 removed: 20-106 Hz +0.60  106-140 Hz +0.97  140-230 Hz +0.98  230-297 Hz +0.93  297-2000 Hz +0.62
=== EXIT 0 ===
