oracle done
[thesis run] arm=u noise=noisy start=detuned n_a=2 seed=2 nf=0.100 s detune=[1.1, 0.9, 0.9, 0.9, 0.9, 1.1, 0.9, 0.9, 0.9, 1.1]
[thesis run] arm=u noise=noisy start=detuned n_a=2 seed=2 nf=0.100 s detune=[1.1, 0.9, 0.9, 0.9, 0.9, 1.1, 0.9, 0.9, 0.9, 1.1]
Data dir (thesis_taf_noisy): C:\Users\20203253\OneDrive - TU Eindhoven\Graduation Project\Baseline FP model\Baseline-LPV-Augmentation\Thesis-writeup\Data\Coulomb-tanh-and-MSD
y decimation (D-232): r + zero-phase Butterworth 8 at 1600 Hz on y - r, then [::5]; 20 samples dropped at both record ends (u, y and every field)
Loaded val augmented GT: x_logical=(47960, 6)  delta_a std=4.875e-05 m  vdelta_a std=6.888e-02 m/s
Loaded 18 train, 6 val, 12 test trajectories
  T1: 47960 samples  (Training/TR-S1_r1.mat)
  T2: 47960 samples  (Training/TR-S2_r1.mat)
  T3: 47960 samples  (Training/TR-S3_r1.mat)
  T4: 47960 samples  (Training/TR-S4_r1.mat)
  T5: 47960 samples  (Training/TR-S5_r1.mat)
  T6: 47960 samples  (Training/TR-Y1_r1.mat)
  T7: 47960 samples  (Training/TR-Y2_r1.mat)
  T8: 47960 samples  (Training/TR-Y3_r1.mat)
  T9: 47960 samples  (Training/TR-P1_r1.mat)
  T10: 47960 samples  (Training/TR-P2_r1.mat)
  T11: 47960 samples  (Training/TR-P3_r1.mat)
  T12: 47960 samples  (Training/TR-P4_r1.mat)
  T13: 47960 samples  (Training/TR-L1_r1.mat)
  T14: 47960 samples  (Training/TR-L2_r1.mat)
  T15: 47960 samples  (Training/TR-T1_r1.mat)
  T16: 47960 samples  (Training/TR-T2_r1.mat)
  T17: 47960 samples  (Training/TR-T3_r1.mat)
  T18: 47960 samples  (Training/TR-T4_r1.mat)
  Checkpoint format: whole

######## run 44 (job 86918) arm=u n_a=2 | pipeline bt vs oracle bt rms 7.51e-07 m
  f[Hz]  |T| asd   |A| asd   |E| asd   |H|    ph(H)   coh   |H_static| ph   |S_YY|   (asd in m/sqrt(Hz))
    110  2.51e-06  2.39e-06  9.31e-07   1.08     -19  0.99    0.00    +0   1.53
    130  2.48e-06  2.41e-06  7.30e-07   1.06     -15  0.99    0.00    +0   1.56
    150  2.46e-06  2.39e-06  4.52e-07   0.97      -9  0.99    0.00    +0   1.56
    170  2.20e-06  2.17e-06  4.19e-07   0.84      -5  0.99    0.00    +0   1.53
    190  2.74e-06  2.70e-06  7.52e-07   0.73      -1  1.00    0.00    +0   1.49
    200  2.39e-06  2.35e-06  7.40e-07   0.70      +2  0.99    0.00    +0   1.47
    205  2.62e-06  2.60e-06  9.93e-07   0.63      +2  0.99    0.00    +0   1.46
    210  2.66e-06  2.65e-06  1.12e-06   0.58      +2  0.99    0.00    +0   1.45
    212  2.45e-06  2.43e-06  1.04e-06   0.59      +6  0.99    0.00    +0   1.44
    215  2.58e-06  2.55e-06  1.20e-06   0.55      +7  0.99    0.00    +0   1.44
    220  2.63e-06  2.61e-06  1.27e-06   0.53      +9  0.99    0.00    +0   1.42
    225  2.75e-06  2.74e-06  1.43e-06   0.50     +11  0.99    0.00    +0   1.41
    230  3.03e-06  3.01e-06  1.75e-06   0.44     +13  0.99    0.00    +0   1.40
    240  3.48e-06  3.45e-06  2.30e-06   0.38     +21  0.99    0.00    +0   1.38
    250  3.22e-06  3.22e-06  2.42e-06   0.30     +31  0.99    0.00    +0   1.36
    260  3.86e-06  3.85e-06  3.29e-06   0.26     +49  0.99    0.00    +0   1.34
    264  3.59e-06  3.58e-06  3.26e-06   0.25     +62  0.99    0.00    +0   1.33
    270  3.59e-06  3.59e-06  3.56e-06   0.24     +78  0.98    0.00    +0   1.32
    280  2.74e-06  2.74e-06  3.07e-06   0.27    +101  0.99    0.00    +0   1.30
    290  2.36e-06  2.36e-06  2.96e-06   0.35    +117  0.98    0.00    +0   1.29
    296  2.21e-06  2.21e-06  2.95e-06   0.42    +125  0.99    0.00    +0   1.28
