[thesis run] arm=u noise=noisy start=detuned n_a=2 seed=2 nf=0.100 s detune=[1.1, 0.9, 0.9, 0.9, 0.9, 1.1, 0.9, 0.9, 0.9, 1.1]
[thesis run] arm=u noise=noisy start=detuned n_a=2 seed=2 nf=0.100 s detune=[1.1, 0.9, 0.9, 0.9, 0.9, 1.1, 0.9, 0.9, 0.9, 1.1]
Data dir (thesis_taf_noisy): C:\Users\20203253\OneDrive - TU Eindhoven\Graduation Project\Baseline FP model\Baseline-LPV-Augmentation\Thesis-writeup\Data\Coulomb-tanh-and-MSD
y decimation (D-232): r + zero-phase Butterworth 8 at 1600 Hz on y - r, then [::5]; 20 samples dropped at both record ends (u, y and every field)
Loaded val augmented GT: x_logical=(47960, 6)  delta_a std=4.875e-05 m  vdelta_a std=6.888e-02 m/s
Loaded 18 train, 6 val, 12 test trajectories
  T1: 47960 samples  (Training/TR-S1_r1.mat)
  T2: 47960 samples  (Training/TR-S2_r1.mat)
  T3: 47960 samples  (Training/TR-S3_r1.mat)
  T4: 47960 samples  (Training/TR-S4_r1.mat)
  T5: 47960 samples  (Training/TR-S5_r1.mat)
  T6: 47960 samples  (Training/TR-Y1_r1.mat)
  T7: 47960 samples  (Training/TR-Y2_r1.mat)
  T8: 47960 samples  (Training/TR-Y3_r1.mat)
  T9: 47960 samples  (Training/TR-P1_r1.mat)
  T10: 47960 samples  (Training/TR-P2_r1.mat)
  T11: 47960 samples  (Training/TR-P3_r1.mat)
  T12: 47960 samples  (Training/TR-P4_r1.mat)
  T13: 47960 samples  (Training/TR-L1_r1.mat)
  T14: 47960 samples  (Training/TR-L2_r1.mat)
  T15: 47960 samples  (Training/TR-T1_r1.mat)
  T16: 47960 samples  (Training/TR-T2_r1.mat)
  T17: 47960 samples  (Training/TR-T3_r1.mat)
  T18: 47960 samples  (Training/TR-T4_r1.mat)
  Checkpoint format: whole

######## run 44 (job 86918) arm=u n_a=2: 672 encoder points (multisine train windows), Y -0.300 to 0.300 m
  truth (no friction, Y median): |z| 0.9858 ang 0.333 -> 211.9 Hz zeta 0.043
  full : pairs in 95 to 380 Hz per point: {np.int64(0): np.int64(672)}
         median sorted |eig|: 0.0243 0.5689 0.9952 0.9952 0.9994 0.9997 0.9999 1.0001
  phys : pairs in 95 to 380 Hz per point: {np.int64(0): np.int64(672)}
         median sorted |eig|: 0.0000 0.0000 0.9994 0.9994 0.9998 0.9998 1.0000 1.0000
  A_aa (added self-map) eig, median over points: |z| 0.0243 0.5688, angle 0.000 3.142 rad
  mean-Jacobian eig (|z|, angle, f, zeta): (1.0000, 0.000, 0 Hz, -1.000)  (1.0000, 0.000, 0 Hz, 1.000)  (0.9997, 0.000, 0 Hz, 1.000)  (0.9995, 0.000, 0 Hz, 1.000)  (0.9954, 0.007, 4 Hz, 0.556)  (0.5577, 0.000, 0 Hz, 1.000)  (0.0237, 3.142, 2000 Hz, 0.766)
[thesis run] arm=obc noise=noisy start=detuned n_a=4 seed=1 nf=0.100 s detune=[0.9, 1.1, 1.1, 1.1, 0.9, 0.9, 1.1, 1.1, 0.9, 0.9]
Data dir (thesis_taf_noisy): C:\Users\20203253\OneDrive - TU Eindhoven\Graduation Project\Baseline FP model\Baseline-LPV-Augmentation\Thesis-writeup\Data\Coulomb-tanh-and-MSD
y decimation (D-232): r + zero-phase Butterworth 8 at 1600 Hz on y - r, then [::5]; 20 samples dropped at both record ends (u, y and every field)
Loaded val augmented GT: x_logical=(47960, 6)  delta_a std=4.875e-05 m  vdelta_a std=6.888e-02 m/s
Loaded 18 train, 6 val, 12 test trajectories
  T1: 47960 samples  (Training/TR-S1_r1.mat)
  T2: 47960 samples  (Training/TR-S2_r1.mat)
  T3: 47960 samples  (Training/TR-S3_r1.mat)
  T4: 47960 samples  (Training/TR-S4_r1.mat)
  T5: 47960 samples  (Training/TR-S5_r1.mat)
  T6: 47960 samples  (Training/TR-Y1_r1.mat)
  T7: 47960 samples  (Training/TR-Y2_r1.mat)
  T8: 47960 samples  (Training/TR-Y3_r1.mat)
  T9: 47960 samples  (Training/TR-P1_r1.mat)
  T10: 47960 samples  (Training/TR-P2_r1.mat)
  T11: 47960 samples  (Training/TR-P3_r1.mat)
  T12: 47960 samples  (Training/TR-P4_r1.mat)
  T13: 47960 samples  (Training/TR-L1_r1.mat)
  T14: 47960 samples  (Training/TR-L2_r1.mat)
  T15: 47960 samples  (Training/TR-T1_r1.mat)
  T16: 47960 samples  (Training/TR-T2_r1.mat)
  T17: 47960 samples  (Training/TR-T3_r1.mat)
  T18: 47960 samples  (Training/TR-T4_r1.mat)
[obc] reference set: 863208 tuples from 18 records (47956/47956/47956/47956/47956/47956/47956/47956/47956/47956/47956/47956/47956/47956/47956/47956/47956/47956 per record), stride 1, 7.7 s to build
[obc]   Y coverage: min -0.3001 max +0.3001 mean +0.0003 std 0.1812 m; hot tensors 151.9 MB
[obc] attached: protected rows (0, 1, 2, 3, 4, 5) (ANN cols (0, 1, 2, 3, 4, 5)), 863208 reference tuples, space=tangent, refresh=epoch, solve float64, rollout torch.float64
  Checkpoint format: whole

######## run 48 (job 87018) arm=obc n_a=4: 672 encoder points (multisine train windows), Y -0.300 to 0.300 m
  truth (no friction, Y median): |z| 0.9858 ang 0.333 -> 211.9 Hz zeta 0.043
  full : pairs in 95 to 380 Hz per point: {np.int64(0): np.int64(672)}
         median sorted |eig|: 0.0022 0.0039 0.0201 0.3616 0.9987 0.9988 0.9996 0.9998 1.0001 1.0003
  phys : pairs in 95 to 380 Hz per point: {np.int64(0): np.int64(672)}
         median sorted |eig|: 0.0000 0.0000 0.0000 0.0000 0.9998 0.9999 1.0000 1.0000 1.0074 1.0074
  A_aa (added self-map) eig, median over points: |z| 0.0022 0.0039 0.0204 0.3605, angle 0.000 1.790 2.648 3.142 rad
  mean-Jacobian eig (|z|, angle, f, zeta): (1.0001, 0.000, 0 Hz, -0.687)  (0.9996, 0.000, 0 Hz, 1.000)  (0.9995, 0.000, 0 Hz, 1.000)  (0.9992, 0.008, 5 Hz, 0.107)  (0.3512, 0.000, 0 Hz, 1.000)  (0.0200, 3.142, 2000 Hz, 0.780)  (0.0026, 2.268, 1444 Hz, 0.935)
