[thesis run] arm=u noise=noisy start=detuned n_a=2 seed=1 nf=0.100 s detune=[0.9, 1.1, 1.1, 1.1, 0.9, 0.9, 1.1, 1.1, 0.9, 0.9]
[thesis run] arm=u noise=noisy start=detuned n_a=2 seed=1 nf=0.100 s detune=[0.9, 1.1, 1.1, 1.1, 0.9, 0.9, 1.1, 1.1, 0.9, 0.9]
Data dir (thesis_taf_noisy): C:\Users\20203253\OneDrive - TU Eindhoven\Graduation Project\Baseline FP model\Baseline-LPV-Augmentation\Thesis-writeup\Data\Coulomb-tanh-and-MSD
y decimation (D-232): r + zero-phase Butterworth 8 at 1600 Hz on y - r, then [::5]; 20 samples dropped at both record ends (u, y and every field)
Loaded val augmented GT: x_logical=(47960, 6)  delta_a std=4.875e-05 m  vdelta_a std=6.888e-02 m/s
Loaded 18 train, 6 val, 12 test trajectories
  T1: 47960 samples  (Training/TR-S1_r1.mat)
  T2: 47960 samples  (Training/TR-S2_r1.mat)
  T3: 47960 samples  (Training/TR-S3_r1.mat)
  T4: 47960 samples  (Training/TR-S4_r1.mat)
  T5: 47960 samples  (Training/TR-S5_r1.mat)
  T6: 47960 samples  (Training/TR-Y1_r1.mat)
  T7: 47960 samples  (Training/TR-Y2_r1.mat)
  T8: 47960 samples  (Training/TR-Y3_r1.mat)
  T9: 47960 samples  (Training/TR-P1_r1.mat)
  T10: 47960 samples  (Training/TR-P2_r1.mat)
  T11: 47960 samples  (Training/TR-P3_r1.mat)
  T12: 47960 samples  (Training/TR-P4_r1.mat)
  T13: 47960 samples  (Training/TR-L1_r1.mat)
  T14: 47960 samples  (Training/TR-L2_r1.mat)
  T15: 47960 samples  (Training/TR-T1_r1.mat)
  T16: 47960 samples  (Training/TR-T2_r1.mat)
  T17: 47960 samples  (Training/TR-T3_r1.mat)
  T18: 47960 samples  (Training/TR-T4_r1.mat)
  Checkpoint format: whole

######## run 42 (job 86894): linear member, 143892 points, |z| max 9.0
  LS relative one-step residual per row: 6.99e-01 7.01e-01 2.93e-02 6.98e-01 6.95e-01 2.88e-02 9.46e-04 5.97e-03
  LS added self-map L[6:8, 6:8] eig: |z| 0.9844 ang 0.333 (211.8 Hz, zeta 0.047)
  MLP realisation vs LS map: max rel err per row 2.8e-07 1.5e-06 2.1e-07 2.9e-07 1.5e-06 2.1e-07 2.3e-07 2.4e-07
  member model: points with a pair in 95 to 380 Hz: 603 of 603
     median |z| 0.9841  f 211.8 Hz  zeta 0.048 (p10-p90 zeta 0.048 to 0.048)
  Training/TR-S1_r1.mat done
  Training/TR-S2_r1.mat done
  Training/TR-S3_r1.mat done
  Training/TR-S4_r1.mat done
  Training/TR-S5_r1.mat done
  Training/TR-Y1_r1.mat done
  Training/TR-Y2_r1.mat done
  Training/TR-Y3_r1.mat done
  Training/TR-P1_r1.mat done
  Training/TR-P2_r1.mat done
  Training/TR-P3_r1.mat done
  Training/TR-P4_r1.mat done
  Training/TR-L1_r1.mat done
  Training/TR-L2_r1.mat done
  Training/TR-T1_r1.mat done
  Training/TR-T2_r1.mat done
  Training/TR-T3_r1.mat done
  Training/TR-T4_r1.mat done

  windowed training loss, 864 windows, nf 400; reference: trained 5.09e-9, oracle T1 5.1e-11, T2 1.35e-9, noabs 1.25e-8
  lin_T1     mse 3.0185e-10 | Y rms 2.872e-06 m (steps 0-40 6.207e-06, 40-400 2.209e-06) | finite 864/864
  lin_T2     mse 1.6477e-09 | Y rms 1.140e-05 m (steps 0-40 3.335e-05, 40-400 4.554e-06) | finite 864/864
  lin_enc    mse 7.0025e-10 | Y rms 6.117e-06 m (steps 0-40 1.762e-05, 40-400 2.660e-06) | finite 864/864
  static_T2  mse 2.8934e-08 | Y rms 5.172e-05 m (steps 0-40 4.838e-05, 40-400 5.208e-05) | finite 864/864
