[thesis run] arm=u noise=noisy start=detuned n_a=2 seed=1 nf=0.100 s detune=[0.9, 1.1, 1.1, 1.1, 0.9, 0.9, 1.1, 1.1, 0.9, 0.9]
[thesis run] arm=u noise=noisy start=detuned n_a=2 seed=1 nf=0.100 s detune=[0.9, 1.1, 1.1, 1.1, 0.9, 0.9, 1.1, 1.1, 0.9, 0.9]
Data dir (thesis_taf_noisy): C:\Users\20203253\OneDrive - TU Eindhoven\Graduation Project\Baseline FP model\Baseline-LPV-Augmentation\Thesis-writeup\Data\Coulomb-tanh-and-MSD
y decimation (D-232): r + zero-phase Butterworth 8 at 1600 Hz on y - r, then [::5]; 20 samples dropped at both record ends (u, y and every field)
Loaded val augmented GT: x_logical=(47960, 6)  delta_a std=4.875e-05 m  vdelta_a std=6.888e-02 m/s
Loaded 18 train, 6 val, 12 test trajectories
  T1: 47960 samples  (Training/TR-S1_r1.mat)
  T2: 47960 samples  (Training/TR-S2_r1.mat)
  T3: 47960 samples  (Training/TR-S3_r1.mat)
  T4: 47960 samples  (Training/TR-S4_r1.mat)
  T5: 47960 samples  (Training/TR-S5_r1.mat)
  T6: 47960 samples  (Training/TR-Y1_r1.mat)
  T7: 47960 samples  (Training/TR-Y2_r1.mat)
  T8: 47960 samples  (Training/TR-Y3_r1.mat)
  T9: 47960 samples  (Training/TR-P1_r1.mat)
  T10: 47960 samples  (Training/TR-P2_r1.mat)
  T11: 47960 samples  (Training/TR-P3_r1.mat)
  T12: 47960 samples  (Training/TR-P4_r1.mat)
  T13: 47960 samples  (Training/TR-L1_r1.mat)
  T14: 47960 samples  (Training/TR-L2_r1.mat)
  T15: 47960 samples  (Training/TR-T1_r1.mat)
  T16: 47960 samples  (Training/TR-T2_r1.mat)
  T17: 47960 samples  (Training/TR-T3_r1.mat)
  T18: 47960 samples  (Training/TR-T4_r1.mat)
  Checkpoint format: whole

######## graft, job 86894: member pole |z| 0.9844 211.8 Hz

  host trained alone (alpha 0) on 216 windows: 5.0537e-09
  r 0.6000: 5.054e-09 (1.000) 5.079e-09 (1.005) 5.197e-09 (1.028) 5.726e-09 (1.133) 7.155e-09 (1.416) 1.105e-08 (2.186)
  r 0.9000: 5.054e-09 (1.000) 5.113e-09 (1.012) 5.663e-09 (1.121) 1.050e-08 (2.077) 5.380e-08 (10.645) 2.177e-06 (430.749)
  r 0.9844: 5.054e-09 (1.000) 4.970e-09 (0.983) 5.451e-09 (1.079) 1.043e-08 (2.064) 5.973e-08 (11.818) 1.051e-05 (2079.560)
  columns alpha: [0.0, 0.1, 0.25, 0.5, 0.75, 1.0]

  host phys_trained alone (alpha 0) on 216 windows: 1.2800e-08
  r 0.6000: 1.280e-08 (1.000) 1.176e-08 (0.919) 1.051e-08 (0.821) 9.221e-09 (0.720) 9.040e-09 (0.706) 1.069e-08 (0.835)
  r 0.9000: 1.280e-08 (1.000) 1.018e-08 (0.795) 8.020e-09 (0.627) 9.075e-09 (0.709) 3.404e-08 (2.659) 1.164e-06 (90.909)
  r 0.9844: 1.280e-08 (1.000) 9.340e-09 (0.730) 6.776e-09 (0.529) 7.883e-09 (0.616) 4.050e-08 (3.164) 7.038e-06 (549.820)
  columns alpha: [0.0, 0.1, 0.25, 0.5, 0.75, 1.0]
