Gym has been unmaintained since 2022 and does not support NumPy 2.0 amongst other critical functionality.
Please upgrade to Gymnasium, the maintained drop-in replacement of Gym, or contact the authors of your software and request that they upgrade.
Users of this version of Gym should be able to simply replace 'import gym' with 'import gymnasium as gym' in the vast majority of cases.
See the migration guide at https://gymnasium.farama.org/introduction/migration_guide/ for additional information.
Traceback (most recent call last):
  File "C:\Users\20203253\OneDrive - TU Eindhoven\Graduation Project\Baseline FP model\Baseline-LPV-Augmentation\scripts\gantry\absorber-learning-diagnosis\n_phase1.py", line 168, in <module>
    main(int(sys.argv[1]), float(sys.argv[2]), int(sys.argv[3]), sys.argv[4] if len(sys.argv) > 4 else 'run')
  File "C:\Users\20203253\OneDrive - TU Eindhoven\Graduation Project\Baseline FP model\Baseline-LPV-Augmentation\scripts\gantry\absorber-learning-diagnosis\n_phase1.py", line 161, in main
    evaluate(it)
  File "C:\Users\20203253\OneDrive - TU Eindhoven\Graduation Project\Baseline FP model\Baseline-LPV-Augmentation\scripts\gantry\absorber-learning-diagnosis\n_phase1.py", line 141, in evaluate
    e = added_eigs(fs, ann, x0[:24], ev[2][:24, 0])
        ^^^^^^^^^^^^^^^^^^^^^^^^^^^^^^^^^^^^^^^^^^^
  File "C:\Users\20203253\OneDrive - TU Eindhoven\Graduation Project\Baseline FP model\Baseline-LPV-Augmentation\scripts\gantry\absorber-learning-diagnosis\n_phase1.py", line 115, in added_eigs
    return np.array([np.linalg.eigvals(j) for j in J])
                    ^^^^^^^^^^^^^^^^^^^^^^^^^^^^^^^^^
  File "C:\Users\20203253\OneDrive - TU Eindhoven\Graduation Project\Baseline FP model\Baseline-LPV-Augmentation\scripts\gantry\absorber-learning-diagnosis\n_phase1.py", line 115, in <listcomp>
    return np.array([np.linalg.eigvals(j) for j in J])
                     ^^^^^^^^^^^^^^^^^^^^
  File "C:\Users\20203253\AppData\Local\anaconda3\envs\GraduationProject\Lib\site-packages\numpy\linalg\_linalg.py", line 1176, in eigvals
    _assert_finite(a)
  File "C:\Users\20203253\AppData\Local\anaconda3\envs\GraduationProject\Lib\site-packages\numpy\linalg\_linalg.py", line 207, in _assert_finite
    raise LinAlgError("Array must not contain infs or NaNs")
numpy.linalg.LinAlgError: Array must not contain infs or NaNs
