[thesis run] arm=u noise=noisy start=detuned n_a=2 seed=1 nf=0.100 s detune=[0.9, 1.1, 1.1, 1.1, 0.9, 0.9, 1.1, 1.1, 0.9, 0.9]  SMOKE
Data dir (thesis_taf_noisy): C:\Users\20203253\OneDrive - TU Eindhoven\Graduation Project\Baseline FP model\Baseline-LPV-Augmentation\Thesis-writeup\Data\Coulomb-tanh-and-MSD
y decimation (D-232): r + zero-phase Butterworth 8 at 1600 Hz on y - r, then [::5]; 20 samples dropped at both record ends (u, y and every field)
Loaded val augmented GT: x_logical=(8000, 6)  delta_a std=4.879e-05 m  vdelta_a std=6.894e-02 m/s
Loaded 18 train, 6 val, 12 test trajectories
  T1: 8000 samples  (Training/TR-S1_r1.mat)
  T2: 8000 samples  (Training/TR-S2_r1.mat)
  T3: 8000 samples  (Training/TR-S3_r1.mat)
  T4: 8000 samples  (Training/TR-S4_r1.mat)
  T5: 8000 samples  (Training/TR-S5_r1.mat)
  T6: 8000 samples  (Training/TR-Y1_r1.mat)
  T7: 8000 samples  (Training/TR-Y2_r1.mat)
  T8: 8000 samples  (Training/TR-Y3_r1.mat)
  T9: 8000 samples  (Training/TR-P1_r1.mat)
  T10: 8000 samples  (Training/TR-P2_r1.mat)
  T11: 8000 samples  (Training/TR-P3_r1.mat)
  T12: 8000 samples  (Training/TR-P4_r1.mat)
  T13: 8000 samples  (Training/TR-L1_r1.mat)
  T14: 8000 samples  (Training/TR-L2_r1.mat)
  T15: 8000 samples  (Training/TR-T1_r1.mat)
  T16: 8000 samples  (Training/TR-T2_r1.mat)
  T17: 8000 samples  (Training/TR-T3_r1.mat)
  T18: 8000 samples  (Training/TR-T4_r1.mat)

Configuration:
  PROVENANCE:  git c9d096c Augmentation dirty:642 diff:b0a6ff27
               run_id 20260930_210748   save=True
               C:\Users\20203253\OneDrive - TU Eindhoven\Graduation Project\Baseline FP model\Baseline-LPV-Augmentation\simulations\gantry_subnet\thesis_taf_noisy_linear_map\20260930_210748
  DATA:        thesis_taf_noisy   20000 -> 4000 Hz (D=5)   stride=10
               nf=400 (0.1 s)   na_nb=29 (7.25 ms)   batch=512
  MODEL:       encoder=linear_map   ann=tanh   nx_ann=2   16x2   up_sample=1
               ann_route_ix=(0, 1, 2, 3, 4, 5, 6, 7)
  OBJECTIVE:   rollout=closed loop   orth=OFF, obc=OFF (no penalty, no basis build)
               joint=True   param_init=detuned (10-vector, combinations)   noise=None (noiseless)
  OPTIM:       lr=1e-05   adam_eps=1.0e-16   epochs=200   n_its=4 (CAPPED)   seed=1   float64
  EXEC:        device=cpu   checkpoint=OFF (whole rollout graph)
               compile=OFF (eager)

Default hyperparameters (may be overridden by checkpoint):
  NX_ANN: 2
  n_nodes_per_layer: 16
  n_hidden_layers: 2
  up_sample: 1
  nf: 400
  na_nb: 29
  batch_size: 512
  lr: 1e-05
  epochs: 200
[linear added] ann.net replaced: state + readout LINEAR, static tanh, 16x2 each; 1454 trainable ANN weights; Adam rebuilt (lr 1e-05, eps 1e-16)
[closed loop] one bank over 24 records, 1 distinct controllers, Y_op [0.0]
[closed loop] stepped at ts = 0.00025 s (4000 Hz), nc = 9 states
[closed loop] diag(Dc) physical [8.0554e+06 8.2528e+06 4.2749e+06] N/m

Loss rollout: CLOSED loop (known controller wrapped around the model)

Training: nf=400  epochs=200  val=sim-RMS  NX_ANN=2

[nf] rms = RMS over nf=400 (0.100 s) windows, closed loop, metres
     chan = per-channel X/Theta/Y | grow = RMS(last step)/RMS(first) | bias = mean residual
     train = all windows since the last validation, running mean | val = 256 fixed windows, snapshot
     metre weighting is NOT the objective's, which weights channels by 1/ystd^2;
     numbers are not comparable ACROSS loop modes, the [nf gap] ratios are
Model already initilized (init_model_done=True), skipping initilizing of the model, the norm and the creation of the optimizer
Size of the training array =  268.7 MB
N_training_samples = 13644, batch_size = 512, N_batch_updates_per_epoch = 26
    [nf val  ] rms 1.943e-05  chan 4.3e-06/4.1e-06/3.3e-05  grow 1.57x  bias +2.9e-08/+1.2e-08/-4.7e-09  (114 win)
    [nf gap  ] val_sim 1.671e-05 = 0.86x val_nf (horizon)
    [x_aug   ] ||x_aug|| end-of-rollout  mean 0.000e+00  std 0.000e+00  max 0.000e+00
    [joint-probe] combo-err 9.49% (worst m_total +10.0%) | param_loss 0.000e+00
      [combos] kb_sum=3.5775e+03 (-10.00%) | cg1=1.5950e+01 (+10.00%) | cg2=2.2330e+01 (+10.00%) | cy=1.1000e+01 (+10.00%) | cb_sum=1.6200e+01 (-10.00%)
      [combos] mh=9.0900e+00 (-10.00%) | m_total=4.8070e+01 (+10.00%) | m_diff=-5.5000e-01 (-0.48%) | J_eff=3.4168e+00 (-10.00%) | d=9.0000e-02 (-10.00%)
Initial Validation sim-RMS= 1.6706804939418714e-05
    [nf train] rms 1.957e-05  chan 7.2e-06/7.5e-06/3.2e-05  grow 0.35x  bias +4.7e-08/+5.9e-08/+3.1e-08  (2048 win)
    [nf val  ] rms 1.632e-05  chan 7.2e-06/9.0e-06/2.6e-05  grow 0.29x  bias +8.3e-08/+6.5e-08/-1.6e-08  (114 win)
    [nf gap  ] val_sim 1.257e-05 = 0.77x val_nf (horizon) = 0.64x train_nf (horizon+gen)
    [x_aug   ] ||x_aug|| end-of-rollout  mean 5.884e-05  std 3.628e-05  max 2.745e-04
    [joint-probe] combo-err 9.49% (worst cg1 +10.0%) | param_loss 0.000e+00
      [combos] kb_sum=3.5774e+03 (-10.00%) | cg1=1.5951e+01 (+10.00%) | cg2=2.2331e+01 (+10.00%) | cy=1.1000e+01 (+10.00%) | cb_sum=1.6201e+01 (-10.00%)
      [combos] mh=9.0903e+00 (-10.00%) | m_total=4.8068e+01 (+10.00%) | m_diff=-5.5001e-01 (-0.48%) | J_eff=3.4169e+00 (-10.00%) | d=8.9996e-02 (-10.00%)
########## New lowest validation loss achieved ########### sim-RMS = 1.2574909862905034e-05
It    4, sqrt loss 0.000138, Val sim-RMS 1.257e-05, Time Loss: 52.2%, data: 0.0%, val: 47.7%, 21.4 sec/batch
Loaded model with best known validation sim-RMS of 1.257e-05 which happened on epoch 4 (epoch_id=0.15)
  val nf-window RMS (400-step): first=1.9434e-05  best=1.6317e-05  last=1.6317e-05 [m]  (sim-RMS selector unchanged)
  train nf-window RMS (400-step): first=1.9572e-05  best=1.9572e-05  last=1.9572e-05 [m]  (1 finite of 2; the pre-training entry has no windows behind it)
  Pre-polish checkpoint: C:\Users\20203253\OneDrive - TU Eindhoven\Graduation Project\Baseline FP model\Baseline-LPV-Augmentation\simulations\gantry_subnet\thesis_taf_noisy_linear_map\20260930_210748\gantry_ckpt_20260930_210748_pre_lbfgs.pt

[lbfgs] polish phase (D-171): Adam is done, quasi-Newton from here
  [lbfgs] fixed batch: 256 of 13644 windows (stride 10 -> 530), 5.0 MB on cpu, 1 chunk(s), extras=('ctrl_ix',)
  [lbfgs] determinism check (eager): 1.71004650439954275e-08 vs 1.71004650439954275e-08 -> OK
  [lbfgs] 6208 parameters in one group, m=50, strong-Wolfe, tol_grad=1.0e-12 tol_change=0.0e+00 (0.0e+00 relative to the opening loss), max 2 iterations, eager rollout
  [lbfgs] iter    1 (+1 of 1)  (5 closures, 57 s)
  [lbfgs] iter    2 (+1 of 1)  (7 closures, 76 s)
  [lbfgs] ACCEPTED: accepted
  [lbfgs] loss 1.710047e-08 -> 1.166317e-08 | 2 iterations, 7 closures in 112 s
  [lbfgs] sim-RMS 1.257491e-05 -> 1.232926e-05
  Checkpoint weights: C:\Users\20203253\OneDrive - TU Eindhoven\Graduation Project\Baseline FP model\Baseline-LPV-Augmentation\simulations\gantry_subnet\thesis_taf_noisy_linear_map\20260930_210748\gantry_ckpt_20260930_210748.pt  (Adam state omitted: weights were polished)
Training done | 200 ep | 125s | bestfit=0.00001
  Checkpoint meta: C:\Users\20203253\OneDrive - TU Eindhoven\Graduation Project\Baseline FP model\Baseline-LPV-Augmentation\simulations\gantry_subnet\thesis_taf_noisy_linear_map\20260930_210748\gantry_ckpt_20260930_210748.npz

Training complete. Best validation sim-RMS: 0.000012
Saved model: C:\Users\20203253\OneDrive - TU Eindhoven\Graduation Project\Baseline FP model\Baseline-LPV-Augmentation\simulations\gantry_subnet\thesis_taf_noisy_linear_map\20260930_210748\gantry_20260930_210748

=== Joint estimation: identifiable combinations (best checkpoint) ===
  Identifiable combinations (identifiable coordinates trained, inertia positive definite by construction):
Quantity          True        Init     Learned    delta%
--------------------------------------------------------
kb_sum       3975.0000   3577.5000   3577.3572   -10.00%
cg1            14.5000     15.9500     15.9506   +10.00%
cg2            20.3000     22.3300     22.3308   +10.00%
cy             10.0000     11.0000     11.0004   +10.00%
cb_sum         18.0000     16.2000     16.2006   -10.00%
mh             10.1000      9.0900      9.0903   -10.00%
m_total        43.7000     48.0700     48.0681   +10.00%
m_diff         -0.5000     -0.5500     -0.5500   +10.00%
J_eff           3.7964      3.4168      3.4169   -10.00%
d               0.1000      0.0900      0.0900   -10.00%
  admissibility: min eig M(Y) = 3.37259 at Y = +0.003 m; min abs d(Y) = 1774.95 at Y = +0.003 m; PASS

=== Joint estimation: identifiable combinations (init vs learned) ===
  param            init      learned     delta
  kb_sum      3577.5000    3577.3572    -0.00%
  cg1           15.9500      15.9506    +0.00%
  cg2           22.3300      22.3308    +0.00%
  cy            11.0000      11.0004    +0.00%
  cb_sum        16.2000      16.2006    +0.00%
  mh             9.0900       9.0903    +0.00%
  m_total       48.0700      48.0681    -0.00%
  m_diff        -0.5500      -0.5500    +0.00%
  J_eff          3.4168       3.4169    +0.00%
  d              0.0900       0.0900    -0.00%

== A. CLOSED-LOOP FREE RUN: validation (the selection measure), RMS [m] per record, X1 / X2 / Y ==
  VA-S1_r1.mat
    model            5.649e-06  4.082e-06  2.774e-05
    physics part     5.089e-06  5.056e-06  3.987e-05
    baseline, start  5.090e-06  5.057e-06  3.987e-05
    baseline, true   3.872e-06  3.535e-06  3.702e-05
    oracle           1.455e-07  1.103e-07  1.050e-06
  VA-Y1_r1.mat
    model            5.475e-06  3.787e-06  2.921e-05
    physics part     4.693e-06  4.687e-06  4.115e-05
    baseline, start  4.693e-06  4.687e-06  4.115e-05
    baseline, true   3.617e-06  3.410e-06  3.822e-05
    oracle           1.729e-07  1.568e-07  1.507e-06
  VA-P1_r1.mat
    model            5.049e-06  4.220e-06  2.984e-05
    physics part     4.758e-06  4.785e-06  4.079e-05
    baseline, start  4.759e-06  4.786e-06  4.080e-05
    baseline, true   3.298e-06  3.559e-06  3.781e-05
    oracle           1.406e-07  1.297e-07  1.093e-06
  VA-L1_r1.mat
    model            4.899e-06  4.228e-06  2.958e-05
    physics part     4.331e-06  4.540e-06  4.104e-05
    baseline, start  4.332e-06  4.541e-06  4.104e-05
    baseline, true   3.305e-06  3.468e-06  3.810e-05
    oracle           1.298e-07  1.357e-07  1.042e-06
  VA-T1_r1.mat
    model            3.209e-06  1.588e-06  4.099e-06
    physics part     3.381e-06  1.507e-06  4.034e-06
    baseline, start  3.382e-06  1.507e-06  4.035e-06
    baseline, true   1.250e-06  1.462e-06  1.124e-06
    oracle           7.496e-09  8.239e-09  4.616e-09
  VA-T2_r1.mat
    model            1.674e-06  1.150e-06  2.595e-06
    physics part     1.710e-06  1.082e-06  2.443e-06
    baseline, start  1.711e-06  1.083e-06  2.444e-06
    baseline, true   8.649e-07  1.026e-06  9.973e-07
    oracle           7.353e-09  7.891e-09  4.337e-09
  [closed-loop report] Test/E5_r1.mat skipped: "record 'E5_r1' was generated with 1.2 x K1; set RunConfig.controller_gain to score it with its own controller (D-227)"

== A. CLOSED-LOOP FREE RUN: test (scored as the selection measure), RMS [m] per record, X1 / X2 / Y ==
  I1_r1.mat
    model            4.962e-06  3.760e-06  2.925e-05
    physics part     4.394e-06  4.756e-06  4.064e-05
    baseline, start  4.395e-06  4.756e-06  4.064e-05
    baseline, true   3.152e-06  3.685e-06  3.765e-05
    oracle           1.168e-07  1.292e-07  9.556e-07
  I2_r1.mat
    model            4.422e-06  3.307e-06  2.791e-05
    physics part     3.460e-06  4.334e-06  4.017e-05
    baseline, start  3.461e-06  4.335e-06  4.017e-05
    baseline, true   2.770e-06  3.717e-06  3.723e-05
    oracle           1.027e-07  1.341e-07  9.159e-07
  I3_r1.mat
    model            2.972e-06  1.601e-06  3.492e-06
    physics part     3.134e-06  1.419e-06  3.704e-06
    baseline, start  3.135e-06  1.419e-06  3.705e-06
    baseline, true   1.183e-06  1.469e-06  1.175e-06
    oracle           7.466e-09  8.032e-09  4.443e-09
  I4_r1.mat
    model            1.905e-06  1.247e-06  2.770e-06
    physics part     2.022e-06  1.235e-06  2.620e-06
    baseline, start  2.023e-06  1.235e-06  2.621e-06
    baseline, true   9.663e-07  1.080e-06  8.422e-07
    oracle           7.353e-09  7.881e-09  4.258e-09
  I5_r1.mat
    model            3.402e-06  1.550e-06  4.189e-06
    physics part     3.533e-06  1.124e-06  4.304e-06
    baseline, start  3.534e-06  1.124e-06  4.305e-06
    baseline, true   1.097e-06  1.340e-06  1.121e-06
    oracle           7.872e-09  8.845e-09  5.490e-09
  I6_r1.mat
    model            1.600e-06  1.092e-06  2.788e-06
    physics part     1.637e-06  8.844e-07  2.715e-06
    baseline, start  1.637e-06  8.846e-07  2.716e-06
    baseline, true   6.965e-07  8.862e-07  8.835e-07
    oracle           7.551e-09  8.052e-09  4.623e-09
  E1_r1.mat
    model            3.629e-06  2.762e-06  2.802e-05
    physics part     2.639e-06  3.770e-06  4.017e-05
    baseline, start  2.640e-06  3.771e-06  4.017e-05
    baseline, true   2.192e-06  3.436e-06  3.722e-05
    oracle           7.836e-08  1.273e-07  9.503e-07
  E2_r1.mat
    model            2.756e-06  1.564e-06  3.839e-06
    physics part     2.894e-06  1.488e-06  3.702e-06
    baseline, start  2.894e-06  1.488e-06  3.703e-06
    baseline, true   1.200e-06  1.446e-06  1.186e-06
    oracle           7.548e-09  8.299e-09  4.470e-09
  E3_r1.mat
    model            5.286e-06  2.228e-06  6.628e-06
    physics part     5.458e-06  1.713e-06  5.779e-06
    baseline, start  5.460e-06  1.714e-06  5.781e-06
    baseline, true   1.541e-06  1.801e-06  1.231e-06
    oracle           8.540e-09  9.766e-09  5.841e-09
  E4_r1.mat
    model            1.509e-06  1.039e-06  2.447e-06
    physics part     1.541e-06  8.696e-07  2.510e-06
    baseline, start  1.541e-06  8.698e-07  2.511e-06
    baseline, true   6.830e-07  8.588e-07  8.409e-07
    oracle           7.555e-09  8.159e-09  4.533e-09
  E5_r1.mat
    model            n/a
    physics part     n/a
    baseline, start  n/a
    baseline, true   n/a
    oracle           n/a
  E6_r1.mat
    model            6.828e-06  3.275e-06  7.892e-06
    physics part     6.995e-06  2.799e-06  6.378e-06
    baseline, start  6.997e-06  2.800e-06  6.380e-06
    baseline, true   2.231e-06  2.326e-06  1.624e-06
    oracle           8.874e-09  1.052e-08  9.374e-09

========================================================================
VERDICT (run 20260930_210748): closed loop, mean over records of the per-record RMS [m]
  validation model 1.233e-05 | physics part 1.671e-05 | baseline, start 1.671e-05 | baseline, true 1.505e-05 | oracle 4.602e-07
  test       model 6.925e-06 | physics part 8.697e-06 | baseline, start 8.698e-06 | baseline, true 6.834e-06 | oracle 1.558e-07
========================================================================
Saved results: gantry_results_20260930_210748.npz

== B. ENCODER QUALITY ==

=== State recovery diagnostic (D-053) ===
  2657 windows (stride 3), na=nb=29, encoder=linear_map
  channel   R2_raw      R2_linmap   R2_raw_lag1
  q1         -1.3574     +0.5410     -1.4509
  q2         +0.9708     +0.9927     +0.9306
  q3         -0.6402     +0.6946     -1.0078
  dq1        +0.9674     +0.9943     +0.9210
  dq2        +0.9735     +0.9967     +0.9375
  dq3        +0.2625     +0.7009     +0.2893
  R2_linmap ~ 1 & R2_raw low -> basis rotation;
  R2_linmap low              -> information absent from encoder state;
  R2_raw_lag1 > R2_raw       -> encoder aligned to k-1 (one-sample lag)
Saved state recovery diagnostic: gantry_state_recovery_20260930_210748.npz

== D. TRAINING HEALTH ==

=== Gradient norms (single batch, post-training) ===
  encoder             : 8.2732e-05
  hfn                 : 5.8564e-05
