Gym has been unmaintained since 2022 and does not support NumPy 2.0 amongst other critical functionality.
Please upgrade to Gymnasium, the maintained drop-in replacement of Gym, or contact the authors of your software and request that they upgrade.
Users of this version of Gym should be able to simply replace 'import gym' with 'import gymnasium as gym' in the vast majority of cases.
See the migration guide at https://gymnasium.farama.org/introduction/migration_guide/ for additional information.
[thesis run] arm=u noise=noisy start=detuned n_a=2 seed=1 nf=0.100 s detune=[0.9, 1.1, 1.1, 1.1, 0.9, 0.9, 1.1, 1.1, 0.9, 0.9]
[thesis run] arm=u noise=noisy start=detuned n_a=2 seed=1 nf=0.100 s detune=[0.9, 1.1, 1.1, 1.1, 0.9, 0.9, 1.1, 1.1, 0.9, 0.9]
Data dir (thesis_taf_noisy): C:\Users\20203253\OneDrive - TU Eindhoven\Graduation Project\Baseline FP model\Baseline-LPV-Augmentation\Thesis-writeup\Data\Coulomb-tanh-and-MSD
y decimation (D-232): r + zero-phase Butterworth 8 at 1600 Hz on y - r, then [::5]; 20 samples dropped at both record ends (u, y and every field)
Loaded val augmented GT: x_logical=(47960, 6)  delta_a std=4.875e-05 m  vdelta_a std=6.888e-02 m/s
Loaded 18 train, 6 val, 12 test trajectories
  T1: 47960 samples  (Training/TR-S1_r1.mat)
  T2: 47960 samples  (Training/TR-S2_r1.mat)
  T3: 47960 samples  (Training/TR-S3_r1.mat)
  T4: 47960 samples  (Training/TR-S4_r1.mat)
  T5: 47960 samples  (Training/TR-S5_r1.mat)
  T6: 47960 samples  (Training/TR-Y1_r1.mat)
  T7: 47960 samples  (Training/TR-Y2_r1.mat)
  T8: 47960 samples  (Training/TR-Y3_r1.mat)
  T9: 47960 samples  (Training/TR-P1_r1.mat)
  T10: 47960 samples  (Training/TR-P2_r1.mat)
  T11: 47960 samples  (Training/TR-P3_r1.mat)
  T12: 47960 samples  (Training/TR-P4_r1.mat)
  T13: 47960 samples  (Training/TR-L1_r1.mat)
  T14: 47960 samples  (Training/TR-L2_r1.mat)
  T15: 47960 samples  (Training/TR-T1_r1.mat)
  T16: 47960 samples  (Training/TR-T2_r1.mat)
  T17: 47960 samples  (Training/TR-T3_r1.mat)
  T18: 47960 samples  (Training/TR-T4_r1.mat)

######## probe [lrA1e-3]: 300 updates, batch 64, lr 1e-05, lr added rows 0.001, init zero (skip scale 1), nf 400
  [eval     0] loss 1.5133e-08 | added: rho med 0.000 max 0.000, dom freq med 0 Hz, complex 0 %, pair in 95-380 Hz 0 % (f nan Hz zeta nan) | full J: pair in band 0 % (f nan Hz zeta nan) | |W_a| 0.00e+00
  upd     1 loss 1.4262e-08 | 3.61 s/upd
  upd     2 loss 2.0028e-08 | 4.06 s/upd
  upd     3 loss 1.3923e-08 | 3.91 s/upd
  upd    25 loss 8.7486e-09 | 3.51 s/upd
  [eval    25] loss 9.0013e-09 | added: rho med 0.003 max 0.005, dom freq med 2000 Hz, complex 17 %, pair in 95-380 Hz 0 % (f nan Hz zeta nan) | full J: pair in band 0 % (f nan Hz zeta nan) | |W_a| 5.46e-02
  upd    50 loss 6.5062e-09 | 3.46 s/upd
  [eval    50] loss 7.5291e-09 | added: rho med 0.006 max 0.009, dom freq med 2000 Hz, complex 4 %, pair in 95-380 Hz 0 % (f nan Hz zeta nan) | full J: pair in band 0 % (f nan Hz zeta nan) | |W_a| 9.82e-02
  upd    75 loss 7.5611e-09 | 3.47 s/upd
  [eval    75] loss 7.3373e-09 | added: rho med 0.010 max 0.015, dom freq med 2000 Hz, complex 4 %, pair in 95-380 Hz 0 % (f nan Hz zeta nan) | full J: pair in band 0 % (f nan Hz zeta nan) | |W_a| 1.40e-01
  upd   100 loss 7.5172e-09 | 3.44 s/upd
  [eval   100] loss 7.2127e-09 | added: rho med 0.014 max 0.020, dom freq med 2000 Hz, complex 0 %, pair in 95-380 Hz 0 % (f nan Hz zeta nan) | full J: pair in band 0 % (f nan Hz zeta nan) | |W_a| 1.78e-01
  upd   125 loss 7.6108e-09 | 3.44 s/upd
  [eval   125] loss 7.1193e-09 | added: rho med 0.017 max 0.024, dom freq med 2000 Hz, complex 0 %, pair in 95-380 Hz 0 % (f nan Hz zeta nan) | full J: pair in band 0 % (f nan Hz zeta nan) | |W_a| 2.09e-01
  upd   150 loss 6.5613e-09 | 3.47 s/upd
  [eval   150] loss 7.1188e-09 | added: rho med 0.021 max 0.029, dom freq med 2000 Hz, complex 0 %, pair in 95-380 Hz 0 % (f nan Hz zeta nan) | full J: pair in band 0 % (f nan Hz zeta nan) | |W_a| 2.41e-01
=== EXIT -1 ===
