Gym has been unmaintained since 2022 and does not support NumPy 2.0 amongst other critical functionality.
Please upgrade to Gymnasium, the maintained drop-in replacement of Gym, or contact the authors of your software and request that they upgrade.
Users of this version of Gym should be able to simply replace 'import gym' with 'import gymnasium as gym' in the vast majority of cases.
See the migration guide at https://gymnasium.farama.org/introduction/migration_guide/ for additional information.
[thesis run] arm=u noise=noisy start=detuned n_a=2 seed=1 nf=0.100 s detune=[0.9, 1.1, 1.1, 1.1, 0.9, 0.9, 1.1, 1.1, 0.9, 0.9]
[thesis run] arm=u noise=noisy start=detuned n_a=2 seed=1 nf=0.100 s detune=[0.9, 1.1, 1.1, 1.1, 0.9, 0.9, 1.1, 1.1, 0.9, 0.9]
Data dir (thesis_taf_noisy): C:\Users\20203253\OneDrive - TU Eindhoven\Graduation Project\Baseline FP model\Baseline-LPV-Augmentation\Thesis-writeup\Data\Coulomb-tanh-and-MSD
y decimation (D-232): r + zero-phase Butterworth 8 at 1600 Hz on y - r, then [::5]; 20 samples dropped at both record ends (u, y and every field)
Loaded val augmented GT: x_logical=(47960, 6)  delta_a std=4.875e-05 m  vdelta_a std=6.888e-02 m/s
Loaded 18 train, 6 val, 12 test trajectories
  T1: 47960 samples  (Training/TR-S1_r1.mat)
  T2: 47960 samples  (Training/TR-S2_r1.mat)
  T3: 47960 samples  (Training/TR-S3_r1.mat)
  T4: 47960 samples  (Training/TR-S4_r1.mat)
  T5: 47960 samples  (Training/TR-S5_r1.mat)
  T6: 47960 samples  (Training/TR-Y1_r1.mat)
  T7: 47960 samples  (Training/TR-Y2_r1.mat)
  T8: 47960 samples  (Training/TR-Y3_r1.mat)
  T9: 47960 samples  (Training/TR-P1_r1.mat)
  T10: 47960 samples  (Training/TR-P2_r1.mat)
  T11: 47960 samples  (Training/TR-P3_r1.mat)
  T12: 47960 samples  (Training/TR-P4_r1.mat)
  T13: 47960 samples  (Training/TR-L1_r1.mat)
  T14: 47960 samples  (Training/TR-L2_r1.mat)
  T15: 47960 samples  (Training/TR-T1_r1.mat)
  T16: 47960 samples  (Training/TR-T2_r1.mat)
  T17: 47960 samples  (Training/TR-T3_r1.mat)
  T18: 47960 samples  (Training/TR-T4_r1.mat)

######## probe [polar100]: 300 updates, batch 64, lr 1e-05, lr added rows 0.001, init polar (skip scale 1), nf 400
  [eval     0] loss 1.5133e-08 | added: rho med 0.980 max 0.980, dom freq med 100 Hz, complex 100 %, pair in 95-380 Hz 100 % (f 100 Hz zeta 0.13) | full J: pair in band 100 % (f 100 Hz zeta 0.13) | |W_a| 0.00e+00
      polar pair: r 0.9800, f 100.0 Hz
  upd     1 loss 1.4262e-08 | 4.80 s/upd
  upd     2 loss 1.9386e-08 | 4.58 s/upd
  upd     3 loss 1.3635e-08 | 4.38 s/upd
  upd    25 loss 8.1545e-09 | 4.15 s/upd
  [eval    25] loss 8.3178e-09 | added: rho med 0.970 max 0.976, dom freq med 114 Hz, complex 100 %, pair in 95-380 Hz 100 % (f 114 Hz zeta 0.17) | full J: pair in band 100 % (f 114 Hz zeta 0.17) | |W_a| 8.59e-02
      polar pair: r 0.9796, f 111.4 Hz
  upd    50 loss 5.3289e-09 | 3.98 s/upd
  [eval    50] loss 5.9465e-09 | added: rho med 0.965 max 0.976, dom freq med 121 Hz, complex 100 %, pair in 95-380 Hz 100 % (f 121 Hz zeta 0.18) | full J: pair in band 100 % (f 121 Hz zeta 0.18) | |W_a| 1.58e-01
      polar pair: r 0.9794, f 115.3 Hz
  upd    75 loss 5.5808e-09 | 3.95 s/upd
  [eval    75] loss 5.1291e-09 | added: rho med 0.957 max 0.972, dom freq med 139 Hz, complex 100 %, pair in 95-380 Hz 100 % (f 139 Hz zeta 0.20) | full J: pair in band 100 % (f 139 Hz zeta 0.20) | |W_a| 2.36e-01
      polar pair: r 0.9789, f 127.7 Hz
=== EXIT -1 ===
