Gym has been unmaintained since 2022 and does not support NumPy 2.0 amongst other critical functionality.
Please upgrade to Gymnasium, the maintained drop-in replacement of Gym, or contact the authors of your software and request that they upgrade.
Users of this version of Gym should be able to simply replace 'import gym' with 'import gymnasium as gym' in the vast majority of cases.
See the migration guide at https://gymnasium.farama.org/introduction/migration_guide/ for additional information.
[thesis run] arm=u noise=noisy start=detuned n_a=2 seed=1 nf=0.100 s detune=[0.9, 1.1, 1.1, 1.1, 0.9, 0.9, 1.1, 1.1, 0.9, 0.9]
[thesis run] arm=u noise=noisy start=detuned n_a=2 seed=1 nf=0.100 s detune=[0.9, 1.1, 1.1, 1.1, 0.9, 0.9, 1.1, 1.1, 0.9, 0.9]
Data dir (thesis_taf_noisy): C:\Users\20203253\OneDrive - TU Eindhoven\Graduation Project\Baseline FP model\Baseline-LPV-Augmentation\Thesis-writeup\Data\Coulomb-tanh-and-MSD
y decimation (D-232): r + zero-phase Butterworth 8 at 1600 Hz on y - r, then [::5]; 20 samples dropped at both record ends (u, y and every field)
Loaded val augmented GT: x_logical=(47960, 6)  delta_a std=4.875e-05 m  vdelta_a std=6.888e-02 m/s
Loaded 18 train, 6 val, 12 test trajectories
  T1: 47960 samples  (Training/TR-S1_r1.mat)
  T2: 47960 samples  (Training/TR-S2_r1.mat)
  T3: 47960 samples  (Training/TR-S3_r1.mat)
  T4: 47960 samples  (Training/TR-S4_r1.mat)
  T5: 47960 samples  (Training/TR-S5_r1.mat)
  T6: 47960 samples  (Training/TR-Y1_r1.mat)
  T7: 47960 samples  (Training/TR-Y2_r1.mat)
  T8: 47960 samples  (Training/TR-Y3_r1.mat)
  T9: 47960 samples  (Training/TR-P1_r1.mat)
  T10: 47960 samples  (Training/TR-P2_r1.mat)
  T11: 47960 samples  (Training/TR-P3_r1.mat)
  T12: 47960 samples  (Training/TR-P4_r1.mat)
  T13: 47960 samples  (Training/TR-L1_r1.mat)
  T14: 47960 samples  (Training/TR-L2_r1.mat)
  T15: 47960 samples  (Training/TR-T1_r1.mat)
  T16: 47960 samples  (Training/TR-T2_r1.mat)
  T17: 47960 samples  (Training/TR-T3_r1.mat)
  T18: 47960 samples  (Training/TR-T4_r1.mat)

######## ident: L0 5.2438e-09, A0 eig [0.8793 0.9676]
  rot s -0.40: loss/L0 6.427 | eig |z| 1.005, 258 Hz
  rot s -0.30: loss/L0 3.680 | eig |z| 0.969, 197 Hz
  rot s -0.20: loss/L0 1.838 | eig |z| 0.943, 131 Hz
  rot s -0.10: loss/L0 1.059 | eig |z| 0.928, 60 Hz
  rot s -0.05: loss/L0 1.022 | eig |z| 0.924, 13 Hz
  rot s +0.05: loss/L0 1.012 | eig |z| 0.924, 19 Hz
  rot s +0.10: loss/L0 1.084 | eig |z| 0.928, 63 Hz
  rot s +0.20: loss/L0 2.890 | eig |z| 0.944, 134 Hz
  rot s +0.30: loss/L0 4.523 | eig |z| 0.971, 199 Hz
  rot s +0.40: loss/L0 6.751 | eig |z| 1.006, 260 Hz
  polar r 0.90: 0 Hz 1.009 | 50 Hz 1.000 | 100 Hz 1.156 | 150 Hz 1.732 | 212 Hz 2.211 | 260 Hz 2.179 | 320 Hz 1.835
  polar r 0.95: 0 Hz 1.129 | 50 Hz 1.126 | 100 Hz 1.592 | 150 Hz 3.016 | 212 Hz 3.121 | 260 Hz 2.807 | 320 Hz 1.896
  polar r 0.98: 0 Hz 1.423 | 50 Hz 3.996 | 100 Hz 11.209 | 150 Hz 8.578 | 212 Hz 4.608 | 260 Hz 3.646 | 320 Hz 1.873
=== EXIT 0 ===
