Gym has been unmaintained since 2022 and does not support NumPy 2.0 amongst other critical functionality.
Please upgrade to Gymnasium, the maintained drop-in replacement of Gym, or contact the authors of your software and request that they upgrade.
Users of this version of Gym should be able to simply replace 'import gym' with 'import gymnasium as gym' in the vast majority of cases.
See the migration guide at https://gymnasium.farama.org/introduction/migration_guide/ for additional information.
[thesis run] arm=u noise=noisy start=detuned n_a=2 seed=1 nf=0.100 s detune=[0.9, 1.1, 1.1, 1.1, 0.9, 0.9, 1.1, 1.1, 0.9, 0.9]
[thesis run] arm=u noise=noisy start=detuned n_a=2 seed=1 nf=0.100 s detune=[0.9, 1.1, 1.1, 1.1, 0.9, 0.9, 1.1, 1.1, 0.9, 0.9]
Data dir (thesis_taf_noisy): C:\Users\20203253\OneDrive - TU Eindhoven\Graduation Project\Baseline FP model\Baseline-LPV-Augmentation\Thesis-writeup\Data\Coulomb-tanh-and-MSD
y decimation (D-232): r + zero-phase Butterworth 8 at 1600 Hz on y - r, then [::5]; 20 samples dropped at both record ends (u, y and every field)
Loaded val augmented GT: x_logical=(47960, 6)  delta_a std=4.875e-05 m  vdelta_a std=6.888e-02 m/s
Loaded 18 train, 6 val, 12 test trajectories
  T1: 47960 samples  (Training/TR-S1_r1.mat)
  T2: 47960 samples  (Training/TR-S2_r1.mat)
  T3: 47960 samples  (Training/TR-S3_r1.mat)
  T4: 47960 samples  (Training/TR-S4_r1.mat)
  T5: 47960 samples  (Training/TR-S5_r1.mat)
  T6: 47960 samples  (Training/TR-Y1_r1.mat)
  T7: 47960 samples  (Training/TR-Y2_r1.mat)
  T8: 47960 samples  (Training/TR-Y3_r1.mat)
  T9: 47960 samples  (Training/TR-P1_r1.mat)
  T10: 47960 samples  (Training/TR-P2_r1.mat)
  T11: 47960 samples  (Training/TR-P3_r1.mat)
  T12: 47960 samples  (Training/TR-P4_r1.mat)
  T13: 47960 samples  (Training/TR-L1_r1.mat)
  T14: 47960 samples  (Training/TR-L2_r1.mat)
  T15: 47960 samples  (Training/TR-T1_r1.mat)
  T16: 47960 samples  (Training/TR-T2_r1.mat)
  T17: 47960 samples  (Training/TR-T3_r1.mat)
  T18: 47960 samples  (Training/TR-T4_r1.mat)
  Checkpoint format: whole

######## valley scan, run 42: loss (216 windows) 4.9512e-09 (checkpoint reproduced?); A0 mean
[[0.25748462 0.33961736]
 [0.29556278 0.39086919]]
  A0 eig [4.000e-04 6.479e-01]; A_T eig [0.8978+0.3105j 0.8978-0.3105j]; 100 updates per s, batch 64
  s 0.00: start 4.9512e-09 -> 5.0399e-09 -> 4.9536e-09 | /ref 1.000 | added eig: |z| med 0.601, dom 0 Hz, band pair 0 % (f nan, zeta nan) | 358 s
  s 0.10: start 4.9937e-09 -> 5.0960e-09 -> 4.9626e-09 | /ref 1.002 | added eig: |z| med 0.609, dom 0 Hz, band pair 0 % (f nan, zeta nan) | 369 s
  s 0.20: start 5.1950e-09 -> 5.2392e-09 -> 4.9509e-09 | /ref 1.000 | added eig: |z| med 0.592, dom 0 Hz, band pair 0 % (f nan, zeta nan) | 351 s
  s 0.35: start 6.5270e-09 -> 5.2867e-09 -> 4.9750e-09 | /ref 1.005 | added eig: |z| med 0.589, dom 0 Hz, band pair 8 % (f 131, zeta 0.97) | 387 s
  s 0.50: start 8.0386e-09 -> 6.2800e-09 -> 4.9590e-09 | /ref 1.002 | added eig: |z| med 0.570, dom 117 Hz, band pair 54 % (f 145, zeta 0.93) | 347 s
  s 0.75: start 6.9703e-09 -> 6.3806e-09 -> 4.9848e-09 | /ref 1.007 | added eig: |z| med 0.737, dom 187 Hz, band pair 100 % (f 187, zeta 0.73) | 327 s
  s 1.00: start 2.2201e-08 -> 1.0688e-08 -> 5.3014e-09 | /ref 1.071 | added eig: |z| med 0.901, dom 224 Hz, band pair 100 % (f 224, zeta 0.27) | 322 s
=== EXIT 0 ===
