
==============================================================================
Plant timescales, from the governing matrices
==============================================================================
  yaw row:  M0[1,1] = 3.8974 kg m^2, K[1,1] = 3975.0 N m/rad
            omega = 31.94 rad/s = 5.08 Hz, period = 196.7 ms
  X axis:   K[0,0] = 0 (free integrator), m/c = 53.80 / 34.80 = 1546 ms
  Y axis:   K[2,2] = 0 (free integrator), m/c = 10.10 / 10.00 = 1010 ms
  So a window must reach at least 197 ms to contain one yaw
  period, and the integrator axes never forget at all.

==============================================================================
Window sweep: how much of each parameter tangent can the initial state reproduce?
==============================================================================
  ... running T = 200
  T =    200 (   10.0 ms): rank(dy/dtheta) = 10, rank(joint) = 16 of 16 independent  ->  0 exact dependencies
      overlap with the initial-state span: median 0.9894, max 0.9990, min 0.9546
      most confounded: m1 0.9990, Jh 0.9977, Jb 0.9977, mb 0.9971
  ... running T = 1000
  T =   1000 (   50.0 ms): rank(dy/dtheta) = 10, rank(joint) = 16 of 16 independent  ->  0 exact dependencies
      overlap with the initial-state span: median 0.9704, max 0.9952, min 0.5934
      most confounded: mh 0.9952, mb 0.9927, m1 0.9895, cg1 0.9796
  ... running T = 4000
  T =   4000 (  200.0 ms): rank(dy/dtheta) = 10, rank(joint) = 16 of 16 independent  ->  0 exact dependencies
      overlap with the initial-state span: median 0.7525, max 0.9927, min 0.6442
      most confounded: mh 0.9927, cy 0.9815, cg1 0.9790, mb 0.9637

==============================================================================
The exact dependency between the parameter span and the initial-state span
==============================================================================
  joint rank 16 of 20 columns; null dimension 4
  sigma tail = [5.761e-05 1.956e-05 1.376e-15 5.618e-17 4.665e-18]
  of the 4 null directions, 0 are the known parameter
  null directions and 4 involve the initial state
    extra direction 0: log-parameter part {'kb1': -0.0847, 'kb2': -0.0847, 'cg1': -1.0, 'cg2': -0.8769, 'cy': 0.0472, 'cb1': 0.521, 'cb2': 0.521, 'mh': -0.0048, 'm1': 0.0246, 'm2': -0.0673, 'mb': 0.0932, 'Jb': -0.0459, 'Jh': -0.0023, 'd': 0.0161}
                        initial-state part {}
    extra direction 1: log-parameter part {'kb1': 0.1026, 'kb2': 0.1027, 'cg1': 1.0, 'cg2': -0.5849, 'cy': -0.1275, 'cb1': 0.4407, 'cb2': 0.4407, 'mh': 0.0393, 'm1': 0.393, 'm2': -0.1815, 'mb': 0.2657, 'Jb': -0.0066, 'd': 0.2818}
                        initial-state part {}
    extra direction 2: log-parameter part {'kb1': -0.9997, 'kb2': -1.0, 'cg1': 0.0227, 'cg2': 0.7042, 'cy': -0.3458, 'cb1': 0.3137, 'cb2': 0.3106, 'mh': -0.0485, 'm1': -0.3392, 'm2': -0.8338, 'mb': 0.8577, 'Jb': -0.7056, 'Jh': -0.036, 'd': 0.0944}
                        initial-state part {'x0[4]': 0.0012}
    extra direction 3: log-parameter part {'kb1': -0.3941, 'kb2': -0.3943, 'cg1': 0.495, 'cg2': -0.7092, 'cy': 0.0975, 'cb1': -0.1115, 'cb2': -0.112, 'mh': -0.1022, 'm1': -1.0, 'm2': 0.3765, 'mb': -0.3109, 'Jb': -0.1374, 'Jh': -0.0012, 'd': -0.6064}
                        initial-state part {'x0[4]': 0.0037, 'x0[5]': -0.0029}

wrote C:\Users\20203253\OneDrive - TU Eindhoven\Graduation Project\Baseline FP model\Baseline-LPV-Augmentation\scripts\gantry\orthogonal-by-construction\investigation-20260915\results\s4b_tables.json
