[pipeline 22:14:23] start; RETRIES=60 RETRY_WAIT=120
[run] attempt 1, C: free 14G before smoke_nojvm
[wd] launch  out=logs/smoke_nojvm
[wd] command matlab -nojvm -batch "cd('C:\Users\20203253\OneDrive - TU Eindhoven\Graduation Project\Baseline FP model\Baseline-LPV-Augmentation\Thesis-writeup\Code\Data'); addpath('checks'); nojvm_smoke"
JVM running: 0
WATCHDOG ALERT available RAM 1.19 GB < 1.5 GB (tree 1,945 MB)
WATCHDOG KILL available RAM 0.70 GB < 1 GB; killing tree of PID 33672 (11 processes, 2,307 MB)
WATCHDOG SUMMARY exit=killed killed=True duration_s=17.7 samples=4 peak_tree_ws_mb=2,307 min_avail_ram_gb=0.70 min_C_free_gb=13.87 kill_reason="available RAM 0.70 GB < 1 GB"
[run] killed by the emergency RAM floor; retry in 120 s
[run] attempt 2, C: free 14G before smoke_nojvm
[wd] launch  out=logs/smoke_nojvm
[wd] command matlab -nojvm -batch "cd('C:\Users\20203253\OneDrive - TU Eindhoven\Graduation Project\Baseline FP model\Baseline-LPV-Augmentation\Thesis-writeup\Code\Data'); addpath('checks'); nojvm_smoke"
JVM running: 0
WATCHDOG ALERT available RAM 1.37 GB < 1.5 GB (tree 1,884 MB)
WATCHDOG KILL available RAM 0.74 GB < 1 GB; killing tree of PID 22064 (12 processes, 2,251 MB)
WATCHDOG SUMMARY exit=killed killed=True duration_s=18.1 samples=4 peak_tree_ws_mb=2,251 min_avail_ram_gb=0.74 min_C_free_gb=13.84 kill_reason="available RAM 0.74 GB < 1 GB"
[run] killed by the emergency RAM floor; retry in 120 s
[run] attempt 3, C: free 14G before smoke_nojvm
[wd] launch  out=logs/smoke_nojvm
[wd] command matlab -nojvm -batch "cd('C:\Users\20203253\OneDrive - TU Eindhoven\Graduation Project\Baseline FP model\Baseline-LPV-Augmentation\Thesis-writeup\Code\Data'); addpath('checks'); nojvm_smoke"
JVM running: 0
WATCHDOG ALERT available RAM 0.51 GB < 1.5 GB (tree 2,166 MB)
WATCHDOG KILL available RAM 0.51 GB < 1 GB; killing tree of PID 11912 (12 processes, 2,166 MB)
WATCHDOG SUMMARY exit=killed killed=True duration_s=18.3 samples=4 peak_tree_ws_mb=2,166 min_avail_ram_gb=0.51 min_C_free_gb=13.82 kill_reason="available RAM 0.51 GB < 1 GB"
[run] killed by the emergency RAM floor; retry in 120 s
[run] attempt 4, C: free 14G before smoke_nojvm
[wd] launch  out=logs/smoke_nojvm
[wd] command matlab -nojvm -batch "cd('C:\Users\20203253\OneDrive - TU Eindhoven\Graduation Project\Baseline FP model\Baseline-LPV-Augmentation\Thesis-writeup\Code\Data'); addpath('checks'); nojvm_smoke"
JVM running: 0
WATCHDOG ALERT available RAM 1.30 GB < 1.5 GB (tree 1,959 MB)
WATCHDOG KILL available RAM 0.57 GB < 1 GB; killing tree of PID 27056 (11 processes, 2,290 MB)
WATCHDOG SUMMARY exit=killed killed=True duration_s=17.9 samples=4 peak_tree_ws_mb=2,290 min_avail_ram_gb=0.57 min_C_free_gb=13.79 kill_reason="available RAM 0.57 GB < 1 GB"
[run] killed by the emergency RAM floor; retry in 120 s
[run] attempt 5, C: free 14G before smoke_nojvm
[wd] launch  out=logs/smoke_nojvm
[wd] command matlab -nojvm -batch "cd('C:\Users\20203253\OneDrive - TU Eindhoven\Graduation Project\Baseline FP model\Baseline-LPV-Augmentation\Thesis-writeup\Code\Data'); addpath('checks'); nojvm_smoke"
JVM running: 0
WATCHDOG ALERT available RAM 0.61 GB < 1.5 GB (tree 2,182 MB)
WATCHDOG KILL available RAM 0.61 GB < 1 GB; killing tree of PID 34124 (12 processes, 2,182 MB)
WATCHDOG SUMMARY exit=killed killed=True duration_s=18.2 samples=4 peak_tree_ws_mb=2,182 min_avail_ram_gb=0.61 min_C_free_gb=13.75 kill_reason="available RAM 0.61 GB < 1 GB"
[run] killed by the emergency RAM floor; retry in 120 s
[run] attempt 6, C: free 14G before smoke_nojvm
[wd] launch  out=logs/smoke_nojvm
[wd] command matlab -nojvm -batch "cd('C:\Users\20203253\OneDrive - TU Eindhoven\Graduation Project\Baseline FP model\Baseline-LPV-Augmentation\Thesis-writeup\Code\Data'); addpath('checks'); nojvm_smoke"
JVM running: 0
WATCHDOG ALERT available RAM 0.98 GB < 1.5 GB (tree 2,272 MB)
WATCHDOG KILL available RAM 0.98 GB < 1 GB; killing tree of PID 27748 (11 processes, 2,272 MB)
WATCHDOG SUMMARY exit=killed killed=True duration_s=17.8 samples=4 peak_tree_ws_mb=2,272 min_avail_ram_gb=0.98 min_C_free_gb=13.72 kill_reason="available RAM 0.98 GB < 1 GB"
[run] killed by the emergency RAM floor; retry in 120 s
[run] attempt 7, C: free 14G before smoke_nojvm
[wd] launch  out=logs/smoke_nojvm
[wd] command matlab -nojvm -batch "cd('C:\Users\20203253\OneDrive - TU Eindhoven\Graduation Project\Baseline FP model\Baseline-LPV-Augmentation\Thesis-writeup\Code\Data'); addpath('checks'); nojvm_smoke"
JVM running: 0
WATCHDOG ALERT available RAM 0.88 GB < 1.5 GB (tree 2,193 MB)
WATCHDOG KILL available RAM 0.88 GB < 1 GB; killing tree of PID 28476 (12 processes, 2,193 MB)
WATCHDOG SUMMARY exit=killed killed=True duration_s=18.4 samples=4 peak_tree_ws_mb=2,193 min_avail_ram_gb=0.88 min_C_free_gb=13.69 kill_reason="available RAM 0.88 GB < 1 GB"
[run] killed by the emergency RAM floor; retry in 120 s
[run] attempt 8, C: free 14G before smoke_nojvm
[wd] launch  out=logs/smoke_nojvm
[wd] command matlab -nojvm -batch "cd('C:\Users\20203253\OneDrive - TU Eindhoven\Graduation Project\Baseline FP model\Baseline-LPV-Augmentation\Thesis-writeup\Code\Data'); addpath('checks'); nojvm_smoke"
JVM running: 0
WATCHDOG ALERT available RAM 0.94 GB < 1.5 GB (tree 2,325 MB)
WATCHDOG KILL available RAM 0.94 GB < 1 GB; killing tree of PID 30752 (12 processes, 2,325 MB)
WATCHDOG SUMMARY exit=killed killed=True duration_s=18.0 samples=4 peak_tree_ws_mb=2,325 min_avail_ram_gb=0.94 min_C_free_gb=13.66 kill_reason="available RAM 0.94 GB < 1 GB"
[run] killed by the emergency RAM floor; retry in 120 s
[run] attempt 9, C: free 14G before smoke_nojvm
[wd] launch  out=logs/smoke_nojvm
[wd] command matlab -nojvm -batch "cd('C:\Users\20203253\OneDrive - TU Eindhoven\Graduation Project\Baseline FP model\Baseline-LPV-Augmentation\Thesis-writeup\Code\Data'); addpath('checks'); nojvm_smoke"
JVM running: 0
WATCHDOG ALERT available RAM 0.96 GB < 1.5 GB (tree 2,044 MB)
WATCHDOG KILL available RAM 0.96 GB < 1 GB; killing tree of PID 23932 (12 processes, 2,044 MB)
WATCHDOG SUMMARY exit=killed killed=True duration_s=18.1 samples=4 peak_tree_ws_mb=2,044 min_avail_ram_gb=0.96 min_C_free_gb=13.64 kill_reason="available RAM 0.96 GB < 1 GB"
[run] killed by the emergency RAM floor; retry in 120 s
[run] attempt 10, C: free 14G before smoke_nojvm
[wd] launch  out=logs/smoke_nojvm
[wd] command matlab -nojvm -batch "cd('C:\Users\20203253\OneDrive - TU Eindhoven\Graduation Project\Baseline FP model\Baseline-LPV-Augmentation\Thesis-writeup\Code\Data'); addpath('checks'); nojvm_smoke"
JVM running: 0
WATCHDOG ALERT available RAM 0.81 GB < 1.5 GB (tree 2,302 MB)
WATCHDOG KILL available RAM 0.81 GB < 1 GB; killing tree of PID 20896 (11 processes, 2,302 MB)
WATCHDOG SUMMARY exit=killed killed=True duration_s=17.8 samples=4 peak_tree_ws_mb=2,302 min_avail_ram_gb=0.81 min_C_free_gb=13.61 kill_reason="available RAM 0.81 GB < 1 GB"
[run] killed by the emergency RAM floor; retry in 120 s
[run] attempt 11, C: free 6.2G before smoke_nojvm
[wd] launch  out=logs/smoke_nojvm
[wd] command matlab -nojvm -batch "cd('C:\Users\20203253\OneDrive - TU Eindhoven\Graduation Project\Baseline FP model\Baseline-LPV-Augmentation\Thesis-writeup\Code\Data'); addpath('checks'); nojvm_smoke"
JVM running: 0
WATCHDOG ALERT available RAM 0.99 GB < 1.5 GB (tree 2,150 MB)
WATCHDOG KILL available RAM 0.99 GB < 1 GB; killing tree of PID 33204 (12 processes, 2,150 MB)
WATCHDOG SUMMARY exit=killed killed=True duration_s=17.8 samples=4 peak_tree_ws_mb=2,150 min_avail_ram_gb=0.99 min_C_free_gb=6.08 kill_reason="available RAM 0.99 GB < 1 GB"
[run] killed by the emergency RAM floor; retry in 120 s
[run] another MATLAB is running: smoke_nojvm waits 120 s
[run] another MATLAB is running: smoke_nojvm waits 120 s
