[wd] launch  out=scripts/gantry/blackbox-closed-loop/outputs/g1_adapter
[wd] command set PYTHONDONTWRITEBYTECODE=1&& conda run --no-capture-output -n GraduationProject python -u scripts/gantry/blackbox-closed-loop/score/g1_adapter.py 
  mode          'augmentation_ma50_z03_b140-230_a6all_telica_coulomb'
  fs_new        4000
  ts_new        0.00025
  nf            400
  na_nb         29
  stride        10
  burn_in       0
  batch_size    512
  epochs        200
  its_per_val   1300
  n_its         None
  seed          42
  closed_loop   True
  use_f64       False
  lr            1e-05
  adam_eps      1e-16
  lbfgs         True
  device        'cpu'   (CFG: 'cuda', local override)
  compile_mode  None   (CFG: 'reduce-overhead', local override)
Data dir (augmentation_ma50_z03_b140-230_a6all_telica_coulomb): C:\Users\20203253\OneDrive - TU Eindhoven\Graduation Project\Baseline FP model\Baseline-LPV-Augmentation\data\gantry\matlab\trajectory\augmentation_ma50_z03_b140-230_a6all_telica_coulomb
Loaded val augmented GT: x_logical=(48000, 6)  delta_a std=4.274e-05 m  vdelta_a std=5.127e-02 m/s
Loaded 18 train, 6 val, 5 test trajectories
  T1: 48000 samples  (T1_standstill_Ym30.mat)
  T2: 48000 samples  (T2_standstill_Ym15.mat)
  T3: 48000 samples  (T3_standstill_Y000.mat)
  T4: 48000 samples  (T4_standstill_Yp15.mat)
  T5: 48000 samples  (T5_standstill_Yp30.mat)
  T6: 48000 samples  (T6_ysweep_slow.mat)
  T7: 48000 samples  (T7_ysweep_fast.mat)
  T8: 48000 samples  (T8_ysweep_xmix.mat)
  T9: 48000 samples  (T9_aprbs_30.mat)
  T10: 48000 samples  (T10_aprbs_60.mat)
  T11: 48000 samples  (T11_aprbs_100.mat)
  T12: 48000 samples  (T12_aprbs_yaw.mat)
  T13: 48000 samples  (T13_lissajous.mat)
  T14: 48000 samples  (T14_lissajous_yaw.mat)
  T15: 48000 samples  (TP1_telica_y000.mat)
  T16: 48000 samples  (TP2_telica_y000_rev.mat)
  T17: 48000 samples  (TP3_telica_yp06.mat)
  T18: 48000 samples  (TP4_telica_ym06.mat)
Initializing encoder network...
[closed loop] one bank over 24 records, 12 distinct controllers, Y_op [-0.3, -0.22, -0.2, -0.15, -0.1, -0.06, 0.0, 0.06, 0.1, 0.12, 0.15, 0.3]
[closed loop] stepped at ts = 0.00025 s (4000 Hz), nc = 9 states
[closed loop] diag(Dc) physical [1.0954e+07 7.6821e+06 4.2935e+06] N/m
[bb] arm=random nx=8 na=nb=29 na_right=nb_right=1 params=5286 lr=0.001 eps=1e-08 burn_in=0
[G1] windows: record T10_aprbs_60.mat (controller row 6), 64 of 48000, nf=400, uhist (64, 30, 3)
[G1a] zero controller vs open loop: max|diff| 0.000e+00 (rel 0.000e+00, tol 1e-6) -> PASS; real bank vs open loop rel nan (the controller acts)
[G1b] residual identity: max|u_seen - u_data| = 0.000e+00 (rel 0.000e+00, tol 1e-7); units self-check max rel over 12 controllers 1.48e-07 (tol 1e-5) -> PASS
[closed loop] one bank over 24 records, 12 distinct controllers, Y_op [-0.3, -0.22, -0.2, -0.15, -0.1, -0.06, 0.0, 0.06, 0.1, 0.12, 0.15, 0.3]
[closed loop] stepped at ts = 0.00025 s (4000 Hz), nc = 9 states
[closed loop] diag(Dc) physical [1.0954e+07 7.6821e+06 4.2935e+06] N/m
[wd] t=57s tree=785 MB cpu=33% availRAM=4.15 GB C:free=7.16 GB
[wd] t=119s tree=809 MB cpu=33% availRAM=4.12 GB C:free=7.16 GB
[wd] t=181s tree=779 MB cpu=33% availRAM=4.15 GB C:free=7.16 GB
[wd] t=243s tree=805 MB cpu=33% availRAM=4.17 GB C:free=7.16 GB
[wd] t=306s tree=828 MB cpu=33% availRAM=4.09 GB C:free=7.15 GB
[G1c] grey box (untrained CFG model) closed-loop val sim-RMS: own path 1.4768032959e-05 m (148 s), this scorer 1.4768032959e-05 (rel 0.00e+00), original repo packages 1.476803295948533e-05 (rel 0.00e+00) -> PASS
   V1_standstill_Yp10.mat   own 2.018973e-05   scorer 2.018973e-05
   V2_aprbs_Ylow.mat        own 2.030120e-05   scorer 2.030120e-05
   V3_ysweep_Yp10.mat       own 2.058473e-05   scorer 2.058473e-05
   V4_lissajous_Ym10.mat    own 2.058659e-05   scorer 2.058659e-05
   VP1_telica_ylow.mat      own 3.414943e-06   scorer 3.414943e-06
   VP2_telica_yp12.mat      own 3.531004e-06   scorer 3.531004e-06
[G1] PASS
WATCHDOG SUMMARY exit=0 killed=False duration_s=309.1 samples=60 peak_tree_ws_mb=828 min_avail_ram_gb=4.02 min_C_free_gb=7.15 kill_reason=""
