Gym has been unmaintained since 2022 and does not support NumPy 2.0 amongst other critical functionality.
Please upgrade to Gymnasium, the maintained drop-in replacement of Gym, or contact the authors of your software and request that they upgrade.
Users of this version of Gym should be able to simply replace 'import gym' with 'import gymnasium as gym' in the vast majority of cases.
See the migration guide at https://gymnasium.farama.org/introduction/migration_guide/ for additional information.
v12_artbp | MODE=artbp | seeds=(0, 1, 2) | lr=1e-07
[orth] loaded cached penalty basis: C:\Users\20203253\OneDrive - TU Eindhoven\Graduation Project\Baseline FP model\Baseline-LPV-Augmentation\simulations\gantry_subnet\augmentation_linear_map\orth_cache\orth_04fdce928d32.npz (Q (40308, 11), 6718 points)
[demo_common] pipeline built in 5s (slim load: 14 train files, snr=None, na=nb=17, K0=17)

=== v12 seed 0 | MODE=artbp | 64946 windows | 254 steps | lr=1e-07 | nf=400 H_max=1600 ===
    [step    1] K=  164 loss=3.886e-07 | DC dX=+0.000e+00 dY=+0.000e+00
    [step    2] K=  293 loss=1.137e-06 | DC dX=-2.876e-07 dY=-2.417e-07
    [step    3] K=  619 loss=9.262e-06 | DC dX=-4.027e-08 dY=-3.296e-08
    [step    4] K=   32 loss=1.929e-09 | DC dX=+1.716e-07 dY=-1.481e-07
    [step    5] K=  283 loss=1.180e-06 | DC dX=+3.451e-07 dY=-2.423e-07
    [step    6] K=  686 loss=1.117e-05 | DC dX=+4.780e-07 dY=-2.995e-07
    [step    7] K=  163 loss=4.341e-07 | DC dX=+3.798e-07 dY=-1.616e-07
    [step    8] K=  368 loss=1.696e-06 | DC dX=+2.937e-07 dY=-4.098e-08
    [step   25] K=   55 loss=7.369e-09 | DC dX=+3.324e-07 dY=-9.427e-07
    [step   50] K=    7 loss=4.412e-11 | DC dX=-5.843e-08 dY=+6.034e-07
    [step   75] K=   33 loss=2.067e-09 | DC dX=+3.351e-07 dY=+2.558e-07
    [step  100] K=  657 loss=1.196e-05 | DC dX=-6.249e-07 dY=-5.478e-07
    [step  125] K=  712 loss=1.418e-05 | DC dX=+9.317e-07 dY=+1.947e-07
    [step  150] K=   74 loss=2.083e-08 | DC dX=+1.945e-07 dY=+9.938e-08
    [step  175] K=  406 loss=1.916e-06 | DC dX=-1.530e-08 dY=-8.550e-08
    [step  200] K=   36 loss=3.243e-09 | DC dX=+2.521e-06 dY=+1.536e-07
    [step  225] K=  936 loss=4.965e-05 | DC dX=+1.927e-06 dY=+7.521e-08
    [step  250] K=  332 loss=2.520e-06 | DC dX=+6.741e-07 dY=-4.842e-08
  seed 0 final DC dY = -5.241e-08 (v3b fixed-nf reference: -3.5..-4.2e-6)
[orth] loaded cached penalty basis: C:\Users\20203253\OneDrive - TU Eindhoven\Graduation Project\Baseline FP model\Baseline-LPV-Augmentation\simulations\gantry_subnet\augmentation_linear_map\orth_cache\orth_04fdce928d32.npz (Q (40308, 11), 6718 points)

=== v12 seed 1 | MODE=artbp | 64946 windows | 254 steps | lr=1e-07 | nf=400 H_max=1600 ===
    [step    1] K=  180 loss=4.538e-07 | DC dX=+0.000e+00 dY=+0.000e+00
    [step    2] K=  239 loss=1.055e-06 | DC dX=+1.638e-07 dY=+1.176e-07
    [step    3] K= 1445 loss=2.943e-04 | DC dX=-7.274e-08 dY=-1.285e-07
    [step    4] K=  264 loss=6.719e-07 | DC dX=+1.499e-07 dY=+5.937e-08
    [step    5] K=  493 loss=4.941e-06 | DC dX=+3.323e-07 dY=+2.133e-07
    [step    6] K=  251 loss=1.203e-06 | DC dX=+4.853e-07 dY=+3.435e-07
    [step    7] K=  765 loss=2.352e-05 | DC dX=+6.171e-07 dY=+4.556e-07
    [step    8] K=  275 loss=7.387e-07 | DC dX=+7.155e-07 dY=+5.433e-07
    [step   25] K=  163 loss=6.522e-07 | DC dX=+1.332e-06 dY=+1.110e-06
    [step   50] K=  320 loss=1.550e-06 | DC dX=+6.165e-07 dY=+5.478e-07
    [step   75] K=  170 loss=1.976e-07 | DC dX=+5.110e-07 dY=+4.406e-07
    [step  100] K=  268 loss=8.816e-07 | DC dX=-1.420e-07 dY=-2.510e-07
    [step  125] K=  160 loss=1.549e-07 | DC dX=+9.313e-07 dY=+6.609e-07
    [step  150] K=   35 loss=5.087e-09 | DC dX=+4.177e-07 dY=+1.051e-07
    [step  175] K=   32 loss=1.532e-09 | DC dX=+7.474e-07 dY=+4.903e-07
    [step  200] K=  124 loss=1.560e-07 | DC dX=-1.179e-06 dY=-1.162e-06
    [step  225] K=    2 loss=2.515e-12 | DC dX=+1.592e-06 dY=+1.381e-06
    [step  250] K=  116 loss=6.264e-08 | DC dX=+1.624e-07 dY=+8.794e-08
  seed 1 final DC dY = +2.641e-07 (v3b fixed-nf reference: -3.5..-4.2e-6)
[orth] loaded cached penalty basis: C:\Users\20203253\OneDrive - TU Eindhoven\Graduation Project\Baseline FP model\Baseline-LPV-Augmentation\simulations\gantry_subnet\augmentation_linear_map\orth_cache\orth_04fdce928d32.npz (Q (40308, 11), 6718 points)

=== v12 seed 2 | MODE=artbp | 64946 windows | 254 steps | lr=1e-07 | nf=400 H_max=1600 ===
    [step    1] K=   30 loss=1.561e-09 | DC dX=+0.000e+00 dY=+0.000e+00
    [step    2] K=  393 loss=2.924e-06 | DC dX=-8.277e-08 dY=+4.438e-08
    [step    3] K=  230 loss=1.328e-06 | DC dX=+6.144e-08 dY=-7.587e-08
    [step    4] K= 1081 loss=9.803e-05 | DC dX=+2.037e-07 dY=-1.345e-07
    [step    5] K=  325 loss=1.857e-06 | DC dX=+1.076e-07 dY=-4.411e-08
    [step    6] K=  392 loss=2.562e-06 | DC dX=+2.598e-08 dY=+3.288e-08
    [step    7] K=  621 loss=9.045e-06 | DC dX=-4.318e-08 dY=+9.063e-08
    [step    8] K=  395 loss=2.711e-06 | DC dX=-1.089e-07 dY=+1.147e-07
    [step   25] K=  100 loss=1.228e-07 | DC dX=+3.591e-07 dY=-6.758e-07
    [step   50] K=  300 loss=1.331e-06 | DC dX=-1.061e-06 dY=+7.869e-07
    [step   75] K=  160 loss=1.390e-07 | DC dX=-7.674e-07 dY=+4.252e-07
    [step  100] K=   11 loss=2.477e-10 | DC dX=-3.787e-07 dY=+1.779e-08
    [step  125] K=  784 loss=2.772e-05 | DC dX=-3.329e-07 dY=-2.211e-08
    [step  150] K=  484 loss=3.944e-06 | DC dX=-2.536e-07 dY=+1.732e-08
    [step  175] K=  262 loss=1.289e-06 | DC dX=-4.903e-08 dY=-1.419e-07
    [step  200] K=  191 loss=6.552e-07 | DC dX=-2.801e-07 dY=+1.231e-07
    [step  225] K=  115 loss=1.427e-07 | DC dX=-3.713e-07 dY=+1.792e-08
    [step  250] K= 1084 loss=7.560e-05 | DC dX=-2.399e-07 dY=+1.381e-07
  seed 2 final DC dY = +2.705e-07 (v3b fixed-nf reference: -3.5..-4.2e-6)

done | data -> C:\Users\20203253\OneDrive - TU Eindhoven\Graduation Project\Baseline FP model\Baseline-LPV-Augmentation\scripts\gantry\gantry-zero-mean\data\v12_artbp_seed*.npz
