[run.sh] C: free 6.36 GB before launch of R030_r2ckpt_81758
[wd] launch  out=scripts/gantry/encoder-transient/outputs/R030_r2ckpt_81758
[wd] command conda run --no-capture-output -n GraduationProject python -u scripts/gantry/encoder-transient/runners/r2_ckpt.py 
  [et_paths] gantry_dynamic       vendor\gantry_dynamic\__init__.py
  [et_paths] model_augmentation   vendor\model_augmentation\__init__.py
  [et_paths] truth                vendor\transient\truth.py
C:\Users\20203253\OneDrive - TU Eindhoven\Graduation Project\Baseline FP model\Baseline-LPV-Augmentation\scripts\gantry\encoder-transient\vendor\gantry_dynamic\training.py:88: FutureWarning: You are using `torch.load` with `weights_only=False` (the current default value), which uses the default pickle module implicitly. It is possible to construct malicious pickle data which will execute arbitrary code during unpickling (See https://github.com/pytorch/pytorch/blob/main/SECURITY.md#untrusted-models for more details). In a future release, the default value for `weights_only` will be flipped to `True`. This limits the functions that could be executed during unpickling. Arbitrary objects will no longer be allowed to be loaded via this mode unless they are explicitly allowlisted by the user via `torch.serialization.add_safe_globals`. We recommend you start setting `weights_only=True` for any use case where you don't have full control of the loaded file. Please open an issue on GitHub for any issues related to this experimental feature.
  ckpt = torch.load(pair_pt, map_location='cpu')
[r2_ckpt] loaded scripts/gantry/meeting/meeting-07-09-2026/server/augmentation_ma50_b140-230_a6_z03_linear_map/81758/gantry_ckpt_81758
[r2_ckpt] model-Jacobian map of the trained model: resid 2.3e-04, max affine offset 1.0e-01
[r2_ckpt] V1_standstill_Yp10 done [45 s]
[wd] t=57s tree=676 MB cpu=14% availRAM=3.00 GB C:free=6.36 GB
[r2_ckpt] V2_aprbs_Ylow done [74 s]
[r2_ckpt] V3_ysweep_Yp10 done [105 s]
[wd] t=119s tree=684 MB cpu=9% availRAM=3.18 GB C:free=6.35 GB
[r2_ckpt] V4_lissajous_Ym10 done [136 s]
  open loop H=400: exact Y 5.515e-03  P0 Y 6.204e-03  G2model Y 6.212e-03
  open loop H=4000: exact Y 7.524e-01  P0 Y 7.623e-01  G2model Y 7.607e-01
  closed loop nf=400 exact    RMS 7.3847e-06  share 39.0%  grow 876.78
  closed loop nf=400 P0       RMS 6.8255e-06  share 29.2%  grow 0.23
  closed loop nf=400 G2model  RMS 6.4489e-06  share 20.2%  grow 0.37
[r2_ckpt] done, 0 optimizer updates, 136 s -> C:\Users\20203253\OneDrive - TU Eindhoven\Graduation Project\Baseline FP model\Baseline-LPV-Augmentation\scripts\gantry\encoder-transient\outputs\g5\r2_ckpt_81758
WATCHDOG SUMMARY exit=0 killed=False duration_s=144.7 samples=29 peak_tree_ws_mb=689 min_avail_ram_gb=2.97 min_C_free_gb=6.35 kill_reason=""
