[wd] launch  out=coulomb-tanh-gain/outputs/logs/smoke_D232_noisy_obc
[wd] command conda run --no-capture-output -n GraduationProject python -u gantry_interconnect_dynamic.py
Gym has been unmaintained since 2022 and does not support NumPy 2.0 amongst other critical functionality.
Please upgrade to Gymnasium, the maintained drop-in replacement of Gym, or contact the authors of your software and request that they upgrade.
Users of this version of Gym should be able to simply replace 'import gym' with 'import gymnasium as gym' in the vast majority of cases.
See the migration guide at https://gymnasium.farama.org/introduction/migration_guide/ for additional information.
[thesis run] arm=obc noise=noisy start=detuned n_a=2 seed=1 nf=0.100 s detune=[0.9, 1.1, 1.1, 1.1, 0.9, 0.9, 1.1, 1.1, 0.9, 0.9]  SMOKE
Data dir (thesis_taf_noisy): C:\Users\20203253\OneDrive - TU Eindhoven\Graduation Project\Baseline FP model\Baseline-LPV-Augmentation\Thesis-writeup\Data\Coulomb-tanh-and-MSD
y decimation (D-232): r + zero-phase Butterworth 8 at 1600 Hz on y - r, then [::5]; 5 ms dropped at both record ends (u and y)
Loaded val augmented GT: x_logical=(8000, 6)  delta_a std=4.879e-05 m  vdelta_a std=6.894e-02 m/s
Loaded 18 train, 6 val, 12 test trajectories
  T1: 8000 samples  (Training/TR-S1_r1.mat)
  T2: 8000 samples  (Training/TR-S2_r1.mat)
  T3: 8000 samples  (Training/TR-S3_r1.mat)
  T4: 8000 samples  (Training/TR-S4_r1.mat)
  T5: 8000 samples  (Training/TR-S5_r1.mat)
  T6: 8000 samples  (Training/TR-Y1_r1.mat)
  T7: 8000 samples  (Training/TR-Y2_r1.mat)
  T8: 8000 samples  (Training/TR-Y3_r1.mat)
  T9: 8000 samples  (Training/TR-P1_r1.mat)
  T10: 8000 samples  (Training/TR-P2_r1.mat)
  T11: 8000 samples  (Training/TR-P3_r1.mat)
  T12: 8000 samples  (Training/TR-P4_r1.mat)
  T13: 8000 samples  (Training/TR-L1_r1.mat)
  T14: 8000 samples  (Training/TR-L2_r1.mat)
  T15: 8000 samples  (Training/TR-T1_r1.mat)
  T16: 8000 samples  (Training/TR-T2_r1.mat)
  T17: 8000 samples  (Training/TR-T3_r1.mat)
  T18: 8000 samples  (Training/TR-T4_r1.mat)

Configuration:
  PROVENANCE:  git 897edb9 Augmentation dirty:621 diff:6305b786
               run_id 20260928_231124   save=True
               C:\Users\20203253\OneDrive - TU Eindhoven\Graduation Project\Baseline FP model\Baseline-LPV-Augmentation\simulations\gantry_subnet\thesis_taf_noisy_linear_map\20260928_231124
  DATA:        thesis_taf_noisy   20000 -> 4000 Hz (D=5)   stride=10
               nf=400 (0.1 s)   na_nb=29 (7.25 ms)   batch=512
  MODEL:       encoder=linear_map   ann=tanh   nx_ann=2   16x2   up_sample=1
               ann_route_ix=(0, 1, 2, 3, 4, 5, 6, 7)
  OBJECTIVE:   rollout=closed loop   obc=ON (one-step, space=tangent, refresh=epoch)
               joint=True   param_init=detuned (10-vector, combinations)   noise=None (noiseless)
  OPTIM:       lr=1e-05   adam_eps=1.0e-16   epochs=200   n_its=4 (CAPPED)   seed=1   float64
  EXEC:        device=cpu   checkpoint=OFF (whole rollout graph)
               compile=OFF (eager)

Default hyperparameters (may be overridden by checkpoint):
  NX_ANN: 2
  n_nodes_per_layer: 16
  n_hidden_layers: 2
  up_sample: 1
  nf: 400
  na_nb: 29
  batch_size: 512
  lr: 1e-05
  epochs: 200
[obc] reference set: 143928 tuples from 18 records (7996/7996/7996/7996/7996/7996/7996/7996/7996/7996/7996/7996/7996/7996/7996/7996/7996/7996 per record), stride 1, 6.2 s to build
[obc]   Y coverage: min -0.3001 max +0.3001 mean +0.0182 std 0.1662 m; hot tensors 23.0 MB
[obc] attached: protected rows (0, 1, 2, 3, 4, 5) (ANN cols (0, 1, 2, 3, 4, 5)), 143928 reference tuples, space=tangent, refresh=epoch, solve float64, rollout torch.float64
[closed loop] one bank over 24 records, 1 distinct controllers, Y_op [0.0]
[closed loop] stepped at ts = 0.00025 s (4000 Hz), nc = 9 states
[closed loop] diag(Dc) physical [8.0554e+06 8.2528e+06 4.2749e+06] N/m

Loss rollout: CLOSED loop (known controller wrapped around the model)

Training: nf=400  epochs=200  val=sim-RMS  NX_ANN=2

[nf] rms = RMS over nf=400 (0.100 s) windows, closed loop, metres
     chan = per-channel X/Theta/Y | grow = RMS(last step)/RMS(first) | bias = mean residual
     train = all windows since the last validation, running mean | val = 256 fixed windows, snapshot
     metre weighting is NOT the objective's, which weights channels by 1/ystd^2;
     numbers are not comparable ACROSS loop modes, the [nf gap] ratios are
Model already initilized (init_model_done=True), skipping initilizing of the model, the norm and the creation of the optimizer
Size of the training array =  268.7 MB
N_training_samples = 13644, batch_size = 512, N_batch_updates_per_epoch = 26
[obc] refresh at epoch 0: vbar=+0.0000e+00 +0.0000e+00 +0.0000e+00 +0.0000e+00 +0.0000e+00 +0.0000e+00 +0.0000e+00 +0.0000e+00 +0.0000e+00 +0.0000e+00
  J: 863568 x 10, rank 10/10 at tol 2.142e-08 (rtol 1.918e-10), cond 6.5614e+02, build 2.9 s, svd 0.3 s
  singular values: 1.1169e+02 1.8422e+01 1.1650e+01 6.0930e+00 3.1128e+00 1.7733e+00 1.2954e+00 4.4173e-01 4.0970e-01 1.7023e-01
  column norms:    kb_sum=1.787e+00 cg1=1.903e+00 cg2=2.461e+00 cy=4.244e-01 cb_sum=4.309e-01 mh=1.106e+01 m_total=8.065e+00 m_diff=1.354e+00 J_eff=1.116e+02 d=1.876e+01
  largest |column correlations|: cg1~cg2=-0.9911, mh~m_total=-0.4341, mh~J_eff=+0.3219, m_total~m_diff=-0.2841, kb_sum~cy=+0.2353, J_eff~d=-0.1861
  r_J = 0.000e+00 (vs first basis), r_J_step = 0.000e+00 (vs previous)
[wd] t=58s tree=1,263 MB cpu=8% availRAM=2.85 GB C:free=7.76 GB
[wd] t=120s tree=1,266 MB cpu=8% availRAM=2.82 GB C:free=7.74 GB
[wd] t=182s tree=1,270 MB cpu=8% availRAM=2.86 GB C:free=7.74 GB
    [nf val  ] rms 1.943e-05  chan 4.3e-06/4.1e-06/3.3e-05  grow 1.57x  bias +2.9e-08/+1.2e-08/-4.7e-09  (114 win)
    [nf gap  ] val_sim 1.671e-05 = 0.86x val_nf (horizon)
    [x_aug   ] ||x_aug|| end-of-rollout  mean 0.000e+00  std 0.000e+00  max 0.000e+00
    [joint-probe] combo-err 9.49% (worst m_total +10.0%) | param_loss 0.000e+00
      [combos] kb_sum=3.5775e+03 (-10.00%) | cg1=1.5950e+01 (+10.00%) | cg2=2.2330e+01 (+10.00%) | cy=1.1000e+01 (+10.00%) | cb_sum=1.6200e+01 (-10.00%)
      [combos] mh=9.0900e+00 (-10.00%) | m_total=4.8070e+01 (+10.00%) | m_diff=-5.5000e-01 (-0.48%) | J_eff=3.4168e+00 (-10.00%) | d=9.0000e-02 (-10.00%)
      [obc] space tangent | basis rank 10/10 (epoch 0, rebuilt here) | overlap rho 0.0000 | r_perp 0.000e+00
      [obc] ||theta_aux|| 0.0000e+00 (10 coefficients) | ||F_ann|| 0.0000e+00
Initial Validation sim-RMS= 1.6706804939418714e-05
  0%|          | 0/4 [00:00<?, ?it/s] 25%|██▌       | 1/4 [00:16<00:48, 16.15s/it] 50%|█████     | 2/4 [00:31<00:31, 15.83s/it][wd] t=244s tree=2,008 MB cpu=33% availRAM=2.07 GB C:free=7.73 GB
 75%|███████▌  | 3/4 [00:48<00:16, 16.09s/it][wd] t=307s tree=1,153 MB cpu=8% availRAM=2.95 GB C:free=7.73 GB
[wd] t=369s tree=1,156 MB cpu=8% availRAM=2.98 GB C:free=7.72 GB
    [nf train] rms 1.948e-05  chan 7.1e-06/7.2e-06/3.2e-05  grow 0.35x  bias +2.8e-09/+1.8e-08/+6.2e-08  (2048 win)
    [nf val  ] rms 1.658e-05  chan 7.0e-06/8.8e-06/2.6e-05  grow 0.26x  bias -3.3e-09/-1.6e-08/+2.7e-08  (114 win)
    [nf gap  ] val_sim 1.298e-05 = 0.78x val_nf (horizon) = 0.67x train_nf (horizon+gen)
    [x_aug   ] ||x_aug|| end-of-rollout  mean 5.729e-05  std 1.721e-05  max 1.033e-04
    [joint-probe] combo-err 9.49% (worst cg1 +10.0%) | param_loss 0.000e+00
      [combos] kb_sum=3.5774e+03 (-10.00%) | cg1=1.5951e+01 (+10.00%) | cg2=2.2331e+01 (+10.00%) | cy=1.1000e+01 (+10.00%) | cb_sum=1.6201e+01 (-10.00%)
      [combos] mh=9.0903e+00 (-10.00%) | m_total=4.8068e+01 (+10.00%) | m_diff=-5.5000e-01 (-0.48%) | J_eff=3.4169e+00 (-10.00%) | d=8.9997e-02 (-10.00%)
      [obc] space tangent | basis rank 10/10 (epoch 0) | overlap rho 0.2729 | r_perp 1.929e-14
      [obc] ||theta_aux|| 2.1624e-02 (10 coefficients) | ||F_ann|| 4.5661e-02
########## New lowest validation loss achieved ########### sim-RMS = 1.2979974103300918e-05
It    4, sqrt loss 0.0001364, Val sim-RMS 1.298e-05, Time Loss: 27.8%, data: 0.0%, val: 72.2%, 57.5 sec/batch
100%|██████████| 4/4 [03:49<00:00, 81.52s/it]100%|██████████| 4/4 [03:49<00:00, 57.50s/it]
[wd] t=431s tree=1,102 MB cpu=8% availRAM=3.06 GB C:free=7.72 GB
C:\Users\20203253\AppData\Local\anaconda3\envs\GraduationProject\Lib\site-packages\deepSI\fit_systems\fit_system.py:501: FutureWarning: You are using `torch.load` with `weights_only=False` (the current default value), which uses the default pickle module implicitly. It is possible to construct malicious pickle data which will execute arbitrary code during unpickling (See https://github.com/pytorch/pytorch/blob/main/SECURITY.md#untrusted-models for more details). In a future release, the default value for `weights_only` will be flipped to `True`. This limits the functions that could be executed during unpickling. Arbitrary objects will no longer be allowed to be loaded via this mode unless they are explicitly allowlisted by the user via `torch.serialization.add_safe_globals`. We recommend you start setting `weights_only=True` for any use case where you don't have full control of the loaded file. Please open an issue on GitHub for any issues related to this experimental feature.
  self.__dict__ = torch.load(file)
[obc] refresh at epoch 0: vbar=-3.9026e-05 +3.7549e-05 +3.4529e-05 +3.5949e-05 +3.9843e-05 +3.6839e-05 -3.9181e-05 +8.0947e-06 +3.9606e-05 -2.8098e-05
  J: 863568 x 10, rank 10/10 at tol 2.142e-08 (rtol 1.918e-10), cond 6.5608e+02, build 2.8 s, svd 0.2 s
  singular values: 1.1169e+02 1.8421e+01 1.1650e+01 6.0928e+00 3.1128e+00 1.7732e+00 1.2954e+00 4.4173e-01 4.0969e-01 1.7024e-01
  column norms:    kb_sum=1.787e+00 cg1=1.903e+00 cg2=2.461e+00 cy=4.244e-01 cb_sum=4.309e-01 mh=1.106e+01 m_total=8.065e+00 m_diff=1.354e+00 J_eff=1.116e+02 d=1.876e+01
  largest |column correlations|: cg1~cg2=-0.9911, mh~m_total=-0.4342, mh~J_eff=+0.3219, m_total~m_diff=-0.2841, kb_sum~cy=+0.2353, J_eff~d=-0.1861
  r_J = 4.049e-05 (vs first basis), r_J_step = 4.049e-05 (vs previous)
Loaded model with best known validation sim-RMS of 1.298e-05 which happened on epoch 4 (epoch_id=0.15)
  val nf-window RMS (400-step): first=1.9434e-05  best=1.6584e-05  last=1.6584e-05 [m]  (sim-RMS selector unchanged)
  train nf-window RMS (400-step): first=1.9478e-05  best=1.9478e-05  last=1.9478e-05 [m]  (1 finite of 2; the pre-training entry has no windows behind it)
  Pre-polish checkpoint: C:\Users\20203253\OneDrive - TU Eindhoven\Graduation Project\Baseline FP model\Baseline-LPV-Augmentation\simulations\gantry_subnet\thesis_taf_noisy_linear_map\20260928_231124\gantry_ckpt_20260928_231124_pre_lbfgs.pt

[lbfgs] polish phase (D-171): Adam is done, quasi-Newton from here
  [lbfgs] fixed batch: 256 of 13644 windows (stride 10 -> 530), 5.0 MB on cpu, 1 chunk(s), extras=('ctrl_ix',)
  [lbfgs] determinism check (eager): 1.70542922006688968e-08 vs 1.70542922006688968e-08 -> OK
  [lbfgs] 5354 parameters in one group, m=50, strong-Wolfe, tol_grad=1.0e-12 tol_change=0.0e+00 (0.0e+00 relative to the opening loss), max 2 iterations, eager rollout
[wd] t=494s tree=1,661 MB cpu=33% availRAM=2.14 GB C:free=7.74 GB
  [lbfgs] iter    1 (+1 of 1)  (5 closures, 69 s)
  [lbfgs] iter    2 (+1 of 1)  (7 closures, 98 s)
[wd] t=557s tree=911 MB cpu=8% availRAM=3.03 GB C:free=7.74 GB
[wd] t=620s tree=903 MB cpu=8% availRAM=3.38 GB C:free=7.73 GB
[wd] t=682s tree=904 MB cpu=8% availRAM=3.28 GB C:free=7.73 GB
  [lbfgs] ACCEPTED: accepted
  [lbfgs] loss 1.705429e-08 -> 1.187076e-08 | 2 iterations, 7 closures in 281 s
  [lbfgs] sim-RMS 1.297997e-05 -> 1.272450e-05
  Checkpoint weights: C:\Users\20203253\OneDrive - TU Eindhoven\Graduation Project\Baseline FP model\Baseline-LPV-Augmentation\simulations\gantry_subnet\thesis_taf_noisy_linear_map\20260928_231124\gantry_ckpt_20260928_231124.pt  (Adam state omitted: weights were polished)
Training done | 200 ep | 407s | bestfit=0.00001
  Checkpoint meta: C:\Users\20203253\OneDrive - TU Eindhoven\Graduation Project\Baseline FP model\Baseline-LPV-Augmentation\simulations\gantry_subnet\thesis_taf_noisy_linear_map\20260928_231124\gantry_ckpt_20260928_231124.npz

Training complete. Best validation sim-RMS: 0.000013
Saved model: C:\Users\20203253\OneDrive - TU Eindhoven\Graduation Project\Baseline FP model\Baseline-LPV-Augmentation\simulations\gantry_subnet\thesis_taf_noisy_linear_map\20260928_231124\gantry_20260928_231124

=== Joint estimation: identifiable combinations (best checkpoint) ===
  Identifiable combinations (identifiable coordinates trained, inertia positive definite by construction):
Quantity          True        Init     Learned    delta%
--------------------------------------------------------
kb_sum       3975.0000   3577.5000   3577.3604   -10.00%
cg1            14.5000     15.9500     15.9506   +10.00%
cg2            20.3000     22.3300     22.3308   +10.00%
cy             10.0000     11.0000     11.0004   +10.00%
cb_sum         18.0000     16.2000     16.2006   -10.00%
mh             10.1000      9.0900      9.0903   -10.00%
m_total        43.7000     48.0700     48.0681   +10.00%
m_diff         -0.5000     -0.5500     -0.5500   +10.00%
J_eff           3.7964      3.4168      3.4169   -10.00%
d               0.1000      0.0900      0.0900   -10.00%
  admissibility: min eig M(Y) = 3.37258 at Y = +0.003 m; min abs d(Y) = 1774.95 at Y = +0.003 m; PASS

=== Joint estimation: identifiable combinations (init vs learned) ===
  param            init      learned     delta
  kb_sum      3577.5000    3577.3604    -0.00%
  cg1           15.9500      15.9506    +0.00%
  cg2           22.3300      22.3308    +0.00%
  cy            11.0000      11.0004    +0.00%
  cb_sum        16.2000      16.2006    +0.00%
  mh             9.0900       9.0903    +0.00%
  m_total       48.0700      48.0681    -0.00%
  m_diff        -0.5500      -0.5500    +0.00%
  J_eff          3.4168       3.4169    +0.00%
  d              0.0900       0.0900    -0.00%
[wd] t=745s tree=908 MB cpu=8% availRAM=3.24 GB C:free=7.71 GB
[wd] t=808s tree=909 MB cpu=8% availRAM=3.12 GB C:free=7.73 GB
[wd] t=871s tree=909 MB cpu=8% availRAM=3.10 GB C:free=7.73 GB
[wd] t=933s tree=907 MB cpu=8% availRAM=2.48 GB C:free=7.73 GB
[wd] t=996s tree=908 MB cpu=8% availRAM=2.57 GB C:free=7.72 GB
[wd] t=1,059s tree=908 MB cpu=8% availRAM=2.54 GB C:free=7.72 GB
[wd] t=1,122s tree=908 MB cpu=8% availRAM=2.56 GB C:free=7.72 GB
[wd] t=1,184s tree=909 MB cpu=8% availRAM=2.53 GB C:free=7.72 GB
[wd] t=1,247s tree=909 MB cpu=8% availRAM=2.52 GB C:free=7.71 GB
[wd] t=1,309s tree=907 MB cpu=8% availRAM=2.54 GB C:free=7.71 GB
