generate_thesis_data: 48 records selected, versions noisy

=== 1/48  TR-S1_r1  [training, standstill Y -0.30, A_prod multisine] ===
  r OK TR-S1_r1    : X1=[+0 +0] X2=[+0 +0] Y=[-300 -300] mm | v 0.000/0.000 m/s a 0.00/0.00 m/s^2 j 0/0 m/s^3 (X_sym/Y)
  scale pre 1.00 post 1.00 | noise adds rms [NaN NaN NaN] nm | stick [9.1 7 2.4] % | F peak [0.42 0.47 0.59], rms [0.25 0.26 0.34] of limit | 53.1 + 0.0 MB | 50.0 s

=== 2/48  TR-S2_r1  [training, standstill Y -0.15, A_prod multisine] ===
  r OK TR-S2_r1    : X1=[+0 +0] X2=[+0 +0] Y=[-150 -150] mm | v 0.000/0.000 m/s a 0.00/0.00 m/s^2 j 0/0 m/s^3 (X_sym/Y)
  scale pre 1.00 post 1.00 | noise adds rms [NaN NaN NaN] nm | stick [7.5 6.4 2.1] % | F peak [0.39 0.44 0.56], rms [0.25 0.27 0.34] of limit | 53.1 + 0.0 MB | 37.6 s

=== 3/48  TR-S3_r1  [training, standstill Y +0.00, A_prod multisine] ===
  r OK TR-S3_r1    : X1=[+0 +0] X2=[+0 +0] Y=[+0 +0] mm | v 0.000/0.000 m/s a 0.00/0.00 m/s^2 j 0/0 m/s^3 (X_sym/Y)
  scale pre 1.00 post 1.00 | noise adds rms [NaN NaN NaN] nm | stick [6.7 7.3 2.2] % | F peak [0.49 0.44 0.56], rms [0.26 0.26 0.34] of limit | 54.7 + 0.0 MB | 38.0 s

=== 4/48  TR-S4_r1  [training, standstill Y +0.15, A_prod multisine] ===
  r OK TR-S4_r1    : X1=[+0 +0] X2=[+0 +0] Y=[+150 +150] mm | v 0.000/0.000 m/s a 0.00/0.00 m/s^2 j 0/0 m/s^3 (X_sym/Y)
  scale pre 1.00 post 1.00 | noise adds rms [NaN NaN NaN] nm | stick [6.7 8.7 2.2] % | F peak [0.43 0.44 0.58], rms [0.27 0.25 0.34] of limit | 53.1 + 0.0 MB | 37.5 s

=== 5/48  TR-S5_r1  [training, standstill Y +0.30, A_prod multisine] ===
  r OK TR-S5_r1    : X1=[+0 +0] X2=[+0 +0] Y=[+300 +300] mm | v 0.000/0.000 m/s a 0.00/0.00 m/s^2 j 0/0 m/s^3 (X_sym/Y)
  scale pre 1.00 post 1.00 | noise adds rms [NaN NaN NaN] nm | stick [7.1 10.8 2] % | F peak [0.43 0.37 0.53], rms [0.27 0.24 0.34] of limit | 53.1 + 0.0 MB | 41.7 s

=== 6/48  TR-Y1_r1  [training, Y sweep 0 +- 0.30 at 0.20 Hz, A_prod] ===
  r OK TR-Y1_r1    : X1=[+0 +0] X2=[+0 +0] Y=[-300 +300] mm | v 0.000/0.596 m/s a 0.00/3.76 m/s^2 j 0/34807 m/s^3 (X_sym/Y)
  scale pre 1.00 post 1.00 | noise adds rms [NaN NaN NaN] nm | stick [7.7 8.1 0.6] % | F peak [0.42 0.44 0.56], rms [0.27 0.25 0.36] of limit | 55.0 + 0.0 MB | 39.8 s

=== 7/48  TR-Y2_r1  [training, Y sweep 0 +- 0.30 at 0.50 Hz, A_prod] ===
  r OK TR-Y2_r1    : X1=[+0 +0] X2=[+0 +0] Y=[-300 +300] mm | v 0.000/1.088 m/s a 0.00/8.88 m/s^2 j 0/59218 m/s^3 (X_sym/Y)
  scale pre 1.00 post 1.00 | noise adds rms [NaN NaN NaN] nm | stick [7.5 8.5 0.4] % | F peak [0.46 0.47 0.61], rms [0.26 0.26 0.36] of limit | 55.4 + 0.0 MB | 49.8 s

=== 8/48  TR-Y3_r1  [training, Y sweep 0 +- 0.30 at 0.75 Hz, A_prod] ===
  r OK TR-Y3_r1    : X1=[+0 +0] X2=[+0 +0] Y=[-300 +300] mm | v 0.000/1.414 m/s a 0.00/12.20 m/s^2 j 0/41945 m/s^3 (X_sym/Y)
  scale pre 1.00 post 1.00 | noise adds rms [NaN NaN NaN] nm | stick [7.7 7.8 0.4] % | F peak [0.44 0.55 0.67], rms [0.27 0.25 0.36] of limit | 55.5 + 0.0 MB | 58.1 s

=== 9/48  TR-P1_r1  [training, S-curve moves, log strata, T3 36 ms, A_prod] ===
  r OK TR-P1_r1    : X1=[-225 +277] X2=[-225 +277] Y=[-264 +292] mm | v 0.500/0.500 m/s a 7.50/12.50 m/s^2 j 417/694 m/s^3 (X_sym/Y)
  scale pre 1.00 post 1.00 | noise adds rms [NaN NaN NaN] nm | stick [3.7 5.1 1.3] % | F peak [0.49 0.53 0.65], rms [0.28 0.28 0.35] of limit | 54.3 + 0.0 MB | 59.3 s

=== 10/48  TR-P2_r1  [training, S-curve moves, log strata, T3 30 ms, A_prod] ===
  r OK TR-P2_r1    : X1=[-280 +203] X2=[-280 +203] Y=[-296 +296] mm | v 1.000/1.000 m/s a 15.00/25.00 m/s^2 j 1000/1666 m/s^3 (X_sym/Y)
  scale pre 1.00 post 1.00 | noise adds rms [NaN NaN NaN] nm | stick [4.7 4.9 1.3] % | F peak [0.65 0.7 0.71], rms [0.31 0.31 0.36] of limit | 54.0 + 0.0 MB | 48.3 s

=== 11/48  TR-P3_r1  [training, S-curve moves, log strata, T3 12 ms, A_prod] ===
  r OK TR-P3_r1    : X1=[-240 +280] X2=[-240 +280] Y=[-299 +297] mm | v 1.500/1.500 m/s a 22.50/37.50 m/s^2 j 3750/6250 m/s^3 (X_sym/Y)
  scale pre 1.00 post 1.00 | noise adds rms [NaN NaN NaN] nm | stick [4.3 5.3 1.5] % | F peak [0.78 0.79 0.8], rms [0.4 0.43 0.41] of limit | 53.9 + 0.0 MB | 45.9 s

=== 12/48  TR-P4_r1  [training, S-curve moves, log strata, T3 25 ms, A_prod] ===
  r OK TR-P4_r1    : X1=[-141 +140] X2=[-141 +140] Y=[-286 +300] mm | v 1.000/1.000 m/s a 14.99/25.00 m/s^2 j 1199/1999 m/s^3 (X_sym/Y)
  scale pre 1.00 post 1.00 | noise adds rms [NaN NaN NaN] nm | stick [4.4 5.3 1.4] % | F peak [0.6 0.61 0.67], rms [0.31 0.33 0.37] of limit | 54.0 + 0.0 MB | 52.1 s

=== 13/48  TR-L1_r1  [training, Lissajous Y 0.30 @0.35 Hz, X 0.28 @0.85 Hz, A_prod] ===
  r OK TR-L1_r1    : X1=[-280 +280] X2=[-280 +280] Y=[-300 +300] mm | v 1.495/0.914 m/s a 12.84/6.57 m/s^2 j 25196/52762 m/s^3 (X_sym/Y)
  scale pre 1.00 post 1.00 | noise adds rms [NaN NaN NaN] nm | stick [1.1 1.2 0.4] % | F peak [0.54 0.55 0.66], rms [0.31 0.31 0.36] of limit | 57.3 + 0.0 MB | 39.2 s

=== 14/48  TR-L2_r1  [training, Lissajous Y 0.25 @0.7 Hz, X 0.08 @1.5 Hz, X_anti 1 mm @0.8 Hz, A_prod] ===
  r OK TR-L2_r1    : X1=[-81 +81] X2=[-81 +81] Y=[-250 +250] mm | v 0.754/1.100 m/s a 8.69/9.56 m/s^2 j 15791/39968 m/s^3 (X_sym/Y)
  scale pre 1.00 post 1.00 | noise adds rms [NaN NaN NaN] nm | stick [1.3 1.3 0.4] % | F peak [0.48 0.53 0.64], rms [0.3 0.31 0.36] of limit | 57.8 + 0.0 MB | 37.5 s

=== 15/48  TR-T1_r1  [training, ILC-shape sine shuttle, lattice Y_op +0.00, 75 % max, dwell 0.30 s, no multisine] ===
  r OK TR-T1_r1    : X1=[-80 +80] X2=[-80 +80] Y=[-240 +240] mm | v 0.757/1.382 m/s a 22.50/37.50 m/s^2 j 1338/2035 m/s^3 (X_sym/Y)
  scale pre 1.00 post 1.00 | noise adds rms [NaN NaN NaN] nm | stick [74.7 74.5 71.8] % | F peak [0.37 0.4 0.28], rms [0.21 0.23 0.2] of limit | 46.6 + 0.0 MB | 33.4 s

=== 16/48  TR-T2_r1  [training, ILC-shape sine shuttle, lattice Y_op +0.00, 45 % max, dwell 0.45 s, no multisine] ===
  r OK TR-T2_r1    : X1=[-80 +80] X2=[-80 +80] Y=[-240 +240] mm | v 0.586/1.070 m/s a 13.50/22.50 m/s^2 j 622/951 m/s^3 (X_sym/Y)
  scale pre 1.00 post 1.00 | noise adds rms [NaN NaN NaN] nm | stick [80.3 80.4 78] % | F peak [0.23 0.24 0.17], rms [0.12 0.12 0.11] of limit | 45.7 + 0.0 MB | 35.5 s

=== 17/48  TR-T3_r1  [training, ILC-shape sine shuttle, lattice Y_op +0.06, 75 % max, dwell 0.60 s, no multisine] ===
  r OK TR-T3_r1    : X1=[-80 +80] X2=[-80 +80] Y=[-260 +300] mm | v 0.757/1.382 m/s a 22.50/37.50 m/s^2 j 1338/2035 m/s^3 (X_sym/Y)
  scale pre 1.00 post 1.00 | noise adds rms [NaN NaN NaN] nm | stick [86.3 86 84.7] % | F peak [0.32 0.39 0.28], rms [0.15 0.17 0.15] of limit | 44.1 + 0.0 MB | 39.7 s

=== 18/48  TR-T4_r1  [training, ILC-shape sine shuttle, lattice Y_op -0.06, 45 % max, dwell 0.30 s, no multisine] ===
  r OK TR-T4_r1    : X1=[-80 +80] X2=[-80 +80] Y=[-300 +260] mm | v 0.586/1.070 m/s a 13.50/22.50 m/s^2 j 622/951 m/s^3 (X_sym/Y)
  scale pre 1.00 post 1.00 | noise adds rms [NaN NaN NaN] nm | stick [72.9 73 69.8] % | F peak [0.23 0.24 0.17], rms [0.14 0.14 0.13] of limit | 45.4 + 0.0 MB | 37.1 s

=== 19/48  VA-S1_r1  [validation, standstill Y +0.10, A_prod] ===
  r OK VA-S1_r1    : X1=[+0 +0] X2=[+0 +0] Y=[+100 +100] mm | v 0.000/0.000 m/s a 0.00/0.00 m/s^2 j 0/0 m/s^3 (X_sym/Y)
  scale pre 1.00 post 1.00 | noise adds rms [NaN NaN NaN] nm | stick [6.8 8.7 2.4] % | F peak [0.44 0.48 0.57], rms [0.26 0.26 0.34] of limit | 53.1 + 0.0 MB | 36.0 s

=== 20/48  VA-Y1_r1  [validation, Y sweep +0.05 +- 0.25 at 0.5 Hz, A_prod] ===
  r OK VA-Y1_r1    : X1=[+0 +0] X2=[+0 +0] Y=[-200 +300] mm | v 0.000/0.907 m/s a 0.00/7.40 m/s^2 j 0/49348 m/s^3 (X_sym/Y)
  scale pre 1.00 post 1.00 | noise adds rms [NaN NaN NaN] nm | stick [6.8 8 0.4] % | F peak [0.44 0.48 0.65], rms [0.26 0.26 0.36] of limit | 55.1 + 0.0 MB | 44.5 s

=== 21/48  VA-P1_r1  [validation, S-curve moves, log strata, 50 %, T3 30 ms, new draw, A_prod] ===
  r OK VA-P1_r1    : X1=[-274 +280] X2=[-274 +280] Y=[-212 +299] mm | v 1.000/1.000 m/s a 15.00/25.00 m/s^2 j 1000/1667 m/s^3 (X_sym/Y)
  scale pre 1.00 post 1.00 | noise adds rms [NaN NaN NaN] nm | stick [4.4 4.9 1.4] % | F peak [0.71 0.61 0.73], rms [0.31 0.32 0.37] of limit | 54.0 + 0.0 MB | 39.7 s

=== 22/48  VA-L1_r1  [validation, Lissajous centre -0.05, Y 0.20 @0.7 Hz, X 0.08 @1.5 Hz, A_prod] ===
  r OK VA-L1_r1    : X1=[-80 +80] X2=[-80 +80] Y=[-250 +150] mm | v 0.754/0.880 m/s a 8.69/7.65 m/s^2 j 15791/31974 m/s^3 (X_sym/Y)
  scale pre 1.00 post 1.00 | noise adds rms [NaN NaN NaN] nm | stick [1.4 1.2 0.5] % | F peak [0.49 0.54 0.61], rms [0.29 0.31 0.36] of limit | 57.5 + 0.0 MB | 38.6 s

=== 23/48  VA-T1_r1  [validation, ILC-shape, held-out lattice Y_op +0.04, 75 % max, no multisine] ===
  r OK VA-T1_r1    : X1=[-80 +80] X2=[-80 +80] Y=[-280 +280] mm | v 0.757/1.382 m/s a 22.50/37.50 m/s^2 j 1338/2035 m/s^3 (X_sym/Y)
  scale pre 1.00 post 1.00 | noise adds rms [NaN NaN NaN] nm | stick [80.1 79.8 77.7] % | F peak [0.38 0.4 0.28], rms [0.19 0.21 0.18] of limit | 44.6 + 0.0 MB | 35.6 s

=== 24/48  VA-T2_r1  [validation, ILC-shape, held-out lattice Y_op -0.04, 45 % max, no multisine] ===
  r OK VA-T2_r1    : X1=[-80 +80] X2=[-80 +80] Y=[-280 +280] mm | v 0.586/1.070 m/s a 13.50/22.50 m/s^2 j 622/951 m/s^3 (X_sym/Y)
  scale pre 1.00 post 1.00 | noise adds rms [NaN NaN NaN] nm | stick [75.5 75.5 72.5] % | F peak [0.22 0.24 0.17], rms [0.13 0.14 0.12] of limit | 45.7 + 0.0 MB | 36.0 s

=== 25/48  I1_r1  [test-I, as TR-P2: S-curve moves, 50 %, T3 30 ms, new phases, noise, setpoints] ===
  r OK I1_r1       : X1=[-258 +273] X2=[-258 +273] Y=[-297 +288] mm | v 1.000/1.000 m/s a 14.99/25.00 m/s^2 j 1000/1666 m/s^3 (X_sym/Y)
  scale pre 1.00 post 1.00 | noise adds rms [NaN NaN NaN] nm | stick [4.4 4.4 1.4] % | F peak [0.62 0.6 0.65], rms [0.32 0.32 0.37] of limit | 54.2 + 0.0 MB | 38.8 s

=== 26/48  I2_r1  [test-I, standstill Y -0.225, A_prod] ===
  r OK I2_r1       : X1=[+0 +0] X2=[+0 +0] Y=[-225 -225] mm | v 0.000/0.000 m/s a 0.00/0.00 m/s^2 j 0/0 m/s^3 (X_sym/Y)
  scale pre 1.00 post 1.00 | noise adds rms [NaN NaN NaN] nm | stick [8.5 7.3 2.1] % | F peak [0.43 0.49 0.61], rms [0.25 0.27 0.34] of limit | 53.1 + 0.0 MB | 41.9 s

=== 27/48  I3_r1  [test-I, ASMPT sine route, X and Y together, 60 % max, Y inside +-0.20] ===
  r OK I3_r1       : X1=[-80 +80] X2=[-80 +80] Y=[-170 +150] mm | v 0.677/1.236 m/s a 18.00/30.00 m/s^2 j 960/1456 m/s^3 (X_sym/Y)
  scale pre 1.00 post 1.00 | noise adds rms [NaN NaN NaN] nm | stick [75.2 73.6 71.3] % | F peak [0.25 0.31 0.23], rms [0.16 0.2 0.16] of limit | 45.4 + 0.0 MB | 33.2 s

=== 28/48  I4_r1  [test-I, ASMPT sine, alternating X-only 40 mm and Y-only 80 mm moves, 60 % max] ===
  r OK I4_r1       : X1=[-80 +80] X2=[-80 +80] Y=[-170 +150] mm | v 0.677/1.236 m/s a 18.00/30.00 m/s^2 j 957/1456 m/s^3 (X_sym/Y)
  scale pre 1.00 post 1.00 | noise adds rms [NaN NaN NaN] nm | stick [86.6 86.5 86.3] % | F peak [0.27 0.29 0.23], rms [0.13 0.14 0.11] of limit | 44.7 + 0.0 MB | 33.8 s

=== 29/48  I5_r1  [test-I, ASMPT S-curve route (I3 sequence), 60 % max, vmax 1.5, T3 25 ms] ===
  r OK I5_r1       : X1=[-80 +80] X2=[-80 +80] Y=[-170 +150] mm | v 0.736/1.359 m/s a 17.99/29.99 m/s^2 j 1439/2399 m/s^3 (X_sym/Y)
  scale pre 1.00 post 1.00 | noise adds rms [NaN NaN NaN] nm | stick [75.1 74 71.7] % | F peak [0.26 0.32 0.24], rms [0.17 0.22 0.18] of limit | 45.3 + 0.0 MB | 33.4 s

=== 30/48  I6_r1  [test-I, ASMPT sine long strokes 0.50 / 0.56 m, 60 % max, v cap 1.5] ===
  r OK I6_r1       : X1=[-250 +250] X2=[-250 +250] Y=[-280 +280] mm | v 1.500/1.500 m/s a 18.00/30.00 m/s^2 j 432/1200 m/s^3 (X_sym/Y)
  scale pre 1.00 post 1.00 | noise adds rms [NaN NaN NaN] nm | stick [50.2 50 50.6] % | F peak [0.27 0.31 0.23], rms [0.19 0.22 0.14] of limit | 46.6 + 0.0 MB | 33.1 s

=== 31/48  E1_r1  [test-E, standstill Y -0.39, A_prod] ===
  r OK E1_r1       : X1=[+0 +0] X2=[+0 +0] Y=[-390 -390] mm | v 0.000/0.000 m/s a 0.00/0.00 m/s^2 j 0/0 m/s^3 (X_sym/Y)
  scale pre 1.00 post 1.00 | noise adds rms [NaN NaN NaN] nm | stick [10.4 7.3 2.2] % | F peak [0.41 0.47 0.48], rms [0.24 0.27 0.34] of limit | 53.1 + 0.0 MB | 37.9 s

=== 32/48  E2_r1  [test-E, I3 route shuttling to -0.33 / +0.39] ===
  r OK E2_r1       : X1=[-80 +80] X2=[-80 +80] Y=[-330 +390] mm | v 0.677/1.236 m/s a 18.00/30.00 m/s^2 j 960/1456 m/s^3 (X_sym/Y)
  scale pre 1.00 post 1.00 | noise adds rms [NaN NaN NaN] nm | stick [74.6 74.3 71.3] % | F peak [0.27 0.34 0.23], rms [0.17 0.19 0.16] of limit | 45.2 + 0.0 MB | 38.4 s

=== 33/48  E3_r1  [test-E, I5 at 100 % max (30 / 50 m/s^2), T3 25 ms] ===
  r OK E3_r1       : X1=[-80 +80] X2=[-80 +80] Y=[-170 +150] mm | v 0.907/1.498 m/s a 29.94/49.98 m/s^2 j 2395/3999 m/s^3 (X_sym/Y)
  scale pre 1.00 post 1.00 | noise adds rms [NaN NaN NaN] nm | stick [77 75.7 73.3] % | F peak [0.45 0.53 0.39], rms [0.25 0.31 0.23] of limit | 45.9 + 0.0 MB | 37.5 s

=== 34/48  E4_r1  [test-E, I6 with v cap 1.95 m/s] ===
  r OK E4_r1       : X1=[-250 +250] X2=[-250 +250] Y=[-280 +280] mm | v 1.950/1.950 m/s a 18.00/30.00 m/s^2 j 383/923 m/s^3 (X_sym/Y)
  scale pre 1.00 post 1.00 | noise adds rms [NaN NaN NaN] nm | stick [54.2 54.2 57.3] % | F peak [0.27 0.31 0.23], rms [0.21 0.25 0.16] of limit | 46.2 + 0.0 MB | 36.7 s

=== 35/48  E5_r1  [test-E, I3 under K2-g+ (K1 gains +20 %)] ===
  r OK E5_r1       : X1=[-80 +80] X2=[-80 +80] Y=[-170 +150] mm | v 0.677/1.236 m/s a 18.00/30.00 m/s^2 j 960/1456 m/s^3 (X_sym/Y)
  scale pre 1.00 post 1.00 | noise adds rms [NaN NaN NaN] nm | stick [75.2 74.1 71.8] % | F peak [0.25 0.31 0.23], rms [0.16 0.2 0.16] of limit | 45.4 + 0.0 MB | 33.3 s

=== 36/48  E6_r1  [test-E, measured ILC move (D-210), exact, on the I3 lattice] ===
  E6_r1: acceleration assert skipped by name (realised X 39.31, Y 50.66 m/s^2)
  r OK E6_r1       : X1=[-80 +80] X2=[-80 +80] Y=[-170 +150] mm | v 1.001/1.500 m/s a 39.31/50.66 m/s^2 j 3090/3422 m/s^3 (X_sym/Y)
  scale pre 1.00 post 1.00 | noise adds rms [NaN NaN NaN] nm | stick [78.4 76.1 72.8] % | F peak [0.55 0.66 0.38], rms [0.32 0.38 0.25] of limit | 45.1 + 0.0 MB | 38.8 s

=== 37/48  TF-1_r1  [frf, FRF reference, standstill Y +0.150, periodic B_tr multisine (6 periods of 2 s)] ===
  r OK TF-1_r1     : X1=[+0 +0] X2=[+0 +0] Y=[+150 +150] mm | v 0.000/0.000 m/s a 0.00/0.00 m/s^2 j 0/0 m/s^3 (X_sym/Y)
  scale pre 1.00 post 1.00 | noise adds rms [NaN NaN NaN] nm | stick [6.5 8.6 1.9] % | F peak [0.42 0.43 0.5], rms [0.26 0.26 0.34] of limit | 53.1 + 0.0 MB | 43.0 s

=== 38/48  TF-1_r2  [frf, FRF reference, standstill Y +0.150, periodic B_tr multisine (6 periods of 2 s)] ===
  r OK TF-1_r2     : X1=[+0 +0] X2=[+0 +0] Y=[+150 +150] mm | v 0.000/0.000 m/s a 0.00/0.00 m/s^2 j 0/0 m/s^3 (X_sym/Y)
  scale pre 1.00 post 1.00 | noise adds rms [NaN NaN NaN] nm | stick [6.5 9.2 2] % | F peak [0.43 0.5 0.57], rms [0.27 0.25 0.34] of limit | 53.1 + 0.0 MB | 41.0 s

=== 39/48  TF-1_r3  [frf, FRF reference, standstill Y +0.150, periodic B_tr multisine (6 periods of 2 s)] ===
  r OK TF-1_r3     : X1=[+0 +0] X2=[+0 +0] Y=[+150 +150] mm | v 0.000/0.000 m/s a 0.00/0.00 m/s^2 j 0/0 m/s^3 (X_sym/Y)
  scale pre 1.00 post 1.00 | noise adds rms [NaN NaN NaN] nm | stick [6.9 9.1 2.1] % | F peak [0.46 0.43 0.53], rms [0.27 0.25 0.34] of limit | 53.1 + 0.0 MB | 35.3 s

=== 40/48  TF-1_r4  [frf, FRF reference, standstill Y +0.150, periodic B_tr multisine (6 periods of 2 s)] ===
  r OK TF-1_r4     : X1=[+0 +0] X2=[+0 +0] Y=[+150 +150] mm | v 0.000/0.000 m/s a 0.00/0.00 m/s^2 j 0/0 m/s^3 (X_sym/Y)
  scale pre 1.00 post 1.00 | noise adds rms [NaN NaN NaN] nm | stick [6.3 9 2.1] % | F peak [0.5 0.41 0.61], rms [0.28 0.24 0.34] of limit | 53.1 + 0.0 MB | 35.7 s

=== 41/48  TF-2_r1  [frf, FRF reference, standstill Y +0.225, periodic B_tr multisine (6 periods of 2 s)] ===
  r OK TF-2_r1     : X1=[+0 +0] X2=[+0 +0] Y=[+225 +225] mm | v 0.000/0.000 m/s a 0.00/0.00 m/s^2 j 0/0 m/s^3 (X_sym/Y)
  scale pre 1.00 post 1.00 | noise adds rms [NaN NaN NaN] nm | stick [6.6 10.7 2.1] % | F peak [0.47 0.42 0.65], rms [0.26 0.25 0.34] of limit | 53.1 + 0.0 MB | 36.6 s

=== 42/48  TF-2_r2  [frf, FRF reference, standstill Y +0.225, periodic B_tr multisine (6 periods of 2 s)] ===
  r OK TF-2_r2     : X1=[+0 +0] X2=[+0 +0] Y=[+225 +225] mm | v 0.000/0.000 m/s a 0.00/0.00 m/s^2 j 0/0 m/s^3 (X_sym/Y)
  scale pre 1.00 post 1.00 | noise adds rms [NaN NaN NaN] nm | stick [6.6 9.4 1.8] % | F peak [0.42 0.42 0.52], rms [0.27 0.25 0.34] of limit | 53.1 + 0.0 MB | 38.5 s

=== 43/48  TF-2_r3  [frf, FRF reference, standstill Y +0.225, periodic B_tr multisine (6 periods of 2 s)] ===
  r OK TF-2_r3     : X1=[+0 +0] X2=[+0 +0] Y=[+225 +225] mm | v 0.000/0.000 m/s a 0.00/0.00 m/s^2 j 0/0 m/s^3 (X_sym/Y)
  scale pre 1.00 post 1.00 | noise adds rms [NaN NaN NaN] nm | stick [6.5 9.8 2.1] % | F peak [0.44 0.41 0.54], rms [0.28 0.24 0.34] of limit | 53.1 + 0.0 MB | 46.0 s

=== 44/48  TF-2_r4  [frf, FRF reference, standstill Y +0.225, periodic B_tr multisine (6 periods of 2 s)] ===
  r OK TF-2_r4     : X1=[+0 +0] X2=[+0 +0] Y=[+225 +225] mm | v 0.000/0.000 m/s a 0.00/0.00 m/s^2 j 0/0 m/s^3 (X_sym/Y)
  scale pre 1.00 post 1.00 | noise adds rms [NaN NaN NaN] nm | stick [6.8 10.5 2] % | F peak [0.51 0.38 0.58], rms [0.27 0.25 0.34] of limit | 53.1 + 0.0 MB | 40.4 s

=== 45/48  TF-3_r1  [frf, FRF reference, standstill Y +0.350, periodic B_tr multisine (6 periods of 2 s)] ===
  r OK TF-3_r1     : X1=[+0 +0] X2=[+0 +0] Y=[+350 +350] mm | v 0.000/0.000 m/s a 0.00/0.00 m/s^2 j 0/0 m/s^3 (X_sym/Y)
  scale pre 1.00 post 1.00 | noise adds rms [NaN NaN NaN] nm | stick [7 12.6 1.7] % | F peak [0.51 0.38 0.57], rms [0.27 0.23 0.34] of limit | 53.1 + 0.0 MB | 38.3 s

=== 46/48  TF-3_r2  [frf, FRF reference, standstill Y +0.350, periodic B_tr multisine (6 periods of 2 s)] ===
  r OK TF-3_r2     : X1=[+0 +0] X2=[+0 +0] Y=[+350 +350] mm | v 0.000/0.000 m/s a 0.00/0.00 m/s^2 j 0/0 m/s^3 (X_sym/Y)
  scale pre 1.00 post 1.00 | noise adds rms [NaN NaN NaN] nm | stick [6.3 12.9 1.8] % | F peak [0.47 0.43 0.49], rms [0.27 0.23 0.34] of limit | 53.1 + 0.0 MB | 35.0 s

=== 47/48  TF-3_r3  [frf, FRF reference, standstill Y +0.350, periodic B_tr multisine (6 periods of 2 s)] ===
  r OK TF-3_r3     : X1=[+0 +0] X2=[+0 +0] Y=[+350 +350] mm | v 0.000/0.000 m/s a 0.00/0.00 m/s^2 j 0/0 m/s^3 (X_sym/Y)
  scale pre 1.00 post 1.00 | noise adds rms [NaN NaN NaN] nm | stick [6.9 10.8 2.1] % | F peak [0.42 0.38 0.56], rms [0.26 0.25 0.34] of limit | 53.1 + 0.0 MB | 36.2 s

=== 48/48  TF-3_r4  [frf, FRF reference, standstill Y +0.350, periodic B_tr multisine (6 periods of 2 s)] ===
  r OK TF-3_r4     : X1=[+0 +0] X2=[+0 +0] Y=[+350 +350] mm | v 0.000/0.000 m/s a 0.00/0.00 m/s^2 j 0/0 m/s^3 (X_sym/Y)
  scale pre 1.00 post 1.00 | noise adds rms [NaN NaN NaN] nm | stick [6.9 12.2 2] % | F peak [0.42 0.38 0.52], rms [0.27 0.24 0.34] of limit | 53.1 + 0.0 MB | 36.8 s
MANIFEST noisy: 48 records -> C:\Users\20203253\OneDrive - TU Eindhoven\Graduation Project\Baseline FP model\Baseline-LPV-Augmentation\Thesis-writeup\Data\Coulomb-tanh-and-MSD-lowpass-noise\MANIFEST.csv

generate_thesis_data: done
