B10 (H, Y +0.00, cc True, band [   1. 1000.]): median |BLA - frictionless| / |frictionless| per column [0.033  0.0484 0.0461]; median total std / |BLA| [0.0046 0.0041 0.0075]; stick [0.098 0.107 0.032]; nonperiodic [1.98e-13 1.84e-13 2.43e-13]
   Y column: anti-resonance 150.50 Hz, closed-loop peak 264.50 Hz, upper -3 dB 303.50 Hz
B6 (H, Y -0.30, cc True, band [   1. 1000.]): median |BLA - frictionless| / |frictionless| per column [0.0347 0.0458 0.044 ]; median total std / |BLA| [0.0044 0.0037 0.0072]; stick [0.117 0.099 0.032]; nonperiodic [3.35e-13 3.73e-13 1.69e-12]
   Y column: anti-resonance 150.50 Hz, closed-loop peak 261.50 Hz, upper -3 dB 303.50 Hz
B7 (H, Y -0.15, cc True, band [   1. 1000.]): median |BLA - frictionless| / |frictionless| per column [0.0328 0.0482 0.0452]; median total std / |BLA| [0.0046 0.004  0.0072]; stick [0.105 0.099 0.031]; nonperiodic [2.40e-13 2.59e-13 9.18e-13]
   Y column: anti-resonance 150.50 Hz, closed-loop peak 267.50 Hz, upper -3 dB 303.50 Hz
B8 (H, Y +0.15, cc True, band [   1. 1000.]): median |BLA - frictionless| / |frictionless| per column [0.0331 0.0475 0.0436]; median total std / |BLA| [0.0044 0.0038 0.0072]; stick [0.098 0.118 0.031]; nonperiodic [2.52e-13 2.38e-13 9.08e-13]
   Y column: anti-resonance 150.50 Hz, closed-loop peak 266.00 Hz, upper -3 dB 303.50 Hz
B9 (H, Y +0.30, cc True, band [   1. 1000.]): median |BLA - frictionless| / |frictionless| per column [0.0334 0.0424 0.0406]; median total std / |BLA| [0.004  0.0034 0.0071]; stick [0.098 0.127 0.032]; nonperiodic [3.75e-13 3.29e-13 1.72e-12]
   Y column: anti-resonance 150.50 Hz, closed-loop peak 261.50 Hz, upper -3 dB 302.00 Hz
wrote outputs/j2_bla.npz
crossover with K1 (first |L_jj| = 1, the bandwidth), per Y and channel [Hz], baseline / truth:
  Y -0.30 X1    78.3 /   82.5
  Y -0.30 X2   106.1 /  106.5
  Y -0.30 Y     99.7 /   84.0
  Y -0.15 X1    89.9 /   94.5
  Y -0.15 X2   105.6 /  105.0
  Y -0.15 Y     99.9 /   85.5
  Y +0.00 X1   100.2 /  102.0
  Y +0.00 X2   100.2 /   97.5
  Y +0.00 Y    100.2 /   84.0
  Y +0.15 X1   105.8 /  106.5
  Y +0.15 X2    90.3 /   85.5
  Y +0.15 Y     99.9 /   84.0
  Y +0.30 X1   106.3 /  106.5
  Y +0.30 X2    78.6 /   75.0
  Y +0.30 Y     99.7 /   84.0
-> band lower bound f_c = 106.5 Hz

nominal baseline vs Coulomb + MSD:
  resolved weight below f_c (the references' job): 13.5 % of the total
  band holding 80% of the resolved weight above f_c: 112.5 to 277.5 Hz
  band holding 90% of the resolved weight above f_c: 106.5 to 297.0 Hz
  band holding 95% of the resolved weight above f_c: 106.5 to 322.5 Hz
  plant features: dip 150.0 Hz (Y<-F_Y, mean over Y); notch X1<-F_Y per Y [213.0, 211.5, 210.0, 213.0, 211.5] Hz; inside the 90 % band: True

detuned baseline vs Coulomb + MSD:
  resolved weight below f_c (the references' job): 19.4 % of the total
  band holding 80% of the resolved weight above f_c: 106.5 to 267.0 Hz
  band holding 90% of the resolved weight above f_c: 106.5 to 289.5 Hz
  band holding 95% of the resolved weight above f_c: 106.5 to 313.5 Hz
  plant features: dip 150.0 Hz (Y<-F_Y, mean over Y); notch X1<-F_Y per Y [213.0, 211.5, 210.0, 213.0, 211.5] Hz; inside the 90 % band: True

line density: 1/12 Hz spacing gives >= 4 lines per 3 dB width for any width >= 0.33 Hz (Geerardyn et al. 2013)

wrote outputs/j7_band.json, figures/fig11_differences_avg.png, figures/fig12_band_weight.png

==== Karnopp (stored) vs tanh (D-224) ====
f_c: 106.3 -> 106.5 Hz
nominal  80% band: [111.0, 276.0] -> [112.5, 277.5] Hz
nominal  90% band: [106.5, 297.0] -> [106.5, 297.0] Hz
nominal  95% band: [106.5, 322.5] -> [106.5, 322.5] Hz
nominal  features_inside_90: True -> True
detuned  80% band: [106.5, 267.0] -> [106.5, 267.0] Hz
detuned  90% band: [106.5, 289.5] -> [106.5, 289.5] Hz
detuned  95% band: [106.5, 313.5] -> [106.5, 313.5] Hz
detuned  features_inside_90: True -> True
