[wd] launch  out=outputs/J9REF
[wd] command matlab -nojvm -sd ../../.. -batch "addpath('scripts/gantry/excitation-closed-loop/matlab'); ref_planned"
TR-S_Y-0.30 peak v X/Y 0.000 / 0.000 m/s, a 0.00 / 0.00 m/s^2, j 0 / 0 m/s^3, X_anti 0.0000 m
TR-S_Y-0.15 peak v X/Y 0.000 / 0.000 m/s, a 0.00 / 0.00 m/s^2, j 0 / 0 m/s^3, X_anti 0.0000 m
TR-S_Y+0.00 peak v X/Y 0.000 / 0.000 m/s, a 0.00 / 0.00 m/s^2, j 0 / 0 m/s^3, X_anti 0.0000 m
TR-S_Y+0.15 peak v X/Y 0.000 / 0.000 m/s, a 0.00 / 0.00 m/s^2, j 0 / 0 m/s^3, X_anti 0.0000 m
TR-S_Y+0.30 peak v X/Y 0.000 / 0.000 m/s, a 0.00 / 0.00 m/s^2, j 0 / 0 m/s^3, X_anti 0.0000 m
TR-Y1      peak v X/Y 0.000 / 0.596 m/s, a 0.00 / 3.76 m/s^2, j 0 / 34807 m/s^3, X_anti 0.0000 m
TR-Y2      peak v X/Y 0.000 / 1.088 m/s, a 0.00 / 8.88 m/s^2, j 0 / 59218 m/s^3, X_anti 0.0000 m
TR-Y3      peak v X/Y 0.000 / 1.414 m/s, a 0.00 / 12.20 m/s^2, j 0 / 41945 m/s^3, X_anti 0.0000 m
TR-P1      peak v X/Y 0.500 / 0.500 m/s, a 7.50 / 12.50 m/s^2, j 416 / 694 m/s^3, X_anti 0.0000 m
TR-P2      peak v X/Y 1.000 / 1.000 m/s, a 15.00 / 25.00 m/s^2, j 1000 / 1667 m/s^3, X_anti 0.0000 m
TR-P3      peak v X/Y 1.500 / 1.500 m/s, a 22.50 / 37.50 m/s^2, j 3750 / 6246 m/s^3, X_anti 0.0000 m
TR-P4      peak v X/Y 1.000 / 1.000 m/s, a 15.00 / 25.00 m/s^2, j 1200 / 1999 m/s^3, X_anti 0.0009 m
TR-L1      peak v X/Y 1.495 / 0.914 m/s, a 12.84 / 6.57 m/s^2, j 25196 / 52762 m/s^3, X_anti 0.0000 m
TR-L2      peak v X/Y 0.754 / 1.100 m/s, a 8.69 / 9.56 m/s^2, j 15791 / 39968 m/s^3, X_anti 0.0010 m
TR-T1      peak v X/Y 0.757 / 1.382 m/s, a 22.50 / 37.50 m/s^2, j 1338 / 2035 m/s^3, X_anti 0.0000 m
TR-T2      peak v X/Y 0.586 / 1.070 m/s, a 13.50 / 22.50 m/s^2, j 622 / 951 m/s^3, X_anti 0.0000 m
TR-T3      peak v X/Y 0.757 / 1.382 m/s, a 22.50 / 37.50 m/s^2, j 1338 / 2035 m/s^3, X_anti 0.0000 m
TR-T4      peak v X/Y 0.586 / 1.070 m/s, a 13.50 / 22.50 m/s^2, j 622 / 951 m/s^3, X_anti 0.0000 m
saved outputs/j9_refs.mat (18 records, 48000 samples at 4000 Hz)
WATCHDOG SUMMARY exit=0 killed=False duration_s=9.9 samples=2 peak_tree_ws_mb=832 min_avail_ram_gb=3.41 min_C_free_gb=2.13 kill_reason=""
