[BLA-frf] loaded frf_init_ss.npz, nx=8
[BLA-frf] max|eig| = 1.000000, closest pole to z=1: 0.000e+00
[BLA-frf] |eig| = [1.       1.       0.999889 0.999889 0.99569  0.99569  0.937483 0.937483]
[BLA-frf] applied, zero_nonlinear=True
Model already initilized (init_model_done=True), skipping initilizing of the model, the norm and the creation of the optimizer
Size of the training array =  87.7 MB
N_training_samples = 9184, batch_size = 256, N_batch_updates_per_epoch = 35
Initial Validation sim-RMS= 0.21754673300598
Starting indefinite training until 12600.0 seconds have passed due to provided timeout
########## New lowest validation loss achieved ########### sim-RMS = 0.13715022509188873
It   35, sqrt loss  0.9492, Val sim-RMS 0.1372, Time Loss: 85.3%, data: 0.3%, val: 14.4%,  1.8 batches/sec
It   70, sqrt loss  0.7172, Val sim-RMS 0.1539, Time Loss: 86.3%, data: 0.3%, val: 13.5%,  1.6 batches/sec
########## New lowest validation loss achieved ########### sim-RMS = 0.10724068754478132
It  105, sqrt loss  0.6271, Val sim-RMS 0.1072, Time Loss: 86.2%, data: 0.2%, val: 13.6%,  1.5 batches/sec
It  140, sqrt loss  0.5326, Val sim-RMS 0.1198, Time Loss: 85.7%, data: 0.2%, val: 14.1%,  1.5 batches/sec
It  175, sqrt loss  0.4868, Val sim-RMS 0.1208, Time Loss: 86.0%, data: 0.3%, val: 13.7%,  1.5 batches/sec
It  210, sqrt loss  0.4529, Val sim-RMS 0.1155, Time Loss: 86.1%, data: 0.3%, val: 13.6%,  1.5 batches/sec
It  245, sqrt loss  0.4242, Val sim-RMS 0.1322, Time Loss: 85.6%, data: 0.3%, val: 14.2%,  1.6 batches/sec
It  280, sqrt loss   0.398, Val sim-RMS 0.1368, Time Loss: 85.6%, data: 0.3%, val: 14.1%,  1.6 batches/sec
It  315, sqrt loss  0.3698, Val sim-RMS 0.1574, Time Loss: 85.2%, data: 0.3%, val: 14.6%,  1.6 batches/sec
It  350, sqrt loss   0.341, Val sim-RMS 0.1572, Time Loss: 85.0%, data: 0.3%, val: 14.7%,  1.5 batches/sec
It  385, sqrt loss  0.3233, Val sim-RMS 0.1666, Time Loss: 84.2%, data: 0.3%, val: 15.5%,  1.4 batches/sec
It  420, sqrt loss  0.3022, Val sim-RMS   0.13, Time Loss: 83.8%, data: 0.3%, val: 15.8%,  1.3 batches/sec
It  455, sqrt loss  0.2873, Val sim-RMS  0.156, Time Loss: 84.1%, data: 0.3%, val: 15.5%,  1.3 batches/sec
It  490, sqrt loss  0.2755, Val sim-RMS 0.1627, Time Loss: 84.3%, data: 0.4%, val: 15.4%,  1.3 batches/sec
It  525, sqrt loss  0.2635, Val sim-RMS 0.1495, Time Loss: 84.0%, data: 0.4%, val: 15.6%,  1.2 batches/sec
It  560, sqrt loss  0.2543, Val sim-RMS  0.153, Time Loss: 84.1%, data: 0.4%, val: 15.5%,  1.2 batches/sec
It  595, sqrt loss  0.2353, Val sim-RMS 0.4517, Time Loss: 84.1%, data: 0.4%, val: 15.5%,  1.2 batches/sec
It  630, sqrt loss   0.232, Val sim-RMS 0.1557, Time Loss: 84.0%, data: 0.4%, val: 15.6%,  1.1 batches/sec
It  665, sqrt loss  0.2414, Val sim-RMS 0.4917, Time Loss: 84.1%, data: 0.4%, val: 15.5%,  1.1 batches/sec
It  700, sqrt loss  0.2151, Val sim-RMS   0.68, Time Loss: 84.0%, data: 0.5%, val: 15.5%,  1.1 batches/sec
It  735, sqrt loss  0.2242, Val sim-RMS 0.5071, Time Loss: 83.9%, data: 0.5%, val: 15.5%,  1.0 batches/sec
It  770, sqrt loss  0.2296, Val sim-RMS 0.4305, Time Loss: 83.6%, data: 0.6%, val: 15.8%,  1.0 sec/batch
It  805, sqrt loss  0.2001, Val sim-RMS 0.3907, Time Loss: 83.8%, data: 0.6%, val: 15.6%,  1.0 sec/batch
It  840, sqrt loss  0.1919, Val sim-RMS 0.4952, Time Loss: 83.8%, data: 0.5%, val: 15.7%,  1.0 sec/batch
It  875, sqrt loss  0.1957, Val sim-RMS 0.1823, Time Loss: 83.8%, data: 0.5%, val: 15.7%,  1.0 sec/batch
It  910, sqrt loss  0.1854, Val sim-RMS  0.579, Time Loss: 83.8%, data: 0.5%, val: 15.7%,  1.0 sec/batch
It  945, sqrt loss  0.1845, Val sim-RMS 0.3744, Time Loss: 83.8%, data: 0.5%, val: 15.7%,  1.0 sec/batch
It  980, sqrt loss  0.1774, Val sim-RMS 0.2667, Time Loss: 83.9%, data: 0.5%, val: 15.6%,  1.0 sec/batch
It 1015, sqrt loss  0.1742, Val sim-RMS 0.2562, Time Loss: 83.9%, data: 0.5%, val: 15.6%,  1.0 sec/batch
It 1050, sqrt loss  0.1813, Val sim-RMS 0.2195, Time Loss: 83.9%, data: 0.5%, val: 15.6%,  1.0 sec/batch
It 1085, sqrt loss  0.1684, Val sim-RMS 0.2918, Time Loss: 83.9%, data: 0.5%, val: 15.6%,  1.0 sec/batch
It 1120, sqrt loss  0.1645, Val sim-RMS 0.1277, Time Loss: 83.9%, data: 0.5%, val: 15.6%,  1.0 batches/sec
It 1155, sqrt loss   0.153, Val sim-RMS 0.1822, Time Loss: 83.9%, data: 0.5%, val: 15.6%,  1.0 batches/sec
It 1190, sqrt loss  0.1684, Val sim-RMS 0.1544, Time Loss: 83.9%, data: 0.5%, val: 15.6%,  1.0 batches/sec
It 1225, sqrt loss  0.1635, Val sim-RMS 0.3459, Time Loss: 83.9%, data: 0.5%, val: 15.6%,  1.0 batches/sec
It 1260, sqrt loss  0.1568, Val sim-RMS 0.2034, Time Loss: 83.9%, data: 0.5%, val: 15.6%,  1.0 batches/sec
It 1295, sqrt loss  0.1573, Val sim-RMS 0.2447, Time Loss: 84.0%, data: 0.4%, val: 15.6%,  1.0 batches/sec
It 1330, sqrt loss  0.1601, Val sim-RMS  0.535, Time Loss: 83.9%, data: 0.4%, val: 15.6%,  1.0 batches/sec
It 1365, sqrt loss  0.1537, Val sim-RMS 0.1338, Time Loss: 83.9%, data: 0.4%, val: 15.6%,  1.0 batches/sec
It 1400, sqrt loss  0.1707, Val sim-RMS 0.1961, Time Loss: 83.9%, data: 0.4%, val: 15.6%,  1.0 batches/sec
It 1435, sqrt loss  0.1592, Val sim-RMS 0.1144, Time Loss: 84.0%, data: 0.4%, val: 15.6%,  1.0 batches/sec
It 1470, sqrt loss  0.1415, Val sim-RMS  0.285, Time Loss: 84.0%, data: 0.4%, val: 15.5%,  1.0 batches/sec
########## New lowest validation loss achieved ########### sim-RMS = 0.07357904333026273
It 1505, sqrt loss  0.1514, Val sim-RMS 0.07358, Time Loss: 84.1%, data: 0.4%, val: 15.5%,  1.1 batches/sec
It 1540, sqrt loss  0.1499, Val sim-RMS 0.09595, Time Loss: 84.1%, data: 0.4%, val: 15.5%,  1.1 batches/sec
It 1575, sqrt loss  0.1574, Val sim-RMS 0.1057, Time Loss: 84.1%, data: 0.4%, val: 15.5%,  1.1 batches/sec
It 1610, sqrt loss  0.1409, Val sim-RMS 0.2317, Time Loss: 84.1%, data: 0.4%, val: 15.5%,  1.1 batches/sec
It 1645, sqrt loss  0.1281, Val sim-RMS 0.1495, Time Loss: 84.1%, data: 0.4%, val: 15.5%,  1.1 batches/sec
It 1680, sqrt loss  0.1242, Val sim-RMS 0.1708, Time Loss: 84.1%, data: 0.4%, val: 15.5%,  1.1 batches/sec
It 1715, sqrt loss  0.1546, Val sim-RMS 0.1063, Time Loss: 84.1%, data: 0.4%, val: 15.5%,  1.1 batches/sec
It 1750, sqrt loss  0.1283, Val sim-RMS 0.1396, Time Loss: 84.2%, data: 0.4%, val: 15.4%,  1.1 batches/sec
It 1785, sqrt loss  0.1267, Val sim-RMS 0.1817, Time Loss: 84.2%, data: 0.4%, val: 15.4%,  1.1 batches/sec
It 1820, sqrt loss  0.1347, Val sim-RMS 0.1121, Time Loss: 84.2%, data: 0.4%, val: 15.4%,  1.1 batches/sec
It 1855, sqrt loss   0.143, Val sim-RMS 0.07592, Time Loss: 84.2%, data: 0.4%, val: 15.4%,  1.1 batches/sec
It 1890, sqrt loss  0.1259, Val sim-RMS 0.1212, Time Loss: 84.2%, data: 0.4%, val: 15.4%,  1.1 batches/sec
It 1925, sqrt loss  0.1138, Val sim-RMS 0.09643, Time Loss: 84.3%, data: 0.4%, val: 15.3%,  1.1 batches/sec
It 1960, sqrt loss  0.1194, Val sim-RMS 0.1413, Time Loss: 84.3%, data: 0.4%, val: 15.3%,  1.1 batches/sec
It 1995, sqrt loss   0.117, Val sim-RMS 0.07887, Time Loss: 84.3%, data: 0.4%, val: 15.3%,  1.1 batches/sec
It 2030, sqrt loss  0.1239, Val sim-RMS 0.1565, Time Loss: 84.3%, data: 0.4%, val: 15.3%,  1.1 batches/sec
It 2065, sqrt loss  0.1255, Val sim-RMS 0.1879, Time Loss: 84.3%, data: 0.4%, val: 15.3%,  1.1 batches/sec
It 2100, sqrt loss  0.1366, Val sim-RMS 0.2789, Time Loss: 84.3%, data: 0.4%, val: 15.3%,  1.2 batches/sec
It 2135, sqrt loss  0.1396, Val sim-RMS 0.2006, Time Loss: 84.4%, data: 0.4%, val: 15.3%,  1.2 batches/sec
It 2170, sqrt loss   0.116, Val sim-RMS  0.155, Time Loss: 84.4%, data: 0.4%, val: 15.2%,  1.2 batches/sec
It 2205, sqrt loss  0.1105, Val sim-RMS 0.1568, Time Loss: 84.4%, data: 0.4%, val: 15.2%,  1.2 batches/sec
It 2240, sqrt loss  0.1089, Val sim-RMS 0.1219, Time Loss: 84.4%, data: 0.4%, val: 15.2%,  1.2 batches/sec
########## New lowest validation loss achieved ########### sim-RMS = 0.05231217373297189
It 2275, sqrt loss  0.1145, Val sim-RMS 0.05231, Time Loss: 84.4%, data: 0.4%, val: 15.2%,  1.2 batches/sec
It 2310, sqrt loss  0.1043, Val sim-RMS 0.3401, Time Loss: 84.4%, data: 0.4%, val: 15.2%,  1.2 batches/sec
It 2345, sqrt loss  0.1103, Val sim-RMS 0.09898, Time Loss: 84.4%, data: 0.4%, val: 15.2%,  1.2 batches/sec
It 2380, sqrt loss  0.1014, Val sim-RMS 0.06266, Time Loss: 84.5%, data: 0.4%, val: 15.2%,  1.2 batches/sec
It 2415, sqrt loss  0.1183, Val sim-RMS 0.08231, Time Loss: 84.5%, data: 0.4%, val: 15.1%,  1.2 batches/sec
It 2450, sqrt loss  0.1028, Val sim-RMS 0.2164, Time Loss: 84.5%, data: 0.4%, val: 15.1%,  1.2 batches/sec
It 2485, sqrt loss  0.1154, Val sim-RMS 0.1085, Time Loss: 84.5%, data: 0.4%, val: 15.1%,  1.2 batches/sec
It 2520, sqrt loss  0.1101, Val sim-RMS 0.06612, Time Loss: 84.5%, data: 0.4%, val: 15.1%,  1.2 batches/sec
It 2555, sqrt loss  0.1104, Val sim-RMS 0.1427, Time Loss: 84.5%, data: 0.4%, val: 15.1%,  1.2 batches/sec
It 2590, sqrt loss  0.1038, Val sim-RMS 0.06794, Time Loss: 84.6%, data: 0.4%, val: 15.1%,  1.2 batches/sec
It 2625, sqrt loss  0.1009, Val sim-RMS 0.05366, Time Loss: 84.6%, data: 0.4%, val: 15.1%,  1.2 batches/sec
It 2660, sqrt loss  0.1135, Val sim-RMS 0.1221, Time Loss: 84.6%, data: 0.4%, val: 15.1%,  1.2 batches/sec
It 2695, sqrt loss  0.1139, Val sim-RMS 0.1234, Time Loss: 84.6%, data: 0.4%, val: 15.0%,  1.2 batches/sec
It 2730, sqrt loss 0.09886, Val sim-RMS 0.07381, Time Loss: 84.6%, data: 0.4%, val: 15.0%,  1.2 batches/sec
It 2765, sqrt loss 0.09131, Val sim-RMS 0.0734, Time Loss: 84.5%, data: 0.4%, val: 15.1%,  1.2 batches/sec
It 2800, sqrt loss 0.09897, Val sim-RMS 0.07351, Time Loss: 84.6%, data: 0.4%, val: 15.1%,  1.3 batches/sec
It 2835, sqrt loss 0.09156, Val sim-RMS 0.07466, Time Loss: 84.6%, data: 0.4%, val: 15.1%,  1.3 batches/sec
It 2870, sqrt loss 0.09137, Val sim-RMS 0.05891, Time Loss: 84.6%, data: 0.4%, val: 15.0%,  1.3 batches/sec
It 2905, sqrt loss 0.09595, Val sim-RMS 0.06617, Time Loss: 84.6%, data: 0.4%, val: 15.0%,  1.3 batches/sec
It 2940, sqrt loss 0.09417, Val sim-RMS 0.1652, Time Loss: 84.7%, data: 0.4%, val: 15.0%,  1.3 batches/sec
It 2975, sqrt loss 0.08107, Val sim-RMS 0.1297, Time Loss: 84.7%, data: 0.4%, val: 15.0%,  1.3 batches/sec
It 3010, sqrt loss 0.09056, Val sim-RMS 0.1457, Time Loss: 84.7%, data: 0.4%, val: 14.9%,  1.3 batches/sec
It 3045, sqrt loss  0.0924, Val sim-RMS 0.07868, Time Loss: 84.7%, data: 0.3%, val: 14.9%,  1.3 batches/sec
It 3080, sqrt loss  0.1053, Val sim-RMS 0.07798, Time Loss: 84.7%, data: 0.3%, val: 14.9%,  1.3 batches/sec
It 3115, sqrt loss 0.09047, Val sim-RMS 0.05888, Time Loss: 84.7%, data: 0.3%, val: 14.9%,  1.3 batches/sec
It 3150, sqrt loss  0.1068, Val sim-RMS 0.1353, Time Loss: 84.8%, data: 0.3%, val: 14.9%,  1.3 batches/sec
It 3185, sqrt loss  0.0941, Val sim-RMS 0.06995, Time Loss: 84.8%, data: 0.3%, val: 14.9%,  1.3 batches/sec
It 3220, sqrt loss 0.08193, Val sim-RMS 0.1506, Time Loss: 84.8%, data: 0.3%, val: 14.9%,  1.3 batches/sec
It 3255, sqrt loss 0.08239, Val sim-RMS 0.08501, Time Loss: 84.8%, data: 0.3%, val: 14.9%,  1.3 batches/sec
It 3290, sqrt loss 0.08149, Val sim-RMS 0.09211, Time Loss: 84.8%, data: 0.3%, val: 14.8%,  1.3 batches/sec
It 3325, sqrt loss 0.08761, Val sim-RMS 0.06607, Time Loss: 84.8%, data: 0.3%, val: 14.8%,  1.3 batches/sec
It 3360, sqrt loss 0.09395, Val sim-RMS 0.05499, Time Loss: 84.8%, data: 0.3%, val: 14.8%,  1.3 batches/sec
It 3395, sqrt loss 0.09122, Val sim-RMS  0.148, Time Loss: 84.8%, data: 0.3%, val: 14.8%,  1.3 batches/sec
It 3430, sqrt loss 0.08075, Val sim-RMS 0.1111, Time Loss: 84.8%, data: 0.3%, val: 14.8%,  1.3 batches/sec
It 3465, sqrt loss  0.1055, Val sim-RMS 0.06625, Time Loss: 84.8%, data: 0.3%, val: 14.8%,  1.3 batches/sec
It 3500, sqrt loss 0.07877, Val sim-RMS 0.2474, Time Loss: 84.9%, data: 0.3%, val: 14.8%,  1.3 batches/sec
It 3535, sqrt loss  0.0749, Val sim-RMS 0.06392, Time Loss: 84.9%, data: 0.3%, val: 14.8%,  1.3 batches/sec
It 3570, sqrt loss 0.07947, Val sim-RMS 0.0669, Time Loss: 84.9%, data: 0.3%, val: 14.8%,  1.3 batches/sec
########## New lowest validation loss achieved ########### sim-RMS = 0.0427348116705813
It 3605, sqrt loss  0.1093, Val sim-RMS 0.04273, Time Loss: 84.9%, data: 0.3%, val: 14.8%,  1.3 batches/sec
It 3640, sqrt loss 0.08858, Val sim-RMS 0.1198, Time Loss: 84.9%, data: 0.3%, val: 14.8%,  1.3 batches/sec
It 3675, sqrt loss  0.0704, Val sim-RMS 0.0682, Time Loss: 84.9%, data: 0.3%, val: 14.8%,  1.3 batches/sec
It 3710, sqrt loss 0.06798, Val sim-RMS 0.05568, Time Loss: 84.9%, data: 0.3%, val: 14.8%,  1.3 batches/sec
It 3745, sqrt loss 0.07927, Val sim-RMS 0.1151, Time Loss: 84.9%, data: 0.3%, val: 14.8%,  1.3 batches/sec
It 3780, sqrt loss 0.09114, Val sim-RMS 0.2343, Time Loss: 84.9%, data: 0.3%, val: 14.8%,  1.3 batches/sec
It 3815, sqrt loss 0.09957, Val sim-RMS 0.06769, Time Loss: 84.9%, data: 0.3%, val: 14.8%,  1.3 batches/sec
It 3850, sqrt loss  0.1059, Val sim-RMS 0.05991, Time Loss: 84.9%, data: 0.3%, val: 14.8%,  1.3 batches/sec
It 3885, sqrt loss 0.08033, Val sim-RMS 0.0726, Time Loss: 84.9%, data: 0.3%, val: 14.8%,  1.3 batches/sec
It 3920, sqrt loss 0.07868, Val sim-RMS 0.1008, Time Loss: 84.9%, data: 0.3%, val: 14.8%,  1.3 batches/sec
It 3955, sqrt loss 0.07285, Val sim-RMS 0.06081, Time Loss: 84.9%, data: 0.3%, val: 14.8%,  1.3 batches/sec
It 3990, sqrt loss 0.06768, Val sim-RMS 0.04769, Time Loss: 84.9%, data: 0.3%, val: 14.8%,  1.3 batches/sec
It 4025, sqrt loss 0.07677, Val sim-RMS 0.09771, Time Loss: 84.9%, data: 0.3%, val: 14.8%,  1.3 batches/sec
It 4060, sqrt loss 0.08117, Val sim-RMS 0.05363, Time Loss: 84.9%, data: 0.3%, val: 14.7%,  1.3 batches/sec
It 4095, sqrt loss 0.07157, Val sim-RMS 0.1554, Time Loss: 84.9%, data: 0.3%, val: 14.8%,  1.3 batches/sec
It 4130, sqrt loss 0.07524, Val sim-RMS 0.05224, Time Loss: 84.9%, data: 0.3%, val: 14.8%,  1.3 batches/sec
It 4165, sqrt loss 0.07149, Val sim-RMS 0.04796, Time Loss: 84.9%, data: 0.3%, val: 14.8%,  1.3 batches/sec
It 4200, sqrt loss 0.07201, Val sim-RMS 0.1118, Time Loss: 84.9%, data: 0.3%, val: 14.8%,  1.3 batches/sec
It 4235, sqrt loss 0.06633, Val sim-RMS 0.08997, Time Loss: 84.9%, data: 0.3%, val: 14.8%,  1.3 batches/sec
It 4270, sqrt loss 0.06848, Val sim-RMS 0.1307, Time Loss: 84.9%, data: 0.3%, val: 14.8%,  1.3 batches/sec
It 4305, sqrt loss   0.104, Val sim-RMS 0.08545, Time Loss: 84.9%, data: 0.3%, val: 14.8%,  1.3 batches/sec
It 4340, sqrt loss 0.08818, Val sim-RMS 0.07994, Time Loss: 84.9%, data: 0.3%, val: 14.7%,  1.3 batches/sec
It 4375, sqrt loss  0.0944, Val sim-RMS 0.1174, Time Loss: 84.9%, data: 0.3%, val: 14.7%,  1.3 batches/sec
It 4410, sqrt loss 0.07543, Val sim-RMS 0.1182, Time Loss: 84.9%, data: 0.3%, val: 14.7%,  1.3 batches/sec
It 4445, sqrt loss 0.06727, Val sim-RMS 0.09171, Time Loss: 84.9%, data: 0.3%, val: 14.7%,  1.3 batches/sec
########## New lowest validation loss achieved ########### sim-RMS = 0.03567319248322653
It 4480, sqrt loss 0.06857, Val sim-RMS 0.03567, Time Loss: 84.9%, data: 0.3%, val: 14.7%,  1.3 batches/sec
It 4515, sqrt loss 0.07717, Val sim-RMS 0.09345, Time Loss: 84.9%, data: 0.3%, val: 14.7%,  1.3 batches/sec
It 4550, sqrt loss 0.08926, Val sim-RMS 0.04847, Time Loss: 85.0%, data: 0.3%, val: 14.7%,  1.3 batches/sec
It 4585, sqrt loss 0.06531, Val sim-RMS 0.07634, Time Loss: 85.0%, data: 0.3%, val: 14.7%,  1.3 batches/sec
It 4620, sqrt loss 0.06623, Val sim-RMS  0.114, Time Loss: 85.0%, data: 0.3%, val: 14.7%,  1.3 batches/sec
It 4655, sqrt loss 0.07722, Val sim-RMS 0.05275, Time Loss: 85.0%, data: 0.3%, val: 14.7%,  1.4 batches/sec
It 4690, sqrt loss 0.07769, Val sim-RMS 0.03735, Time Loss: 85.0%, data: 0.3%, val: 14.7%,  1.4 batches/sec
It 4725, sqrt loss 0.07408, Val sim-RMS 0.05033, Time Loss: 85.0%, data: 0.3%, val: 14.7%,  1.4 batches/sec
It 4760, sqrt loss 0.08746, Val sim-RMS 0.06387, Time Loss: 84.9%, data: 0.3%, val: 14.7%,  1.4 batches/sec
It 4795, sqrt loss 0.06869, Val sim-RMS 0.06339, Time Loss: 85.0%, data: 0.3%, val: 14.7%,  1.4 batches/sec
It 4830, sqrt loss 0.07889, Val sim-RMS  0.135, Time Loss: 85.0%, data: 0.3%, val: 14.7%,  1.4 batches/sec
It 4865, sqrt loss 0.08194, Val sim-RMS 0.06875, Time Loss: 85.0%, data: 0.3%, val: 14.7%,  1.4 batches/sec
It 4900, sqrt loss 0.08454, Val sim-RMS 0.1497, Time Loss: 85.0%, data: 0.3%, val: 14.7%,  1.4 batches/sec
It 4935, sqrt loss 0.06971, Val sim-RMS 0.1282, Time Loss: 85.0%, data: 0.3%, val: 14.7%,  1.4 batches/sec
It 4970, sqrt loss 0.05763, Val sim-RMS 0.04282, Time Loss: 85.0%, data: 0.3%, val: 14.7%,  1.4 batches/sec
It 5005, sqrt loss   0.058, Val sim-RMS 0.0589, Time Loss: 85.0%, data: 0.3%, val: 14.7%,  1.4 batches/sec
It 5040, sqrt loss 0.05484, Val sim-RMS 0.0915, Time Loss: 85.0%, data: 0.3%, val: 14.7%,  1.4 batches/sec
It 5075, sqrt loss  0.0755, Val sim-RMS 0.1373, Time Loss: 85.0%, data: 0.3%, val: 14.7%,  1.4 batches/sec
It 5110, sqrt loss 0.07523, Val sim-RMS 0.04574, Time Loss: 85.0%, data: 0.3%, val: 14.7%,  1.4 batches/sec
It 5145, sqrt loss  0.0645, Val sim-RMS 0.1061, Time Loss: 85.0%, data: 0.3%, val: 14.7%,  1.4 batches/sec
It 5180, sqrt loss 0.06651, Val sim-RMS 0.0881, Time Loss: 85.0%, data: 0.3%, val: 14.7%,  1.4 batches/sec
It 5215, sqrt loss 0.07656, Val sim-RMS 0.08386, Time Loss: 85.0%, data: 0.3%, val: 14.7%,  1.4 batches/sec
It 5250, sqrt loss 0.06949, Val sim-RMS 0.06491, Time Loss: 85.0%, data: 0.3%, val: 14.7%,  1.4 batches/sec
It 5285, sqrt loss 0.07072, Val sim-RMS 0.07198, Time Loss: 85.0%, data: 0.3%, val: 14.7%,  1.4 batches/sec
It 5320, sqrt loss 0.07071, Val sim-RMS 0.05225, Time Loss: 85.0%, data: 0.3%, val: 14.6%,  1.4 batches/sec
########## New lowest validation loss achieved ########### sim-RMS = 0.03557959164061399
It 5355, sqrt loss  0.0607, Val sim-RMS 0.03558, Time Loss: 85.0%, data: 0.3%, val: 14.6%,  1.4 batches/sec
It 5390, sqrt loss 0.06229, Val sim-RMS 0.04253, Time Loss: 85.1%, data: 0.3%, val: 14.6%,  1.4 batches/sec
It 5425, sqrt loss 0.06714, Val sim-RMS 0.06662, Time Loss: 85.1%, data: 0.3%, val: 14.6%,  1.4 batches/sec
It 5460, sqrt loss 0.06079, Val sim-RMS 0.1726, Time Loss: 85.1%, data: 0.3%, val: 14.6%,  1.4 batches/sec
It 5495, sqrt loss 0.07751, Val sim-RMS 0.08604, Time Loss: 85.1%, data: 0.3%, val: 14.6%,  1.4 batches/sec
It 5530, sqrt loss  0.1036, Val sim-RMS 0.04224, Time Loss: 85.1%, data: 0.3%, val: 14.6%,  1.4 batches/sec
It 5565, sqrt loss 0.07329, Val sim-RMS 0.2484, Time Loss: 85.1%, data: 0.3%, val: 14.6%,  1.4 batches/sec
It 5600, sqrt loss 0.06337, Val sim-RMS 0.03986, Time Loss: 85.1%, data: 0.3%, val: 14.6%,  1.4 batches/sec
It 5635, sqrt loss 0.06906, Val sim-RMS 0.05124, Time Loss: 85.1%, data: 0.3%, val: 14.6%,  1.4 batches/sec
It 5670, sqrt loss 0.05451, Val sim-RMS 0.07773, Time Loss: 85.1%, data: 0.3%, val: 14.6%,  1.4 batches/sec
It 5705, sqrt loss 0.05469, Val sim-RMS 0.1864, Time Loss: 85.1%, data: 0.3%, val: 14.6%,  1.4 batches/sec
It 5740, sqrt loss 0.06376, Val sim-RMS 0.0868, Time Loss: 85.1%, data: 0.3%, val: 14.6%,  1.4 batches/sec
########## New lowest validation loss achieved ########### sim-RMS = 0.03300693120613163
It 5775, sqrt loss   0.059, Val sim-RMS 0.03301, Time Loss: 85.1%, data: 0.3%, val: 14.6%,  1.4 batches/sec
It 5810, sqrt loss 0.05751, Val sim-RMS 0.05421, Time Loss: 85.1%, data: 0.3%, val: 14.6%,  1.4 batches/sec
It 5845, sqrt loss 0.06371, Val sim-RMS 0.07589, Time Loss: 85.1%, data: 0.3%, val: 14.6%,  1.4 batches/sec
It 5880, sqrt loss 0.06573, Val sim-RMS 0.0417, Time Loss: 85.1%, data: 0.3%, val: 14.6%,  1.4 batches/sec
It 5915, sqrt loss 0.07399, Val sim-RMS 0.2917, Time Loss: 85.1%, data: 0.3%, val: 14.6%,  1.4 batches/sec
It 5950, sqrt loss 0.05478, Val sim-RMS 0.03529, Time Loss: 85.1%, data: 0.3%, val: 14.6%,  1.4 batches/sec
It 5985, sqrt loss 0.06356, Val sim-RMS 0.05466, Time Loss: 85.1%, data: 0.3%, val: 14.6%,  1.4 batches/sec
It 6020, sqrt loss 0.05997, Val sim-RMS 0.2372, Time Loss: 85.1%, data: 0.3%, val: 14.6%,  1.4 batches/sec
It 6055, sqrt loss 0.05622, Val sim-RMS 0.05621, Time Loss: 85.1%, data: 0.3%, val: 14.6%,  1.4 batches/sec
It 6090, sqrt loss 0.06044, Val sim-RMS 0.04887, Time Loss: 85.1%, data: 0.3%, val: 14.6%,  1.4 batches/sec
It 6125, sqrt loss   0.051, Val sim-RMS 0.04236, Time Loss: 85.1%, data: 0.3%, val: 14.6%,  1.4 batches/sec
It 6160, sqrt loss  0.0534, Val sim-RMS 0.03745, Time Loss: 85.1%, data: 0.3%, val: 14.6%,  1.4 batches/sec
It 6195, sqrt loss  0.0727, Val sim-RMS 0.07755, Time Loss: 85.1%, data: 0.3%, val: 14.6%,  1.4 batches/sec
It 6230, sqrt loss 0.09115, Val sim-RMS 0.1221, Time Loss: 85.1%, data: 0.3%, val: 14.6%,  1.4 batches/sec
It 6265, sqrt loss 0.09806, Val sim-RMS 0.04044, Time Loss: 85.1%, data: 0.3%, val: 14.5%,  1.4 batches/sec
It 6300, sqrt loss  0.1206, Val sim-RMS 0.07502, Time Loss: 85.2%, data: 0.3%, val: 14.5%,  1.4 batches/sec
It 6335, sqrt loss  0.1154, Val sim-RMS 0.04434, Time Loss: 85.2%, data: 0.3%, val: 14.5%,  1.4 batches/sec
It 6370, sqrt loss 0.06001, Val sim-RMS  0.245, Time Loss: 85.2%, data: 0.3%, val: 14.5%,  1.4 batches/sec
########## New lowest validation loss achieved ########### sim-RMS = 0.03030599610230652
It 6405, sqrt loss 0.04996, Val sim-RMS 0.03031, Time Loss: 85.2%, data: 0.3%, val: 14.5%,  1.4 batches/sec
It 6440, sqrt loss 0.04604, Val sim-RMS 0.1245, Time Loss: 85.2%, data: 0.3%, val: 14.5%,  1.4 batches/sec
It 6475, sqrt loss 0.04556, Val sim-RMS 0.07779, Time Loss: 85.2%, data: 0.3%, val: 14.5%,  1.4 batches/sec
It 6510, sqrt loss 0.04599, Val sim-RMS 0.07803, Time Loss: 85.2%, data: 0.3%, val: 14.5%,  1.4 batches/sec
It 6545, sqrt loss 0.04652, Val sim-RMS 0.08675, Time Loss: 85.2%, data: 0.3%, val: 14.5%,  1.4 batches/sec
It 6580, sqrt loss 0.04998, Val sim-RMS 0.04046, Time Loss: 85.2%, data: 0.3%, val: 14.5%,  1.4 batches/sec
It 6615, sqrt loss 0.07107, Val sim-RMS 0.06563, Time Loss: 85.2%, data: 0.3%, val: 14.5%,  1.4 batches/sec
It 6650, sqrt loss 0.08037, Val sim-RMS 0.04207, Time Loss: 85.2%, data: 0.3%, val: 14.5%,  1.4 batches/sec
It 6685, sqrt loss 0.06737, Val sim-RMS 0.2262, Time Loss: 85.2%, data: 0.3%, val: 14.5%,  1.4 batches/sec
It 6720, sqrt loss 0.04728, Val sim-RMS 0.04901, Time Loss: 85.2%, data: 0.3%, val: 14.5%,  1.4 batches/sec
It 6755, sqrt loss  0.0468, Val sim-RMS 0.0618, Time Loss: 85.2%, data: 0.3%, val: 14.5%,  1.4 batches/sec
It 6790, sqrt loss 0.04735, Val sim-RMS  0.174, Time Loss: 85.2%, data: 0.3%, val: 14.5%,  1.4 batches/sec
It 6825, sqrt loss 0.05345, Val sim-RMS 0.1988, Time Loss: 85.2%, data: 0.3%, val: 14.5%,  1.4 batches/sec
It 6860, sqrt loss 0.06074, Val sim-RMS 0.1014, Time Loss: 85.2%, data: 0.3%, val: 14.5%,  1.4 batches/sec
It 6895, sqrt loss 0.05395, Val sim-RMS 0.09275, Time Loss: 85.2%, data: 0.3%, val: 14.5%,  1.4 batches/sec
It 6930, sqrt loss 0.05073, Val sim-RMS 0.1205, Time Loss: 85.2%, data: 0.3%, val: 14.5%,  1.4 batches/sec
It 6965, sqrt loss 0.05097, Val sim-RMS  21.38, Time Loss: 85.2%, data: 0.3%, val: 14.5%,  1.4 batches/sec
It 7000, sqrt loss 0.05769, Val sim-RMS 0.08423, Time Loss: 85.2%, data: 0.3%, val: 14.5%,  1.4 batches/sec
It 7035, sqrt loss  0.1334, Val sim-RMS 0.08291, Time Loss: 85.2%, data: 0.3%, val: 14.5%,  1.4 batches/sec
It 7070, sqrt loss  0.0787, Val sim-RMS 0.03279, Time Loss: 85.2%, data: 0.3%, val: 14.5%,  1.4 batches/sec
It 7105, sqrt loss 0.05091, Val sim-RMS 0.03467, Time Loss: 85.2%, data: 0.3%, val: 14.5%,  1.4 batches/sec
########## New lowest validation loss achieved ########### sim-RMS = 0.029533142700169164
It 7140, sqrt loss 0.05719, Val sim-RMS 0.02953, Time Loss: 85.2%, data: 0.3%, val: 14.5%,  1.4 batches/sec
It 7175, sqrt loss  0.0491, Val sim-RMS 0.08406, Time Loss: 85.2%, data: 0.3%, val: 14.5%,  1.5 batches/sec
It 7210, sqrt loss  0.0484, Val sim-RMS 0.1147, Time Loss: 85.2%, data: 0.3%, val: 14.5%,  1.5 batches/sec
It 7245, sqrt loss 0.04312, Val sim-RMS 0.03917, Time Loss: 85.2%, data: 0.3%, val: 14.5%,  1.5 batches/sec
It 7280, sqrt loss 0.04333, Val sim-RMS 0.7761, Time Loss: 85.2%, data: 0.3%, val: 14.6%,  1.5 batches/sec
It 7315, sqrt loss 0.04884, Val sim-RMS 0.03008, Time Loss: 85.1%, data: 0.3%, val: 14.6%,  1.5 batches/sec
It 7350, sqrt loss 0.04469, Val sim-RMS 0.07841, Time Loss: 85.1%, data: 0.3%, val: 14.6%,  1.5 batches/sec
It 7385, sqrt loss 0.05211, Val sim-RMS 0.1377, Time Loss: 85.1%, data: 0.3%, val: 14.6%,  1.5 batches/sec
It 7420, sqrt loss 0.05061, Val sim-RMS 0.04032, Time Loss: 85.1%, data: 0.3%, val: 14.6%,  1.5 batches/sec
It 7455, sqrt loss 0.06036, Val sim-RMS 0.3286, Time Loss: 85.1%, data: 0.3%, val: 14.6%,  1.5 batches/sec
It 7490, sqrt loss  0.0466, Val sim-RMS 0.1176, Time Loss: 85.1%, data: 0.3%, val: 14.6%,  1.5 batches/sec
It 7525, sqrt loss 0.04065, Val sim-RMS 0.0359, Time Loss: 85.1%, data: 0.3%, val: 14.6%,  1.5 batches/sec
It 7560, sqrt loss 0.05192, Val sim-RMS 0.1064, Time Loss: 85.1%, data: 0.3%, val: 14.6%,  1.5 batches/sec
It 7595, sqrt loss 0.05301, Val sim-RMS 0.09734, Time Loss: 85.1%, data: 0.3%, val: 14.6%,  1.5 batches/sec
It 7630, sqrt loss 0.05247, Val sim-RMS 0.03178, Time Loss: 85.1%, data: 0.3%, val: 14.6%,  1.5 batches/sec
It 7665, sqrt loss 0.04449, Val sim-RMS 0.05501, Time Loss: 85.1%, data: 0.3%, val: 14.6%,  1.5 batches/sec
It 7700, sqrt loss 0.05903, Val sim-RMS  0.201, Time Loss: 85.1%, data: 0.3%, val: 14.6%,  1.5 batches/sec
It 7735, sqrt loss 0.07328, Val sim-RMS 0.03153, Time Loss: 85.1%, data: 0.3%, val: 14.6%,  1.5 batches/sec
It 7770, sqrt loss  0.1686, Val sim-RMS  17.13, Time Loss: 85.1%, data: 0.3%, val: 14.6%,  1.5 batches/sec
It 7805, sqrt loss  0.1113, Val sim-RMS 0.04899, Time Loss: 85.1%, data: 0.3%, val: 14.6%,  1.5 batches/sec
It 7840, sqrt loss 0.05972, Val sim-RMS 0.0821, Time Loss: 85.1%, data: 0.3%, val: 14.6%,  1.5 batches/sec
It 7875, sqrt loss  0.0446, Val sim-RMS 0.04726, Time Loss: 85.1%, data: 0.3%, val: 14.6%,  1.5 batches/sec
It 7910, sqrt loss 0.04034, Val sim-RMS 0.5794, Time Loss: 85.1%, data: 0.3%, val: 14.6%,  1.5 batches/sec
It 7945, sqrt loss 0.04337, Val sim-RMS 0.0451, Time Loss: 85.1%, data: 0.3%, val: 14.6%,  1.5 batches/sec
It 7980, sqrt loss 0.04848, Val sim-RMS   0.44, Time Loss: 85.1%, data: 0.3%, val: 14.6%,  1.5 batches/sec
It 8015, sqrt loss 0.05832, Val sim-RMS 0.04581, Time Loss: 85.1%, data: 0.3%, val: 14.6%,  1.5 batches/sec
It 8050, sqrt loss 0.05561, Val sim-RMS 0.1618, Time Loss: 85.1%, data: 0.3%, val: 14.6%,  1.5 batches/sec
It 8085, sqrt loss 0.03926, Val sim-RMS 0.03213, Time Loss: 85.1%, data: 0.3%, val: 14.6%,  1.5 batches/sec
It 8120, sqrt loss 0.04317, Val sim-RMS  4.048, Time Loss: 85.1%, data: 0.3%, val: 14.6%,  1.5 batches/sec
It 8155, sqrt loss 0.04101, Val sim-RMS 0.03036, Time Loss: 85.1%, data: 0.3%, val: 14.6%,  1.5 batches/sec
It 8190, sqrt loss 0.04036, Val sim-RMS 0.6816, Time Loss: 85.1%, data: 0.3%, val: 14.6%,  1.5 batches/sec
It 8225, sqrt loss 0.04256, Val sim-RMS 0.04939, Time Loss: 85.1%, data: 0.3%, val: 14.6%,  1.5 batches/sec
It 8260, sqrt loss 0.05156, Val sim-RMS 0.03051, Time Loss: 85.1%, data: 0.3%, val: 14.6%,  1.5 batches/sec
It 8295, sqrt loss 0.04324, Val sim-RMS 0.09032, Time Loss: 85.1%, data: 0.3%, val: 14.6%,  1.5 batches/sec
It 8330, sqrt loss  0.1038, Val sim-RMS 0.09263, Time Loss: 85.1%, data: 0.3%, val: 14.6%,  1.5 batches/sec
It 8365, sqrt loss 0.08464, Val sim-RMS  1.103, Time Loss: 85.1%, data: 0.3%, val: 14.6%,  1.5 batches/sec
It 8400, sqrt loss 0.04324, Val sim-RMS 0.08092, Time Loss: 85.1%, data: 0.3%, val: 14.6%,  1.5 batches/sec
It 8435, sqrt loss 0.03848, Val sim-RMS 0.3078, Time Loss: 85.1%, data: 0.3%, val: 14.6%,  1.5 batches/sec
It 8470, sqrt loss 0.03906, Val sim-RMS 0.09454, Time Loss: 85.1%, data: 0.3%, val: 14.6%,  1.5 batches/sec
It 8505, sqrt loss  0.0467, Val sim-RMS 0.1013, Time Loss: 85.1%, data: 0.3%, val: 14.6%,  1.5 batches/sec
########## New lowest validation loss achieved ########### sim-RMS = 0.026394082533454086
It 8540, sqrt loss 0.05323, Val sim-RMS 0.02639, Time Loss: 85.1%, data: 0.3%, val: 14.6%,  1.5 batches/sec
It 8575, sqrt loss 0.03849, Val sim-RMS 0.06514, Time Loss: 85.1%, data: 0.3%, val: 14.6%,  1.5 batches/sec
It 8610, sqrt loss 0.03789, Val sim-RMS  1.032, Time Loss: 85.1%, data: 0.3%, val: 14.6%,  1.5 batches/sec
It 8645, sqrt loss 0.04684, Val sim-RMS   1.59, Time Loss: 85.1%, data: 0.3%, val: 14.6%,  1.5 batches/sec
It 8680, sqrt loss 0.04486, Val sim-RMS  2.958, Time Loss: 85.1%, data: 0.3%, val: 14.6%,  1.5 batches/sec
It 8715, sqrt loss 0.03929, Val sim-RMS  0.103, Time Loss: 85.1%, data: 0.3%, val: 14.6%,  1.5 batches/sec
It 8750, sqrt loss 0.03692, Val sim-RMS 0.08642, Time Loss: 85.1%, data: 0.3%, val: 14.6%,  1.5 batches/sec
It 8785, sqrt loss 0.04464, Val sim-RMS 0.06013, Time Loss: 85.1%, data: 0.3%, val: 14.6%,  1.5 batches/sec
It 8820, sqrt loss 0.05875, Val sim-RMS  1.406, Time Loss: 85.1%, data: 0.3%, val: 14.6%,  1.5 batches/sec
It 8855, sqrt loss 0.05558, Val sim-RMS 0.05051, Time Loss: 85.1%, data: 0.3%, val: 14.6%,  1.5 batches/sec
It 8890, sqrt loss 0.06066, Val sim-RMS 0.0462, Time Loss: 85.1%, data: 0.3%, val: 14.6%,  1.5 batches/sec
It 8925, sqrt loss   0.176, Val sim-RMS 0.1816, Time Loss: 85.1%, data: 0.3%, val: 14.6%,  1.5 batches/sec
It 8960, sqrt loss  0.1457, Val sim-RMS 0.04693, Time Loss: 85.1%, data: 0.3%, val: 14.6%,  1.5 batches/sec
It 8995, sqrt loss 0.08023, Val sim-RMS 0.4473, Time Loss: 85.1%, data: 0.3%, val: 14.6%,  1.5 batches/sec
It 9030, sqrt loss 0.04626, Val sim-RMS 0.03362, Time Loss: 85.1%, data: 0.3%, val: 14.6%,  1.5 batches/sec
It 9065, sqrt loss 0.03779, Val sim-RMS 0.07881, Time Loss: 85.1%, data: 0.3%, val: 14.7%,  1.5 batches/sec
It 9100, sqrt loss 0.03787, Val sim-RMS 0.07358, Time Loss: 85.0%, data: 0.3%, val: 14.7%,  1.5 batches/sec
It 9135, sqrt loss 0.03724, Val sim-RMS 0.1246, Time Loss: 85.0%, data: 0.3%, val: 14.7%,  1.5 batches/sec
It 9170, sqrt loss  0.0403, Val sim-RMS 0.05252, Time Loss: 85.0%, data: 0.3%, val: 14.7%,  1.5 batches/sec
It 9205, sqrt loss 0.03503, Val sim-RMS 0.1467, Time Loss: 85.0%, data: 0.3%, val: 14.7%,  1.5 batches/sec
It 9240, sqrt loss 0.03809, Val sim-RMS 0.02834, Time Loss: 85.0%, data: 0.3%, val: 14.7%,  1.5 batches/sec
It 9275, sqrt loss 0.03521, Val sim-RMS 0.1627, Time Loss: 85.0%, data: 0.3%, val: 14.7%,  1.5 batches/sec
It 9310, sqrt loss 0.03624, Val sim-RMS 0.04552, Time Loss: 85.0%, data: 0.3%, val: 14.7%,  1.5 batches/sec
It 9345, sqrt loss 0.03349, Val sim-RMS 0.3459, Time Loss: 85.0%, data: 0.3%, val: 14.7%,  1.5 batches/sec
It 9380, sqrt loss 0.03581, Val sim-RMS 0.05346, Time Loss: 85.0%, data: 0.3%, val: 14.7%,  1.5 batches/sec
It 9415, sqrt loss 0.03721, Val sim-RMS 0.08725, Time Loss: 85.0%, data: 0.3%, val: 14.7%,  1.5 batches/sec
It 9450, sqrt loss 0.03569, Val sim-RMS 0.04137, Time Loss: 85.0%, data: 0.3%, val: 14.7%,  1.5 batches/sec
It 9485, sqrt loss 0.03838, Val sim-RMS 0.3404, Time Loss: 85.0%, data: 0.3%, val: 14.7%,  1.5 batches/sec
It 9520, sqrt loss 0.04367, Val sim-RMS 0.09107, Time Loss: 85.0%, data: 0.3%, val: 14.7%,  1.5 batches/sec
It 9555, sqrt loss 0.03573, Val sim-RMS 0.5376, Time Loss: 85.0%, data: 0.3%, val: 14.7%,  1.5 batches/sec
It 9590, sqrt loss 0.04258, Val sim-RMS 0.7371, Time Loss: 85.0%, data: 0.3%, val: 14.7%,  1.5 batches/sec
It 9625, sqrt loss 0.04925, Val sim-RMS  4.297, Time Loss: 85.0%, data: 0.3%, val: 14.7%,  1.5 batches/sec
It 9660, sqrt loss 0.04575, Val sim-RMS  0.341, Time Loss: 85.0%, data: 0.3%, val: 14.7%,  1.5 batches/sec
It 9695, sqrt loss 0.03727, Val sim-RMS 0.03907, Time Loss: 85.0%, data: 0.3%, val: 14.7%,  1.5 batches/sec
It 9730, sqrt loss 0.04697, Val sim-RMS  1.142, Time Loss: 85.0%, data: 0.3%, val: 14.7%,  1.5 batches/sec
It 9765, sqrt loss 0.05961, Val sim-RMS    2.1, Time Loss: 85.0%, data: 0.3%, val: 14.7%,  1.5 batches/sec
It 9800, sqrt loss  0.1182, Val sim-RMS 0.03561, Time Loss: 85.0%, data: 0.3%, val: 14.7%,  1.5 batches/sec
It 9835, sqrt loss  0.1191, Val sim-RMS 0.1541, Time Loss: 85.0%, data: 0.3%, val: 14.7%,  1.5 batches/sec
It 9870, sqrt loss 0.05959, Val sim-RMS 0.06796, Time Loss: 85.0%, data: 0.3%, val: 14.7%,  1.5 batches/sec
It 9905, sqrt loss 0.04415, Val sim-RMS 0.1062, Time Loss: 85.0%, data: 0.3%, val: 14.7%,  1.5 batches/sec
It 9940, sqrt loss  0.0379, Val sim-RMS 0.1248, Time Loss: 85.0%, data: 0.3%, val: 14.7%,  1.5 batches/sec
It 9975, sqrt loss 0.03471, Val sim-RMS 0.07414, Time Loss: 85.0%, data: 0.3%, val: 14.7%,  1.5 batches/sec
It 10010, sqrt loss 0.03302, Val sim-RMS  0.121, Time Loss: 85.0%, data: 0.3%, val: 14.7%,  1.5 batches/sec
It 10045, sqrt loss 0.03416, Val sim-RMS 0.2637, Time Loss: 85.0%, data: 0.3%, val: 14.7%,  1.5 batches/sec
It 10080, sqrt loss 0.04012, Val sim-RMS 0.3144, Time Loss: 85.0%, data: 0.3%, val: 14.7%,  1.5 batches/sec
It 10115, sqrt loss 0.03551, Val sim-RMS  1.678, Time Loss: 85.0%, data: 0.3%, val: 14.7%,  1.5 batches/sec
It 10150, sqrt loss 0.04339, Val sim-RMS  1.809, Time Loss: 85.0%, data: 0.3%, val: 14.7%,  1.5 batches/sec
It 10185, sqrt loss 0.03775, Val sim-RMS 0.07287, Time Loss: 85.0%, data: 0.3%, val: 14.7%,  1.5 batches/sec
It 10220, sqrt loss 0.04659, Val sim-RMS 0.3032, Time Loss: 85.0%, data: 0.3%, val: 14.7%,  1.5 batches/sec
It 10255, sqrt loss 0.05106, Val sim-RMS 0.5361, Time Loss: 85.0%, data: 0.3%, val: 14.7%,  1.5 batches/sec
It 10290, sqrt loss 0.03786, Val sim-RMS 0.6402, Time Loss: 85.0%, data: 0.3%, val: 14.7%,  1.5 batches/sec
It 10325, sqrt loss 0.05693, Val sim-RMS 0.1156, Time Loss: 85.0%, data: 0.3%, val: 14.7%,  1.5 batches/sec
It 10360, sqrt loss   0.114, Val sim-RMS 0.5749, Time Loss: 85.0%, data: 0.3%, val: 14.7%,  1.5 batches/sec
It 10395, sqrt loss 0.08973, Val sim-RMS 0.8909, Time Loss: 85.0%, data: 0.3%, val: 14.7%,  1.5 batches/sec
It 10430, sqrt loss 0.04943, Val sim-RMS 0.1666, Time Loss: 85.0%, data: 0.3%, val: 14.7%,  1.5 batches/sec
It 10465, sqrt loss 0.03506, Val sim-RMS 0.09875, Time Loss: 85.0%, data: 0.3%, val: 14.7%,  1.5 batches/sec
It 10500, sqrt loss 0.03716, Val sim-RMS 0.03617, Time Loss: 85.0%, data: 0.3%, val: 14.7%,  1.5 batches/sec
It 10535, sqrt loss 0.03452, Val sim-RMS 0.09861, Time Loss: 85.0%, data: 0.3%, val: 14.7%,  1.5 batches/sec
It 10570, sqrt loss 0.03259, Val sim-RMS 0.03183, Time Loss: 85.0%, data: 0.3%, val: 14.7%,  1.5 batches/sec
It 10605, sqrt loss 0.04047, Val sim-RMS  3.454, Time Loss: 85.0%, data: 0.3%, val: 14.7%,  1.5 batches/sec
It 10640, sqrt loss  0.1485, Val sim-RMS 0.1423, Time Loss: 85.0%, data: 0.3%, val: 14.7%,  1.5 batches/sec
It 10675, sqrt loss  0.1017, Val sim-RMS 0.1703, Time Loss: 85.0%, data: 0.3%, val: 14.7%,  1.5 batches/sec
It 10710, sqrt loss 0.05521, Val sim-RMS 0.03287, Time Loss: 85.0%, data: 0.3%, val: 14.7%,  1.5 batches/sec
It 10745, sqrt loss 0.03593, Val sim-RMS 0.6686, Time Loss: 85.0%, data: 0.3%, val: 14.7%,  1.5 batches/sec
It 10780, sqrt loss 0.03234, Val sim-RMS 0.1362, Time Loss: 85.0%, data: 0.3%, val: 14.7%,  1.5 batches/sec
It 10815, sqrt loss 0.03188, Val sim-RMS 0.4024, Time Loss: 85.0%, data: 0.3%, val: 14.7%,  1.5 batches/sec
It 10850, sqrt loss  0.0321, Val sim-RMS 0.1275, Time Loss: 85.0%, data: 0.3%, val: 14.7%,  1.5 batches/sec
It 10885, sqrt loss 0.03284, Val sim-RMS 0.3785, Time Loss: 85.0%, data: 0.3%, val: 14.7%,  1.5 batches/sec
It 10920, sqrt loss 0.03232, Val sim-RMS 0.4328, Time Loss: 85.0%, data: 0.3%, val: 14.7%,  1.5 batches/sec
It 10955, sqrt loss 0.03255, Val sim-RMS 0.7529, Time Loss: 85.0%, data: 0.3%, val: 14.7%,  1.5 batches/sec
It 10990, sqrt loss 0.03525, Val sim-RMS 0.03521, Time Loss: 85.0%, data: 0.3%, val: 14.7%,  1.5 batches/sec
It 11025, sqrt loss 0.03455, Val sim-RMS 0.2993, Time Loss: 85.0%, data: 0.3%, val: 14.7%,  1.5 batches/sec
It 11060, sqrt loss 0.03409, Val sim-RMS 0.5687, Time Loss: 85.0%, data: 0.3%, val: 14.7%,  1.5 batches/sec
It 11095, sqrt loss 0.03449, Val sim-RMS 0.2185, Time Loss: 85.0%, data: 0.3%, val: 14.7%,  1.5 batches/sec
########## New lowest validation loss achieved ########### sim-RMS = 0.025041067308330563
It 11130, sqrt loss  0.0368, Val sim-RMS 0.02504, Time Loss: 85.0%, data: 0.3%, val: 14.7%,  1.5 batches/sec
It 11165, sqrt loss 0.04476, Val sim-RMS 0.03054, Time Loss: 85.0%, data: 0.3%, val: 14.7%,  1.5 batches/sec
It 11200, sqrt loss 0.09272, Val sim-RMS 0.06343, Time Loss: 85.0%, data: 0.3%, val: 14.7%,  1.5 batches/sec
It 11235, sqrt loss  0.0678, Val sim-RMS   1.08, Time Loss: 85.0%, data: 0.3%, val: 14.7%,  1.5 batches/sec
It 11270, sqrt loss 0.03635, Val sim-RMS 0.1235, Time Loss: 85.0%, data: 0.3%, val: 14.7%,  1.5 batches/sec
It 11305, sqrt loss 0.03364, Val sim-RMS 0.1963, Time Loss: 85.0%, data: 0.3%, val: 14.7%,  1.5 batches/sec
It 11340, sqrt loss 0.03118, Val sim-RMS 0.2596, Time Loss: 85.0%, data: 0.3%, val: 14.7%,  1.5 batches/sec
It 11375, sqrt loss 0.03282, Val sim-RMS 0.08389, Time Loss: 85.0%, data: 0.3%, val: 14.7%,  1.5 batches/sec
It 11410, sqrt loss 0.03169, Val sim-RMS 0.05134, Time Loss: 85.0%, data: 0.3%, val: 14.7%,  1.5 batches/sec
It 11445, sqrt loss 0.03131, Val sim-RMS 0.3625, Time Loss: 85.0%, data: 0.3%, val: 14.7%,  1.5 batches/sec
It 11480, sqrt loss 0.03028, Val sim-RMS 0.2725, Time Loss: 85.0%, data: 0.3%, val: 14.7%,  1.5 batches/sec
It 11515, sqrt loss 0.03199, Val sim-RMS 0.8956, Time Loss: 85.0%, data: 0.3%, val: 14.7%,  1.5 batches/sec
It 11550, sqrt loss 0.05708, Val sim-RMS 0.02513, Time Loss: 85.0%, data: 0.3%, val: 14.7%,  1.5 batches/sec
It 11585, sqrt loss 0.07857, Val sim-RMS 0.07695, Time Loss: 85.0%, data: 0.3%, val: 14.7%,  1.5 batches/sec
It 11620, sqrt loss 0.06376, Val sim-RMS 0.9638, Time Loss: 85.0%, data: 0.3%, val: 14.7%,  1.5 batches/sec
It 11655, sqrt loss 0.03753, Val sim-RMS 0.1272, Time Loss: 85.0%, data: 0.3%, val: 14.7%,  1.5 batches/sec
It 11690, sqrt loss 0.03175, Val sim-RMS 0.4451, Time Loss: 85.0%, data: 0.3%, val: 14.7%,  1.5 batches/sec
It 11725, sqrt loss 0.03053, Val sim-RMS 0.1034, Time Loss: 85.0%, data: 0.3%, val: 14.7%,  1.5 batches/sec
It 11760, sqrt loss 0.03123, Val sim-RMS 0.2073, Time Loss: 85.0%, data: 0.3%, val: 14.7%,  1.5 batches/sec
It 11795, sqrt loss 0.03949, Val sim-RMS 0.04289, Time Loss: 85.0%, data: 0.3%, val: 14.7%,  1.5 batches/sec
It 11830, sqrt loss 0.04287, Val sim-RMS  1.063, Time Loss: 85.0%, data: 0.3%, val: 14.7%,  1.5 batches/sec
It 11865, sqrt loss 0.03454, Val sim-RMS 0.2029, Time Loss: 85.0%, data: 0.3%, val: 14.7%,  1.5 batches/sec
It 11900, sqrt loss 0.03585, Val sim-RMS 0.0699, Time Loss: 85.0%, data: 0.3%, val: 14.7%,  1.5 batches/sec
It 11935, sqrt loss 0.04337, Val sim-RMS  0.421, Time Loss: 85.0%, data: 0.3%, val: 14.7%,  1.5 batches/sec
It 11970, sqrt loss  0.2126, Val sim-RMS 0.1807, Time Loss: 85.0%, data: 0.3%, val: 14.7%,  1.5 batches/sec
It 12005, sqrt loss  0.3035, Val sim-RMS 0.04675, Time Loss: 85.0%, data: 0.3%, val: 14.7%,  1.5 batches/sec
It 12040, sqrt loss  0.1163, Val sim-RMS 0.08802, Time Loss: 85.0%, data: 0.3%, val: 14.7%,  1.5 batches/sec
It 12075, sqrt loss 0.08309, Val sim-RMS  9.038, Time Loss: 85.0%, data: 0.3%, val: 14.7%,  1.5 batches/sec
It 12110, sqrt loss 0.05828, Val sim-RMS 0.06546, Time Loss: 85.0%, data: 0.3%, val: 14.8%,  1.5 batches/sec
It 12145, sqrt loss 0.05385, Val sim-RMS 0.02945, Time Loss: 85.0%, data: 0.3%, val: 14.8%,  1.5 batches/sec
It 12180, sqrt loss  0.0461, Val sim-RMS 0.03181, Time Loss: 85.0%, data: 0.3%, val: 14.8%,  1.5 batches/sec
It 12215, sqrt loss 0.04227, Val sim-RMS 0.05206, Time Loss: 85.0%, data: 0.3%, val: 14.8%,  1.5 batches/sec
########## New lowest validation loss achieved ########### sim-RMS = 0.024391698037263963
It 12250, sqrt loss 0.04077, Val sim-RMS 0.02439, Time Loss: 85.0%, data: 0.3%, val: 14.8%,  1.5 batches/sec
It 12285, sqrt loss 0.03802, Val sim-RMS 0.03277, Time Loss: 85.0%, data: 0.3%, val: 14.8%,  1.5 batches/sec
It 12320, sqrt loss 0.03941, Val sim-RMS 0.04074, Time Loss: 85.0%, data: 0.3%, val: 14.8%,  1.5 batches/sec
It 12355, sqrt loss 0.04187, Val sim-RMS 0.9459, Time Loss: 85.0%, data: 0.3%, val: 14.8%,  1.5 batches/sec
It 12390, sqrt loss 0.03582, Val sim-RMS 0.1558, Time Loss: 85.0%, data: 0.3%, val: 14.8%,  1.5 batches/sec
It 12425, sqrt loss 0.03548, Val sim-RMS 0.03863, Time Loss: 85.0%, data: 0.3%, val: 14.8%,  1.5 batches/sec
It 12460, sqrt loss 0.03345, Val sim-RMS 0.2324, Time Loss: 85.0%, data: 0.3%, val: 14.8%,  1.5 batches/sec
It 12495, sqrt loss 0.03468, Val sim-RMS 0.0277, Time Loss: 85.0%, data: 0.3%, val: 14.8%,  1.5 batches/sec
It 12530, sqrt loss 0.03423, Val sim-RMS 0.06668, Time Loss: 84.9%, data: 0.3%, val: 14.8%,  1.5 batches/sec
It 12565, sqrt loss 0.03244, Val sim-RMS 0.3311, Time Loss: 84.9%, data: 0.3%, val: 14.8%,  1.5 batches/sec
It 12600, sqrt loss  0.0351, Val sim-RMS 0.2709, Time Loss: 84.9%, data: 0.3%, val: 14.8%,  1.5 batches/sec
It 12635, sqrt loss  0.0359, Val sim-RMS 0.2957, Time Loss: 84.9%, data: 0.3%, val: 14.8%,  1.5 batches/sec
It 12670, sqrt loss 0.03172, Val sim-RMS 0.7004, Time Loss: 84.9%, data: 0.3%, val: 14.8%,  1.5 batches/sec
It 12705, sqrt loss 0.03056, Val sim-RMS 0.3004, Time Loss: 84.9%, data: 0.3%, val: 14.8%,  1.5 batches/sec
It 12740, sqrt loss 0.03577, Val sim-RMS 0.3129, Time Loss: 84.9%, data: 0.3%, val: 14.8%,  1.5 batches/sec
It 12775, sqrt loss  0.0371, Val sim-RMS 0.06552, Time Loss: 84.9%, data: 0.3%, val: 14.8%,  1.5 batches/sec
It 12810, sqrt loss 0.03348, Val sim-RMS 0.1093, Time Loss: 84.9%, data: 0.3%, val: 14.8%,  1.5 batches/sec
It 12845, sqrt loss 0.03724, Val sim-RMS 0.4267, Time Loss: 84.9%, data: 0.3%, val: 14.8%,  1.5 batches/sec
It 12880, sqrt loss 0.04403, Val sim-RMS 0.1208, Time Loss: 84.9%, data: 0.3%, val: 14.8%,  1.5 batches/sec
It 12915, sqrt loss 0.04758, Val sim-RMS 0.04461, Time Loss: 84.9%, data: 0.3%, val: 14.8%,  1.5 batches/sec
It 12950, sqrt loss 0.03606, Val sim-RMS 0.6248, Time Loss: 84.9%, data: 0.3%, val: 14.8%,  1.5 batches/sec
It 12985, sqrt loss 0.03549, Val sim-RMS 0.2675, Time Loss: 84.9%, data: 0.3%, val: 14.8%,  1.5 batches/sec
It 13020, sqrt loss 0.04827, Val sim-RMS 0.04265, Time Loss: 84.9%, data: 0.3%, val: 14.8%,  1.5 batches/sec
It 13055, sqrt loss 0.07231, Val sim-RMS  2.036, Time Loss: 84.9%, data: 0.3%, val: 14.8%,  1.5 batches/sec
It 13090, sqrt loss  0.1928, Val sim-RMS  1.252, Time Loss: 84.9%, data: 0.3%, val: 14.8%,  1.5 batches/sec
It 13125, sqrt loss  0.1308, Val sim-RMS 0.04747, Time Loss: 84.9%, data: 0.3%, val: 14.8%,  1.5 batches/sec
It 13160, sqrt loss 0.04578, Val sim-RMS  0.118, Time Loss: 84.9%, data: 0.3%, val: 14.8%,  1.5 batches/sec
########## New lowest validation loss achieved ########### sim-RMS = 0.0241487073578507
It 13195, sqrt loss 0.03394, Val sim-RMS 0.02415, Time Loss: 84.9%, data: 0.3%, val: 14.8%,  1.5 batches/sec
It 13230, sqrt loss 0.03069, Val sim-RMS 0.08697, Time Loss: 84.9%, data: 0.3%, val: 14.8%,  1.5 batches/sec
########## New lowest validation loss achieved ########### sim-RMS = 0.021942847549993063
It 13265, sqrt loss 0.03071, Val sim-RMS 0.02194, Time Loss: 84.9%, data: 0.3%, val: 14.8%,  1.5 batches/sec
It 13300, sqrt loss 0.03094, Val sim-RMS 0.08642, Time Loss: 84.9%, data: 0.3%, val: 14.8%,  1.5 batches/sec
It 13335, sqrt loss  0.0292, Val sim-RMS 0.06997, Time Loss: 84.9%, data: 0.3%, val: 14.8%,  1.5 batches/sec
It 13370, sqrt loss 0.03001, Val sim-RMS 0.08752, Time Loss: 84.9%, data: 0.3%, val: 14.8%,  1.5 batches/sec
It 13405, sqrt loss 0.03299, Val sim-RMS 0.1569, Time Loss: 84.9%, data: 0.3%, val: 14.8%,  1.5 batches/sec
It 13440, sqrt loss 0.03052, Val sim-RMS 0.07674, Time Loss: 84.9%, data: 0.3%, val: 14.8%,  1.5 batches/sec
It 13475, sqrt loss 0.03287, Val sim-RMS  0.399, Time Loss: 84.9%, data: 0.3%, val: 14.8%,  1.5 batches/sec
It 13510, sqrt loss 0.03134, Val sim-RMS 0.09013, Time Loss: 84.9%, data: 0.3%, val: 14.9%,  1.5 batches/sec
It 13545, sqrt loss 0.02933, Val sim-RMS 0.05025, Time Loss: 84.9%, data: 0.3%, val: 14.9%,  1.5 batches/sec
It 13580, sqrt loss 0.02798, Val sim-RMS 0.09503, Time Loss: 84.9%, data: 0.3%, val: 14.9%,  1.5 batches/sec
It 13615, sqrt loss 0.02897, Val sim-RMS 0.3717, Time Loss: 84.9%, data: 0.3%, val: 14.9%,  1.5 batches/sec
It 13650, sqrt loss 0.03293, Val sim-RMS 0.1397, Time Loss: 84.9%, data: 0.3%, val: 14.9%,  1.5 batches/sec
It 13685, sqrt loss 0.02963, Val sim-RMS 0.1149, Time Loss: 84.9%, data: 0.3%, val: 14.9%,  1.5 batches/sec
It 13720, sqrt loss 0.03466, Val sim-RMS 0.1004, Time Loss: 84.9%, data: 0.3%, val: 14.9%,  1.5 batches/sec
It 13755, sqrt loss 0.02905, Val sim-RMS 0.0868, Time Loss: 84.9%, data: 0.3%, val: 14.9%,  1.5 batches/sec
It 13790, sqrt loss 0.03083, Val sim-RMS 0.1925, Time Loss: 84.9%, data: 0.3%, val: 14.9%,  1.5 batches/sec
It 13825, sqrt loss 0.03254, Val sim-RMS 0.1946, Time Loss: 84.9%, data: 0.3%, val: 14.9%,  1.5 batches/sec
It 13860, sqrt loss 0.03093, Val sim-RMS 0.2968, Time Loss: 84.9%, data: 0.3%, val: 14.9%,  1.5 batches/sec
It 13895, sqrt loss  0.0398, Val sim-RMS 0.08711, Time Loss: 84.9%, data: 0.3%, val: 14.9%,  1.5 batches/sec
It 13930, sqrt loss 0.03288, Val sim-RMS 0.1092, Time Loss: 84.9%, data: 0.3%, val: 14.9%,  1.5 batches/sec
It 13965, sqrt loss 0.03123, Val sim-RMS 0.3085, Time Loss: 84.9%, data: 0.3%, val: 14.9%,  1.5 batches/sec
It 14000, sqrt loss 0.03141, Val sim-RMS 0.1133, Time Loss: 84.9%, data: 0.3%, val: 14.9%,  1.5 batches/sec
It 14035, sqrt loss 0.03267, Val sim-RMS 0.1154, Time Loss: 84.9%, data: 0.3%, val: 14.9%,  1.5 batches/sec
It 14070, sqrt loss 0.02827, Val sim-RMS 0.2235, Time Loss: 84.9%, data: 0.3%, val: 14.9%,  1.5 batches/sec
It 14105, sqrt loss 0.06028, Val sim-RMS 0.04573, Time Loss: 84.9%, data: 0.3%, val: 14.9%,  1.5 batches/sec
It 14140, sqrt loss 0.07302, Val sim-RMS 0.1331, Time Loss: 84.9%, data: 0.3%, val: 14.9%,  1.5 batches/sec
It 14175, sqrt loss 0.05455, Val sim-RMS 0.05064, Time Loss: 84.8%, data: 0.3%, val: 14.9%,  1.5 batches/sec
It 14210, sqrt loss   0.036, Val sim-RMS 0.0464, Time Loss: 84.8%, data: 0.3%, val: 14.9%,  1.5 batches/sec
It 14245, sqrt loss 0.03415, Val sim-RMS 0.08731, Time Loss: 84.8%, data: 0.3%, val: 14.9%,  1.5 batches/sec
It 14280, sqrt loss 0.03755, Val sim-RMS 0.1057, Time Loss: 84.8%, data: 0.3%, val: 14.9%,  1.5 batches/sec
It 14315, sqrt loss 0.04312, Val sim-RMS 0.2822, Time Loss: 84.8%, data: 0.3%, val: 14.9%,  1.5 batches/sec
It 14350, sqrt loss 0.03587, Val sim-RMS 0.4731, Time Loss: 84.8%, data: 0.3%, val: 14.9%,  1.5 batches/sec
It 14385, sqrt loss 0.03083, Val sim-RMS 0.09633, Time Loss: 84.8%, data: 0.3%, val: 14.9%,  1.5 batches/sec
It 14420, sqrt loss 0.02866, Val sim-RMS 0.06133, Time Loss: 84.8%, data: 0.3%, val: 14.9%,  1.5 batches/sec
It 14455, sqrt loss 0.03032, Val sim-RMS 0.2382, Time Loss: 84.8%, data: 0.3%, val: 14.9%,  1.5 batches/sec
It 14490, sqrt loss 0.07716, Val sim-RMS 0.0963, Time Loss: 84.8%, data: 0.3%, val: 14.9%,  1.5 batches/sec
It 14525, sqrt loss  0.3165, Val sim-RMS 0.1637, Time Loss: 84.8%, data: 0.3%, val: 14.9%,  1.5 batches/sec
It 14560, sqrt loss  0.1253, Val sim-RMS 2.168e+03, Time Loss: 84.8%, data: 0.3%, val: 14.9%,  1.5 batches/sec
It 14595, sqrt loss 0.07217, Val sim-RMS 0.3928, Time Loss: 84.8%, data: 0.3%, val: 14.9%,  1.5 batches/sec
It 14630, sqrt loss 0.04916, Val sim-RMS 0.3535, Time Loss: 84.8%, data: 0.3%, val: 14.9%,  1.5 batches/sec
It 14665, sqrt loss 0.03955, Val sim-RMS 0.5616, Time Loss: 84.8%, data: 0.3%, val: 14.9%,  1.5 batches/sec
It 14700, sqrt loss 0.03557, Val sim-RMS 0.3888, Time Loss: 84.8%, data: 0.3%, val: 14.9%,  1.5 batches/sec
It 14735, sqrt loss 0.03414, Val sim-RMS 0.3872, Time Loss: 84.8%, data: 0.3%, val: 14.9%,  1.5 batches/sec
It 14770, sqrt loss 0.03115, Val sim-RMS 0.3532, Time Loss: 84.8%, data: 0.3%, val: 14.9%,  1.5 batches/sec
It 14805, sqrt loss 0.03196, Val sim-RMS 0.1956, Time Loss: 84.8%, data: 0.3%, val: 14.9%,  1.5 batches/sec
It 14840, sqrt loss  0.0309, Val sim-RMS 0.4668, Time Loss: 84.8%, data: 0.3%, val: 14.9%,  1.5 batches/sec
It 14875, sqrt loss  0.0303, Val sim-RMS 0.3083, Time Loss: 84.8%, data: 0.3%, val: 14.9%,  1.5 batches/sec
It 14910, sqrt loss 0.02947, Val sim-RMS 0.3037, Time Loss: 84.8%, data: 0.3%, val: 14.9%,  1.5 batches/sec
It 14945, sqrt loss 0.02922, Val sim-RMS 0.4407, Time Loss: 84.8%, data: 0.3%, val: 14.9%,  1.5 batches/sec
It 14980, sqrt loss 0.02874, Val sim-RMS 0.2758, Time Loss: 84.8%, data: 0.3%, val: 14.9%,  1.5 batches/sec
It 15015, sqrt loss 0.02837, Val sim-RMS 0.3517, Time Loss: 84.8%, data: 0.3%, val: 14.9%,  1.5 batches/sec
It 15050, sqrt loss 0.02895, Val sim-RMS 0.2737, Time Loss: 84.8%, data: 0.3%, val: 14.9%,  1.5 batches/sec
It 15085, sqrt loss 0.02753, Val sim-RMS 0.1361, Time Loss: 84.8%, data: 0.3%, val: 14.9%,  1.5 batches/sec
It 15120, sqrt loss 0.02904, Val sim-RMS 0.2867, Time Loss: 84.8%, data: 0.3%, val: 14.9%,  1.5 batches/sec
It 15155, sqrt loss 0.02867, Val sim-RMS 0.3693, Time Loss: 84.8%, data: 0.3%, val: 14.9%,  1.5 batches/sec
It 15190, sqrt loss 0.02861, Val sim-RMS 0.2984, Time Loss: 84.8%, data: 0.3%, val: 14.9%,  1.5 batches/sec
It 15225, sqrt loss 0.02729, Val sim-RMS 0.1944, Time Loss: 84.8%, data: 0.3%, val: 14.9%,  1.5 batches/sec
It 15260, sqrt loss 0.02773, Val sim-RMS 0.3049, Time Loss: 84.8%, data: 0.3%, val: 14.9%,  1.5 batches/sec
It 15295, sqrt loss 0.02858, Val sim-RMS 0.2755, Time Loss: 84.8%, data: 0.3%, val: 14.9%,  1.5 batches/sec
It 15330, sqrt loss 0.03283, Val sim-RMS 0.1777, Time Loss: 84.8%, data: 0.3%, val: 14.9%,  1.5 batches/sec
It 15365, sqrt loss  0.0278, Val sim-RMS 0.2173, Time Loss: 84.8%, data: 0.3%, val: 14.9%,  1.5 batches/sec
It 15400, sqrt loss 0.02849, Val sim-RMS  0.131, Time Loss: 84.8%, data: 0.3%, val: 14.9%,  1.5 batches/sec
It 15435, sqrt loss 0.02864, Val sim-RMS 0.3507, Time Loss: 84.8%, data: 0.3%, val: 14.9%,  1.5 batches/sec
It 15470, sqrt loss 0.03367, Val sim-RMS 0.3489, Time Loss: 84.8%, data: 0.3%, val: 14.9%,  1.5 batches/sec
It 15505, sqrt loss 0.02999, Val sim-RMS 0.1529, Time Loss: 84.8%, data: 0.3%, val: 14.9%,  1.5 batches/sec
It 15540, sqrt loss 0.02663, Val sim-RMS 0.1919, Time Loss: 84.8%, data: 0.3%, val: 14.9%,  1.5 batches/sec
It 15575, sqrt loss 0.02837, Val sim-RMS 0.02383, Time Loss: 84.8%, data: 0.3%, val: 14.9%,  1.5 batches/sec
It 15610, sqrt loss 0.02784, Val sim-RMS 0.07536, Time Loss: 84.8%, data: 0.3%, val: 14.9%,  1.5 batches/sec
It 15645, sqrt loss 0.03754, Val sim-RMS 0.2081, Time Loss: 84.8%, data: 0.3%, val: 14.9%,  1.5 batches/sec
It 15680, sqrt loss 0.03416, Val sim-RMS 0.4005, Time Loss: 84.8%, data: 0.3%, val: 14.9%,  1.5 batches/sec
It 15715, sqrt loss 0.03081, Val sim-RMS 0.4363, Time Loss: 84.8%, data: 0.3%, val: 14.9%,  1.5 batches/sec
It 15750, sqrt loss 0.05592, Val sim-RMS 0.5482, Time Loss: 84.8%, data: 0.3%, val: 14.9%,  1.5 batches/sec
It 15785, sqrt loss  0.0625, Val sim-RMS 0.3399, Time Loss: 84.8%, data: 0.3%, val: 14.9%,  1.5 batches/sec
It 15820, sqrt loss 0.06039, Val sim-RMS 0.2274, Time Loss: 84.8%, data: 0.3%, val: 14.9%,  1.5 batches/sec
It 15855, sqrt loss 0.05962, Val sim-RMS 0.02528, Time Loss: 84.8%, data: 0.3%, val: 14.9%,  1.5 batches/sec
It 15890, sqrt loss 0.02997, Val sim-RMS 0.2688, Time Loss: 84.8%, data: 0.3%, val: 14.9%,  1.5 batches/sec
It 15925, sqrt loss 0.02629, Val sim-RMS 0.3207, Time Loss: 84.8%, data: 0.3%, val: 14.9%,  1.5 batches/sec
It 15960, sqrt loss  0.0324, Val sim-RMS 0.1832, Time Loss: 84.8%, data: 0.3%, val: 14.9%,  1.5 batches/sec
It 15995, sqrt loss 0.03186, Val sim-RMS 0.06442, Time Loss: 84.8%, data: 0.3%, val: 14.9%,  1.5 batches/sec
It 16030, sqrt loss 0.02806, Val sim-RMS 0.1318, Time Loss: 84.8%, data: 0.3%, val: 14.9%,  1.5 batches/sec
It 16065, sqrt loss 0.03057, Val sim-RMS 0.2316, Time Loss: 84.8%, data: 0.3%, val: 14.9%,  1.5 batches/sec
It 16100, sqrt loss 0.04316, Val sim-RMS 0.2571, Time Loss: 84.8%, data: 0.3%, val: 14.9%,  1.5 batches/sec
It 16135, sqrt loss  0.1478, Val sim-RMS 0.1364, Time Loss: 84.8%, data: 0.3%, val: 14.9%,  1.5 batches/sec
It 16170, sqrt loss  0.1649, Val sim-RMS 0.03149, Time Loss: 84.8%, data: 0.3%, val: 14.9%,  1.5 batches/sec
It 16205, sqrt loss 0.06797, Val sim-RMS 0.04037, Time Loss: 84.8%, data: 0.3%, val: 14.9%,  1.5 batches/sec
It 16240, sqrt loss 0.03276, Val sim-RMS 0.05018, Time Loss: 84.8%, data: 0.3%, val: 14.9%,  1.5 batches/sec
It 16275, sqrt loss 0.02695, Val sim-RMS 0.09813, Time Loss: 84.8%, data: 0.3%, val: 14.9%,  1.5 batches/sec
It 16310, sqrt loss 0.02604, Val sim-RMS 0.2284, Time Loss: 84.8%, data: 0.3%, val: 14.9%,  1.5 batches/sec
It 16345, sqrt loss  0.0259, Val sim-RMS 0.2095, Time Loss: 84.8%, data: 0.3%, val: 14.9%,  1.5 batches/sec
It 16380, sqrt loss 0.02504, Val sim-RMS 0.1088, Time Loss: 84.8%, data: 0.3%, val: 14.9%,  1.5 batches/sec
It 16415, sqrt loss  0.0243, Val sim-RMS 0.2249, Time Loss: 84.8%, data: 0.3%, val: 14.9%,  1.5 batches/sec
It 16450, sqrt loss 0.02411, Val sim-RMS 0.1493, Time Loss: 84.8%, data: 0.3%, val: 14.9%,  1.5 batches/sec
It 16485, sqrt loss 0.02502, Val sim-RMS 0.1167, Time Loss: 84.8%, data: 0.3%, val: 14.9%,  1.5 batches/sec
It 16520, sqrt loss 0.02504, Val sim-RMS 0.09904, Time Loss: 84.8%, data: 0.3%, val: 14.9%,  1.5 batches/sec
It 16555, sqrt loss  0.0251, Val sim-RMS    0.2, Time Loss: 84.8%, data: 0.3%, val: 14.9%,  1.5 batches/sec
It 16590, sqrt loss  0.0258, Val sim-RMS 0.1701, Time Loss: 84.8%, data: 0.3%, val: 14.9%,  1.5 batches/sec
It 16625, sqrt loss 0.02632, Val sim-RMS 0.1238, Time Loss: 84.8%, data: 0.3%, val: 15.0%,  1.5 batches/sec
It 16660, sqrt loss 0.02565, Val sim-RMS 0.1824, Time Loss: 84.8%, data: 0.3%, val: 15.0%,  1.5 batches/sec
It 16695, sqrt loss 0.02626, Val sim-RMS 0.2211, Time Loss: 84.8%, data: 0.3%, val: 15.0%,  1.5 batches/sec
It 16730, sqrt loss 0.02807, Val sim-RMS 0.1586, Time Loss: 84.8%, data: 0.3%, val: 15.0%,  1.5 batches/sec
It 16765, sqrt loss 0.02796, Val sim-RMS 0.1704, Time Loss: 84.8%, data: 0.3%, val: 15.0%,  1.5 batches/sec
It 16800, sqrt loss  0.0275, Val sim-RMS 0.1589, Time Loss: 84.8%, data: 0.3%, val: 15.0%,  1.5 batches/sec
It 16835, sqrt loss 0.02454, Val sim-RMS 0.1028, Time Loss: 84.8%, data: 0.3%, val: 15.0%,  1.5 batches/sec
It 16870, sqrt loss 0.02713, Val sim-RMS 0.08399, Time Loss: 84.8%, data: 0.3%, val: 15.0%,  1.5 batches/sec
It 16905, sqrt loss 0.03026, Val sim-RMS 0.03554, Time Loss: 84.8%, data: 0.3%, val: 15.0%,  1.5 batches/sec
It 16940, sqrt loss 0.02882, Val sim-RMS 0.1962, Time Loss: 84.8%, data: 0.3%, val: 15.0%,  1.5 batches/sec
It 16975, sqrt loss 0.03253, Val sim-RMS 0.04827, Time Loss: 84.8%, data: 0.3%, val: 15.0%,  1.5 batches/sec
It 17010, sqrt loss 0.04401, Val sim-RMS 0.04513, Time Loss: 84.8%, data: 0.3%, val: 15.0%,  1.5 batches/sec
It 17045, sqrt loss 0.04786, Val sim-RMS 0.1732, Time Loss: 84.8%, data: 0.3%, val: 15.0%,  1.5 batches/sec
It 17080, sqrt loss 0.03602, Val sim-RMS 0.05687, Time Loss: 84.8%, data: 0.3%, val: 15.0%,  1.5 batches/sec
It 17115, sqrt loss 0.03345, Val sim-RMS 0.1625, Time Loss: 84.8%, data: 0.3%, val: 15.0%,  1.5 batches/sec
It 17150, sqrt loss  0.0323, Val sim-RMS 0.2809, Time Loss: 84.8%, data: 0.3%, val: 15.0%,  1.5 batches/sec
It 17185, sqrt loss 0.03268, Val sim-RMS 0.2592, Time Loss: 84.8%, data: 0.3%, val: 15.0%,  1.5 batches/sec
It 17220, sqrt loss 0.03478, Val sim-RMS 0.2229, Time Loss: 84.8%, data: 0.3%, val: 15.0%,  1.5 batches/sec
It 17255, sqrt loss 0.07211, Val sim-RMS 0.08777, Time Loss: 84.8%, data: 0.3%, val: 15.0%,  1.5 batches/sec
It 17290, sqrt loss  0.2654, Val sim-RMS 0.07042, Time Loss: 84.8%, data: 0.3%, val: 15.0%,  1.5 batches/sec
It 17325, sqrt loss  0.1597, Val sim-RMS 0.04266, Time Loss: 84.8%, data: 0.3%, val: 15.0%,  1.5 batches/sec
It 17360, sqrt loss 0.06076, Val sim-RMS 0.02808, Time Loss: 84.8%, data: 0.3%, val: 15.0%,  1.5 batches/sec
It 17395, sqrt loss 0.03822, Val sim-RMS 0.07557, Time Loss: 84.7%, data: 0.3%, val: 15.0%,  1.5 batches/sec
It 17430, sqrt loss 0.03183, Val sim-RMS 0.04029, Time Loss: 84.7%, data: 0.3%, val: 15.0%,  1.5 batches/sec
It 17465, sqrt loss  0.0298, Val sim-RMS 0.0429, Time Loss: 84.7%, data: 0.3%, val: 15.0%,  1.5 batches/sec
It 17500, sqrt loss 0.02899, Val sim-RMS 0.07838, Time Loss: 84.7%, data: 0.3%, val: 15.0%,  1.5 batches/sec
It 17535, sqrt loss 0.02749, Val sim-RMS 0.1213, Time Loss: 84.7%, data: 0.3%, val: 15.0%,  1.5 batches/sec
It 17570, sqrt loss 0.02681, Val sim-RMS  0.104, Time Loss: 84.7%, data: 0.3%, val: 15.0%,  1.5 batches/sec
It 17605, sqrt loss 0.02615, Val sim-RMS 0.1487, Time Loss: 84.7%, data: 0.3%, val: 15.0%,  1.5 batches/sec
It 17640, sqrt loss 0.02547, Val sim-RMS 0.03004, Time Loss: 84.7%, data: 0.3%, val: 15.0%,  1.5 batches/sec
It 17675, sqrt loss  0.0261, Val sim-RMS 0.1497, Time Loss: 84.7%, data: 0.3%, val: 15.0%,  1.5 batches/sec
It 17710, sqrt loss 0.02716, Val sim-RMS 0.04329, Time Loss: 84.7%, data: 0.3%, val: 15.0%,  1.5 batches/sec
It 17745, sqrt loss 0.02509, Val sim-RMS 0.04176, Time Loss: 84.7%, data: 0.3%, val: 15.0%,  1.5 batches/sec
It 17780, sqrt loss 0.02487, Val sim-RMS 0.1275, Time Loss: 84.7%, data: 0.3%, val: 15.0%,  1.5 batches/sec
It 17815, sqrt loss 0.02526, Val sim-RMS 0.04436, Time Loss: 84.7%, data: 0.3%, val: 15.0%,  1.5 batches/sec
It 17850, sqrt loss 0.02794, Val sim-RMS 0.03286, Time Loss: 84.7%, data: 0.3%, val: 15.0%,  1.5 batches/sec
It 17885, sqrt loss 0.02773, Val sim-RMS  0.163, Time Loss: 84.7%, data: 0.3%, val: 15.0%,  1.5 batches/sec
It 17920, sqrt loss 0.02466, Val sim-RMS 0.1408, Time Loss: 84.7%, data: 0.3%, val: 15.0%,  1.5 batches/sec
It 17955, sqrt loss 0.02352, Val sim-RMS 0.04461, Time Loss: 84.7%, data: 0.3%, val: 15.0%,  1.5 batches/sec
It 17990, sqrt loss 0.02387, Val sim-RMS 0.04205, Time Loss: 84.7%, data: 0.3%, val: 15.0%,  1.5 batches/sec
It 18025, sqrt loss 0.02449, Val sim-RMS 0.1006, Time Loss: 84.7%, data: 0.3%, val: 15.0%,  1.5 batches/sec
It 18060, sqrt loss 0.02613, Val sim-RMS 0.1909, Time Loss: 84.7%, data: 0.3%, val: 15.0%,  1.5 batches/sec
It 18095, sqrt loss  0.0279, Val sim-RMS 0.08501, Time Loss: 84.7%, data: 0.3%, val: 15.0%,  1.5 batches/sec
It 18130, sqrt loss 0.02928, Val sim-RMS  0.194, Time Loss: 84.7%, data: 0.3%, val: 15.0%,  1.5 batches/sec
It 18165, sqrt loss 0.02578, Val sim-RMS 0.1196, Time Loss: 84.7%, data: 0.3%, val: 15.0%,  1.5 batches/sec
It 18200, sqrt loss 0.02405, Val sim-RMS 0.06248, Time Loss: 84.7%, data: 0.3%, val: 15.0%,  1.5 batches/sec
It 18235, sqrt loss 0.02426, Val sim-RMS 0.1093, Time Loss: 84.7%, data: 0.3%, val: 15.0%,  1.5 batches/sec
It 18270, sqrt loss 0.02298, Val sim-RMS 0.02579, Time Loss: 84.7%, data: 0.3%, val: 15.0%,  1.5 batches/sec
It 18305, sqrt loss 0.03598, Val sim-RMS 0.03379, Time Loss: 84.7%, data: 0.3%, val: 15.0%,  1.5 batches/sec
It 18340, sqrt loss  0.1062, Val sim-RMS 0.07576, Time Loss: 84.7%, data: 0.3%, val: 15.0%,  1.5 batches/sec
It 18375, sqrt loss  0.1216, Val sim-RMS 0.03893, Time Loss: 84.7%, data: 0.3%, val: 15.0%,  1.5 batches/sec
It 18410, sqrt loss 0.06638, Val sim-RMS 0.1387, Time Loss: 84.7%, data: 0.3%, val: 15.0%,  1.5 batches/sec
It 18445, sqrt loss 0.03134, Val sim-RMS 0.1666, Time Loss: 84.7%, data: 0.3%, val: 15.0%,  1.5 batches/sec
It 18480, sqrt loss 0.02618, Val sim-RMS 0.1074, Time Loss: 84.7%, data: 0.3%, val: 15.0%,  1.5 batches/sec
Loaded model with best known validation sim-RMS of 0.02194 which happened on epoch 13265 (epoch_id=379.00)
[fs800_nf400_s0_blafrfz] epoch0 2.1755e-01  best 2.1943e-02  final 2.1943e-02  per-channel [x1 1.1283e-02, x2 1.1290e-02, Y 3.4492e-02] m
[fs800_nf400_s0_blafrfz] vs bars on V2_aprbs_Ylow: floor 4.652e-05 (471.7x)  baseline 1.883e-04 (116.5x)  frozen_lti 4.781e-04 (45.9x)  mean_pred 1.470e-01 (0.1x)
