[wd] launch  out=outputs/logs/records48_a1
[wd] command matlab -nojvm -batch "cd('C:\Users\20203253\OneDrive - TU Eindhoven\Graduation Project\Baseline FP model\Baseline-LPV-Augmentation\scripts\gantry\coulomb-tanh-gain'); addpath('C:\Users\20203253\OneDrive - TU Eindhoven\Graduation Project\Baseline FP model\Baseline-LPV-Augmentation\Thesis-writeup\Code\Data'); addpath('C:\Users\20203253\OneDrive - TU Eindhoven\Graduation Project\Baseline FP model\Baseline-LPV-Augmentation\scripts\gantry\thesis-data-verification\checks'); check_records(); fprintf('%s%s\n', '@@TDG_', 'DONE@@');"
file         C14   C3    C4b   C8    | noise adds rms all f / above corner [nm]  | measured [9.85 10.4 6.34] nm | MB noisy/free
TR-S1_r1     PASS  PASS  PASS  PASS  | [10.27 10.92 6.54]   / [10.22 10.91 6.54]   |                   | 53.1 / 47.5 
TR-S2_r1     PASS  PASS  PASS  PASS  | [10.28 10.89 6.57]   / [10.25 10.86 6.55]   |                   | 53.1 / 47.6 
TR-S3_r1     PASS  PASS  PASS  PASS  | [10.36 10.81 6.56]   / [10.32 10.77 6.55]   |                   | 54.7 / 49.1 
TR-S4_r1     PASS  PASS  PASS  PASS  | [10.4 10.84 6.56]    / [10.38 10.79 6.54]   |                   | 53.1 / 47.6 
TR-S5_r1     PASS  PASS  PASS  PASS  | [10.39 10.76 6.55]   / [10.37 10.71 6.54]   |                   | 53.1 / 47.5 
TR-Y1_r1     PASS  PASS  PASS  PASS  | [10.36 10.88 6.56]   / [10.33 10.83 6.56]   |                   | 55.0 / 49.5 
TR-Y2_r1     PASS  PASS  PASS  PASS  | [10.36 10.84 6.57]   / [10.34 10.78 6.56]   |                   | 55.4 / 49.8 
TR-Y3_r1     PASS  PASS  PASS  PASS  | [10.36 10.91 6.57]   / [10.34 10.86 6.57]   |                   | 55.5 / 49.9 
TR-P1_r1     PASS  PASS  PASS  PASS  | [10.43 10.87 6.58]   / [10.4 10.83 6.58]    |                   | 54.3 / 48.7 
TR-P2_r1     PASS  PASS  PASS  PASS  | [10.41 10.9 6.58]    / [10.39 10.88 6.58]   |                   | 54.0 / 48.4 
TR-P3_r1     PASS  PASS  PASS  PASS  | [10.36 10.89 6.57]   / [10.32 10.86 6.55]   |                   | 53.9 / 48.3 
TR-P4_r1     PASS  PASS  PASS  PASS  | [10.4 10.89 6.59]    / [10.36 10.86 6.58]   |                   | 54.0 / 48.5 
TR-L1_r1     PASS  PASS  PASS  PASS  | [10.41 11.02 6.58]   / [10.4 10.97 6.56]    |                   | 57.3 / 51.7 
TR-L2_r1     PASS  PASS  PASS  PASS  | [10.46 10.97 6.58]   / [10.44 10.92 6.57]   |                   | 57.8 / 52.3 
TR-T1_r1     PASS  PASS  PASS  PASS  | [9.96 10.5 6.41]     / [9.93 10.47 6.4]     |                   | 46.6 / 35.4 
TR-T2_r1     PASS  PASS  PASS  PASS  | [9.93 10.42 6.42]    / [9.9 10.37 6.42]     |                   | 45.7 / 32.0 
TR-T3_r1     PASS  PASS  PASS  PASS  | [9.87 10.49 6.38]    / [9.85 10.44 6.37]    |                   | 44.1 / 26.9 
TR-T4_r1     PASS  PASS  PASS  PASS  | [10 10.53 6.41]      / [9.96 10.5 6.4]      |                   | 45.4 / 33.9 
VA-S1_r1     PASS  PASS  PASS  PASS  | [10.41 10.88 6.55]   / [10.36 10.82 6.56]   |                   | 53.1 / 47.6 
VA-Y1_r1     PASS  PASS  PASS  PASS  | [10.34 10.92 6.56]   / [10.32 10.9 6.55]    |                   | 55.1 / 49.6 
VA-P1_r1     PASS  PASS  PASS  PASS  | [10.41 11 6.57]      / [10.36 10.96 6.57]   |                   | 54.0 / 48.4 
VA-L1_r1     PASS  PASS  PASS  PASS  | [10.41 10.96 6.56]   / [10.39 10.94 6.55]   |                   | 57.5 / 52.0 
VA-T1_r1     PASS  PASS  PASS  PASS  | [9.95 10.49 6.39]    / [9.92 10.42 6.38]    |                   | 44.6 / 31.4 
VA-T2_r1     PASS  PASS  PASS  PASS  | [9.94 10.45 6.41]    / [9.93 10.41 6.41]    |                   | 45.7 / 34.2 
I1_r1        PASS  PASS  PASS  PASS  | [10.4 10.86 6.56]    / [10.37 10.83 6.55]   |                   | 54.2 / 48.6 
I2_r1        PASS  PASS  PASS  PASS  | [10.27 10.93 6.56]   / [10.25 10.91 6.56]   |                   | 53.1 / 47.6 
I3_r1        PASS  PASS  PASS  PASS  | [10.03 10.49 6.4]    / [10 10.44 6.4]       |                   | 45.4 / 33.8 
I4_r1        PASS  PASS  PASS  PASS  | [9.9 10.45 6.37]     / [9.87 10.41 6.35]    |                   | 44.7 / 32.3 
[wd] t=58s tree=1,170 MB cpu=7% availRAM=2.86 GB C:free=10.35 GB
I5_r1        PASS  PASS  PASS  PASS  | [9.96 10.56 6.41]    / [9.96 10.52 6.4]     |                   | 45.3 / 33.7 
I6_r1        PASS  PASS  PASS  PASS  | [10.14 10.69 6.46]   / [10.13 10.66 6.46]   |                   | 46.6 / 34.2 
E1_r1        PASS  PASS  PASS  PASS  | [10.24 10.91 6.56]   / [10.21 10.86 6.55]   |                   | 53.1 / 47.5 
E2_r1        PASS  PASS  PASS  PASS  | [10.02 10.51 6.42]   / [9.99 10.44 6.41]    |                   | 45.2 / 34.1 
E3_r1        PASS  PASS  PASS  PASS  | [9.93 10.5 6.37]     / [9.89 10.45 6.38]    |                   | 45.9 / 34.2 
E4_r1        PASS  PASS  PASS  PASS  | [10.1 10.61 6.44]    / [10.09 10.58 6.44]   |                   | 46.2 / 33.5 
E5_r1        PASS  PASS  PASS  PASS  | [10.03 10.54 6.41]   / [10.01 10.51 6.41]   |                   | 45.4 / 33.3 
E6_r1        PASS  PASS  PASS  PASS  | [9.98 10.48 6.41]    / [9.95 10.43 6.41]    |                   | 45.1 / 33.9 
TF-1_r1      PASS  PASS  PASS  PASS  | [10.43 10.85 6.54]   / [10.41 10.8 6.54]    |                   | 53.1 / 47.6 
TF-1_r2      PASS  PASS  PASS  PASS  | [10.38 10.83 6.53]   / [10.33 10.78 6.51]   |                   | 53.1 / 47.6 
TF-1_r3      PASS  PASS  PASS  PASS  | [10.42 10.83 6.57]   / [10.39 10.78 6.56]   |                   | 53.1 / 47.6 
TF-1_r4      PASS  PASS  PASS  PASS  | [10.39 10.81 6.55]   / [10.38 10.76 6.55]   |                   | 53.1 / 47.6 
TF-2_r1      PASS  PASS  PASS  PASS  | [10.39 10.84 6.57]   / [10.36 10.77 6.57]   |                   | 53.1 / 47.6 
TF-2_r2      PASS  PASS  PASS  PASS  | [10.37 10.83 6.54]   / [10.35 10.78 6.53]   |                   | 53.1 / 47.6 
TF-2_r3      PASS  PASS  PASS  PASS  | [10.32 10.8 6.56]    / [10.3 10.76 6.56]    |                   | 53.1 / 47.6 
TF-2_r4      PASS  PASS  PASS  PASS  | [10.4 10.83 6.55]    / [10.39 10.79 6.54]   |                   | 53.1 / 47.6 
TF-3_r1      PASS  PASS  PASS  PASS  | [10.34 10.76 6.55]   / [10.32 10.71 6.54]   |                   | 53.1 / 47.5 
TF-3_r2      PASS  PASS  PASS  PASS  | [10.38 10.77 6.55]   / [10.35 10.69 6.55]   |                   | 53.1 / 47.5 
TF-3_r3      PASS  PASS  PASS  PASS  | [10.37 10.75 6.56]   / [10.36 10.67 6.57]   |                   | 53.1 / 47.5 
TF-3_r4      PASS  PASS  PASS  PASS  | [10.3 10.8 6.55]     / [10.27 10.74 6.55]   |                   | 53.1 / 47.5 
C3 / C4b / C8 / C14 on 48 saved records -> PASS
@@TDG_DONE@@
WATCHDOG SUMMARY exit=0 killed=False duration_s=103.8 samples=20 peak_tree_ws_mb=1,188 min_avail_ram_gb=2.58 min_C_free_gb=10.35 kill_reason=""
