job_id=70784
node_list=blade4
cpus_per_task=4
cuda_visible_devices=<unset>
Sun Jul 12 06:03:03 PM CEST 2026
=== CPU info ===
CPU(s):                                  64
On-line CPU(s) list:                     0-63
Model name:                              AMD EPYC 7742 64-Core Processor
Thread(s) per core:                      1
Core(s) per socket:                      64
Socket(s):                               1
NUMA node0 CPU(s):                       0-63
=== gantry_interconnect_dynamic CPU ===
Gym has been unmaintained since 2022 and does not support NumPy 2.0 amongst other critical functionality.
Please upgrade to Gymnasium, the maintained drop-in replacement of Gym, or contact the authors of your software and request that they upgrade.
Users of this version of Gym should be able to simply replace 'import gym' with 'import gymnasium as gym' in the vast majority of cases.
See the migration guide at https://gymnasium.farama.org/introduction/migration_guide/ for additional information.
Data dir (augmentation): /dataB1/dirk_van_den_berg/repos/LPV-LFR-Baseline-Augmentation/data/gantry/matlab/trajectory/augmentation
Loaded val augmented GT: x_logical=(48000, 6)  delta_a std=2.186e-05 m  vdelta_a std=2.160e-02 m/s
Loaded 14 train, 4 val, 4 test trajectories
  T1: 48000 samples  (T1_standstill_Ym30.mat)
  T2: 48000 samples  (T2_standstill_Ym15.mat)
  T3: 48000 samples  (T3_standstill_Y000.mat)
  T4: 48000 samples  (T4_standstill_Yp15.mat)
  T5: 48000 samples  (T5_standstill_Yp30.mat)
  T6: 48000 samples  (T6_ysweep_slow.mat)
  T7: 48000 samples  (T7_ysweep_fast.mat)
  T8: 48000 samples  (T8_ysweep_xmix.mat)
  T9: 48000 samples  (T9_aprbs_30.mat)
  T10: 48000 samples  (T10_aprbs_60.mat)
  T11: 48000 samples  (T11_aprbs_100.mat)
  T12: 48000 samples  (T12_aprbs_yaw.mat)
  T13: 48000 samples  (T13_lissajous.mat)
  T14: 48000 samples  (T14_lissajous_yaw.mat)

Configuration:
  MODE:           augmentation
  ENCODER_INIT:   linear_map
  ANN_ACTIVATION: tanh
  JOINT_ESTIM:    True
  SNR (noise):    None (noiseless)
  save_dir:       /dataB1/dirk_van_den_berg/repos/LPV-LFR-Baseline-Augmentation/simulations/gantry_subnet/augmentation_linear_map/70784
  NF_SECONDS:     0.1
  na_nb (samples): 17  (4.25 ms)
  Sampling rate:  4000 Hz (D=5)
  Dtype:          float32

Default hyperparameters (may be overridden by checkpoint):
  NX_ANN: 2
  n_nodes_per_layer: 16
  n_hidden_layers: 2
  up_sample: 1
  nf: 400
  na_nb: 17
  batch_size: 256
  lr: 1e-05
  epochs: 5
WARNING: baseline_states.npz not found, using finite-diff states for normalization
[orth] data-derived states: 14 records, 671762 samples
[orth] jac 1000/6718  34.3 samples/s
[orth] jac 2000/6718  34.3 samples/s
[orth] jac 3000/6718  34.3 samples/s
[orth] jac 4000/6718  34.3 samples/s
[orth] jac 5000/6718  34.3 samples/s
[orth] jac 6000/6718  34.3 samples/s
[orth] jacobians: 195.6 s
[orth] SVD: rank 11 kept (sigma[10]/sigma[0]=4.70e-06)
[orth] cached penalty basis: /dataB1/dirk_van_den_berg/repos/LPV-LFR-Baseline-Augmentation/simulations/gantry_subnet/augmentation_linear_map/orth_cache/orth_7b7ea28cab31.npz

Training: nf=400  epochs=5  val=sim-RMS  NX_ANN=2
Model already initilized (init_model_done=True), skipping initilizing of the model, the norm and the creation of the optimizer
Size of the training array =  63.8 MB
N_training_samples = 6664, batch_size = 256, N_batch_updates_per_epoch = 26
    [nf-probe] train nf-RMS=3.7527e-05   val nf-RMS=3.0718e-04 [m]  (@nf=400)
    [joint-probe] combo-err 132.46% (worst m_diff -418.0%) | orth-frac n/a (ANN~0) | V_orth 0.000e+00 | param_loss 0.000e+00
(0,)
Initial Validation sim-RMS= 0.004400743855512701

  0%|          | 0/130 [00:00<?, ?it/s]
  1%|          | 1/130 [00:04<09:53,  4.60s/it]
  2%|▏         | 2/130 [00:09<09:58,  4.67s/it]
  2%|▏         | 3/130 [00:13<09:51,  4.66s/it]
  3%|▎         | 4/130 [00:18<09:49,  4.68s/it]
  4%|▍         | 5/130 [00:23<09:40,  4.65s/it]
  5%|▍         | 6/130 [00:27<09:37,  4.66s/it]
  5%|▌         | 7/130 [00:32<09:31,  4.65s/it]
  6%|▌         | 8/130 [00:37<09:27,  4.66s/it]
  7%|▋         | 9/130 [00:41<09:22,  4.65s/it]
  8%|▊         | 10/130 [00:46<09:19,  4.67s/it]
  8%|▊         | 11/130 [00:51<09:17,  4.68s/it]
  9%|▉         | 12/130 [00:55<09:08,  4.65s/it]
 10%|█         | 13/130 [01:00<09:06,  4.67s/it]
 11%|█         | 14/130 [01:05<08:58,  4.65s/it]
 12%|█▏        | 15/130 [01:09<08:56,  4.67s/it]
 12%|█▏        | 16/130 [01:14<08:49,  4.64s/it]
 13%|█▎        | 17/130 [01:19<08:45,  4.65s/it]
 14%|█▍        | 18/130 [01:23<08:44,  4.69s/it]
 15%|█▍        | 19/130 [01:28<08:37,  4.66s/it]
 15%|█▌        [nf-probe] train nf-RMS=6.3891e-05   val nf-RMS=2.9901e-04 [m]  (@nf=400)
    [joint-probe] combo-err 132.11% (worst m_diff -416.9%) | orth-frac 0.258 | V_orth 1.406e-07 | param_loss 8.003e-11
(0,)
It   26, sqrt loss 0.007517, Val sim-RMS 0.004911, Time Loss: 20.2%, data: 0.0%, val: 79.7%, 23.0 sec/batch
    | 20/130 [01:33<08:34,  4.68s/it]
 16%|█▌        | 21/130 [01:37<08:27,  4.65s/it]
 17%|█▋        | 22/130 [01:42<08:24,  4.67s/it]
 18%|█▊        | 23/130 [01:47<08:21,  4.68s/it]
 18%|█▊        | 24/130 [01:51<08:13,  4.66s/it]
 19%|█▉        | 25/130 [01:56<08:09,  4.66s/it]
 20%|██        | 26/130 [09:57<4:15:57, 147.67s/it]
 21%|██        | 27/130 [10:02<2:59:52, 104.78s/it]
 22%|██▏       | 28/130 [10:07<2:07:01, 74.72s/it] 
 22%|██▏       | 29/130 [10:11<1:30:25, 53.72s/it]
 23%|██▎       | 30/130 [10:16<1:04:57, 38.98s/it]
 24%|██▍       | 31/130 [10:21<47:21, 28.70s/it]  
 25%|██▍       | 32/130 [10:25<35:02, 21.45s/it]
 25%|██▌       | 33/130 [10:30<26:35, 16.44s/it]
 26%|██▌       | 34/130 [10:35<20:40, 12.93s/it]
 27%|██▋       | 35/130 [10:39<16:30, 10.42s/it]
 28%|██▊       | 36/130 [10:44<13:38,  8.71s/it]
 28%|██▊       | 37/130 [10:49<11:33,  7.46s/it]
 29%|██▉       | 38/130 [10:53<10:11,  6.65s    [nf-probe] train nf-RMS=7.4025e-05   val nf-RMS=2.9184e-04 [m]  (@nf=400)
    [joint-probe] combo-err 131.78% (worst m_diff -415.9%) | orth-frac 0.227 | V_orth 3.793e-07 | param_loss 3.042e-10
(0,)
It   52, sqrt loss 0.007269, Val sim-RMS 0.004993, Time Loss: 20.2%, data: 0.1%, val: 79.7%, 23.0 sec/batch
/it]
 30%|███       | 39/130 [10:58<09:07,  6.02s/it]
 31%|███       | 40/130 [11:03<08:26,  5.62s/it]
 32%|███▏      | 41/130 [11:07<07:57,  5.37s/it]
 32%|███▏      | 42/130 [11:12<07:31,  5.13s/it]
 33%|███▎      | 43/130 [11:17<07:14,  4.99s/it]
 34%|███▍      | 44/130 [11:21<06:59,  4.87s/it]
 35%|███▍      | 45/130 [11:26<06:51,  4.84s/it]
 35%|███▌      | 46/130 [11:30<06:38,  4.75s/it]
 36%|███▌      | 47/130 [11:35<06:33,  4.74s/it]
 37%|███▋      | 48/130 [11:40<06:25,  4.71s/it]
 38%|███▊      | 49/130 [11:44<06:20,  4.70s/it]
 38%|███▊      | 50/130 [11:49<06:16,  4.70s/it]
 39%|███▉      | 51/130 [11:54<06:08,  4.67s/it]
 40%|████      | 52/130 [19:54<3:11:22, 147.21s/it]
 41%|████      | 53/130 [19:58<2:14:03, 104.46s/it]
 42%|████▏     | 54/130 [20:03<1:34:24, 74.53s/it] 
 42%|████▏     | 55/130 [20:08<1:06:56, 53.55s/it]
 43%|████▎     | 56/130 [20:12<47:57, 38.88s/it]  
 44%|████▍     | 57/130 [20:17<34:47, 28.59s/it]
 45%|████▍     | 58/130 [20:22<25:42, 21.43s/it]
 45%|████▌     | 59/130 [20:26<19:23, 16.39s/it]
 46%|████▌     | 60/130 [20:31<15:01, 12.87s/it]
 47%|████▋     | 61/130 [20:35<11:56, 10.39s/it]
 48%|████▊     | 62/130 [20:40<09:51,  8.70s/it]
 48%|████▊     | 63/130 [20:45<08:22,  7.49s/it]
 49%|████▉     | 64/130 [20:49<07:16,  6.62s/it]
 50%|█████     | 65/130 [20:54<06:34,  6.06s/it]
 51%|█████     | 66/130 [20:59<05:59,  5.62s/it]
 52%|█████▏    | 67/130 [21:03<05:37,  5.35s/it]
 52%|█████▏    | 68/130 [21:08<05:16,  5.11s/it]
 53%|█████▎    | 69/130 [21:13<05:04,  4.99s/it]
 54%|█████▍    | 70/130 [21:17<04:54,  4.91s/it]
 55%|█████▍    | 71/130 [21:22<04:44,  4.82s/it]
 55%|█████▌    | 72/130 [21:27<04:37,  4.78s/it]
 56%|█████▌    | 73/130 [21:31<04:    [nf-probe] train nf-RMS=8.3079e-05   val nf-RMS=2.7711e-04 [m]  (@nf=400)
    [joint-probe] combo-err 131.46% (worst m_diff -414.8%) | orth-frac 0.182 | V_orth 5.656e-07 | param_loss 6.570e-10
(0,)
It   78, sqrt loss 0.007108, Val sim-RMS 0.004646, Time Loss: 20.2%, data: 0.1%, val: 79.7%, 23.0 sec/batch
29,  4.73s/it]
 57%|█████▋    | 74/130 [21:36<04:23,  4.71s/it]
 58%|█████▊    | 75/130 [21:41<04:17,  4.67s/it]
 58%|█████▊    | 76/130 [21:45<04:13,  4.70s/it]
 59%|█████▉    | 77/130 [21:50<04:08,  4.69s/it]
 60%|██████    | 78/130 [29:50<2:07:41, 147.34s/it]
 61%|██████    | 79/130 [29:55<1:28:50, 104.51s/it]
 62%|██████▏   | 80/130 [30:00<1:02:08, 74.57s/it] 
 62%|██████▏   | 81/130 [30:04<43:47, 53.61s/it]  
 63%|██████▎   | 82/130 [30:09<31:07, 38.91s/it]
 64%|██████▍   | 83/130 [30:13<22:25, 28.63s/it]
 65%|██████▍   | 84/130 [30:18<16:25, 21.42s/it]
 65%|██████▌   | 85/130 [30:23<12:18, 16.40s/it]
 66%|██████▌   | 86/130 [30:28<09:28, 12.91s/it]
 67%|██████▋   | 87/130 [30:32<07:27, 10.41s/it]
 68%|██████▊   | 88/130 [30:37<06:04,  8.69s/it]
 68%|██████▊   | 89/130 [30:41<05:05,  7.46s/it]
 6    [nf-probe] train nf-RMS=9.4246e-05   val nf-RMS=2.7116e-04 [m]  (@nf=400)
    [joint-probe] combo-err 131.15% (worst m_diff -413.9%) | orth-frac 0.140 | V_orth 6.858e-07 | param_loss 1.130e-09
(0,)
It  104, sqrt loss 0.006954, Val sim-RMS 0.004475, Time Loss: 20.2%, data: 0.1%, val: 79.7%, 23.0 sec/batch
9%|██████▉   | 90/130 [30:46<04:25,  6.65s/it]
 70%|███████   | 91/130 [30:51<03:54,  6.01s/it]
 71%|███████   | 92/130 [30:55<03:34,  5.64s/it]
 72%|███████▏  | 93/130 [31:00<03:17,  5.34s/it]
 72%|███████▏  | 94/130 [31:05<03:04,  5.12s/it]
 73%|███████▎  | 95/130 [31:09<02:54,  4.99s/it]
 74%|███████▍  | 96/130 [31:14<02:45,  4.87s/it]
 75%|███████▍  | 97/130 [31:19<02:39,  4.83s/it]
 75%|███████▌  | 98/130 [31:23<02:31,  4.74s/it]
 76%|███████▌  | 99/130 [31:28<02:27,  4.74s/it]
 77%|███████▋  | 100/130 [31:33<02:21,  4.72s/it]
 78%|███████▊  | 101/130 [31:37<02:16,  4.69s/it]
 78%|███████▊  | 102/130 [31:42<02:11,  4.69s/it]
 79%|███████▉  | 103/130 [31:47<02:05,  4.66s/it]
 80%|████████  | 104/130 [39:48<1:03:58, 147.63s/it]
 81%|████████  | 105/130 [39:52<43:37, 104.72s/it]  
 82%|████████▏ | 106/130 [39:57<29:52, 74.70s/it] 
 82%|████████▏ | 107/130 [40:02<20:34, 53.67s/it]
 83%|████████▎ | 108/130 [40:06<14:17, 38.99s/it]
 84%|████████▍ | 109/130 [40:11<10:02, 28.71s/it]
 85%|████████▍ | 110/130 [40:16<07:09, 21.46s/it]
 85%|████████▌ | 111/130 [40:20<05:12, 16.45s/it]
 86%|████████▌ | 112/130 [40:25<03:51, 12.88s/it]
 87%|████████▋ | 113/130 [40:30<02:57, 10.43s/it]
 88%|████████▊ | 114/130 [40:34<02:18,  8.68s/it]
 88%|████████▊ | 115/130 [40:39<01:52,  7.49s/it]
 89%|████████▉ | 116/130 [40:44<01:33,  6.66s/it]
 90%|█████████ | 117/130 [40:48<01:18,  6.05s/it]
 91%|█████████ | 118/130 [40:53<01:07,  5.65s/it]
 92%|█████████▏| 119/130 [40:58<00:58,  5.34s/it]
 92%|█████████▏| 120/130 [41:    [nf-probe] train nf-RMS=9.7045e-05   val nf-RMS=2.6875e-04 [m]  (@nf=400)
    [joint-probe] combo-err 130.84% (worst m_diff -412.9%) | orth-frac 0.108 | V_orth 7.590e-07 | param_loss 1.715e-09
(0,)
It  130, sqrt loss 0.006826, Val sim-RMS 0.004479, Time Loss: 20.2%, data: 0.1%, val: 79.7%, 23.0 sec/batch
02<00:51,  5.15s/it]
 93%|█████████▎| 121/130 [41:07<00:44,  4.97s/it]
 94%|█████████▍| 122/130 [41:12<00:39,  4.90s/it]
 95%|█████████▍| 123/130 [41:16<00:33,  4.85s/it]
 95%|█████████▌| 124/130 [41:21<00:28,  4.77s/it]
 96%|█████████▌| 125/130 [41:26<00:23,  4.76s/it]
 97%|█████████▋| 126/130 [41:30<00:18,  4.69s/it]
 98%|█████████▊| 127/130 [41:35<00:14,  4.70s/it]
 98%|█████████▊| 128/130 [41:40<00:09,  4.68s/it]
 99%|█████████▉| 129/130 [41:44<00:04,  4.69s/it]
100%|██████████| 130/130 [49:45<00:00, 147.59s/it]
100%|██████████| 130/130 [49:45<00:00, 22.97s/it] 
/dataB1/dirk_van_den_berg/conda-envs/GraduationProject/lib/python3.11/site-packages/deepSI/fit_systems/fit_system.py:501: FutureWarning: You are using `torch.load` with `weights_only=False` (the current default value), which uses the default pickle module implicitly. It is possible to construct malicious pickle data which will execute arbitrary code during unpickling (See https://github.com/pytorch/pytorch/blob/main/SECURITY.md#untrusted-models for more details). In a future release, the default value for `weights_only` will be flipped to `True`. This limits the functions that could be executed during unpickling. Arbitrary objects will no longer be allowed to be loaded via this mode unless they are explicitly allowlisted by the user via `torch.serialization.add_safe_globals`. We recommend you start setting `weights_only=True` for any use case where you don't have full control of the loaded file. Please open an issue on GitHub for any issues related to this experimental feature.
  self.__dict__ = torch.load(file)
Loaded model with best known validation sim-RMS of 0.004401 which happened on epoch 0 (epoch_id=0.00)
  val nf-window RMS (400-step): first=3.0718e-04  best=3.0718e-04  last=3.0718e-04 [m]  (sim-RMS selector unchanged)
  train nf-window RMS (400-step): first=3.7527e-05  best=3.7527e-05  last=3.7527e-05 [m]
  Checkpoint weights: /dataB1/dirk_van_den_berg/repos/LPV-LFR-Baseline-Augmentation/simulations/gantry_subnet/augmentation_linear_map/70784/gantry_ckpt_70784.pt
Training done | 5 ep | 3461s | bestfit=0.00440  R2_linmap: delta_a=+0.0060  vdelta_a=+0.1640
  Checkpoint meta: /dataB1/dirk_van_den_berg/repos/LPV-LFR-Baseline-Augmentation/simulations/gantry_subnet/augmentation_linear_map/70784/gantry_ckpt_70784.npz

Training complete. Best validation sim-RMS: 0.004401

Computing baseline FP RMS/NRMS (fixed reference, no MSD)...

=== Baseline FP model (val, true x0 @K0, no MSD, reference to beat) ===
            NRMS          RMS
  X1:    0.0001  4.189e-06 m
  X2:    0.0001  4.194e-06 m
  Y :    0.0039  7.326e-04 m
  aggregate sim-RMS (same formula as validation loss): 4.2298e-04 m

=== Baseline FP model (test E1, true x0 @K0, no MSD, reference to beat) ===
            NRMS          RMS
  X1:    0.0000  1.952e-08 m
  X2:    0.0000  1.907e-08 m
  Y :    0.0000  1.565e-06 m
  aggregate sim-RMS (same formula as validation loss): 9.0348e-07 m

=== Baseline FP model (val, encoder-init (untrained linear map), no MSD, reference to beat) ===
            NRMS          RMS
  X1:    0.0000  9.372e-07 m
  X2:    0.0000  9.137e-07 m
  Y :    0.0011  2.108e-04 m
  aggregate sim-RMS (same formula as validation loss): 1.2174e-04 m

=== Baseline FP model (test E1, encoder-init (untrained linear map), no MSD, reference to beat) ===
            NRMS          RMS
  X1:    0.0000  1.952e-08 m
  X2:    0.0000  1.907e-08 m
  Y :    0.0000  1.565e-06 m
  aggregate sim-RMS (same formula as validation loss): 9.0348e-07 m
Validation-set NRMS per record (augmented, avg from K0):
  V1_standstill_Yp10.mat: [0.00055488 0.00055466 0.00265445]
