job_id=70799
node_list=blade4
cpus_per_task=4
cuda_visible_devices=<unset>
Sun Jul 12 07:39:56 PM CEST 2026
=== CPU info ===
CPU(s):                                  64
On-line CPU(s) list:                     0-63
Model name:                              AMD EPYC 7742 64-Core Processor
Thread(s) per core:                      1
Core(s) per socket:                      64
Socket(s):                               1
NUMA node0 CPU(s):                       0-63
=== gantry_interconnect_dynamic CPU ===
Gym has been unmaintained since 2022 and does not support NumPy 2.0 amongst other critical functionality.
Please upgrade to Gymnasium, the maintained drop-in replacement of Gym, or contact the authors of your software and request that they upgrade.
Users of this version of Gym should be able to simply replace 'import gym' with 'import gymnasium as gym' in the vast majority of cases.
See the migration guide at https://gymnasium.farama.org/introduction/migration_guide/ for additional information.
Data dir (augmentation): /dataB1/dirk_van_den_berg/repos/LPV-LFR-Baseline-Augmentation/data/gantry/matlab/trajectory/augmentation
Loaded val augmented GT: x_logical=(48000, 6)  delta_a std=2.186e-05 m  vdelta_a std=2.160e-02 m/s
Loaded 14 train, 4 val, 4 test trajectories
  T1: 48000 samples  (T1_standstill_Ym30.mat)
  T2: 48000 samples  (T2_standstill_Ym15.mat)
  T3: 48000 samples  (T3_standstill_Y000.mat)
  T4: 48000 samples  (T4_standstill_Yp15.mat)
  T5: 48000 samples  (T5_standstill_Yp30.mat)
  T6: 48000 samples  (T6_ysweep_slow.mat)
  T7: 48000 samples  (T7_ysweep_fast.mat)
  T8: 48000 samples  (T8_ysweep_xmix.mat)
  T9: 48000 samples  (T9_aprbs_30.mat)
  T10: 48000 samples  (T10_aprbs_60.mat)
  T11: 48000 samples  (T11_aprbs_100.mat)
  T12: 48000 samples  (T12_aprbs_yaw.mat)
  T13: 48000 samples  (T13_lissajous.mat)
  T14: 48000 samples  (T14_lissajous_yaw.mat)

Configuration:
  MODE:           augmentation
  ENCODER_INIT:   linear_map
  ANN_ACTIVATION: tanh
  JOINT_ESTIM:    False
  SNR (noise):    None (noiseless)
  save_dir:       /dataB1/dirk_van_den_berg/repos/LPV-LFR-Baseline-Augmentation/simulations/gantry_subnet/augmentation_linear_map/70799
  NF_SECONDS:     0.1
  na_nb (samples): 17  (4.25 ms)
  Sampling rate:  4000 Hz (D=5)
  Dtype:          float32

Default hyperparameters (may be overridden by checkpoint):
  NX_ANN: 2
  n_nodes_per_layer: 16
  n_hidden_layers: 2
  up_sample: 1
  nf: 400
  na_nb: 17
  batch_size: 256
  lr: 1e-07
  epochs: 5
WARNING: baseline_states.npz not found, using finite-diff states for normalization
[orth] data-derived states: 14 records, 671762 samples
[orth] jac 1000/6718  34.3 samples/s
[orth] jac 2000/6718  34.3 samples/s
[orth] jac 3000/6718  34.3 samples/s
[orth] jac 4000/6718  34.3 samples/s
[orth] jac 5000/6718  34.4 samples/s
[orth] jac 6000/6718  34.3 samples/s
[orth] jacobians: 195.2 s
[orth] SVD: rank 11 kept (sigma[10]/sigma[0]=4.56e-06)
[orth] cached penalty basis: /dataB1/dirk_van_den_berg/repos/LPV-LFR-Baseline-Augmentation/simulations/gantry_subnet/augmentation_linear_map/orth_cache/orth_4f40273e8745.npz

Training: nf=400  epochs=5  val=sim-RMS  NX_ANN=2
Model already initilized (init_model_done=True), skipping initilizing of the model, the norm and the creation of the optimizer
Size of the training array =  63.8 MB
N_training_samples = 6664, batch_size = 256, N_batch_updates_per_epoch = 26
    [nf-probe] train nf-RMS=3.8073e-05   val nf-RMS=4.3857e-05 [m]  (@nf=400)
    [joint-probe] combo-err n/a (theta frozen) | orth-frac n/a (ANN~0) | V_orth 0.000e+00 | param_loss 0.000e+00
(0,)
Initial Validation sim-RMS= 0.000166137600899674

  0%|          | 0/130 [00:00<?, ?it/s]
  1%|          | 1/130 [00:03<06:27,  3.01s/it]
  2%|▏         | 2/130 [00:05<06:23,  2.99s/it]
  2%|▏         | 3/130 [00:09<06:27,  3.05s/it]
  3%|▎         | 4/130 [00:12<06:22,  3.04s/it]
  4%|▍         | 5/130 [00:15<06:15,  3.01s/it]
  5%|▍         | 6/130 [00:18<06:13,  3.01s/it]
  5%|▌         | 7/130 [00:21<06:13,  3.04s/it]
  6%|▌         | 8/130 [00:24<06:09,  3.03s/it]
  7%|▋         | 9/130 [00:27<06:04,  3.02s/it]
  8%|▊         | 10/130 [00:30<06:05,  3.05s/it]
  8%|▊         | 11/130 [00:33<06:00,  3.03s/it]
  9%|▉         | 12/130 [00:36<05:55,  3.02s/it]
 10%|█         | 13/130 [00:39<05:51,  3.01s/it]
 11%|█         | 14/130 [00:42<05:51,  3.03s/it]
 12%|█▏        | 15/130 [00:45<05:48,  3.03s/it]
 12%|█▏        | 16/130 [00:48<05:42,  3.01s/it]
 13%|█▎        | 17/130 [00:51<05:39,  3.00s/it]
 14%|█▍        | 18/130 [00:54<05:40,  3.04s/it]
 15%|█▍        | 19/130 [00:57<05:35,  3.02s/it]
 15%|█▌        [nf-probe] train nf-RMS=3.7595e-05   val nf-RMS=4.3203e-05 [m]  (@nf=400)
    [joint-probe] combo-err n/a (theta frozen) | orth-frac 0.209 | V_orth 0.000e+00 | param_loss 0.000e+00
(0,)
It   26, sqrt loss 0.001172, Val sim-RMS 0.0001844, Time Loss: 19.2%, data: 0.1%, val: 80.7%, 15.7 sec/batch
    | 20/130 [01:00<05:30,  3.01s/it]
 16%|█▌        | 21/130 [01:03<05:31,  3.04s/it]
 17%|█▋        | 22/130 [01:06<05:27,  3.03s/it]
 18%|█▊        | 23/130 [01:09<05:22,  3.01s/it]
 18%|█▊        | 24/130 [01:12<05:23,  3.05s/it]
 19%|█▉        | 25/130 [01:15<05:17,  3.02s/it]
 20%|██        | 26/130 [06:48<2:56:33, 101.86s/it]
 21%|██        | 27/130 [06:51<2:03:56, 72.19s/it] 
 22%|██▏       | 28/130 [06:53<1:27:25, 51.42s/it]
 22%|██▏       | 29/130 [06:57<1:02:09, 36.93s/it]
 23%|██▎       | 30/130 [07:00<44:34, 26.75s/it]  
 24%|██▍       | 31/130 [07:03<32:22, 19.63s/it]
 25%|██▍       | 32/130 [07:06<23:57, 14.67s/it]
 25%|██▌       | 33/130 [07:09<18:02, 11.16s/it]
 26%|██▌       | 34/130 [07:12<13:56,  8.72s/it]
 27%|██▋       | 35/130 [07:15<11:04,  7.00s/it]
 28%|██▊       | 36/130 [07:18<09:07,  5.83s/it]
 28%|██▊       | 37/130 [07:21<07:43,  4.98s/it]
 29%|██▉       | 38/130 [07:24<06:42,  4.38s/it    [nf-probe] train nf-RMS=3.7176e-05   val nf-RMS=4.2791e-05 [m]  (@nf=400)
    [joint-probe] combo-err n/a (theta frozen) | orth-frac 0.200 | V_orth 0.000e+00 | param_loss 0.000e+00
(0,)
It   52, sqrt loss 0.00117, Val sim-RMS 0.0002076, Time Loss: 19.2%, data: 0.1%, val: 80.7%, 15.7 sec/batch
]
 30%|███       | 39/130 [07:27<06:00,  3.96s/it]
 31%|███       | 40/130 [07:30<05:34,  3.71s/it]
 32%|███▏      | 41/130 [07:33<05:11,  3.50s/it]
 32%|███▏      | 42/130 [07:36<04:54,  3.34s/it]
 33%|███▎      | 43/130 [07:39<04:44,  3.28s/it]
 34%|███▍      | 44/130 [07:42<04:34,  3.19s/it]
 35%|███▍      | 45/130 [07:45<04:25,  3.13s/it]
 35%|███▌      | 46/130 [07:48<04:22,  3.12s/it]
 36%|███▌      | 47/130 [07:51<04:15,  3.08s/it]
 37%|███▋      | 48/130 [07:54<04:10,  3.05s/it]
 38%|███▊      | 49/130 [07:57<04:05,  3.03s/it]
 38%|███▊      | 50/130 [08:00<04:03,  3.05s/it]
 39%|███▉      | 51/130 [08:03<03:59,  3.03s/it]
 40%|████      | 52/130 [13:36<2:12:29, 101.91s/it]
 41%|████      | 53/130 [13:39<1:32:41, 72.23s/it] 
 42%|████▏     | 54/130 [13:42<1:05:13, 51.49s/it]
 42%|████▏     | 55/130 [13:45<46:11, 36.95s/it]  
 43%|████▎     | 56/130 [13:48<32:59, 26.76s/it]
 44%|████▍     | 57/130 [13:51<23:52, 19.62s/it]
 45%|████▍     | 58/130 [13:54<17:35, 14.66s/it]
 45%|████▌     | 59/130 [13:57<13:12, 11.16s/it]
 46%|████▌     | 60/130 [14:00<10:09,  8.70s/it]
 47%|████▋     | 61/130 [14:03<08:04,  7.03s/it]
 48%|████▊     | 62/130 [14:06<06:35,  5.82s/it]
 48%|████▊     | 63/130 [14:09<05:32,  4.97s/it]
 49%|████▉     | 64/130 [14:12<04:48,  4.37s/it]
 50%|█████     | 65/130 [14:15<04:19,  3.99s/it]
 51%|█████     | 66/130 [14:18<03:56,  3.69s/it]
 52%|█████▏    | 67/130 [14:21<03:39,  3.48s/it]
 52%|█████▏    | 68/130 [14:24<03:28,  3.36s/it]
 53%|█████▎    | 69/130 [14:27<03:18,  3.25s/it]
 54%|█████▍    | 70/130 [14:30<03:10,  3.17s/it]
 55%|█████▍    | 71/130 [14:33<03:03,  3.11s/it]
 55%|█████▌    | 72/130 [14:36<03:00,  3.11s/it]
 56%|█████▌    | 73/130 [14:39<02:55,  3    [nf-probe] train nf-RMS=3.6920e-05   val nf-RMS=4.2453e-05 [m]  (@nf=400)
    [joint-probe] combo-err n/a (theta frozen) | orth-frac 0.211 | V_orth 0.000e+00 | param_loss 0.000e+00
(0,)
It   78, sqrt loss 0.001168, Val sim-RMS 0.0002237, Time Loss: 19.2%, data: 0.1%, val: 80.8%, 15.7 sec/batch
.08s/it]
 57%|█████▋    | 74/130 [14:42<02:50,  3.05s/it]
 58%|█████▊    | 75/130 [14:45<02:48,  3.07s/it]
 58%|█████▊    | 76/130 [14:48<02:44,  3.04s/it]
 59%|█████▉    | 77/130 [14:51<02:40,  3.02s/it]
 60%|██████    | 78/130 [20:23<1:28:14, 101.81s/it]
 61%|██████    | 79/130 [20:27<1:01:22, 72.20s/it] 
 62%|██████▏   | 80/130 [20:30<42:51, 51.43s/it]  
 62%|██████▏   | 81/130 [20:33<30:08, 36.90s/it]
 63%|██████▎   | 82/130 [20:36<21:22, 26.73s/it]
 64%|██████▍   | 83/130 [20:39<15:23, 19.64s/it]
 65%|██████▍   | 84/130 [20:42<11:13, 14.64s/it]
 65%|██████▌   | 85/130 [20:45<08:21, 11.14s/it]
 66%|██████▌   | 86/130 [20:48<06:24,  8.73s/it]
 67%|██████▋   | 87/130 [20:51<05:01,  7.01s/it]
 68%|██████▊   | 88/130 [20:54<04:03,  5.79s/it]
 68%|██████▊   | 89/130 [20:57<03:23,  4.96s/it]
 69%|██