job_id=70783
node_list=blade4
cpus_per_task=4
cuda_visible_devices=<unset>
Sun Jul 12 06:02:31 PM CEST 2026
=== CPU info ===
CPU(s):                                  64
On-line CPU(s) list:                     0-63
Model name:                              AMD EPYC 7742 64-Core Processor
Thread(s) per core:                      1
Core(s) per socket:                      64
Socket(s):                               1
NUMA node0 CPU(s):                       0-63
=== gantry_interconnect_dynamic CPU ===
Gym has been unmaintained since 2022 and does not support NumPy 2.0 amongst other critical functionality.
Please upgrade to Gymnasium, the maintained drop-in replacement of Gym, or contact the authors of your software and request that they upgrade.
Users of this version of Gym should be able to simply replace 'import gym' with 'import gymnasium as gym' in the vast majority of cases.
See the migration guide at https://gymnasium.farama.org/introduction/migration_guide/ for additional information.
Data dir (augmentation): /dataB1/dirk_van_den_berg/repos/LPV-LFR-Baseline-Augmentation/data/gantry/matlab/trajectory/augmentation
Loaded val augmented GT: x_logical=(48000, 6)  delta_a std=2.186e-05 m  vdelta_a std=2.160e-02 m/s
Loaded 14 train, 4 val, 4 test trajectories
  T1: 48000 samples  (T1_standstill_Ym30.mat)
  T2: 48000 samples  (T2_standstill_Ym15.mat)
  T3: 48000 samples  (T3_standstill_Y000.mat)
  T4: 48000 samples  (T4_standstill_Yp15.mat)
  T5: 48000 samples  (T5_standstill_Yp30.mat)
  T6: 48000 samples  (T6_ysweep_slow.mat)
  T7: 48000 samples  (T7_ysweep_fast.mat)
  T8: 48000 samples  (T8_ysweep_xmix.mat)
  T9: 48000 samples  (T9_aprbs_30.mat)
  T10: 48000 samples  (T10_aprbs_60.mat)
  T11: 48000 samples  (T11_aprbs_100.mat)
  T12: 48000 samples  (T12_aprbs_yaw.mat)
  T13: 48000 samples  (T13_lissajous.mat)
  T14: 48000 samples  (T14_lissajous_yaw.mat)

Configuration:
  MODE:           augmentation
  ENCODER_INIT:   linear_map
  ANN_ACTIVATION: tanh
  JOINT_ESTIM:    True
  SNR (noise):    None (noiseless)
  save_dir:       /dataB1/dirk_van_den_berg/repos/LPV-LFR-Baseline-Augmentation/simulations/gantry_subnet/augmentation_linear_map/70783
  NF_SECONDS:     0.1
  na_nb (samples): 17  (4.25 ms)
  Sampling rate:  4000 Hz (D=5)
  Dtype:          float32

Default hyperparameters (may be overridden by checkpoint):
  NX_ANN: 2
  n_nodes_per_layer: 16
  n_hidden_layers: 2
  up_sample: 1
  nf: 400
  na_nb: 17
  batch_size: 256
  lr: 1e-05
  epochs: 1
WARNING: baseline_states.npz not found, using finite-diff states for normalization
[orth] data-derived states: 14 records, 671762 samples
[orth] jac 1000/6718  34.0 samples/s
[orth] jac 2000/6718  34.1 samples/s
[orth] jac 3000/6718  34.2 samples/s
[orth] jac 4000/6718  34.2 samples/s
[orth] jac 5000/6718  34.2 samples/s
[orth] jac 6000/6718  34.2 samples/s
[orth] jacobians: 196.2 s
[orth] SVD: rank 11 kept (sigma[10]/sigma[0]=4.70e-06)
[orth] cached penalty basis: /dataB1/dirk_van_den_berg/repos/LPV-LFR-Baseline-Augmentation/simulations/gantry_subnet/augmentation_linear_map/orth_cache/orth_7b7ea28cab31.npz

Training: nf=400  epochs=1  val=sim-RMS  NX_ANN=2
Model already initilized (init_model_done=True), skipping initilizing of the model, the norm and the creation of the optimizer
Size of the training array =  63.8 MB
N_training_samples = 6664, batch_size = 256, N_batch_updates_per_epoch = 26
    [nf-probe] train nf-RMS=3.7527e-05   val nf-RMS=3.0718e-04 [m]  (@nf=400)
    [joint-probe] combo-err 132.46% (worst m_diff -418.0%) | orth-frac n/a (ANN~0) | V_orth 0.000e+00 | param_loss 0.000e+00
(0,)
Initial Validation sim-RMS= 0.004400743855512701

  0%|          | 0/26 [00:00<?, ?it/s]
  4%|▍         | 1/26 [00:04<01:55,  4.63s/it]
  8%|▊         | 2/26 [00:09<01:52,  4.69s/it]
 12%|█▏        | 3/26 [00:14<01:47,  4.67s/it]
 15%|█▌        | 4/26 [00:18<01:42,  4.68s/it]
 19%|█▉        | 5/26 [00:23<01:37,  4.65s/it]
 23%|██▎       | 6/26 [00:28<01:33,  4.68s/it]
 27%|██▋       | 7/26 [00:32<01:28,  4.66s/it]
 31%|███       | 8/26 [00:37<01:24,  4.68s/it]
 35%|███▍      | 9/26 [00:41<01:19,  4.66s/it]
 38%|███▊      | 10/26 [00:46<01:14,  4.68s/it]
 42%|████▏     | 11/26 [00:51<01:10,  4.70s/it]
 46%|████▌     | 12/26 [00:56<01:05,  4.68s/it]
 50%|█████     | 13/26 [01:00<01:00,  4.68s/it]
 54%|█████▍    | 14/26 [01:05<00:56,  4.67s/it]
 58%|█████▊    | 15/26 [01:10<00:51,  4.67s/it]
 62%|██████▏   | 16/26 [01:14<00:46,  4.67s/it]
 65%|██████▌   | 17/26 [01:19<00:42,  4.67s/it]
 69%|██████▉   | 18/26 [01:24<0    [nf-probe] train nf-RMS=6.3891e-05   val nf-RMS=2.9901e-04 [m]  (@nf=400)
    [joint-probe] combo-err 132.11% (worst m_diff -416.9%) | orth-frac 0.258 | V_orth 1.406e-07 | param_loss 8.003e-11
(0,)
It   26, sqrt loss 0.007517, Val sim-RMS 0.004911, Time Loss: 20.0%, data: 0.2%, val: 79.8%, 23.2 sec/batch
0:37,  4.69s/it]
 73%|███████▎  | 19/26 [01:28<00:32,  4.66s/it]
 77%|███████▋  | 20/26 [01:33<00:28,  4.68s/it]
 81%|████████  | 21/26 [01:38<00:23,  4.66s/it]
 85%|████████▍ | 22/26 [01:42<00:18,  4.68s/it]
 88%|████████▊ | 23/26 [01:47<00:14,  4.70s/it]
 92%|█████████▏| 24/26 [01:52<00:09,  4.67s/it]
 96%|█████████▌| 25/26 [01:56<00:04,  4.69s/it]
100%|██████████| 26/26 [10:02<00:00, 149.04s/it]
100%|██████████| 26/26 [10:02<00:00, 23.18s/it] 
/dataB1/dirk_van_den_berg/conda-envs/GraduationProject/lib/python3.11/site-packages/deepSI/fit_systems/fit_system.py:501: FutureWarning: You are using `torch.load` with `weights_only=False` (the current default value), which uses the default pickle module implicitly. It is possible to construct malicious pickle data which will execute arbitrary code during unpickling (See https://github.com/pytorch/pytorch/blob/main/SECURITY.md#untrusted-models for more details). In a future release, the default value for `weights_only` will be flipped to `True`. This limits the functions that could be executed during unpickling. Arbitrary objects will no longer be allowed to be loaded via this mode unless they are explicitly allowlisted by the user via `torch.serialization.add_safe_globals`. We recommend you start setting `weights_only=True` for any use case where you don't have full control of the loaded file. Please open an issue on GitHub for any issues related to this experimental feature.
  self.__dict__ = torch.load(file)
Loaded model with best known validation sim-RMS of 0.004401 which happened on epoch 0 (epoch_id=0.00)
  val nf-window RMS (400-step): first=3.0718e-04  best=3.0718e-04  last=3.0718e-04 [m]  (sim-RMS selector unchanged)
  train nf-window RMS (400-step): first=3.7527e-05  best=3.7527e-05  last=3.7527e-05 [m]
  Checkpoint weights: /dataB1/dirk_van_den_berg/repos/LPV-LFR-Baseline-Augmentation/simulations/gantry_subnet/augmentation_linear_map/70783/gantry_ckpt_70783.pt
Training done | 1 ep | 1083s | bestfit=0.00440  R2_linmap: delta_a=+0.0060  vdelta_a=+0.1640
  Checkpoint meta: /dataB1/dirk_van_den_berg/repos/LPV-LFR-Baseline-Augmentation/simulations/gantry_subnet/augmentation_linear_map/70783/gantry_ckpt_70783.npz

Training complete. Best validation sim-RMS: 0.004401

Computing baseline FP RMS/NRMS (fixed reference, no MSD)...

=== Baseline FP model (val, true x0 @K0, no MSD, reference to beat) ===
            NRMS          RMS
  X1:    0.0001  4.189e-06 m
  X2:    0.0001  4.194e-06 m
  Y :    0.0039  7.326e-04 m
  aggregate sim-RMS (same formula as validation loss): 4.2298e-04 m

=== Baseline FP model (test E1, true x0 @K0, no MSD, reference to beat) ===
            NRMS          RMS
  X1:    0.0000  1.952e-08 m
  X2:    0.0000  1.907e-08 m
  Y :    0.0000  1.565e-06 m
  aggregate sim-RMS (same formula as validation loss): 9.0348e-07 m

=== Baseline FP model (val, encoder-init (untrained linear map), no MSD, reference to beat) ===
            NRMS          RMS
  X1:    0.0000  9.372e-07 m
  X2:    0.0000  9.137e-07 m
  Y :    0.0011  2.108e-04 m
  aggregate sim-RMS (same formula as validation loss): 1.2174e-04 m

=== Baseline FP model (test E1, encoder-init (untrained linear map), no MSD, reference to beat) ===
            NRMS          RMS
  X1:    0.0000  1.952e-08 m
  X2:    0.0000  1.907e-08 m
  Y :    0.0000  1.565e-06 m
  aggregate sim-RMS (same formula as validation loss): 9.0348e-07 m
Validation-set NRMS per record (augmented, avg from K0):
  V1_standstill_Yp10.mat: [0.00055488 0.00055466 0.00265445]
  V2_aprbs_Ylow.mat: [0.09766249 0.10215376 0.02349807]
  V3_ysweep_Yp10.mat: [0.00374969 0.00374961 0.05130434]
  V4_lissajous_Ym10.mat: [0.02519252 0.03802936 0.07236218]
  mean: [0.03178989 0.03612185 0.03745476]
Test-set NRMS per record (augmented, avg from K0):
  E1_resonance_sweep.mat: [1.4773172e-05 1.4859019e-05 8.5996026e-06]
  E2_multisine_Yp22.mat: [0.00507609 0.00507509 0.00043542]
  E3_aprbs_above.mat: [0.7693238  0.77038103 0.08741306]
  E4_multisine_off.mat: [0.3445604  0.3463574  0.08259854]
  mean: [0.27974376 0.28045708 0.0426139 ]
Saved model: /dataB1/dirk_van_den_berg/repos/LPV-LFR-Baseline-Augmentation/simulations/gantry_subnet/augmentation_linear_map/70783/gantry_70783

=== Joint estimation: identifiable combinations (best checkpoint) ===
  Identifiable combinations (raw trained, combos trusted):
Quantity          True        Init     Learned    delta%
--------------------------------------------------------
kb_sum       3975.0000   4372.5000   4372.5000   +10.00%
cg1            14.5000     15.9500     15.9500   +10.00%
cg2            20.3000     18.2700     18.2700   -10.00%
cy             10.0000     11.0000     11.0000   +10.00%
cb_sum         18.0000     16.2000     16.2000   -10.00%
mh             10.1000      9.0900      9.0900   -10.00%
m_total        43.7000     45.9300     45.9300    +5.10%
m_diff         -0.5000      1.5900      1.5900  -418.00%
J_eff           3.7964      3.6848      3.6848    -2.94%
d               0.1000      0.1100      0.1100   +10.00%

=== Joint estimation: raw parameters (init vs learned) ===
  param            init      learned     delta
  kb1         2186.2500    2186.2500    +0.00%
  kb2         2186.2500    2186.2500    +0.00%
  cg1           15.9500      15.9500    +0.00%
  cg2           18.2700      18.2700    +0.00%
  cy            11.0000      11.0000    +0.00%
  cb1            8.1000       8.1000    +0.00%
  cb2            8.1000       8.1000    +0.00%
  mh             9.0900       9.0900    +0.00%
  m1            11.2200      11.2200    +0.00%
  m2             9.6300       9.6300    +0.00%
  mb            25.0800      25.0800    +0.00%
  Jb             0.9000       0.9000    +0.00%
  Jh             0.0450       0.0450    +0.00%
  d              0.1100       0.1100    +0.00%

== E. STANDALONE-BASELINE TEST (negation detector, plan Step 10) ==

=== Baseline FP model (val, STANDALONE theta_hat (ANN stripped), no MSD, reference to beat) ===
            NRMS          RMS
  X1:    0.0004  1.246e-05 m
  X2:    0.0004  1.246e-05 m
  Y :    0.0004  6.856e-05 m
  aggregate sim-RMS (same formula as validation loss): 4.0871e-05 m

=== Baseline FP model (val, STANDALONE theta_init (anchor), no MSD, reference to beat) ===
            NRMS          RMS
  X1:    0.0004  1.246e-05 m
  X2:    0.0004  1.246e-05 m
  Y :    0.0004  6.856e-05 m
  aggregate sim-RMS (same formula as validation loss): 4.0871e-05 m

=== Baseline FP model (val, nominal theta_0, no MSD, reference to beat) ===
            NRMS          RMS
  X1:    0.0001  4.189e-06 m
  X2:    0.0001  4.194e-06 m
  Y :    0.0039  7.326e-04 m
  aggregate sim-RMS (same formula as validation loss): 4.2298e-04 m
  [val] aggregate sim-RMS [m]:  theta_hat 4.0871e-05   theta_init 4.0871e-05   nominal 4.2298e-04
  [val] ratios:  hat/nominal = 0.097   hat/init = 1.000   (>>1 vs nominal = negation; <1 vs init = recovery)

=== Baseline FP model (test, STANDALONE theta_hat (ANN stripped), no MSD, reference to beat) ===
            NRMS          RMS
  X1:    0.0000  4.776e-07 m
  X2:    0.0000  4.805e-07 m
  Y :    0.0000  1.635e-06 m
  aggregate sim-RMS (same formula as validation loss): 1.0218e-06 m

=== Baseline FP model (test, STANDALONE theta_init (anchor), no MSD, reference to beat) ===
            NRMS          RMS
  X1:    0.0000  4.776e-07 m
  X2:    0.0000  4.805e-07 m
  Y :    0.0000  1.635e-06 m
  aggregate sim-RMS (same formula as validation loss): 1.0218e-06 m

=== Baseline FP model (test, nominal theta_0, no MSD, reference to beat) ===
            NRMS          RMS
  X1:    0.0000  1.952e-08 m
  X2:    0.0000  1.907e-08 m
  Y :    0.0000  1.565e-06 m
  aggregate sim-RMS (same formula as validation loss): 9.0348e-07 m
  [test] aggregate sim-RMS [m]:  theta_hat 1.0218e-06   theta_init 1.0218e-06   nominal 9.0348e-07
  [test] ratios:  hat/nominal = 1.131   hat/init = 1.000   (>>1 vs nominal = negation; <1 vs init = recovery)

========================================================================
VERDICT (run 70783): ANN inactive (aug states ~0)
  augmentation vs baseline (same init): X1 -1814.1%  X2 -1862.9%  Y -139.4%
  recovery: combo-err 132.46% -> 132.46%   orth-frac final nan
  standalone [val]: hat/nominal 0.097   hat/init 1.000   (>>1 vs nominal = negation)
  standalone [test]: hat/nominal 1.131   hat/init 1.000   (>>1 vs nominal = negation)
========================================================================

== A. MODEL QUALITY: validation (V1) ==
  base = baseline FP (enc-init)   ref[0] = baseline FP (true-x0)   ref[1] = oracle FP+MSD (true-x0)
        aug RMS[m]  aug NRMS  base RMS[m] base NRMS  aug/base      ref[0] RMS      ref[1] RMS
  X1     1.794e-05    0.0006    9.372e-07    0.0000  -1814.1%       4.189e-06       5.885e-07
  X2     1.793e-05    0.0006    9.137e-07    0.0000  -1862.9%       4.194e-06       5.879e-07
  Y      5.047e-04    0.0027    2.108e-04    0.0011   -139.4%       7.326e-04       9.023e-05

== C. AUGMENTATION / ABSORBER ==
=== ANN latent state RMS ===
  x[6]: enc=0.0000e+00
  x[7]: enc=0.0000e+00

=== Rollout aug-state R2 vs GT (closed-loop simulation) ===
  delta_a   R2_raw=+0.0000  R2_linmap=+0.0000
  vdelta_a  R2_raw=+0.0000  R2_linmap=+0.0000
  R2_linmap ~ 1 -> simulated aug states carry the absorber dynamics;
  R2_linmap ~ 0 -> aug states unused in rollout (encoder R2 tests encoder only)

== A. MODEL QUALITY: test (E1, unseen excitation) ==
  base = baseline FP (enc-init)   ref[0] = baseline FP (true-x0)   ref[1] = oracle FP+MSD (true-x0)
        aug RMS[m]  aug NRMS  base RMS[m] base NRMS  aug/base      ref[0] RMS      ref[1] RMS
  X1     4.776e-07    0.0000    1.952e-08    0.0000  -2346.8%       1.952e-08       3.166e-08
  X2     4.805e-07    0.0000    1.907e-08    0.0000  -2419.3%       1.907e-08       3.165e-08
  Y      1.635e-06    0.0000    1.565e-06    0.0000     -4.5%       1.565e-06       1.568e-08
