[wd] launch  out=logs/check_references_one_realisation
[wd] command matlab -nojvm -batch "cd('C:\Users\20203253\OneDrive - TU Eindhoven\Graduation Project\Baseline FP model\Baseline-LPV-Augmentation\Thesis-writeup\Code\Data'); addpath('checks'); check_references; cfg = tdg_config(); man = tdg_manifest(cfg); fprintf('manifest: %d noisy, %d noise-free; realisations of train/val: %s\n', numel(man), sum([man.free]), mat2str(unique([man(ismember({man.set},{'train','val'})).real])));; fprintf('%s%s\n', '@@TDG_', 'DONE@@');"
C7  52 records (48 noise-free), 148 distinct seeds over ms/sp/noise keys, twins share ms/sp -> PASS
    counts: training 18, validation 6, test-I 6, test-E 6, frf 12, noise-twin 4
C10a TR-S1  vs J9 TR-S_Y-0.30  max|dr| = 0 m
C10a TR-S2  vs J9 TR-S_Y-0.15  max|dr| = 0 m
C10a TR-S3  vs J9 TR-S_Y+0.00  max|dr| = 0 m
C10a TR-S4  vs J9 TR-S_Y+0.15  max|dr| = 0 m
C10a TR-S5  vs J9 TR-S_Y+0.30  max|dr| = 0 m
C10a TR-Y1  vs J9 TR-Y1        max|dr| = 0 m
C10a TR-Y2  vs J9 TR-Y2        max|dr| = 0 m
C10a TR-Y3  vs J9 TR-Y3        max|dr| = 0 m
C10a TR-P1  vs J9 TR-P1        max|dr| = 0 m
C10a TR-P2  vs J9 TR-P2        max|dr| = 0 m
C10a TR-P3  vs J9 TR-P3        max|dr| = 0 m
C10a TR-P4  vs J9 TR-P4        max|dr| = 0 m
C10a TR-L1  vs J9 TR-L1        max|dr| = 0 m
C10a TR-L2  vs J9 TR-L2        max|dr| = 0 m
C10a TR-T1  vs J9 TR-T1        max|dr| = 0 m
C10a TR-T2  vs J9 TR-T2        max|dr| = 0 m
C10a TR-T3  vs J9 TR-T3        max|dr| = 0 m
C10a TR-T4  vs J9 TR-T4        max|dr| = 0 m
C10a training references: same construction rule as the J9/J10 evidence (bitwise at 4 kHz, S-curves at ref_planned seeds) -> PASS
C10b I3: route(cyc, together) vs telica max|dr| = 0 m
C10b E2: route(cyc, together) vs telica max|dr| = 0 m
C10b route class reproduces telica class -> PASS
C4a TR-S1_r1   lines [383 383 383], off-grid [1.6e-31 1.8e-31 1.6e-31], rms [240 87 180] (applied [240 87 180], scale 1.00) -> PASS
C4a TR-S2_r1   lines [383 383 383], off-grid [1.6e-31 1.8e-31 1.6e-31], rms [240 87 180] (applied [240 87 180], scale 1.00) -> PASS
C4a TR-S3_r1   lines [383 383 383], off-grid [1.6e-31 1.8e-31 1.6e-31], rms [240 87 180] (applied [240 87 180], scale 1.00) -> PASS
C4a TR-S4_r1   lines [383 383 383], off-grid [1.6e-31 1.8e-31 1.6e-31], rms [240 87 180] (applied [240 87 180], scale 1.00) -> PASS
C4a TR-S5_r1   lines [383 383 383], off-grid [1.6e-31 1.8e-31 1.6e-31], rms [240 87 180] (applied [240 87 180], scale 1.00) -> PASS
C4a TR-Y1_r1   lines [383 383 383], off-grid [1.6e-31 1.8e-31 1.7e-31], rms [240 87 180] (applied [240 87 180], scale 1.00) -> PASS
C4a TR-Y2_r1   lines [383 383 383], off-grid [1.6e-31 1.8e-31 1.6e-31], rms [240 87 180] (applied [240 87 180], scale 1.00) -> PASS
C4a TR-Y3_r1   lines [383 383 383], off-grid [1.6e-31 1.8e-31 1.6e-31], rms [240 87 180] (applied [240 87 180], scale 1.00) -> PASS
C4a TR-P1_r1   lines [383 383 383], off-grid [1.6e-31 1.8e-31 1.6e-31], rms [240 87 180] (applied [240 87 180], scale 1.00) -> PASS
C4a TR-P2_r1   lines [383 383 383], off-grid [1.6e-31 1.8e-31 1.6e-31], rms [240 87 180] (applied [240 87 180], scale 1.00) -> PASS
[wd] t=58s tree=1,080 MB cpu=14% availRAM=2.62 GB C:free=2.02 GB
C4a TR-P3_r1   lines [383 383 383], off-grid [1.6e-31 1.8e-31 1.6e-31], rms [240 87 180] (applied [240 87 180], scale 1.00) -> PASS
C4a TR-P4_r1   lines [383 383 383], off-grid [1.6e-31 1.8e-31 1.6e-31], rms [240 87 180] (applied [240 87 180], scale 1.00) -> PASS
C4a TR-L1_r1   lines [383 383 383], off-grid [1.6e-31 1.8e-31 1.6e-31], rms [240 87 180] (applied [240 87 180], scale 1.00) -> PASS
C4a TR-L2_r1   lines [383 383 383], off-grid [1.6e-31 1.8e-31 1.7e-31], rms [240 87 180] (applied [240 87 180], scale 1.00) -> PASS
C4a VA-S1_r1   lines [383 383 383], off-grid [1.6e-31 1.8e-31 1.7e-31], rms [240 87 180] (applied [240 87 180], scale 1.00) -> PASS
C4a VA-Y1_r1   lines [383 383 383], off-grid [1.6e-31 1.8e-31 1.6e-31], rms [240 87 180] (applied [240 87 180], scale 1.00) -> PASS
C4a VA-P1_r1   lines [383 383 383], off-grid [1.6e-31 1.8e-31 1.7e-31], rms [240 87 180] (applied [240 87 180], scale 1.00) -> PASS
C4a VA-L1_r1   lines [383 383 383], off-grid [1.6e-31 1.8e-31 1.6e-31], rms [240 87 180] (applied [240 87 180], scale 1.00) -> PASS
C4a I1_r1      lines [383 383 383], off-grid [1.6e-31 1.8e-31 1.7e-31], rms [240 87 180] (applied [240 87 180], scale 1.00) -> PASS
C4a I2_r1      lines [383 383 383], off-grid [1.6e-31 1.8e-31 1.6e-31], rms [240 87 180] (applied [240 87 180], scale 1.00) -> PASS
C4a E1_r1      lines [383 383 383], off-grid [1.6e-31 1.8e-31 1.6e-31], rms [240 87 180] (applied [240 87 180], scale 1.00) -> PASS
C4a TF-1_r1    lines [383 383 383], off-grid [1.6e-31 1.8e-31 1.7e-31], rms [240 87 180] (applied [240 87 180], scale 1.00) -> PASS
[wd] t=120s tree=1,082 MB cpu=14% availRAM=2.52 GB C:free=2.01 GB
C4a TF-2_r1    lines [383 383 383], off-grid [1.6e-31 1.8e-31 1.6e-31], rms [240 87 180] (applied [240 87 180], scale 1.00) -> PASS
C4a TF-3_r1    lines [383 383 383], off-grid [1.6e-31 1.8e-31 1.7e-31], rms [240 87 180] (applied [240 87 180], scale 1.00) -> PASS
C9  every manifest reference within the limits (E6 exception, E3 margin) -> PASS
C4a constructed multisine on the B_tr grid at the applied level -> PASS

realised reference peaks (logical X_sym / Y): v [m/s], a [m/s^2], j [m/s^3], Y range, X_sym range, pre-check scale
  TR-S1_r1   v 0.000 / 0.000  a   0.00 /   0.00  j       0 /       0  Y [-0.300 -0.300]  X [+0.000 +0.000]  scale 1.00
  TR-S2_r1   v 0.000 / 0.000  a   0.00 /   0.00  j       0 /       0  Y [-0.150 -0.150]  X [+0.000 +0.000]  scale 1.00
  TR-S3_r1   v 0.000 / 0.000  a   0.00 /   0.00  j       0 /       0  Y [+0.000 +0.000]  X [+0.000 +0.000]  scale 1.00
  TR-S4_r1   v 0.000 / 0.000  a   0.00 /   0.00  j       0 /       0  Y [+0.150 +0.150]  X [+0.000 +0.000]  scale 1.00
  TR-S5_r1   v 0.000 / 0.000  a   0.00 /   0.00  j       0 /       0  Y [+0.300 +0.300]  X [+0.000 +0.000]  scale 1.00
  TR-Y1_r1   v 0.000 / 0.596  a   0.00 /   3.76  j       0 /   34807  Y [-0.300 +0.300]  X [+0.000 +0.000]  scale 1.00
  TR-Y2_r1   v 0.000 / 1.088  a   0.00 /   8.88  j       0 /   59218  Y [-0.300 +0.300]  X [+0.000 +0.000]  scale 1.00
  TR-Y3_r1   v 0.000 / 1.414  a   0.00 /  12.20  j       0 /   41945  Y [-0.300 +0.300]  X [+0.000 +0.000]  scale 1.00
  TR-P1_r1   v 0.500 / 0.500  a   7.50 /  12.50  j     417 /     694  Y [-0.264 +0.292]  X [-0.225 +0.277]  scale 1.00
  TR-P2_r1   v 1.000 / 1.000  a  15.00 /  25.00  j    1000 /    1666  Y [-0.296 +0.296]  X [-0.280 +0.203]  scale 1.00
  TR-P3_r1   v 1.500 / 1.500  a  22.50 /  37.50  j    3750 /    6250  Y [-0.299 +0.297]  X [-0.240 +0.280]  scale 1.00
  TR-P4_r1   v 1.000 / 1.000  a  14.99 /  25.00  j    1199 /    1999  Y [-0.286 +0.300]  X [-0.140 +0.140]  scale 1.00
  TR-L1_r1   v 1.495 / 0.914  a  12.84 /   6.57  j   25196 /   52762  Y [-0.300 +0.300]  X [-0.280 +0.280]  scale 1.00
  TR-L2_r1   v 0.754 / 1.100  a   8.69 /   9.56  j   15791 /   39968  Y [-0.250 +0.250]  X [-0.080 +0.080]  scale 1.00
  TR-T1_r1   v 0.757 / 1.382  a  22.50 /  37.50  j    1338 /    2035  Y [-0.240 +0.240]  X [-0.080 +0.080]  scale 1.00
  TR-T2_r1   v 0.586 / 1.070  a  13.50 /  22.50  j     622 /     951  Y [-0.240 +0.240]  X [-0.080 +0.080]  scale 1.00
  TR-T3_r1   v 0.757 / 1.382  a  22.50 /  37.50  j    1338 /    2035  Y [-0.260 +0.300]  X [-0.080 +0.080]  scale 1.00
  TR-T4_r1   v 0.586 / 1.070  a  13.50 /  22.50  j     622 /     951  Y [-0.300 +0.260]  X [-0.080 +0.080]  scale 1.00
  VA-S1_r1   v 0.000 / 0.000  a   0.00 /   0.00  j       0 /       0  Y [+0.100 +0.100]  X [+0.000 +0.000]  scale 1.00
  VA-Y1_r1   v 0.000 / 0.907  a   0.00 /   7.40  j       0 /   49348  Y [-0.200 +0.300]  X [+0.000 +0.000]  scale 1.00
  VA-P1_r1   v 1.000 / 1.000  a  15.00 /  25.00  j    1000 /    1667  Y [-0.212 +0.299]  X [-0.274 +0.280]  scale 1.00
  VA-L1_r1   v 0.754 / 0.880  a   8.69 /   7.65  j   15791 /   31974  Y [-0.250 +0.150]  X [-0.080 +0.080]  scale 1.00
  VA-T1_r1   v 0.757 / 1.382  a  22.50 /  37.50  j    1338 /    2035  Y [-0.280 +0.280]  X [-0.080 +0.080]  scale 1.00
  VA-T2_r1   v 0.586 / 1.070  a  13.50 /  22.50  j     622 /     951  Y [-0.280 +0.280]  X [-0.080 +0.080]  scale 1.00
  I1_r1      v 1.000 / 1.000  a  14.99 /  25.00  j    1000 /    1666  Y [-0.297 +0.288]  X [-0.258 +0.273]  scale 1.00
  I2_r1      v 0.000 / 0.000  a   0.00 /   0.00  j       0 /       0  Y [-0.225 -0.225]  X [+0.000 +0.000]  scale 1.00
  I3_r1      v 0.677 / 1.236  a  18.00 /  30.00  j     960 /    1456  Y [-0.170 +0.150]  X [-0.080 +0.080]  scale 1.00
  I4_r1      v 0.677 / 1.236  a  18.00 /  30.00  j     957 /    1456  Y [-0.170 +0.150]  X [-0.080 +0.080]  scale 1.00
  I5_r1      v 0.736 / 1.359  a  17.99 /  29.99  j    1439 /    2399  Y [-0.170 +0.150]  X [-0.080 +0.080]  scale 1.00
  I6_r1      v 1.500 / 1.500  a  18.00 /  30.00  j     432 /    1200  Y [-0.280 +0.280]  X [-0.250 +0.250]  scale 1.00
  E1_r1      v 0.000 / 0.000  a   0.00 /   0.00  j       0 /       0  Y [-0.390 -0.390]  X [+0.000 +0.000]  scale 1.00
  E2_r1      v 0.677 / 1.236  a  18.00 /  30.00  j     960 /    1456  Y [-0.330 +0.390]  X [-0.080 +0.080]  scale 1.00
  E3_r1      v 0.907 / 1.498  a  29.94 /  49.98  j    2395 /    3999  Y [-0.170 +0.150]  X [-0.080 +0.080]  scale 1.00
  E4_r1      v 1.950 / 1.950  a  18.00 /  30.00  j     383 /     923  Y [-0.280 +0.280]  X [-0.250 +0.250]  scale 1.00
  E5_r1      v 0.677 / 1.236  a  18.00 /  30.00  j     960 /    1456  Y [-0.170 +0.150]  X [-0.080 +0.080]  scale 1.00
  E6_r1      v 1.001 / 1.500  a  39.31 /  50.66  j    3090 /    3422  Y [-0.170 +0.150]  X [-0.080 +0.080]  scale 1.00
  TF-1_r1    v 0.000 / 0.000  a   0.00 /   0.00  j       0 /       0  Y [+0.150 +0.150]  X [+0.000 +0.000]  scale 1.00
  TF-2_r1    v 0.000 / 0.000  a   0.00 /   0.00  j       0 /       0  Y [+0.225 +0.225]  X [+0.000 +0.000]  scale 1.00
  TF-3_r1    v 0.000 / 0.000  a   0.00 /   0.00  j       0 /       0  Y [+0.350 +0.350]  X [+0.000 +0.000]  scale 1.00
manifest: 52 noisy, 48 noise-free; realisations of train/val: 1
@@TDG_DONE@@
WATCHDOG SUMMARY exit=0 killed=False duration_s=153.4 samples=30 peak_tree_ws_mb=1,145 min_avail_ram_gb=2.46 min_C_free_gb=2.01 kill_reason=""
