[wd] launch  out=scripts/gantry/blackbox-closed-loop/outputs/g4_smoke
[wd] command set PYTHONDONTWRITEBYTECODE=1&& conda run --no-capture-output -n GraduationProject python -u scripts/gantry/blackbox-closed-loop/runners/train_bb.py --smoke-records 4 --n-its 2
BB_ARM=frf  smoke=True
=== EFFECTIVE configuration (grey box CFG; differences listed) ===
  adam_eps                   1e-08   <- CFG 1e-16
  ann_activation             'tanh'
  ann_route_ix               (0, 1, 2, 3, 4, 5, 6, 7, 8, 9, 10, 11, 12, 13)
  batch_size                 512
  burn_in                    0
  checkpoint_chunk           0
  closed_loop                True
  combo_init_detune          [1.1, 1.1, 0.9, 1.1, 0.9, 0.9, 1.1, 1.1, 0.9, 1.1]
  compile_mode               None   <- CFG 'reduce-overhead'
  device                     'cpu'   <- CFG 'cuda'
  encoder_init               'linear_map'
  epochs                     200
  fs_new                     4000
  fs_orig                    20000
  its_per_val                1300
  joint_estimation           False
  lbfgs                      False   <- CFG True
  lbfgs_chunk                None
  lbfgs_freeze               ()
  lbfgs_history              50
  lbfgs_inner_iter           20
  lbfgs_max_iter             100
  lbfgs_meter_rel_tol        0.001
  lbfgs_time_budget_s        None
  lbfgs_tol_change           0.0
  lbfgs_tol_grad             1e-12
  lbfgs_windows              16384
  lr                         0.001   <- CFG 1e-05
  mode                       'augmentation_ma50_z03_b140-230_a6all_telica_coulomb'
  n_hidden_layers            3
  n_its                      2   <- CFG None
  n_nodes_per_layer          24
  na_nb_override             None
  nf_override                None
  nf_probe_print             True
  nf_seconds                 0.1
  nu                         3
  nx_ann                     8
  nx_phys                    6
  ny                         3
  obc                        False
  obc_rank_rtol              None
  obc_ref_chunk              16384
  obc_refresh                'epoch'
  obc_space                  'tangent'
  orth                       False
  orth_beta                  0.000466
  orth_point_stride          100
  orth_rank_tol              1e-12
  param_init_detune          None
  param_prior                True
  param_rmse_baseline        0.01
  physics_parameterization   'reduced'
  save_flag                  True
  seed                       42
  snr                        None
  start_phase                'adam'
  static_pass_buffers        False
  stride                     10
  up_sample                  1
  use_f64                    False
  DERIVED nf                 400
  DERIVED na_nb              29
  DERIVED ts_new             0.00025
  black box: {'arm': 'frf', 'nx': 8, 'f': {'n_hidden_layers': 2, 'n_nodes_per_layer': 8}, 'h': {'n_hidden_layers': 2, 'n_nodes_per_layer': 8}, 'encoder': {'n_hidden_layers': 2, 'n_nodes_per_layer': 16}, 'lr': 0.001, 'eps': 1e-08, 'na': 29, 'na_right': 1}
run_id=20260924_082153  out=C:\Users\20203253\OneDrive - TU Eindhoven\Graduation Project\Baseline FP model\Baseline-LPV-Augmentation\scripts\gantry\blackbox-closed-loop\outputs\g4\smoke_frf_20260924_082153
Data dir (augmentation_ma50_z03_b140-230_a6all_telica_coulomb): C:\Users\20203253\OneDrive - TU Eindhoven\Graduation Project\Baseline FP model\Baseline-LPV-Augmentation\data\gantry\matlab\trajectory\augmentation_ma50_z03_b140-230_a6all_telica_coulomb
Loaded val augmented GT: x_logical=(48000, 6)  delta_a std=4.274e-05 m  vdelta_a std=5.127e-02 m/s
Loaded 18 train, 6 val, 5 test trajectories
  T1: 48000 samples  (T1_standstill_Ym30.mat)
  T2: 48000 samples  (T2_standstill_Ym15.mat)
  T3: 48000 samples  (T3_standstill_Y000.mat)
  T4: 48000 samples  (T4_standstill_Yp15.mat)
  T5: 48000 samples  (T5_standstill_Yp30.mat)
  T6: 48000 samples  (T6_ysweep_slow.mat)
  T7: 48000 samples  (T7_ysweep_fast.mat)
  T8: 48000 samples  (T8_ysweep_xmix.mat)
  T9: 48000 samples  (T9_aprbs_30.mat)
  T10: 48000 samples  (T10_aprbs_60.mat)
  T11: 48000 samples  (T11_aprbs_100.mat)
  T12: 48000 samples  (T12_aprbs_yaw.mat)
  T13: 48000 samples  (T13_lissajous.mat)
  T14: 48000 samples  (T14_lissajous_yaw.mat)
  T15: 48000 samples  (TP1_telica_y000.mat)
  T16: 48000 samples  (TP2_telica_y000_rev.mat)
  T17: 48000 samples  (TP3_telica_yp06.mat)
  T18: 48000 samples  (TP4_telica_ym06.mat)
[smoke] training records: ['T1_standstill_Ym30.mat', 'T2_standstill_Ym15.mat', 'T3_standstill_Y000.mat', 'T4_standstill_Yp15.mat']
Initializing encoder network...
[bb] FRF CT model scripts\gantry\ann-blackbox\results\frf_init_joint_lowf_ma50_a5\frf_init_ss.npz discretised ZOH at 0.00025 s -> C:\Users\20203253\OneDrive - TU Eindhoven\Graduation Project\Baseline FP model\Baseline-LPV-Augmentation\scripts\gantry\blackbox-closed-loop\outputs\init\frf_ss_fs4000.npz
[BLA-frf] loaded frf_ss_fs4000.npz, nx=8
[BLA-frf] max|eig| = 1.000000, closest pole to z=1: 0.000e+00
[BLA-frf] |eig| = [1.       1.       0.999675 0.999576 0.999131 0.999131 0.971213 0.971213]
[BLA-frf] applied, zero_nonlinear=True
[closed loop] one bank over 10 records, 9 distinct controllers, Y_op [-0.3, -0.22, -0.2, -0.15, -0.1, 0.0, 0.1, 0.12, 0.15]
[closed loop] stepped at ts = 0.00025 s (4000 Hz), nc = 9 states
[closed loop] diag(Dc) physical [1.0954e+07 7.6821e+06 4.2935e+06] N/m
[bb] arm=frf nx=8 na=nb=29 na_right=nb_right=1 params=5286 lr=0.001 eps=1e-08 burn_in=0
Model already initilized (init_model_done=True), skipping initilizing of the model, the norm and the creation of the optimizer
Size of the training array =  187.5 MB
N_training_samples = 19032, batch_size = 512, N_batch_updates_per_epoch = 37
Initial Validation sim-RMS= 0.0035323293802017965
  0%|          | 0/2 [00:00<?, ?it/s] 50%|█████     | 1/2 [00:00<00:00,  1.02it/s]&&&&&&&&&&&&& Encountered a NaN value in the training loss at it 1, breaking from loop &&&&&&&&&&
 50%|█████     | 1/2 [00:02<00:02,  2.06s/it]
C:\Users\20203253\AppData\Local\anaconda3\envs\GraduationProject\Lib\site-packages\deepSI\fit_systems\fit_system.py:501: FutureWarning: You are using `torch.load` with `weights_only=False` (the current default value), which uses the default pickle module implicitly. It is possible to construct malicious pickle data which will execute arbitrary code during unpickling (See https://github.com/pytorch/pytorch/blob/main/SECURITY.md#untrusted-models for more details). In a future release, the default value for `weights_only` will be flipped to `True`. This limits the functions that could be executed during unpickling. Arbitrary objects will no longer be allowed to be loaded via this mode unless they are explicitly allowlisted by the user via `torch.serialization.add_safe_globals`. We recommend you start setting `weights_only=True` for any use case where you don't have full control of the loaded file. Please open an issue on GitHub for any issues related to this experimental feature.
  self.__dict__ = torch.load(file)
Loaded model with best known validation sim-RMS of 0.003532 which happened on epoch 0 (epoch_id=0.00)

[bb] Adam phase done in 23.7 s: bestfit 3.532329e-03 m, 2 updates, 1 validations
[wd] t=57s tree=827 MB cpu=8% availRAM=4.34 GB C:free=7.08 GB
[bb] val closed-loop sim-RMS 3.532329e-03 m  (V1_standstill_Yp10 3.762e-03, V2_aprbs_Ylow 4.690e-03, V3_ysweep_Yp10 1.759e-03, V4_lissajous_Ym10 9.223e-03, VP1_telica_ylow 1.518e-03, VP2_telica_yp12 2.425e-04)
[bb] test closed-loop sim-RMS 2.492729e-03 m  (E1_resonance_sweep 4.407e-04, E2_multisine_Yp22 2.896e-03, E3_aprbs_above 8.033e-03, E4_multisine_off 4.407e-04, EP1_telica_test 6.534e-04)
[bb] done: C:\Users\20203253\OneDrive - TU Eindhoven\Graduation Project\Baseline FP model\Baseline-LPV-Augmentation\scripts\gantry\blackbox-closed-loop\outputs\g4\smoke_frf_20260924_082153\result.json
WATCHDOG SUMMARY exit=0 killed=False duration_s=81.4 samples=16 peak_tree_ws_mb=982 min_avail_ram_gb=4.10 min_C_free_gb=7.08 kill_reason=""
